RUNTIME_EVIDENCE={
  "date": "2026-09-27",
  "base_commit": "24c1f6c84f859bb759237b5f66a98bbd69058c37",
  "candidate_commit": null,
  "result": "pass",
  "cli_cases": 43,
  "scope": "R3 recovery/activation bridge; broader release/platform qualification pending",
  "fuzz": "not_run_owner_waived",
  "note": "The bounded orphan fixture is synchronized on its own effect, not on reaping only the killed supervisor."
}
 Image gripsack-e2e Building 
#1 [internal] load local bake definitions
#1 reading from stdin 525B done
#1 DONE 0.0s

#2 [internal] load build definition from Dockerfile
#2 transferring dockerfile: 11.08kB done
#2 DONE 0.0s

#3 resolve image config for docker-image://docker.io/docker/dockerfile:1
#3 DONE 0.7s

#4 docker-image://docker.io/docker/dockerfile:1@sha256:ecfaec9ed6d810b56388c508f4121597bfbba70d41a6dfeee4d8cad5f295fc32
#4 resolve docker.io/docker/dockerfile:1@sha256:ecfaec9ed6d810b56388c508f4121597bfbba70d41a6dfeee4d8cad5f295fc32 0.0s done
#4 CACHED

#5 [internal] load metadata for docker.io/library/rust:alpine@sha256:a10e64dd139b7387337c7fbe8aca31b959b57b2fd4c8ae20a02cf1d6ea424dce
#5 DONE 0.6s

#6 [internal] load metadata for docker.io/library/python:3.13-slim@sha256:9d2e5553305c7c7b0097999bb17187c69b921ccd6bc9d40e4bb5ebe652c00285
#6 DONE 0.7s

#7 [internal] load .dockerignore
#7 transferring context: 139B done
#7 DONE 0.0s

#8 [internal] load build context
#8 DONE 0.0s

#9 [e2e  4/12] ADD --checksum=sha256:394f07f4da2bebe6ce6f1e7ce0fa16429b29b08c35e3fac3fe25972676dff4b2 https://github.com/denoland/deno/releases/download/v2.9.6/deno-x86_64-unknown-linux-gnu.zip /tmp/deno.zip
#9 DONE 0.0s

#10 [builder  1/10] FROM docker.io/library/rust:alpine@sha256:a10e64dd139b7387337c7fbe8aca31b959b57b2fd4c8ae20a02cf1d6ea424dce
#10 resolve docker.io/library/rust:alpine@sha256:a10e64dd139b7387337c7fbe8aca31b959b57b2fd4c8ae20a02cf1d6ea424dce 0.0s done
#10 DONE 0.0s

#11 [e2e  1/12] FROM docker.io/library/python:3.13-slim@sha256:9d2e5553305c7c7b0097999bb17187c69b921ccd6bc9d40e4bb5ebe652c00285
#11 resolve docker.io/library/python:3.13-slim@sha256:9d2e5553305c7c7b0097999bb17187c69b921ccd6bc9d40e4bb5ebe652c00285
#11 resolve docker.io/library/python:3.13-slim@sha256:9d2e5553305c7c7b0097999bb17187c69b921ccd6bc9d40e4bb5ebe652c00285 0.0s done
#11 DONE 0.0s

#8 [internal] load build context
#8 transferring context: 3.84MB 0.3s done
#8 DONE 0.3s

#12 [builder  3/10] RUN set -e;     arch="$(uname -m)";     case "$arch" in       x86_64)  sha=3374daaf153e6f82028add5e4bf7cc2deab46537dee24f20be80df831193aeb4 ;;       aarch64) sha=35d90cee9648037eaa4c1a2649fdca9d1b9a9997b972d37be7f8629139ba1294 ;;       *) echo "unsupported arch: $arch" >&2; exit 1 ;;     esac;     curl -fsSL -o /tmp/ca.tar.xz "https://github.com/rust-secure-code/cargo-auditable/releases/download/v0.7.5/cargo-auditable-${arch}-unknown-linux-musl.tar.xz";     echo "$sha  /tmp/ca.tar.xz" | sha256sum -c -;     mkdir -p /tmp/ca && tar -xJf /tmp/ca.tar.xz -C /tmp/ca;     mv /tmp/ca/*/cargo-auditable /usr/local/bin/cargo-auditable;     rm -rf /tmp/ca /tmp/ca.tar.xz
#12 CACHED

#13 [builder  4/10] WORKDIR /app
#13 CACHED

#14 [builder  2/10] RUN apk add --no-cache musl-dev git curl xz     && rustup component add clippy rustfmt
#14 CACHED

#15 [builder  5/10] COPY Cargo.toml Cargo.lock ./
#15 CACHED

#16 [builder  6/10] COPY crates ./crates
#16 DONE 0.3s

#17 [builder  7/10] COPY fuzz ./fuzz
#17 DONE 0.1s

#18 [builder  8/10] COPY schema ./schema
#18 DONE 0.1s

#19 [builder  9/10] COPY typescript ./typescript
#19 DONE 0.1s

#20 [builder 10/10] COPY scripts ./scripts
#20 DONE 0.1s

#21 [bin 1/1] RUN cargo build --locked -p gripsack
#21 0.324     Updating crates.io index
#21 3.425  Downloading crates ...
#21 3.504   Downloaded anstyle-query v1.1.5
#21 3.509   Downloaded adler2 v2.0.1
#21 3.515   Downloaded bitflags v2.13.1
#21 3.523   Downloaded cap-std v4.0.3
#21 3.532   Downloaded errno v0.3.14
#21 3.536   Downloaded block-buffer v0.12.1
#21 3.538   Downloaded cpufeatures v0.3.0
#21 3.542   Downloaded crypto-common v0.2.2
#21 3.544   Downloaded ambient-authority v0.0.2
#21 3.546   Downloaded smallvec v1.15.2
#21 3.549   Downloaded synstructure v0.13.2
#21 3.551   Downloaded sharded-slab v0.1.7
#21 3.559   Downloaded sha2 v0.11.0
#21 3.567   Downloaded tar v0.4.46
#21 3.574   Downloaded yoke-derive v0.8.2
#21 3.577   Downloaded utf8_iter v1.0.4
#21 3.579   Downloaded form_urlencoded v1.2.2
#21 3.581   Downloaded fs-set-times v0.20.3
#21 3.583   Downloaded idna_adapter v1.2.2
#21 3.585   Downloaded cfg-if v1.0.4
#21 3.589   Downloaded webpki-roots v0.26.11
#21 3.592   Downloaded unit-prefix v0.5.2
#21 3.595   Downloaded xattr v1.6.1
#21 3.599   Downloaded utf8parse v0.2.2
#21 3.601   Downloaded zerofrom v0.1.8
#21 3.603   Downloaded heck v0.5.0
#21 3.606   Downloaded potential_utf v0.1.6
#21 3.608   Downloaded colorchoice v1.0.5
#21 3.610   Downloaded is_terminal_polyfill v1.70.2
#21 3.612   Downloaded matchers v0.2.0
#21 3.615   Downloaded lazy_static v1.5.0
#21 3.619   Downloaded strsim v0.11.1
#21 3.622   Downloaded verus_builtin v0.0.0-2026-09-06-0133
#21 3.624   Downloaded stable_deref_trait v1.2.1
#21 3.626   Downloaded subtle v2.6.1
#21 3.629   Downloaded untrusted v0.9.0
#21 3.633   Downloaded shell-words v1.1.1
#21 3.635   Downloaded maybe-owned v0.3.4
#21 3.638   Downloaded tracing-serde v0.2.0
#21 3.640   Downloaded zerofrom-derive v0.1.7
#21 3.643   Downloaded convert_case v0.4.0
#21 3.645   Downloaded toml v1.1.4+spec-1.1.0
#21 3.655   Downloaded toml_writer v1.1.2+spec-1.1.0
#21 3.658   Downloaded serde_spanned v1.1.1
#21 3.660   Downloaded thread_local v1.1.10
#21 3.663   Downloaded openssl-probe v0.2.1
#21 3.666   Downloaded toml_datetime v0.7.5+spec-1.1.0
#21 3.669   Downloaded thiserror-impl v2.0.20
#21 3.672   Downloaded tracing-log v0.2.0
#21 3.675   Downloaded zeroize v1.9.0
#21 3.678   Downloaded tinystr v0.8.4
#21 3.682   Downloaded zmij v1.0.23
#21 3.687   Downloaded zstd v0.13.3
#21 3.694   Downloaded itoa v1.0.18
#21 3.699   Downloaded simd-adler32 v0.3.10
#21 3.703   Downloaded httpdate v1.0.3
#21 3.707   Downloaded equivalent v1.0.2
#21 3.709   Downloaded shlex v2.0.1
#21 3.712   Downloaded zstd-safe v7.2.4
#21 3.715   Downloaded writeable v0.6.4
#21 3.722   Downloaded thiserror v2.0.20
#21 3.733   Downloaded zerotrie v0.2.5
#21 3.742   Downloaded fastrand v2.5.0
#21 3.745   Downloaded anstyle v1.0.14
#21 3.748   Downloaded anstyle-parse v1.0.0
#21 3.752   Downloaded dialoguer v0.12.0
#21 3.759   Downloaded digest v0.11.3
#21 3.765   Downloaded filetime v0.2.29
#21 3.769   Downloaded tracing-attributes v0.1.31
#21 3.774   Downloaded toml_datetime v1.1.1+spec-1.1.0
#21 3.776   Downloaded find-msvc-tools v0.1.11
#21 3.779   Downloaded toml_parser v1.1.3+spec-1.1.0
#21 3.784   Downloaded pkg-config v0.3.34
#21 3.788   Downloaded zerovec-derive v0.11.6
#21 3.792   Downloaded yoke v0.8.3
#21 3.795   Downloaded tempfile v3.27.0
#21 3.801   Downloaded nu-ansi-term v0.50.3
#21 3.807   Downloaded io-lifetimes v3.0.1
#21 3.810   Downloaded zopfli v0.8.3
#21 3.815   Downloaded unsafe-libyaml v0.2.11
#21 3.824   Downloaded quote v1.0.47
#21 3.830   Downloaded tracing-core v0.1.36
#21 3.835   Downloaded toml v0.9.12+spec-1.1.0
#21 3.843   Downloaded unicode-ident v1.0.24
#21 3.850   Downloaded xz2 v0.1.7
#21 3.854   Downloaded jobserver v0.1.35
#21 3.858   Downloaded clap_lex v1.1.0
#21 3.861   Downloaded pin-project-lite v0.2.17
#21 3.874   Downloaded toml_edit v0.25.13+spec-1.1.0
#21 3.882   Downloaded ipnet v2.12.1
#21 3.885   Downloaded io-lifetimes v2.0.4
#21 3.888   Downloaded percent-encoding v2.3.2
#21 3.890   Downloaded url v2.5.8
#21 3.894   Downloaded rustls-native-certs v0.8.4
#21 3.897   Downloaded crc32fast v1.5.1
#21 3.902   Downloaded anstream v1.0.0
#21 3.906   Downloaded verus_prettyplease v0.0.0-2026-09-06-0133
#21 3.912   Downloaded verus_state_machines_macros v0.0.0-2026-09-06-0133
#21 3.917   Downloaded icu_provider v2.3.1
#21 3.923   Downloaded bzip2 v0.6.1
#21 3.928   Downloaded typenum v1.20.1
#21 3.934   Downloaded rustix-linux-procfs v0.1.1
#21 3.937   Downloaded io-extras v0.19.0
#21 3.941   Downloaded getrandom v0.2.17
#21 3.947   Downloaded hybrid-array v0.4.14
#21 3.952   Downloaded console v0.16.4
#21 3.955   Downloaded once_cell v1.21.4
#21 3.960   Downloaded ureq v2.12.1
#21 3.969   Downloaded typed-path v0.12.3
#21 3.987   Downloaded clap_derive v4.6.4
#21 3.991   Downloaded verus_builtin_macros v0.0.0-2026-09-06-0133
#21 3.996   Downloaded zerovec v0.11.8
#21 4.007   Downloaded zip v8.6.0
#21 4.016   Downloaded litemap v0.8.3
#21 4.021   Downloaded displaydoc v0.2.7
#21 4.026   Downloaded icu_locale_core v2.3.0
#21 4.043   Downloaded serde_yaml v0.9.34+deprecated
#21 4.049   Downloaded winnow v0.7.15
#21 4.068   Downloaded getrandom v0.4.3
#21 4.076   Downloaded libbz2-rs-sys v0.2.5
#21 4.080   Downloaded winnow v1.0.4
#21 4.100   Downloaded zlib-rs v0.6.7
#21 4.110   Downloaded const-oid v0.10.2
#21 4.116   Downloaded proc-macro2 v1.0.107
#21 4.123   Downloaded webpki-roots v1.0.9
#21 4.128   Downloaded serde_derive v1.0.229
#21 4.133   Downloaded tracing-subscriber v0.3.23
#21 4.151   Downloaded owo-colors v4.3.0
#21 4.155   Downloaded serde_core v1.0.229
#21 4.160   Downloaded ryu v1.0.23
#21 4.169   Downloaded cap-primitives v4.0.3
#21 4.195   Downloaded syn v2.0.119
#21 4.213   Downloaded unicode-width v0.2.2
#21 4.221   Downloaded syn v3.0.4
#21 4.240   Downloaded vstd v0.0.0-2026-09-06-0133
#21 4.259   Downloaded verus_syn v0.0.0-2026-09-06-0133
#21 4.276   Downloaded log v0.4.34
#21 4.282   Downloaded rustls-pki-types v1.15.1
#21 4.286   Downloaded clap v4.6.6
#21 4.305   Downloaded tracing v0.1.44
#21 4.328   Downloaded icu_normalizer_data v2.3.0
#21 4.332   Downloaded indicatif v0.18.6
#21 4.339   Downloaded zstd-sys v2.0.16+zstd.1.5.7
#21 4.364   Downloaded miniz_oxide v0.8.9
#21 4.369   Downloaded base64 v0.22.1
#21 4.379   Downloaded flate2 v1.1.9
#21 4.389   Downloaded icu_collections v2.3.0
#21 4.402   Downloaded serde v1.0.229
#21 4.409   Downloaded cc v1.4.4
#21 4.414   Downloaded icu_properties v2.3.0
#21 4.422   Downloaded memchr v2.8.3
#21 4.436   Downloaded bumpalo v3.20.3
#21 4.441   Downloaded rustls-webpki v0.103.15
#21 4.447   Downloaded indexmap v2.14.0
#21 4.456   Downloaded serde_json v1.0.151
#21 4.472   Downloaded idna v1.1.0
#21 4.477   Downloaded hashbrown v0.17.1
#21 4.487   Downloaded clap_builder v4.6.6
#21 4.499   Downloaded aho-corasick v1.1.5
#21 4.509   Downloaded icu_properties_data v2.3.0
#21 4.524   Downloaded portable-atomic v1.15.0
#21 4.537   Downloaded rustls v0.23.45
#21 4.560   Downloaded regex-syntax v0.8.11
#21 4.569   Downloaded rustix v1.1.4
#21 4.627   Downloaded icu_normalizer v2.3.0
#21 4.638   Downloaded regex-automata v0.4.18
#21 4.664   Downloaded lzma-sys v0.1.20
#21 4.718   Downloaded libc v0.2.189
#21 4.845   Downloaded ring v0.17.14
#21 4.919   Downloaded linux-raw-sys v0.12.1
#21 5.198    Compiling proc-macro2 v1.0.107
#21 5.198    Compiling quote v1.0.47
#21 5.198    Compiling unicode-ident v1.0.24
#21 5.199    Compiling libc v0.2.189
#21 5.199    Compiling cfg-if v1.0.4
#21 5.206    Compiling serde_core v1.0.229
#21 5.207    Compiling find-msvc-tools v0.1.11
#21 5.207    Compiling shlex v2.0.1
#21 5.209    Compiling equivalent v1.0.2
#21 5.209    Compiling hashbrown v0.17.1
#21 5.212    Compiling once_cell v1.21.4
#21 5.212    Compiling stable_deref_trait v1.2.1
#21 5.212    Compiling rustix v1.1.4
#21 5.213    Compiling bitflags v2.13.1
#21 5.224    Compiling linux-raw-sys v0.12.1
#21 5.224    Compiling serde v1.0.229
#21 5.225    Compiling pkg-config v0.3.34
#21 5.225    Compiling zmij v1.0.23
#21 5.233    Compiling verus_prettyplease v0.0.0-2026-09-06-0133
#21 5.233    Compiling serde_json v1.0.151
#21 5.239    Compiling memchr v2.8.3
#21 5.247    Compiling itoa v1.0.18
#21 5.248    Compiling io-lifetimes v3.0.1
#21 5.248    Compiling vstd v0.0.0-2026-09-06-0133
#21 5.257    Compiling io-lifetimes v2.0.4
#21 5.257    Compiling litemap v0.8.3
#21 5.258    Compiling writeable v0.6.4
#21 5.262    Compiling winnow v1.0.4
#21 5.266    Compiling zeroize v1.9.0
#21 5.271    Compiling typenum v1.20.1
#21 5.271    Compiling convert_case v0.4.0
#21 5.272    Compiling log v0.4.34
#21 5.274    Compiling icu_properties_data v2.3.0
#21 5.287    Compiling io-extras v0.19.0
#21 5.336    Compiling icu_normalizer_data v2.3.0
#21 5.347    Compiling smallvec v1.15.2
#21 5.432    Compiling verus_builtin v0.0.0-2026-09-06-0133
#21 5.516    Compiling utf8_iter v1.0.4
#21 5.556    Compiling thiserror v2.0.20
#21 5.575    Compiling toml_writer v1.1.2+spec-1.1.0
#21 5.586    Compiling rustls-pki-types v1.15.1
#21 5.617    Compiling getrandom v0.4.3
#21 5.617    Compiling cap-primitives v4.0.3
#21 5.636    Compiling tracing-core v0.1.36
#21 5.641    Compiling ambient-authority v0.0.2
#21 5.651    Compiling crc32fast v1.5.1
#21 5.664    Compiling const-oid v0.10.2
#21 5.668    Compiling ipnet v2.12.1
#21 5.668    Compiling cap-std v4.0.3
#21 5.678    Compiling maybe-owned v0.3.4
#21 5.735    Compiling untrusted v0.9.0
#21 5.780    Compiling zstd-safe v7.2.4
#21 5.780    Compiling cpufeatures v0.3.0
#21 5.782    Compiling simd-adler32 v0.3.10
#21 5.835    Compiling winnow v0.7.15
#21 5.876    Compiling fastrand v2.5.0
#21 5.885    Compiling percent-encoding v2.3.2
#21 5.887    Compiling pin-project-lite v0.2.17
#21 5.908    Compiling rustls v0.23.45
#21 5.916    Compiling adler2 v2.0.1
#21 5.964    Compiling subtle v2.6.1
#21 5.983    Compiling libbz2-rs-sys v0.2.5
#21 6.000    Compiling bumpalo v3.20.3
#21 6.003    Compiling zlib-rs v0.6.7
#21 6.010    Compiling openssl-probe v0.2.1
#21 6.027    Compiling base64 v0.22.1
#21 6.052    Compiling utf8parse v0.2.2
#21 6.100    Compiling miniz_oxide v0.8.9
#21 6.101    Compiling regex-syntax v0.8.11
#21 6.095    Compiling form_urlencoded v1.2.2
#21 6.124    Compiling typed-path v0.12.3
#21 6.134    Compiling anstyle-parse v1.0.0
#21 6.142    Compiling is_terminal_polyfill v1.70.2
#21 6.160    Compiling webpki-roots v1.0.9
#21 6.184    Compiling rustls-native-certs v0.8.4
#21 6.196    Compiling anstyle-query v1.1.5
#21 6.196    Compiling portable-atomic v1.15.0
#21 6.196    Compiling lazy_static v1.5.0
#21 6.233    Compiling unicode-width v0.2.2
#21 6.246    Compiling colorchoice v1.0.5
#21 6.246    Compiling unsafe-libyaml v0.2.11
#21 6.297    Compiling indexmap v2.14.0
#21 6.306    Compiling webpki-roots v0.26.11
#21 6.317    Compiling zopfli v0.8.3
#21 6.356    Compiling anstyle v1.0.14
#21 6.365    Compiling httpdate v1.0.3
#21 6.372    Compiling ryu v1.0.23
#21 6.379    Compiling tracing-log v0.2.0
#21 6.392    Compiling sharded-slab v0.1.7
#21 6.404    Compiling thread_local v1.1.10
#21 6.405    Compiling owo-colors v4.3.0
#21 6.414    Compiling nu-ansi-term v0.50.3
#21 6.453    Compiling clap_lex v1.1.0
#21 6.507    Compiling strsim v0.11.1
#21 6.626    Compiling anstream v1.0.0
#21 6.642    Compiling heck v0.5.0
#21 6.643    Compiling unit-prefix v0.5.2
#21 6.679    Compiling shell-words v1.1.1
#21 6.855    Compiling bzip2 v0.6.1
#21 6.947    Compiling hybrid-array v0.4.14
#21 7.036    Compiling clap_builder v4.6.6
#21 7.159    Compiling syn v3.0.4
#21 7.160    Compiling syn v2.0.119
#21 7.160    Compiling verus_syn v0.0.0-2026-09-06-0133
#21 7.478    Compiling toml_parser v1.1.3+spec-1.1.0
#21 7.543    Compiling jobserver v0.1.35
#21 7.543    Compiling getrandom v0.2.17
#21 7.543    Compiling filetime v0.2.29
#21 7.543    Compiling console v0.16.4
#21 7.809    Compiling cc v1.4.4
#21 7.843    Compiling block-buffer v0.12.1
#21 7.843    Compiling crypto-common v0.2.2
#21 8.061    Compiling indicatif v0.18.6
#21 8.201    Compiling regex-automata v0.4.18
#21 8.989    Compiling digest v0.11.3
#21 9.162    Compiling sha2 v0.11.0
#21 9.545    Compiling serde_spanned v1.1.1
#21 9.545    Compiling toml_datetime v0.7.5+spec-1.1.0
#21 9.545    Compiling toml_datetime v1.1.1+spec-1.1.0
#21 9.567    Compiling ring v0.17.14
#21 9.567    Compiling zstd-sys v2.0.16+zstd.1.5.7
#21 9.567    Compiling lzma-sys v0.1.20
#21 9.768    Compiling toml v0.9.12+spec-1.1.0
#21 9.773    Compiling toml v1.1.4+spec-1.1.0
#21 9.773    Compiling toml_edit v0.25.13+spec-1.1.0
#21 10.02    Compiling flate2 v1.1.9
#21 10.60    Compiling rustix-linux-procfs v0.1.1
#21 10.62    Compiling fs-set-times v0.20.3
#21 10.63    Compiling tempfile v3.27.0
#21 10.63    Compiling xattr v1.6.1
#21 10.84    Compiling tar v0.4.46
#21 10.85    Compiling matchers v0.2.0
#21 10.94    Compiling dialoguer v0.12.0
#21 12.10    Compiling gripsack-fs v0.42.0 (/app/crates/gripsack-fs)
#21 12.41    Compiling xz2 v0.1.7
#21 12.70    Compiling synstructure v0.13.2
#21 13.40    Compiling zerovec-derive v0.11.6
#21 13.40    Compiling displaydoc v0.2.7
#21 13.40    Compiling serde_derive v1.0.229
#21 13.40    Compiling thiserror-impl v2.0.20
#21 13.41    Compiling clap_derive v4.6.4
#21 13.48    Compiling rustls-webpki v0.103.15
#21 13.94    Compiling zstd v0.13.3
#21 14.06    Compiling zerofrom-derive v0.1.7
#21 14.06    Compiling yoke-derive v0.8.2
#21 14.06    Compiling tracing-attributes v0.1.31
#21 14.17    Compiling zip v8.6.0
#21 15.61    Compiling zerofrom v0.1.8
#21 15.66    Compiling clap v4.6.6
#21 15.67    Compiling tracing v0.1.44
#21 15.70    Compiling yoke v0.8.3
#21 15.88    Compiling zerovec v0.11.8
#21 15.88    Compiling zerotrie v0.2.5
#21 16.09    Compiling verus_builtin_macros v0.0.0-2026-09-06-0133
#21 16.09    Compiling verus_state_machines_macros v0.0.0-2026-09-06-0133
#21 16.42    Compiling tinystr v0.8.4
#21 16.42    Compiling potential_utf v0.1.6
#21 16.50    Compiling icu_collections v2.3.0
#21 16.55    Compiling icu_locale_core v2.3.0
#21 17.32    Compiling gripsack-process v0.42.0 (/app/crates/gripsack-process)
#21 17.32    Compiling tracing-serde v0.2.0
#21 17.32    Compiling serde_yaml v0.9.34+deprecated
#21 17.35    Compiling icu_provider v2.3.1
#21 17.42    Compiling tracing-subscriber v0.3.23
#21 17.57    Compiling icu_normalizer v2.3.0
#21 17.57    Compiling icu_properties v2.3.0
#21 18.87    Compiling idna_adapter v1.2.2
#21 18.95    Compiling idna v1.1.0
#21 19.28    Compiling url v2.5.8
#21 19.95    Compiling ureq v2.12.1
#21 24.85    Compiling gripsack-policy v0.42.0 (/app/crates/gripsack-policy)
#21 25.15    Compiling gripsack-ir v0.42.0 (/app/crates/gripsack-ir)
#21 28.08    Compiling gripsack-store v0.42.0 (/app/crates/gripsack-store)
#21 28.08    Compiling gripsack-config v0.42.0 (/app/crates/gripsack-config)
#21 28.08    Compiling griplint v0.42.0 (/app/crates/griplint)
#21 29.91    Compiling gripsack-fetch v0.42.0 (/app/crates/gripsack-fetch)
#21 29.91    Compiling gripsack-trace v0.42.0 (/app/crates/gripsack-trace)
#21 31.88    Compiling gripsack-lint v0.42.0 (/app/crates/gripsack-lint)
#21 31.88    Compiling gripsack-exec v0.42.0 (/app/crates/gripsack-exec)
#21 36.39    Compiling gripsack v0.42.0 (/app/crates/gripsack)
#21 42.78     Finished `dev` profile [unoptimized + debuginfo] target(s) in 42.59s
#21 DONE 43.1s

#22 [e2e  4/12] ADD --checksum=sha256:394f07f4da2bebe6ce6f1e7ce0fa16429b29b08c35e3fac3fe25972676dff4b2 https://github.com/denoland/deno/releases/download/v2.9.6/deno-x86_64-unknown-linux-gnu.zip /tmp/deno.zip
#22 CACHED

#23 [e2e  5/12] RUN python3 -m zipfile -e /tmp/deno.zip /tmp/deno     && mkdir -p /root/.local/share/gripsack/tools/deno-2.9.6     && mv /tmp/deno/deno /root/.local/share/gripsack/tools/deno-2.9.6/deno     && chmod 755 /root/.local/share/gripsack/tools/deno-2.9.6/deno     && rm -rf /tmp/deno.zip /tmp/deno
#23 CACHED

#24 [e2e  2/12] WORKDIR /app
#24 CACHED

#25 [e2e  3/12] RUN apt-get update -qq && apt-get install -y -qq --no-install-recommends git     && rm -rf /var/lib/apt/lists/*
#25 CACHED

#26 [e2e  6/12] RUN printf 'uv==%s --hash=sha256:f7d6248ad9f2d282fea795f248da8fa666ab382df50d8385bd98e01049440a0c --hash=sha256:bd0afae6918795c6a61a649e64d735e339f3d62f8310235da6f19eb3f66f323b\n' "0.12.10" > /tmp/uv.req     && pip install --no-cache-dir --no-deps --require-hashes -r /tmp/uv.req     && uv --version     && rm -f /tmp/uv.req
#26 CACHED

#27 [e2e  7/12] COPY --from=bin /app/target/debug/grip /usr/local/bin/grip
#27 DONE 0.2s

#28 [e2e  8/12] COPY e2e/pyproject.toml e2e/uv.lock ./e2e/
#28 DONE 0.1s

#29 [e2e  9/12] RUN cd e2e && uv sync --locked
#29 0.371 Using CPython 3.13.15 interpreter at: /usr/local/bin/python3
#29 0.371 Creating virtual environment at: .venv
#29 0.379 Resolved 10 packages in 4ms
#29 0.452 Downloading pygments (1.2MiB)
#29 0.591  Downloaded pygments
#29 0.591 Prepared 5 packages in 212ms
#29 0.608 Installed 5 packages in 16ms
#29 0.608  + iniconfig==2.3.0
#29 0.608  + packaging==26.3
#29 0.608  + pluggy==1.6.0
#29 0.608  + pygments==2.21.0
#29 0.608  + pytest==9.1.1
#29 DONE 0.6s

#30 [e2e 10/12] COPY e2e ./e2e
#30 DONE 0.1s

#31 [e2e 11/12] COPY examples ./examples
#31 DONE 0.1s

#32 [e2e 12/12] WORKDIR /app/e2e
#32 DONE 0.1s

#33 exporting to image
#33 exporting layers
#33 exporting layers 2.9s done
#33 exporting manifest sha256:a856b07e98ddd9a80cd8ca49a132ece1a6529dc55ebd150d4e0a4f6eba2faf5e 0.0s done
#33 exporting config sha256:0ade6f81b36c8b6d54e28779e4c32da580e3d1e2d2cb0c6b27cf820f32a05f6c 0.0s done
#33 exporting attestation manifest sha256:4004c4ab473339c782db38b6fdc82fe551e2e2b5769fd6e5d37eba56dd7270ec 0.0s done
#33 exporting manifest list sha256:9137c89289ba04dbfb31504c22a63cf636634350cdc939a2d07baeed3cd47b6e 0.0s done
#33 naming to docker.io/library/gripsack-e2e:latest done
#33 unpacking to docker.io/library/gripsack-e2e:latest
#33 unpacking to docker.io/library/gripsack-e2e:latest 0.8s done
#33 DONE 3.9s

#34 resolving provenance for metadata file
#34 DONE 0.0s
 Image gripsack-e2e Built 
 Container gripsack-e2e-run-c51f1a9cdfe1 Creating 
 Container gripsack-e2e-run-c51f1a9cdfe1 Created 
...........................................                              [100%]
43 passed in 69.23s (0:01:09)
