COMMIT=221c6cf948548e8cb4a0feffb43780093571011b
SOURCE_FINGERPRINT=117c45a2c55d0ec21cd313e9f285a0b321ef35d3ab822887ab551fd2d6fea2ec
SOURCE_CLEAN_BEFORE=true
FUZZ=not_run_owner_instruction
SCOPE=M-V3 structural scanner; local Linux amd64; no lexical/OS theorem, native Mac or release closure

RUNNER_COMMAND=docker compose run --build --rm test sh -c 'cargo --version && rustc --version && cargo test --locked -p gripsack-policy -p gripsack-exec'
 Image gripsack-test Building 
#1 [internal] load local bake definitions
#1 reading from stdin 530B done
#1 DONE 0.0s

#2 [internal] load build definition from Dockerfile
#2 transferring dockerfile: 11.00kB done
#2 DONE 0.0s

#3 resolve image config for docker-image://docker.io/docker/dockerfile:1
#3 DONE 0.6s

#4 docker-image://docker.io/docker/dockerfile:1@sha256:ecfaec9ed6d810b56388c508f4121597bfbba70d41a6dfeee4d8cad5f295fc32
#4 resolve docker.io/docker/dockerfile:1@sha256:ecfaec9ed6d810b56388c508f4121597bfbba70d41a6dfeee4d8cad5f295fc32 0.0s done
#4 CACHED

#5 [internal] load metadata for docker.io/library/rust:alpine@sha256:a10e64dd139b7387337c7fbe8aca31b959b57b2fd4c8ae20a02cf1d6ea424dce
#5 DONE 0.7s

#6 [internal] load .dockerignore
#6 transferring context: 139B done
#6 DONE 0.0s

#7 [builder  1/10] FROM docker.io/library/rust:alpine@sha256:a10e64dd139b7387337c7fbe8aca31b959b57b2fd4c8ae20a02cf1d6ea424dce
#7 resolve docker.io/library/rust:alpine@sha256:a10e64dd139b7387337c7fbe8aca31b959b57b2fd4c8ae20a02cf1d6ea424dce 0.0s done
#7 DONE 0.0s

#8 [internal] load build context
#8 transferring context: 78.58kB 0.1s done
#8 DONE 0.1s

#9 [builder 10/10] COPY scripts ./scripts
#9 CACHED

#10 [builder  4/10] WORKDIR /app
#10 CACHED

#11 [builder  6/10] COPY crates ./crates
#11 CACHED

#12 [test 1/2] RUN cargo fmt --check     && cargo clippy --locked --workspace --all-targets -- -D warnings     && cargo test --locked
#12 CACHED

#13 [builder  2/10] RUN apk add --no-cache musl-dev git curl xz     && rustup component add clippy rustfmt
#13 CACHED

#14 [builder  3/10] RUN set -e;     arch="$(uname -m)";     case "$arch" in       x86_64)  sha=3374daaf153e6f82028add5e4bf7cc2deab46537dee24f20be80df831193aeb4 ;;       aarch64) sha=35d90cee9648037eaa4c1a2649fdca9d1b9a9997b972d37be7f8629139ba1294 ;;       *) echo "unsupported arch: $arch" >&2; exit 1 ;;     esac;     curl -fsSL -o /tmp/ca.tar.xz "https://github.com/rust-secure-code/cargo-auditable/releases/download/v0.7.5/cargo-auditable-${arch}-unknown-linux-musl.tar.xz";     echo "$sha  /tmp/ca.tar.xz" | sha256sum -c -;     mkdir -p /tmp/ca && tar -xJf /tmp/ca.tar.xz -C /tmp/ca;     mv /tmp/ca/*/cargo-auditable /usr/local/bin/cargo-auditable;     rm -rf /tmp/ca /tmp/ca.tar.xz
#14 CACHED

#15 [builder  5/10] COPY Cargo.toml Cargo.lock ./
#15 CACHED

#16 [builder  9/10] COPY typescript ./typescript
#16 CACHED

#17 [builder  7/10] COPY fuzz ./fuzz
#17 CACHED

#18 [builder  8/10] COPY schema ./schema
#18 CACHED

#19 [test 2/2] RUN apk add --no-cache python3     && cargo package --list -p gripsack-exec | grep -q "embedded_frontend.rs"     && python3 scripts/gen_diagnostic_registry.py --check     && python3 scripts/gen_diagnostic_registry.py --self-check     && python3 scripts/gen_frontend_embed.py --check     && python3 scripts/check_scheduler_loom.py
#19 CACHED

#20 exporting to image
#20 exporting layers done
#20 exporting manifest sha256:4d3255f66b0c3626e51916ab2651d2e5f20ef2e13131b0a940aec5e584478b12 done
#20 exporting config sha256:856f02ff6e50000252c34ea202335e78a4865cfd6f0e28cdbea85573d36bcd93 0.0s done
#20 exporting attestation manifest sha256:1c1c526b4e77ffed3ba9e0b4d8a176bcfdc627680c2f4d7d520d97d50a5bc874
#20 exporting attestation manifest sha256:1c1c526b4e77ffed3ba9e0b4d8a176bcfdc627680c2f4d7d520d97d50a5bc874 0.1s done
#20 exporting manifest list sha256:9336ca83a0835cde05f87de69bede93963aa96403350d606440ecdded55484a0 0.0s done
#20 naming to docker.io/library/gripsack-test:latest
#20 naming to docker.io/library/gripsack-test:latest done
#20 unpacking to docker.io/library/gripsack-test:latest 0.0s done
#20 DONE 0.3s

#21 resolving provenance for metadata file
#21 DONE 0.1s
 Image gripsack-test Built 
 Container gripsack-test-run-2bb63bc30eb2 Creating 
 Container gripsack-test-run-2bb63bc30eb2 Created 
cargo 1.98.0 (797e8a9bc 2026-08-05)
rustc 1.98.0 (88d9e12ae 2026-08-18)
   Compiling hashbrown v0.17.1
   Compiling serde v1.0.229
   Compiling serde_json v1.0.151
   Compiling winnow v1.0.4
   Compiling toml_writer v1.1.2+spec-1.1.0
   Compiling percent-encoding v2.3.2
   Compiling syn v3.0.4
   Compiling regex-syntax v0.8.11
   Compiling toml_datetime v1.1.1+spec-1.1.0
   Compiling form_urlencoded v1.2.2
   Compiling toml_parser v1.1.3+spec-1.1.0
   Compiling indexmap v2.14.0
   Compiling toml v0.9.12+spec-1.1.0
   Compiling toml v1.1.4+spec-1.1.0
   Compiling regex-automata v0.4.18
   Compiling zip v8.6.0
   Compiling verus_state_machines_macros v0.0.0-2026-09-06-0133
   Compiling zerovec-derive v0.11.6
   Compiling displaydoc v0.2.7
   Compiling serde_derive v1.0.229
   Compiling thiserror-impl v2.0.20
   Compiling matchers v0.2.0
   Compiling tracing-subscriber v0.3.23
   Compiling zerotrie v0.2.5
   Compiling zerovec v0.11.8
   Compiling thiserror v2.0.20
   Compiling tinystr v0.8.4
   Compiling potential_utf v0.1.6
   Compiling icu_collections v2.3.0
   Compiling icu_locale_core v2.3.0
   Compiling loom v0.7.2
   Compiling icu_provider v2.3.1
   Compiling vstd v0.0.0-2026-09-06-0133
   Compiling icu_properties v2.3.0
   Compiling icu_normalizer v2.3.0
   Compiling idna_adapter v1.2.2
   Compiling idna v1.1.0
   Compiling url v2.5.8
   Compiling ureq v2.12.1
   Compiling gripsack-policy v0.42.0 (/app/crates/gripsack-policy)
   Compiling gripsack-ir v0.42.0 (/app/crates/gripsack-ir)
   Compiling gripsack-store v0.42.0 (/app/crates/gripsack-store)
   Compiling gripsack-config v0.42.0 (/app/crates/gripsack-config)
   Compiling gripsack-fetch v0.42.0 (/app/crates/gripsack-fetch)
   Compiling gripsack-exec v0.42.0 (/app/crates/gripsack-exec)
    Finished `test` profile [unoptimized + debuginfo] target(s) in 26.04s
     Running unittests src/lib.rs (target/debug/deps/gripsack_exec-85d94f584d06cd34)

running 52 tests
test facts::tests::facts_match_the_running_host ... ok
test facts::tests::glibc_version_parses_both_ldd_wordings ... ok
test frontend::tests::path_deno_version_gate_matches_major ... ok
test lineage_model::a_mid_apply_external_write_is_aborted_never_clobbered ... ok
test lineage_model::chmod_only_drift_is_preserved_never_silently_reverted ... ok
test lineage_model::preserved_drift_never_authorizes_an_update ... ok
test managed_blocks::tests::broken_scanner_utf8_boundary_returns_error_instead_of_panicking ... ok
test managed_blocks::tests::later_hand_edits_are_classified_and_other_modules_stay_untouched ... ok
test managed_blocks::tests::malformed_markers_never_grant_splice_ranges ... ok
test managed_blocks::tests::only_the_first_body_line_can_be_a_legacy_header ... ok
test managed_blocks::tests::foreign_bytes_survive_reconcile_and_removal ... ok
test managed_blocks::tests::markers_roundtrip_across_comment_styles_and_legacy_metadata ... ok
test report::update_model::every_survey_order_preserves_error_over_change_precedence ... ok
test deploy::tests::restore_never_writes_a_dangling_owned_link ... ok
test deploy::tests::symlinked_ancestor_into_repo_is_detected ... ok
test template::tests::template_substitutes_and_escapes ... ok
test resolve::identity_tests::provenance_differences_hash_identically ... ok
test template::tests::template_unbalanced_braces_error ... ok
test template::tests::template_undefined_variable_is_a_loud_error ... ok
test tests::build_edges_constrain_order_too ... ok
test tests::cycles_are_named ... ok
test tests::dependencies_come_first ... ok
test tests::diamond_is_deterministic ... ok
test managed_blocks::tests::every_mode_record_participates_independently_of_order ... ok
test tests::waves_levelize_the_dag ... ok
test source::overlay::tests::fetched_link_ancestor_cannot_redirect_an_overlay ... ok
test source::overlay::tests::overlay_pin_and_bytes_belong_to_the_same_snapshot ... ok
test ops::model::tests::a_build_only_dep_plans_zero_destination_ops ... ok
test lineage_model::ownership_lineage_holds_over_every_sequence ... ok
test source::overlay::tests::top_level_links_have_the_same_preview_and_staged_identity ... ok
test source::overlay::tests::leaf_link_is_replaced_without_writing_its_target ... ok
test env::tests::renders_set_prepend_append_with_store_resolution ... ok
test env::tests::duplicate_contributions_render_once ... ok
test ops::model::tests::a_spelling_change_plans_no_op ... ok
test lockfile::tests::roundtrip ... ok
test env::tests::empty_contributions_remove_the_file ... ok
test deploy::tests::journaled_mutation_must_reach_its_intended_state ... ok
test gc::tests::never_prunes_the_current_generation ... ok
test gc::tests::collects_only_unreferenced_store_paths ... ok
test update::tests::check_and_publish_agree_on_metadata_only_pin_changes ... ok
test gc::tests::why_owns_finds_the_owner ... ok
test gc::tests::keep_generations_prunes_oldest_and_their_paths ... ok
test mode_model::links_carry_the_payload_mode_without_normalizing_it ... ok
test gc::tests::unfinished_recovery_blocks_collection ... ok
test gc::tests::a_session_for_another_home_authorizes_nothing_here ... ok
test gc::tests::reconciled_journal_unblocks_collection ... ok
test gc::tests::quarantined_entries_block_collection ... ok
test mode_model::merge_host_modes_are_planned_and_drift_never_authorizes_prune ... ok
test frontend::tests::embed_materializes_tree_and_marker ... ok
test frontend::tests::materialize_flips_the_stable_current_link ... ok
test ops::model::tests::the_planned_op_matches_the_algebra_and_executes_to_its_intent ... ok
test mode_model::whole_file_modes_survive_update_restore_drift_and_prune ... ok

test result: ok. 52 passed; 0 failed; 0 ignored; 0 measured; 0 filtered out; finished in 2.57s

     Running tests/workspace_execution_gate.rs (target/debug/deps/workspace_execution_gate-d1d7389a02dde6ef)

running 1 test
test every_direct_executor_entry_rejects_before_home_mutation ... ok

test result: ok. 1 passed; 0 failed; 0 ignored; 0 measured; 0 filtered out; finished in 0.00s

     Running unittests src/lib.rs (target/debug/deps/gripsack_policy-a64db0535e9ab1e3)

running 0 tests

test result: ok. 0 passed; 0 failed; 0 ignored; 0 measured; 0 filtered out; finished in 0.00s

     Running tests/name_index.rs (target/debug/deps/name_index-fa02eccde7e08dcb)

running 1 test
test catalog_indices_cannot_bind_another_name_or_escape_the_catalog ... ok

test result: ok. 1 passed; 0 failed; 0 ignored; 0 measured; 0 filtered out; finished in 0.00s

     Running tests/schedule_smoke.rs (target/debug/deps/schedule_smoke-8bff95dc4529a08d)

running 2 tests
test pure_scheduler_latches_on_failure ... ok
test pure_scheduler_runs_a_diamond ... ok

test result: ok. 2 passed; 0 failed; 0 ignored; 0 measured; 0 filtered out; finished in 0.00s

   Doc-tests gripsack_exec

running 0 tests

test result: ok. 0 passed; 0 failed; 0 ignored; 0 measured; 0 filtered out; finished in 0.00s

   Doc-tests gripsack_policy

running 0 tests

test result: ok. 0 passed; 0 failed; 0 ignored; 0 measured; 0 filtered out; finished in 0.00s


RUNNER_EXIT=0
RUNNER_GROUP=rust executed=56 passed=56 failed=0 skipped=0

RUNNER_COMMAND=docker compose run --build --rm e2e sh -c 'python --version && "$GRIPSACK_DENO" --version && uv run --locked --no-sync pytest -q test_merge_boundaries.py test_ownership_modes.py test_workspace_files.py'
 Image gripsack-e2e Building 
#1 [internal] load local bake definitions
#1 reading from stdin 525B done
#1 DONE 0.0s

#2 [internal] load build definition from Dockerfile
#2 transferring dockerfile:
#2 transferring dockerfile: 11.00kB done
#2 DONE 0.0s

#3 resolve image config for docker-image://docker.io/docker/dockerfile:1
#3 DONE 0.6s

#4 docker-image://docker.io/docker/dockerfile:1@sha256:ecfaec9ed6d810b56388c508f4121597bfbba70d41a6dfeee4d8cad5f295fc32
#4 resolve docker.io/docker/dockerfile:1@sha256:ecfaec9ed6d810b56388c508f4121597bfbba70d41a6dfeee4d8cad5f295fc32 0.0s done
#4 CACHED

#5 [internal] load metadata for docker.io/library/python:3.13-slim@sha256:9d2e5553305c7c7b0097999bb17187c69b921ccd6bc9d40e4bb5ebe652c00285
#5 DONE 0.6s

#6 [internal] load metadata for docker.io/library/rust:alpine@sha256:a10e64dd139b7387337c7fbe8aca31b959b57b2fd4c8ae20a02cf1d6ea424dce
#6 DONE 0.7s

#7 [internal] load .dockerignore
#7 transferring context: 139B done
#7 DONE 0.0s

#8 [builder  1/10] FROM docker.io/library/rust:alpine@sha256:a10e64dd139b7387337c7fbe8aca31b959b57b2fd4c8ae20a02cf1d6ea424dce
#8 resolve docker.io/library/rust:alpine@sha256:a10e64dd139b7387337c7fbe8aca31b959b57b2fd4c8ae20a02cf1d6ea424dce
#8 resolve docker.io/library/rust:alpine@sha256:a10e64dd139b7387337c7fbe8aca31b959b57b2fd4c8ae20a02cf1d6ea424dce 0.0s done
#8 DONE 0.0s

#9 [e2e  4/12] ADD --checksum=sha256:394f07f4da2bebe6ce6f1e7ce0fa16429b29b08c35e3fac3fe25972676dff4b2 https://github.com/denoland/deno/releases/download/v2.9.6/deno-x86_64-unknown-linux-gnu.zip /tmp/deno.zip
#9 DONE 0.0s

#10 [e2e  1/12] FROM docker.io/library/python:3.13-slim@sha256:9d2e5553305c7c7b0097999bb17187c69b921ccd6bc9d40e4bb5ebe652c00285
#10 resolve docker.io/library/python:3.13-slim@sha256:9d2e5553305c7c7b0097999bb17187c69b921ccd6bc9d40e4bb5ebe652c00285 0.0s done
#10 DONE 0.1s

#11 [internal] load build context
#11 transferring context: 84.37kB 0.1s done
#11 DONE 0.1s

#12 [builder  8/10] COPY schema ./schema
#12 CACHED

#13 [e2e  3/12] RUN apt-get update -qq && apt-get install -y -qq --no-install-recommends git     && rm -rf /var/lib/apt/lists/*
#13 CACHED

#14 [e2e  2/12] WORKDIR /app
#14 CACHED

#15 [builder 10/10] COPY scripts ./scripts
#15 CACHED

#16 [e2e  5/12] RUN python3 -m zipfile -e /tmp/deno.zip /tmp/deno     && mkdir -p /root/.local/share/gripsack/tools/deno-2.9.6     && mv /tmp/deno/deno /root/.local/share/gripsack/tools/deno-2.9.6/deno     && chmod 755 /root/.local/share/gripsack/tools/deno-2.9.6/deno     && rm -rf /tmp/deno.zip /tmp/deno
#16 CACHED

#17 [bin 1/1] RUN cargo build --locked -p gripsack
#17 CACHED

#18 [builder  5/10] COPY Cargo.toml Cargo.lock ./
#18 CACHED

#19 [e2e  4/12] ADD --checksum=sha256:394f07f4da2bebe6ce6f1e7ce0fa16429b29b08c35e3fac3fe25972676dff4b2 https://github.com/denoland/deno/releases/download/v2.9.6/deno-x86_64-unknown-linux-gnu.zip /tmp/deno.zip
#19 CACHED

#20 [builder  2/10] RUN apk add --no-cache musl-dev git curl xz     && rustup component add clippy rustfmt
#20 CACHED

#21 [builder  3/10] RUN set -e;     arch="$(uname -m)";     case "$arch" in       x86_64)  sha=3374daaf153e6f82028add5e4bf7cc2deab46537dee24f20be80df831193aeb4 ;;       aarch64) sha=35d90cee9648037eaa4c1a2649fdca9d1b9a9997b972d37be7f8629139ba1294 ;;       *) echo "unsupported arch: $arch" >&2; exit 1 ;;     esac;     curl -fsSL -o /tmp/ca.tar.xz "https://github.com/rust-secure-code/cargo-auditable/releases/download/v0.7.5/cargo-auditable-${arch}-unknown-linux-musl.tar.xz";     echo "$sha  /tmp/ca.tar.xz" | sha256sum -c -;     mkdir -p /tmp/ca && tar -xJf /tmp/ca.tar.xz -C /tmp/ca;     mv /tmp/ca/*/cargo-auditable /usr/local/bin/cargo-auditable;     rm -rf /tmp/ca /tmp/ca.tar.xz
#21 CACHED

#22 [e2e  8/12] COPY e2e/pyproject.toml e2e/uv.lock ./e2e/
#22 CACHED

#23 [e2e  7/12] COPY --from=bin /app/target/debug/grip /usr/local/bin/grip
#23 CACHED

#24 [e2e 11/12] COPY examples ./examples
#24 CACHED

#25 [builder  7/10] COPY fuzz ./fuzz
#25 CACHED

#26 [e2e  9/12] RUN cd e2e && uv sync --locked
#26 CACHED

#27 [e2e 10/12] COPY e2e ./e2e
#27 CACHED

#28 [builder  9/10] COPY typescript ./typescript
#28 CACHED

#29 [builder  6/10] COPY crates ./crates
#29 CACHED

#30 [builder  4/10] WORKDIR /app
#30 CACHED

#31 [e2e  6/12] RUN printf 'uv==%s --hash=sha256:f7d6248ad9f2d282fea795f248da8fa666ab382df50d8385bd98e01049440a0c --hash=sha256:bd0afae6918795c6a61a649e64d735e339f3d62f8310235da6f19eb3f66f323b\n' "0.12.10" > /tmp/uv.req     && pip install --no-cache-dir --no-deps --require-hashes -r /tmp/uv.req     && uv --version     && rm -f /tmp/uv.req
#31 CACHED

#32 [e2e 12/12] WORKDIR /app/e2e
#32 CACHED

#33 exporting to image
#33 exporting layers done
#33 exporting manifest sha256:946c8d380db8b16f5f5a36637c7a9b8f59c1214270596ec4c87e9d0e1716819a done
#33 exporting config sha256:f573d882667c2919256c7fa96a615b4204beaf6a45e53118bfddf12cb5309895 done
#33 exporting attestation manifest sha256:28d53e79c54d7ef07f5e81cb3c61c564ed71a4ba18a7bcf0912b6a1adbd36bf6 0.1s done
#33 exporting manifest list sha256:25c7b530d5af26218d4cd38826737bfdc2f322f96e63f5d7f2ca7985b29f8e2b
#33 exporting manifest list sha256:25c7b530d5af26218d4cd38826737bfdc2f322f96e63f5d7f2ca7985b29f8e2b 0.1s done
#33 naming to docker.io/library/gripsack-e2e:latest 0.0s done
#33 unpacking to docker.io/library/gripsack-e2e:latest 0.0s done
#33 DONE 0.3s

#34 resolving provenance for metadata file
#34 DONE 0.0s
 Image gripsack-e2e Built 
 Container gripsack-e2e-run-78c99e057107 Creating 
 Container gripsack-e2e-run-78c99e057107 Created 
Python 3.13.15
deno 2.9.6 (stable, release, x86_64-unknown-linux-gnu)
v8 15.0.245.2-rusty
typescript 6.0.3
................................                                         [100%]
32 passed in 25.11s

RUNNER_EXIT=0
RUNNER_GROUP=cli executed=32 passed=32 failed=0 skipped=0

RUNNER_COMMAND=docker compose run --build --rm verify sh -c 'cargo --version && rustc --version && sh scripts/check_verus.sh'
 Image gripsack-verify Building 
#1 [internal] load local bake definitions
#1 reading from stdin 540B done
#1 DONE 0.0s

#2 [internal] load build definition from Dockerfile
#2 transferring dockerfile: 11.00kB done
#2 DONE 0.0s

#3 resolve image config for docker-image://docker.io/docker/dockerfile:1
#3 DONE 0.6s

#4 docker-image://docker.io/docker/dockerfile:1@sha256:ecfaec9ed6d810b56388c508f4121597bfbba70d41a6dfeee4d8cad5f295fc32
#4 resolve docker.io/docker/dockerfile:1@sha256:ecfaec9ed6d810b56388c508f4121597bfbba70d41a6dfeee4d8cad5f295fc32 0.0s done
#4 CACHED

#5 [internal] load metadata for docker.io/library/ubuntu:24.04@sha256:224a1869083a311ef3f13648a154ba79832fbef6364d31493642ca03082da254
#5 DONE 0.7s

#6 [internal] load .dockerignore
#6 transferring context: 139B done
#6 DONE 0.0s

#7 [internal] load build context
#7 DONE 0.0s

#8 [verify  4/11] ADD --checksum=sha256:7288c49a5bd6dbafd7b0b0d1f65956b91672da24b08f09242919af159be3418e https://github.com/Z3Prover/z3/releases/download/z3-4.16.0/z3-4.16.0-x64-glibc-2.39.zip /tmp/z3.zip
#8 DONE 0.0s

#9 [verify  3/11] ADD --checksum=sha256:13d01e134c0620c3b29770874707d16c33b3d227c843a489c8ceb744d43c0a16 https://github.com/verus-lang/verus/releases/download/release/0.2026.09.06.8dea4a2/verus-0.2026.09.06.8dea4a2-x86-linux.zip /tmp/verus.zip
#9 DONE 0.0s

#10 [verify  1/11] FROM docker.io/library/ubuntu:24.04@sha256:224a1869083a311ef3f13648a154ba79832fbef6364d31493642ca03082da254
#10 resolve docker.io/library/ubuntu:24.04@sha256:224a1869083a311ef3f13648a154ba79832fbef6364d31493642ca03082da254 0.0s done
#10 DONE 0.0s

#7 [internal] load build context
#7 transferring context: 75.11kB 0.1s done
#7 DONE 0.1s

#11 [verify  2/11] RUN apt-get update -qq && apt-get install -y -qq --no-install-recommends     curl ca-certificates unzip build-essential python3     && rm -rf /var/lib/apt/lists/*
#11 CACHED

#12 [verify  5/11] RUN unzip -q /tmp/verus.zip -d /opt && unzip -q /tmp/z3.zip -d /opt     && rm /tmp/verus.zip /tmp/z3.zip     && curl -fsSL https://sh.rustup.rs | sh -s -- -y --default-toolchain 1.98.0        --component rustc-dev --component llvm-tools --component rustfmt
#12 CACHED

#13 [verify  7/11] COPY Cargo.toml Cargo.lock ./
#13 CACHED

#14 [verify  9/11] COPY fuzz ./fuzz
#14 CACHED

#15 [verify  6/11] WORKDIR /app
#15 CACHED

#16 [verify  3/11] ADD --checksum=sha256:13d01e134c0620c3b29770874707d16c33b3d227c843a489c8ceb744d43c0a16 https://github.com/verus-lang/verus/releases/download/release/0.2026.09.06.8dea4a2/verus-0.2026.09.06.8dea4a2-x86-linux.zip /tmp/verus.zip
#16 CACHED

#17 [verify  4/11] ADD --checksum=sha256:7288c49a5bd6dbafd7b0b0d1f65956b91672da24b08f09242919af159be3418e https://github.com/Z3Prover/z3/releases/download/z3-4.16.0/z3-4.16.0-x64-glibc-2.39.zip /tmp/z3.zip
#17 CACHED

#18 [verify  8/11] COPY crates ./crates
#18 CACHED

#19 [verify 10/11] COPY scripts/check_verus.sh scripts/check_verus.py scripts/verus_evidence.py ./scripts/
#19 CACHED

#20 [verify 11/11] RUN sh scripts/check_verus.sh
#20 CACHED

#21 exporting to image
#21 exporting layers done
#21 exporting manifest sha256:d72bf9cf096d5ea320cf9ac9e4ff05a842b9339c582504269211b6780025e216 0.0s done
#21 exporting config sha256:42ed26bc7ad241eaec7fc60ec8a0ee72d34e13c24479a743fc9ea40b4c71b326 0.0s done
#21 exporting attestation manifest sha256:7db5ac0d5cc1b04af6e094b746661e38512bce37ea54886900c79c5aea7f9453
#21 exporting attestation manifest sha256:7db5ac0d5cc1b04af6e094b746661e38512bce37ea54886900c79c5aea7f9453 0.0s done
#21 exporting manifest list sha256:3184b0ef479fdeedbecce343444841f06facb9858f11fc1744f4f290b71957c4 0.0s done
#21 naming to docker.io/library/gripsack-verify:latest 0.0s done
#21 unpacking to docker.io/library/gripsack-verify:latest 0.0s done
#21 DONE 0.3s

#22 resolving provenance for metadata file
#22 DONE 0.0s
 Image gripsack-verify Built 
 Container gripsack-verify-run-a704c8defcd4 Creating 
 Container gripsack-verify-run-a704c8defcd4 Created 
cargo 1.98.0 (797e8a9bc 2026-08-05)
rustc 1.98.0 (88d9e12ae 2026-08-18)
VERUS_GATE_NEGATIVES=10
RUNNER_COMMAND=cargo verus verify --manifest-path /app/crates/gripsack-policy/Cargo.toml -p gripsack-policy --locked --message-format=json -- --output-json --time-expanded
VERUS_RESULT={"encountered-error": false, "encountered-vir-error": false, "errors": 0, "is-verifying-entire-crate": true, "success": true, "verified": 80}
positive: verification results:: 80 verified, 0 errors
VERUS_FAMILY=recovery checked=1 functions=classify
VERUS_FAMILY=ownership checked=2 functions=ownership::plan_copy,ownership::plan_link
VERUS_FAMILY=retention checked=7 functions=retention::admit_gc,retention::contains_generation,retention::contains_identity,retention::plan_prune,retention::plan_delete,retention::lemma_delete_monotone,retention::lemma_delete_monotone_prefix
VERUS_FAMILY=merge checked=6 functions=merge::splice_bytes,merge::lemma_rest_is_gaps,merge::lemma_splice_canonical,merge::lemma_splice_identity,merge::lemma_gaps_end_with_tail,merge::lemma_splice_preserves_edges
VERUS_FAMILY=merge-scanner checked=5 functions=merge::scanner::span_text,merge::scanner::lemma_ascii_successor,merge::scanner::next_line_end,merge::scanner::scan_admits_splice,merge::scanner::scan
VERUS_FAMILY=graph checked=3 functions=graph::build_closure,graph::build_only_members,graph::lemma_reachable_visited
VERUS_FAMILY=graph-roles checked=2 functions=graph::roles::project_graph_roles,graph::roles::GraphRole::is_dependency
VERUS_FAMILY=graph-name-index checked=3 functions=graph::name_index::bind_output_index,graph::name_index::BoundOutputIndex::position,graph::name_index::distinct_names_have_distinct_indices
VERUS_FAMILY=target checked=2 functions=target::release_at_most,target::supports_target
VERUS_FAMILY=scheduler checked=11 functions=schedule::PureScheduler::new,schedule::PureScheduler::start_next,schedule::PureScheduler::finish_ok,schedule::PureScheduler::finish_fail,schedule::PureScheduler::failed,schedule::lemma_unfinished_count_zero,schedule::lemma_unfinished_count_zero_reverse,schedule::lemma_unfinished_count_decrement,schedule::lemma_unfinished_count_none_finished,schedule::lemma_fresh_entry,schedule::lemma_cast_collapse
RUNNER_COMMAND=cargo verus verify --manifest-path /tmp/gripsack-verus-ptjtxt2j/classifier/crates/gripsack-policy/Cargo.toml -p gripsack-policy --locked --message-format=json -- --output-json --time-expanded
VERUS_RESULT={"encountered-error": true, "encountered-vir-error": false, "errors": 1, "is-verifying-entire-crate": true, "success": false, "verified": 79}
VERUS_DIAGNOSTIC={"$message_type": "diagnostic", "children": [], "code": null, "level": "error", "message": "postcondition not satisfied", "rendered": "error: postcondition not satisfied\n  --> crates/gripsack-policy/src/lib.rs:66:9\n   |\n66 |           (result == Classification::Committed) <==> facts.current == Some(facts.target),\n   |           ^^^^^^^^^^^^^^^^^^^^^^^^^^^^^^^^^^^^^^^^^^^^^^^^^^^^^^^^^^^^^^^^^^^^^^^^^^^^^^ failed this postcondition\n...\n82 | /     match (facts.previous, facts.current) {\n83 | |         (Some(_), Some(c)) if c == facts.target => Classification::Committed,\n84 | |         (Some(prev), Some(c)) if c == prev => Classification::Uncommitted,\n85 | |         (Some(_), _) => Classification::Committed,\n...  |\n90 | |         (None, Some(_)) => Classification::Ambiguous,\n91 | |     }\n   | |_____- at the end of the function body\n\n", "spans": [{"byte_end": 4105, "byte_start": 3552, "column_end": 6, "column_start": 5, "expansion": null, "file_name": "crates/gripsack-policy/src/lib.rs", "is_primary": false, "label": "at the end of the function body", "line_end": 91, "line_start": 82, "suggested_replacement": null, "suggestion_applicability": null, "text": [{"highlight_end": 44, "highlight_start": 5, "text": "    match (facts.previous, facts.current) {"}, {"highlight_end": 78, "highlight_start": 1, "text": "        (Some(_), Some(c)) if c == facts.target => Classification::Committed,"}, {"highlight_end": 75, "highlight_start": 1, "text": "        (Some(prev), Some(c)) if c == prev => Classification::Uncommitted,"}, {"highlight_end": 51, "highlight_start": 1, "text": "        (Some(_), _) => Classification::Committed,"}, {"highlight_end": 72, "highlight_start": 1, "text": "        // a fresh machine's first run: current at the target means the"}, {"highlight_end": 50, "highlight_start": 1, "text": "        // flip landed; absent means it never did"}, {"highlight_end": 75, "highlight_start": 1, "text": "        (None, Some(c)) if c == facts.target => Classification::Committed,"}, {"highlight_end": 53, "highlight_start": 1, "text": "        (None, None) => Classification::Uncommitted,"}, {"highlight_end": 54, "highlight_start": 1, "text": "        (None, Some(_)) => Classification::Ambiguous,"}, {"highlight_end": 6, "highlight_start": 1, "text": "    }"}]}, {"byte_end": 2800, "byte_start": 2722, "column_end": 87, "column_start": 9, "expansion": null, "file_name": "crates/gripsack-policy/src/lib.rs", "is_primary": true, "label": "failed this postcondition", "line_end": 66, "line_start": 66, "suggested_replacement": null, "suggestion_applicability": null, "text": [{"highlight_end": 87, "highlight_start": 9, "text": "        (result == Classification::Committed) <==> facts.current == Some(facts.target),"}]}]}
VERUS_DIAGNOSTIC={"$message_type": "diagnostic", "children": [], "code": null, "level": "error", "message": "postcondition not satisfied", "rendered": "error: postcondition not satisfied\n  --> crates/gripsack-policy/src/lib.rs:76:9\n   |\n76 | /         (result == Classification::Ambiguous) <==> (\n77 | |             facts.current != Some(facts.target)\n78 | |             && !(facts.current.is_none() && facts.previous.is_none())\n79 | |             && !(facts.previous.is_some() && facts.current == facts.previous)\n80 | |         ),\n   | |_________^ failed this postcondition\n81 |   {\n82 | /     match (facts.previous, facts.current) {\n83 | |         (Some(_), Some(c)) if c == facts.target => Classification::Committed,\n84 | |         (Some(prev), Some(c)) if c == prev => Classification::Uncommitted,\n85 | |         (Some(_), _) => Classification::Committed,\n...  |\n90 | |         (None, Some(_)) => Classification::Ambiguous,\n91 | |     }\n   | |_____- at the end of the function body\n\n", "spans": [{"byte_end": 4105, "byte_start": 3552, "column_end": 6, "column_start": 5, "expansion": null, "file_name": "crates/gripsack-policy/src/lib.rs", "is_primary": false, "label": "at the end of the function body", "line_end": 91, "line_start": 82, "suggested_replacement": null, "suggestion_applicability": null, "text": [{"highlight_end": 44, "highlight_start": 5, "text": "    match (facts.previous, facts.current) {"}, {"highlight_end": 78, "highlight_start": 1, "text": "        (Some(_), Some(c)) if c == facts.target => Classification::Committed,"}, {"highlight_end": 75, "highlight_start": 1, "text": "        (Some(prev), Some(c)) if c == prev => Classification::Uncommitted,"}, {"highlight_end": 51, "highlight_start": 1, "text": "        (Some(_), _) => Classification::Committed,"}, {"highlight_end": 72, "highlight_start": 1, "text": "        // a fresh machine's first run: current at the target means the"}, {"highlight_end": 50, "highlight_start": 1, "text": "        // flip landed; absent means it never did"}, {"highlight_end": 75, "highlight_start": 1, "text": "        (None, Some(c)) if c == facts.target => Classification::Committed,"}, {"highlight_end": 53, "highlight_start": 1, "text": "        (None, None) => Classification::Uncommitted,"}, {"highlight_end": 54, "highlight_start": 1, "text": "        (None, Some(_)) => Classification::Ambiguous,"}, {"highlight_end": 6, "highlight_start": 1, "text": "    }"}]}, {"byte_end": 3544, "byte_start": 3294, "column_end": 10, "column_start": 9, "expansion": null, "file_name": "crates/gripsack-policy/src/lib.rs", "is_primary": true, "label": "failed this postcondition", "line_end": 80, "line_start": 76, "suggested_replacement": null, "suggestion_applicability": null, "text": [{"highlight_end": 53, "highlight_start": 9, "text": "        (result == Classification::Ambiguous) <==> ("}, {"highlight_end": 48, "highlight_start": 1, "text": "            facts.current != Some(facts.target)"}, {"highlight_end": 70, "highlight_start": 1, "text": "            && !(facts.current.is_none() && facts.previous.is_none())"}, {"highlight_end": 78, "highlight_start": 1, "text": "            && !(facts.previous.is_some() && facts.current == facts.previous)"}, {"highlight_end": 10, "highlight_start": 1, "text": "        ),"}]}]}
calibration: classifier rejected in classify
RUNNER_COMMAND=cargo verus verify --manifest-path /tmp/gripsack-verus-ptjtxt2j/ownership-drift/crates/gripsack-policy/Cargo.toml -p gripsack-policy --locked --message-format=json -- --output-json --time-expanded
VERUS_RESULT={"encountered-error": true, "encountered-vir-error": false, "errors": 1, "is-verifying-entire-crate": true, "success": false, "verified": 79}
VERUS_DIAGNOSTIC={"$message_type": "diagnostic", "children": [], "code": null, "level": "error", "message": "postcondition not satisfied", "rendered": "error: postcondition not satisfied\n  --> crates/gripsack-policy/src/ownership.rs:55:9\n   |\n55 | /         (result == CopyPlan::Update) <==>\n56 | |             (!take_over && live.is_some() && live.unwrap()@ != desired@\n57 | |             && prev.is_some() && !prev.unwrap().1\n58 | |             && live.unwrap()@ == prev.unwrap().0@),\n   | |__________________________________________________^ failed this postcondition\n...\n78 |           Some((written, true)) if live == written => CopyPlan::Update,\n   |           --------------------- at the end of the function body\n\n", "spans": [{"byte_end": 3224, "byte_start": 3203, "column_end": 30, "column_start": 9, "expansion": null, "file_name": "crates/gripsack-policy/src/ownership.rs", "is_primary": false, "label": "at the end of the function body", "line_end": 78, "line_start": 78, "suggested_replacement": null, "suggestion_applicability": null, "text": [{"highlight_end": 30, "highlight_start": 9, "text": "        Some((written, true)) if live == written => CopyPlan::Update,"}]}, {"byte_end": 2499, "byte_start": 2293, "column_end": 51, "column_start": 9, "expansion": null, "file_name": "crates/gripsack-policy/src/ownership.rs", "is_primary": true, "label": "failed this postcondition", "line_end": 58, "line_start": 55, "suggested_replacement": null, "suggestion_applicability": null, "text": [{"highlight_end": 42, "highlight_start": 9, "text": "        (result == CopyPlan::Update) <==>"}, {"highlight_end": 72, "highlight_start": 1, "text": "            (!take_over && live.is_some() && live.unwrap()@ != desired@"}, {"highlight_end": 50, "highlight_start": 1, "text": "            && prev.is_some() && !prev.unwrap().1"}, {"highlight_end": 51, "highlight_start": 1, "text": "            && live.unwrap()@ == prev.unwrap().0@),"}]}]}
VERUS_DIAGNOSTIC={"$message_type": "diagnostic", "children": [], "code": null, "level": "error", "message": "postcondition not satisfied", "rendered": "error: postcondition not satisfied\n  --> crates/gripsack-policy/src/ownership.rs:61:9\n   |\n61 | /         (result == CopyPlan::Preserve) <==>\n62 | |             (!take_over && live.is_some() && live.unwrap()@ != desired@\n63 | |             && !(prev.is_some() && !prev.unwrap().1\n64 | |                 && live.unwrap()@ == prev.unwrap().0@)),\n   | |_______________________________________________________^ failed this postcondition\n...\n78 |           Some((written, true)) if live == written => CopyPlan::Update,\n   |           --------------------- at the end of the function body\n\n", "spans": [{"byte_end": 3224, "byte_start": 3203, "column_end": 30, "column_start": 9, "expansion": null, "file_name": "crates/gripsack-policy/src/ownership.rs", "is_primary": false, "label": "at the end of the function body", "line_end": 78, "line_start": 78, "suggested_replacement": null, "suggestion_applicability": null, "text": [{"highlight_end": 30, "highlight_start": 9, "text": "        Some((written, true)) if live == written => CopyPlan::Update,"}]}, {"byte_end": 2839, "byte_start": 2624, "column_end": 56, "column_start": 9, "expansion": null, "file_name": "crates/gripsack-policy/src/ownership.rs", "is_primary": true, "label": "failed this postcondition", "line_end": 64, "line_start": 61, "suggested_replacement": null, "suggestion_applicability": null, "text": [{"highlight_end": 44, "highlight_start": 9, "text": "        (result == CopyPlan::Preserve) <==>"}, {"highlight_end": 72, "highlight_start": 1, "text": "            (!take_over && live.is_some() && live.unwrap()@ != desired@"}, {"highlight_end": 52, "highlight_start": 1, "text": "            && !(prev.is_some() && !prev.unwrap().1"}, {"highlight_end": 56, "highlight_start": 1, "text": "                && live.unwrap()@ == prev.unwrap().0@)),"}]}]}
calibration: ownership-drift rejected in ownership::plan_copy
RUNNER_COMMAND=cargo verus verify --manifest-path /tmp/gripsack-verus-ptjtxt2j/gc-roots-in-deletion/crates/gripsack-policy/Cargo.toml -p gripsack-policy --locked --message-format=json -- --output-json --time-expanded
VERUS_RESULT={"encountered-error": true, "encountered-vir-error": false, "errors": 1, "is-verifying-entire-crate": true, "success": false, "verified": 79}
VERUS_DIAGNOSTIC={"$message_type": "diagnostic", "children": [], "code": null, "level": "error", "message": "invariant not satisfied at end of loop body", "rendered": "error: invariant not satisfied at end of loop body\n   --> crates/gripsack-policy/src/retention.rs:167:13\n    |\n167 | /             out@.map(|_i, s: &str| s@) == spec_delete_prefix(\n168 | |                 referenced@.map(|_i, s: &str| s@),\n169 | |                 candidates@.map(|_i, s: &str| s@),\n170 | |                 i as int,\n171 | |             ),\n    | |_____________^\n\n", "spans": [{"byte_end": 6459, "byte_start": 6268, "column_end": 14, "column_start": 13, "expansion": null, "file_name": "crates/gripsack-policy/src/retention.rs", "is_primary": true, "label": null, "line_end": 171, "line_start": 167, "suggested_replacement": null, "suggestion_applicability": null, "text": [{"highlight_end": 62, "highlight_start": 13, "text": "            out@.map(|_i, s: &str| s@) == spec_delete_prefix("}, {"highlight_end": 51, "highlight_start": 1, "text": "                referenced@.map(|_i, s: &str| s@),"}, {"highlight_end": 51, "highlight_start": 1, "text": "                candidates@.map(|_i, s: &str| s@),"}, {"highlight_end": 26, "highlight_start": 1, "text": "                i as int,"}, {"highlight_end": 14, "highlight_start": 1, "text": "            ),"}]}]}
calibration: gc-roots-in-deletion rejected in retention::plan_delete
RUNNER_COMMAND=cargo verus verify --manifest-path /tmp/gripsack-verus-ptjtxt2j/merge-splice/crates/gripsack-policy/Cargo.toml -p gripsack-policy --locked --message-format=json -- --output-json --time-expanded
VERUS_RESULT={"encountered-error": true, "encountered-vir-error": false, "errors": 1, "is-verifying-entire-crate": true, "success": false, "verified": 79}
VERUS_DIAGNOSTIC={"$message_type": "diagnostic", "children": [], "code": null, "level": "error", "message": "postcondition not satisfied", "rendered": "error: postcondition not satisfied\n  --> crates/gripsack-policy/src/merge.rs:58:9\n   |\n58 |         result@ == spec_splice(text@, spans@, replacement@),\n   |         ^^^^^^^^^^^^^^^^^^^^^^^^^^^^^^^^^^^^^^^^^^^^^^^^^^^ failed this postcondition\n...\n82 |     out\n   |     --- at the end of the function body\n\n", "spans": [{"byte_end": 2858, "byte_start": 2855, "column_end": 8, "column_start": 5, "expansion": null, "file_name": "crates/gripsack-policy/src/merge.rs", "is_primary": false, "label": "at the end of the function body", "line_end": 82, "line_start": 82, "suggested_replacement": null, "suggestion_applicability": null, "text": [{"highlight_end": 8, "highlight_start": 5, "text": "    out"}]}, {"byte_end": 2129, "byte_start": 2078, "column_end": 60, "column_start": 9, "expansion": null, "file_name": "crates/gripsack-policy/src/merge.rs", "is_primary": true, "label": "failed this postcondition", "line_end": 58, "line_start": 58, "suggested_replacement": null, "suggestion_applicability": null, "text": [{"highlight_end": 60, "highlight_start": 9, "text": "        result@ == spec_splice(text@, spans@, replacement@),"}]}]}
calibration: merge-splice rejected in merge::splice_bytes
RUNNER_COMMAND=cargo verus verify --manifest-path /tmp/gripsack-verus-ptjtxt2j/merge-scanner-utf8/crates/gripsack-policy/Cargo.toml -p gripsack-policy --locked --message-format=json -- --output-json --time-expanded
VERUS_RESULT={"encountered-error": true, "encountered-vir-error": false, "errors": 1, "is-verifying-entire-crate": true, "success": false, "verified": 79}
VERUS_DIAGNOSTIC={"$message_type": "diagnostic", "children": [], "code": null, "level": "error", "message": "invariant not satisfied at end of loop body", "rendered": "error: invariant not satisfied at end of loop body\n   --> crates/gripsack-policy/src/merge/scanner.rs:184:13\n    |\n184 |             valid_block_spans(text.spec_bytes(), blocks@),\n    |             ^^^^^^^^^^^^^^^^^^^^^^^^^^^^^^^^^^^^^^^^^^^^^\n\n", "spans": [{"byte_end": 6426, "byte_start": 6381, "column_end": 58, "column_start": 13, "expansion": null, "file_name": "crates/gripsack-policy/src/merge/scanner.rs", "is_primary": true, "label": null, "line_end": 184, "line_start": 184, "suggested_replacement": null, "suggestion_applicability": null, "text": [{"highlight_end": 58, "highlight_start": 13, "text": "            valid_block_spans(text.spec_bytes(), blocks@),"}]}]}
calibration: merge-scanner-utf8 rejected in merge::scanner::scan
RUNNER_COMMAND=cargo verus verify --manifest-path /tmp/gripsack-verus-ptjtxt2j/graph-closure/crates/gripsack-policy/Cargo.toml -p gripsack-policy --locked --message-format=json -- --output-json --time-expanded
VERUS_RESULT={"encountered-error": true, "encountered-vir-error": false, "errors": 1, "is-verifying-entire-crate": true, "success": false, "verified": 79}
VERUS_DIAGNOSTIC={"$message_type": "diagnostic", "children": [], "code": null, "level": "error", "message": "invariant not satisfied at end of loop body", "rendered": "error: invariant not satisfied at end of loop body\n   --> crates/gripsack-policy/src/graph.rs:199:17\n    |\n199 | /                 forall|j: usize| result@.contains(j) <==>\n200 | |                     (j as int) < n_nodes && visited@[j as int] && j != root,\n    | |___________________________________________________________________________^\n\n", "spans": [{"byte_end": 9557, "byte_start": 9440, "column_end": 76, "column_start": 17, "expansion": null, "file_name": "crates/gripsack-policy/src/graph.rs", "is_primary": true, "label": null, "line_end": 200, "line_start": 199, "suggested_replacement": null, "suggestion_applicability": null, "text": [{"highlight_end": 58, "highlight_start": 17, "text": "                forall|j: usize| result@.contains(j) <==>"}, {"highlight_end": 76, "highlight_start": 1, "text": "                    (j as int) < n_nodes && visited@[j as int] && j != root,"}]}]}
calibration: graph-closure rejected in graph::build_closure
RUNNER_COMMAND=cargo verus verify --manifest-path /tmp/gripsack-verus-ptjtxt2j/graph-validation/crates/gripsack-policy/Cargo.toml -p gripsack-policy --locked --message-format=json -- --output-json --time-expanded
VERUS_RESULT={"encountered-error": true, "encountered-vir-error": false, "errors": 1, "is-verifying-entire-crate": true, "success": false, "verified": 79}
VERUS_DIAGNOSTIC={"$message_type": "diagnostic", "children": [], "code": null, "level": "error", "message": "assertion failed", "rendered": "error: assertion failed\n  --> crates/gripsack-policy/src/graph/roles.rs:80:20\n   |\n80 |             assert(decision.required_validation == (role == GraphRole::Validation));\n   |                    ^^^^^^^^^^^^^^^^^^^^^^^^^^^^^^^^^^^^^^^^^^^^^^^^^^^^^^^^^^^^^^^ assertion failed\n\n", "spans": [{"byte_end": 3092, "byte_start": 3029, "column_end": 83, "column_start": 20, "expansion": null, "file_name": "crates/gripsack-policy/src/graph/roles.rs", "is_primary": true, "label": "assertion failed", "line_end": 80, "line_start": 80, "suggested_replacement": null, "suggestion_applicability": null, "text": [{"highlight_end": 83, "highlight_start": 20, "text": "            assert(decision.required_validation == (role == GraphRole::Validation));"}]}]}
calibration: graph-validation rejected in graph::roles::project_graph_roles
RUNNER_COMMAND=cargo verus verify --manifest-path /tmp/gripsack-verus-ptjtxt2j/graph-name-index/crates/gripsack-policy/Cargo.toml -p gripsack-policy --locked --message-format=json -- --output-json --time-expanded
VERUS_RESULT={"encountered-error": true, "encountered-vir-error": false, "errors": 1, "is-verifying-entire-crate": true, "success": false, "verified": 79}
VERUS_DIAGNOSTIC={"$message_type": "diagnostic", "children": [], "code": null, "level": "error", "message": "assertion failed", "rendered": "error: assertion failed\n  --> crates/gripsack-policy/src/graph/name_index.rs:70:16\n   |\n70 |         assert(same_name == (names@[position as int]@ == declared@));\n   |                ^^^^^^^^^^^^^^^^^^^^^^^^^^^^^^^^^^^^^^^^^^^^^^^^^^^^ assertion failed\n\n", "spans": [{"byte_end": 2325, "byte_start": 2273, "column_end": 68, "column_start": 16, "expansion": null, "file_name": "crates/gripsack-policy/src/graph/name_index.rs", "is_primary": true, "label": "assertion failed", "line_end": 70, "line_start": 70, "suggested_replacement": null, "suggestion_applicability": null, "text": [{"highlight_end": 68, "highlight_start": 16, "text": "        assert(same_name == (names@[position as int]@ == declared@));"}]}]}
calibration: graph-name-index rejected in graph::name_index::bind_output_index
RUNNER_COMMAND=cargo verus verify --manifest-path /tmp/gripsack-verus-ptjtxt2j/target-abi/crates/gripsack-policy/Cargo.toml -p gripsack-policy --locked --message-format=json -- --output-json --time-expanded
VERUS_RESULT={"encountered-error": true, "encountered-vir-error": false, "errors": 1, "is-verifying-entire-crate": true, "success": false, "verified": 79}
VERUS_DIAGNOSTIC={"$message_type": "diagnostic", "children": [], "code": null, "level": "error", "message": "assertion failed", "rendered": "error: assertion failed\n   --> crates/gripsack-policy/src/target.rs:106:16\n    |\n106 |         assert(abi_matches == (provider.abi == consumer.abi));\n    |                ^^^^^^^^^^^^^^^^^^^^^^^^^^^^^^^^^^^^^^^^^^^^^ assertion failed\n\n", "spans": [{"byte_end": 3644, "byte_start": 3599, "column_end": 61, "column_start": 16, "expansion": null, "file_name": "crates/gripsack-policy/src/target.rs", "is_primary": true, "label": "assertion failed", "line_end": 106, "line_start": 106, "suggested_replacement": null, "suggestion_applicability": null, "text": [{"highlight_end": 61, "highlight_start": 16, "text": "        assert(abi_matches == (provider.abi == consumer.abi));"}]}]}
calibration: target-abi rejected in target::supports_target
RUNNER_COMMAND=cargo verus verify --manifest-path /tmp/gripsack-verus-ptjtxt2j/scheduler-latch/crates/gripsack-policy/Cargo.toml -p gripsack-policy --locked --message-format=json -- --output-json --time-expanded
VERUS_RESULT={"encountered-error": true, "encountered-vir-error": false, "errors": 1, "is-verifying-entire-crate": true, "success": false, "verified": 79}
VERUS_DIAGNOSTIC={"$message_type": "diagnostic", "children": [], "code": null, "level": "error", "message": "postcondition not satisfied", "rendered": "error: postcondition not satisfied\n   --> crates/gripsack-policy/src/schedule.rs:562:13\n    |\n562 |               old(self).failed ==> result.is_none(),\n    |               ^^^^^^^^^^^^^^^^^^^^^^^^^^^^^^^^^^^^^ failed this postcondition\n563 |               old(self).failed ==> final(self).failed,\n564 | /     {\n565 | |         if self.head >= self.ready.len() {\n566 | |             return None;\n...   |\n637 | |         Some(module)\n638 | |     }\n    | |_____- at the end of the function body\n\n", "spans": [{"byte_end": 26982, "byte_start": 23366, "column_end": 6, "column_start": 5, "expansion": null, "file_name": "crates/gripsack-policy/src/schedule.rs", "is_primary": false, "label": "at the end of the function body", "line_end": 638, "line_start": 564, "suggested_replacement": null, "suggestion_applicability": null, "text": [{"highlight_end": 6, "highlight_start": 5, "text": "    {"}, {"highlight_end": 43, "highlight_start": 1, "text": "        if self.head >= self.ready.len() {"}, {"highlight_end": 25, "highlight_start": 1, "text": "            return None;"}, {"highlight_end": 10, "highlight_start": 1, "text": "        }"}, {"highlight_end": 66, "highlight_start": 1, "text": "        // entry snapshots: post-mutation reasoning never touches"}, {"highlight_end": 56, "highlight_start": 1, "text": "        // old(self) \u2014 local ghosts cannot be re-seated"}, {"highlight_end": 47, "highlight_start": 1, "text": "        let ghost pre_started = self.started@;"}, {"highlight_end": 51, "highlight_start": 1, "text": "        let ghost pre_remaining = self.remaining@;"}, {"highlight_end": 45, "highlight_start": 1, "text": "        let ghost pre_queued = self.queued@;"}, {"highlight_end": 43, "highlight_start": 1, "text": "        let ghost pre_ready = self.ready@;"}, {"highlight_end": 47, "highlight_start": 1, "text": "        let ghost pre_head = self.head as int;"}, {"highlight_end": 44, "highlight_start": 1, "text": "        let module = self.ready[self.head];"}, {"highlight_end": 16, "highlight_start": 1, "text": "        proof {"}, {"highlight_end": 70, "highlight_start": 1, "text": "            // queue-readiness: the popped module is fully unblocked,"}, {"highlight_end": 67, "highlight_start": 1, "text": "            // so every dependency finished (the exact-count link)"}, {"highlight_end": 51, "highlight_start": 1, "text": "            assert(!self.started@[module as int]);"}, {"highlight_end": 57, "highlight_start": 1, "text": "            assert(self.remaining@[module as int] == 0);"}, {"highlight_end": 85, "highlight_start": 1, "text": "            lemma_unfinished_count_zero(self.deps@[module as int]@, self.finished@);"}, {"highlight_end": 10, "highlight_start": 1, "text": "        }"}, {"highlight_end": 24, "highlight_start": 1, "text": "        self.head += 1;"}, {"highlight_end": 37, "highlight_start": 1, "text": "        self.started[module] = true;"}, {"highlight_end": 16, "highlight_start": 1, "text": "        proof {"}, {"highlight_end": 71, "highlight_start": 1, "text": "            // the entry readiness clause, restated over the snapshots"}, {"highlight_end": 79, "highlight_start": 1, "text": "            assert(forall|i: int| #![trigger pre_started[i], pre_remaining[i]]"}, {"highlight_end": 61, "highlight_start": 1, "text": "                0 <= i < self.deps@.len() && !pre_started[i]"}, {"highlight_end": 61, "highlight_start": 1, "text": "                    && pre_remaining[i] == 0 && !self.failed"}, {"highlight_end": 54, "highlight_start": 1, "text": "                ==> pre_queued.contains(i as usize));"}, {"highlight_end": 44, "highlight_start": 1, "text": "            // the popped module was queued"}, {"highlight_end": 53, "highlight_start": 1, "text": "            assert(pre_queued.contains(module)) by {"}, {"highlight_end": 99, "highlight_start": 1, "text": "                assert(pre_ready.subrange(pre_head, pre_ready.len() as int).contains(module)) by {"}, {"highlight_end": 59, "highlight_start": 1, "text": "                    assert(pre_ready[pre_head] == module);"}, {"highlight_end": 19, "highlight_start": 1, "text": "                };"}, {"highlight_end": 15, "highlight_start": 1, "text": "            };"}, {"highlight_end": 60, "highlight_start": 1, "text": "            self.queued = Ghost(pre_queued.remove(module));"}, {"highlight_end": 62, "highlight_start": 1, "text": "            // the entry window was [module] plus the new one"}, {"highlight_end": 72, "highlight_start": 1, "text": "            assert(pre_ready.subrange(pre_head, pre_ready.len() as int)"}, {"highlight_end": 101, "highlight_start": 1, "text": "                == seq![module] + self.ready@.subrange(self.head as int, self.ready@.len() as int));"}, {"highlight_end": 34, "highlight_start": 1, "text": "            assert forall|i: int|"}, {"highlight_end": 60, "highlight_start": 1, "text": "                #![trigger pre_queued.contains(i as usize)]"}, {"highlight_end": 46, "highlight_start": 1, "text": "                0 <= i < self.deps@.len() ==>"}, {"highlight_end": 51, "highlight_start": 1, "text": "                (self.queued@.contains(i as usize)"}, {"highlight_end": 84, "highlight_start": 1, "text": "                    <==> (pre_queued.contains(i as usize) && i as usize != module))"}, {"highlight_end": 17, "highlight_start": 1, "text": "            by {"}, {"highlight_end": 15, "highlight_start": 1, "text": "            };"}, {"highlight_end": 93, "highlight_start": 1, "text": "            assert(self.ready@.subrange(self.head as int, self.ready@.len() as int).to_set()"}, {"highlight_end": 35, "highlight_start": 1, "text": "                =~= self.queued@);"}, {"highlight_end": 61, "highlight_start": 1, "text": "            assert forall|k: int| #![trigger self.ready@[k]]"}, {"highlight_end": 59, "highlight_start": 1, "text": "                self.head <= k < self.ready@.len() implies"}, {"highlight_end": 54, "highlight_start": 1, "text": "                !self.started@[self.ready@[k] as int]"}, {"highlight_end": 63, "highlight_start": 1, "text": "                && self.remaining@[self.ready@[k] as int] == 0"}, {"highlight_end": 17, "highlight_start": 1, "text": "            by {"}, {"highlight_end": 61, "highlight_start": 1, "text": "                assert(pre_queued.contains(self.ready@[k]));"}, {"highlight_end": 50, "highlight_start": 1, "text": "                assert(self.ready@[k] != module);"}, {"highlight_end": 15, "highlight_start": 1, "text": "            };"}, {"highlight_end": 83, "highlight_start": 1, "text": "            assert forall|i: int| #![trigger self.started@[i], self.remaining@[i]]"}, {"highlight_end": 63, "highlight_start": 1, "text": "                0 <= i < self.deps@.len() && !self.started@[i]"}, {"highlight_end": 63, "highlight_start": 1, "text": "                    && self.remaining@[i] == 0 && !self.failed"}, {"highlight_end": 58, "highlight_start": 1, "text": "                implies self.queued@.contains(i as usize)"}, {"highlight_end": 17, "highlight_start": 1, "text": "            by {"}, {"highlight_end": 41, "highlight_start": 1, "text": "                assert(!pre_started[i]);"}, {"highlight_end": 47, "highlight_start": 1, "text": "                assert(pre_remaining[i] == 0);"}, {"highlight_end": 57, "highlight_start": 1, "text": "                assert(pre_queued.contains(i as usize));"}, {"highlight_end": 67, "highlight_start": 1, "text": "                assert(self.deps@.len() <= usize::MAX as int) by {"}, {"highlight_end": 103, "highlight_start": 1, "text": "                    assert(self.deps@.len() == vstd::std_specs::vec::spec_vec_len(&self.deps) as int);"}, {"highlight_end": 19, "highlight_start": 1, "text": "                };"}, {"highlight_end": 48, "highlight_start": 1, "text": "                lemma_cast_collapse(i, module);"}, {"highlight_end": 42, "highlight_start": 1, "text": "                if i as usize == module {"}, {"highlight_end": 71, "highlight_start": 1, "text": "                    assert(self.started@[module as int]); // the write"}, {"highlight_end": 70, "highlight_start": 1, "text": "                    assert(false); // i == module, but module started"}, {"highlight_end": 18, "highlight_start": 1, "text": "                }"}, {"highlight_end": 59, "highlight_start": 1, "text": "                assert(self.queued@.contains(i as usize));"}, {"highlight_end": 15, "highlight_start": 1, "text": "            };"}, {"highlight_end": 10, "highlight_start": 1, "text": "        }"}, {"highlight_end": 21, "highlight_start": 1, "text": "        Some(module)"}, {"highlight_end": 6, "highlight_start": 1, "text": "    }"}]}, {"byte_end": 23307, "byte_start": 23270, "column_end": 50, "column_start": 13, "expansion": null, "file_name": "crates/gripsack-policy/src/schedule.rs", "is_primary": true, "label": "failed this postcondition", "line_end": 562, "line_start": 562, "suggested_replacement": null, "suggestion_applicability": null, "text": [{"highlight_end": 50, "highlight_start": 13, "text": "            old(self).failed ==> result.is_none(),"}]}]}
calibration: scheduler-latch rejected in schedule::PureScheduler::start_next
RUNNER_COMMAND=cargo verus verify --manifest-path /tmp/gripsack-verus-ptjtxt2j/unrelated-lemma/crates/gripsack-policy/Cargo.toml -p gripsack-policy --locked --message-format=json -- --output-json --time-expanded
VERUS_RESULT={"encountered-error": true, "encountered-vir-error": false, "errors": 1, "is-verifying-entire-crate": true, "success": false, "verified": 80}
VERUS_DIAGNOSTIC={"$message_type": "diagnostic", "children": [], "code": null, "level": "error", "message": "postcondition not satisfied", "rendered": "error: postcondition not satisfied\n  --> crates/gripsack-policy/src/lib.rs:94:54\n   |\n94 | pub proof fn unrelated_calibration_failure() ensures false {}\n   | --------------------------------------------         ^^^^^ failed this postcondition\n   | |\n   | at the end of the function body\n\n", "spans": [{"byte_end": 4153, "byte_start": 4109, "column_end": 45, "column_start": 1, "expansion": null, "file_name": "crates/gripsack-policy/src/lib.rs", "is_primary": false, "label": "at the end of the function body", "line_end": 94, "line_start": 94, "suggested_replacement": null, "suggestion_applicability": null, "text": [{"highlight_end": 45, "highlight_start": 1, "text": "pub proof fn unrelated_calibration_failure() ensures false {}"}]}, {"byte_end": 4167, "byte_start": 4162, "column_end": 59, "column_start": 54, "expansion": null, "file_name": "crates/gripsack-policy/src/lib.rs", "is_primary": true, "label": "failed this postcondition", "line_end": 94, "line_start": 94, "suggested_replacement": null, "suggestion_applicability": null, "text": [{"highlight_end": 59, "highlight_start": 54, "text": "pub proof fn unrelated_calibration_failure() ensures false {}"}]}]}
calibration: unrelated lemma refused as classifier evidence
VERUS_CALIBRATIONS=11
verify gate: OK

RUNNER_EXIT=0
RUNNER_GROUP=proof required_markers_complete=true

SOURCE_CLEAN_AFTER=true
