MODEL_EVIDENCE={
  "date": "2026-09-27",
  "base_commit": "24c1f6c84f859bb759237b5f66a98bbd69058c37",
  "candidate_commit": null,
  "claim_type": "model_checked",
  "scope": "R3 activation correspondence; not generalized M-V6 induction",
  "sources": {
    "specs/Activation.tla": "fb5560d01c811b2da01bfd46c1bbacf9461fed1208e1e510c8c486c12868eb77",
    "specs/RepeatedActivation.tla": "8d14113d1f2a5d555411970f38e980c615cbe3bb2ecf764c95594385f087442e",
    "specs/cfg/activation.cfg": "236a6844d6c220ae9e3e095bc8aa179699aed6be96556af5d465e738a5def081",
    "specs/cfg/activation-unsealed-start.cfg": "403499a4fc079bcb78b09995476fc7fa8b2c16bb9f833a57ac2c0508c48c7a2c",
    "specs/cfg/activation-early-success.cfg": "49255e46fe639ae623928e84d801f5d00857b72944aa5e16411682af2d3b3c6d",
    "specs/cfg/activation-retry-failure.cfg": "8094b3171a49e4e4a7b50035d11c010955d55cead1902325206b4f08a8e9be7f",
    "specs/cfg/activation-generation-commit.cfg": "11ffdd1946fa9a22dd6210a6060663bae7a4601fc810cc2bf7aa50069f884fc6",
    "specs/cfg/activation-early-clear.cfg": "e35d895d9ba1406df0af75323c81a9846fdfd8d1cb526c33e3189456dac0a76d",
    "specs/cfg/activation-generation-token.cfg": "fbcd24f0118f9d6e7b4335f4968efc2fb65b7d107dc07bb263b2f5b9eac31e7a",
    "specs/cfg/repeated-activation.cfg": "af5f5e3cdaad8f921640823672ec4a75b5c7100f2999d21cb597c0e3531db574",
    "specs/cfg/repeated-activation-repeated-generation.cfg": "a1ff05b7bc5f66afa15901ee986d2db6fe7a0f4ca16f255fa952c9525baa1de1",
    "specs/cfg/repeated-activation-lost-pending.cfg": "53884f5ddd40a02c8d5d1e896ad6e275d00e551f3f03d803cb553540db0bfb52",
    "scripts/check_models.sh": "0112ee8d2744fcdc8c0e28bf053fe547e05148ecf470f95a0daf456e215ec427"
  },
  "safety_bounds": {
    "transactions": 2,
    "generations": 2,
    "intents": 2,
    "attempts": 2,
    "crash_counter": "none"
  },
  "conditional_completion": {
    "transactions": 3,
    "intents": 1,
    "attempts": 3,
    "crashes": 2,
    "assumption": "weak fairness"
  },
  "mutants": [
    "PermitAfterDurableStart",
    "OutcomeAfterReturn",
    "TerminalNoReplay",
    "EffectsBindFullSelection",
    "ArchiveBeforeClear",
    "DistinctIntentIdentity",
    "NoSilentSkip"
  ],
  "result": "pass",
  "limits": [
    "Admitted plan/record boundaries, abstract native invocation/return, hash collision resistance and OS persistence assumptions remain explicit.",
    "Parser/underspecified-state errors are not mutant evidence.",
    "An initial TLA assignment disjunction needed parentheses; the corrected complete model gate passed."
  ]
}

COMPLETE CORRECTED MODEL GATE
 Image gripsack-model Building 
#1 [internal] load local bake definitions
#1 reading from stdin 535B done
#1 DONE 0.0s

#2 [internal] load build definition from Dockerfile
#2 transferring dockerfile:
#2 transferring dockerfile: 11.08kB done
#2 DONE 0.0s

#3 resolve image config for docker-image://docker.io/docker/dockerfile:1
#3 DONE 0.7s

#4 docker-image://docker.io/docker/dockerfile:1@sha256:ecfaec9ed6d810b56388c508f4121597bfbba70d41a6dfeee4d8cad5f295fc32
#4 resolve docker.io/docker/dockerfile:1@sha256:ecfaec9ed6d810b56388c508f4121597bfbba70d41a6dfeee4d8cad5f295fc32 0.0s done
#4 CACHED

#5 [internal] load metadata for docker.io/library/eclipse-temurin:21-jre@sha256:7a65df4b22d2de92d4e04056e884f3b9122d70b21e2847fd66084278bd0ce037
#5 DONE 0.6s

#6 [internal] load .dockerignore
#6 transferring context: 139B done
#6 DONE 0.0s

#7 [model 2/6] ADD --checksum=sha256:936a262061c914694dfd669a543be24573c45d5aa0ff20a8b96b23d01e050e88 https://github.com/tlaplus/tlaplus/releases/download/v1.7.4/tla2tools.jar /tla/tla2tools.jar
#7 DONE 0.0s

#8 [model 1/6] FROM docker.io/library/eclipse-temurin:21-jre@sha256:7a65df4b22d2de92d4e04056e884f3b9122d70b21e2847fd66084278bd0ce037
#8 resolve docker.io/library/eclipse-temurin:21-jre@sha256:7a65df4b22d2de92d4e04056e884f3b9122d70b21e2847fd66084278bd0ce037 0.0s done
#8 DONE 0.0s

#9 [internal] load build context
#9 transferring context: 122.81kB 0.1s done
#9 DONE 0.1s

#10 [model 2/6] ADD --checksum=sha256:936a262061c914694dfd669a543be24573c45d5aa0ff20a8b96b23d01e050e88 https://github.com/tlaplus/tlaplus/releases/download/v1.7.4/tla2tools.jar /tla/tla2tools.jar
#10 CACHED

#11 [model 3/6] WORKDIR /work
#11 CACHED

#12 [model 4/6] COPY specs ./specs
#12 DONE 0.1s

#13 [model 5/6] COPY scripts/check_models.sh ./scripts/check_models.sh
#13 DONE 0.1s

#14 [model 6/6] RUN sh scripts/check_models.sh /tla/tla2tools.jar
#14 1.073 cfg/ownership.cfg: clean
#14 1.865 cfg/apply-deploy.cfg: clean
#14 2.763 cfg/repeated-apply-deploy.cfg: clean
#14 3.542 cfg/apply-prune.cfg: clean
#14 4.432 cfg/repeated-apply-prune.cfg: clean
#14 5.246 cfg/rollback-deploy.cfg: clean
#14 6.137 cfg/repeated-rollback-deploy.cfg: clean
#14 7.190 cfg/rollback-prune.cfg: clean
#14 8.550 cfg/repeated-rollback-prune.cfg: clean
#14 49.30 cfg/activation.cfg: clean
#14 50.27 cfg/activation-unsealed-start.cfg: PermitAfterDurableStart
#14 51.11 cfg/activation-early-success.cfg: OutcomeAfterReturn
#14 51.94 cfg/activation-retry-failure.cfg: TerminalNoReplay
#14 52.95 cfg/activation-generation-commit.cfg: EffectsBindFullSelection
#14 53.81 cfg/activation-early-clear.cfg: ArchiveBeforeClear
#14 54.64 cfg/activation-generation-token.cfg: DistinctIntentIdentity
#14 76.32 cfg/repeated-activation.cfg: clean
#14 80.43 cfg/repeated-activation-repeated-generation.cfg: clean
#14 81.25 cfg/repeated-transaction-premature-cleanup.cfg: RestoreBeforeCleanup
#14 82.13 cfg/repeated-activation-lost-pending.cfg: NoSilentSkip
#14 82.92 cfg/destination-writes.cfg: clean
#14 83.70 cfg/destination-writes-lost-prior.cfg: OriginalPriorPreserved
#14 84.47 cfg/destination-writes-lost-before.cfg: NoPartialRecovery
#14 85.24 cfg/destination-writes-witness.cfg: NeverTwoWrites
#14 86.69 ProcessSupervision.cfg: clean
#14 87.82 ProcessSupervision.ignore-deadline.cfg: temporal:Terminates
#14 89.03 ProcessSupervision.inherited-pipe.cfg: temporal:Terminates
#14 89.86 ProcessSupervision.reap-first.cfg: PidAuthority
#14 90.67 ProcessSupervision.cleanup-failure-witness.cfg: NeverCleanupFailure
#14 91.45 ProcessSupervision.inherited-witness.cfg: NeverInherited
#14 92.24 ProcessSupervision.linger-witness.cfg: NeverLinger
#14 93.24 UpdatePublication.cfg: clean
#14 94.11 UpdatePublication.stale-recheck.cfg: NoDowngrade
#14 94.90 UpdatePublication.premature-rename.cfg: AtomicReady
#14 95.71 UpdatePublication.rollback.cfg: NoDowngrade
#14 96.50 UpdatePublication.post-failure-witness.cfg: NeverPostFailure
#14 97.18 UpdatePublication.concurrent-witness.cfg: NeverIndependentLocks
#14 97.95 UpdatePublication.recheck-witness.cfg: NeverRecheckSkip
#14 98.70 cfg/filemode-copy-m0644.cfg: clean
#14 99.44 cfg/filemode-copy-m0755.cfg: clean
#14 100.2 cfg/filemode-copy-m0600.cfg: clean
#14 100.9 cfg/filemode-template-m0644.cfg: clean
#14 101.6 cfg/filemode-template-m0755.cfg: clean
#14 102.4 cfg/filemode-template-m0600.cfg: clean
#14 103.2 cfg/filemode-merge-m0644.cfg: clean
#14 104.0 cfg/filemode-merge-m0755.cfg: clean
#14 104.8 cfg/filemode-merge-m0600.cfg: clean
#14 105.5 cfg/filemode-link-m0644.cfg: clean
#14 106.3 cfg/filemode-link-m0755.cfg: clean
#14 107.0 cfg/filemode-link-m0600.cfg: clean
#14 107.7 cfg/filemode-mutant-template-fixed0644.cfg: ExecSurvivesDeploy
#14 108.5 cfg/filemode-mutant-bytes-only.cfg: ChmodIsDrift
#14 109.3 cfg/filemode-mutant-prune.cfg: PruneRespectsDrift
#14 110.0 cfg/filemode-mutant-rollback.cfg: RollbackIsExact
#14 110.8 cfg/update-survey.cfg: clean
#14 111.5 cfg/update-survey-empty.cfg: clean
#14 112.3 cfg/update-survey-stop-first.cfg: CompleteSurvey
#14 113.0 cfg/update-survey-exit-conflation.cfg: HonestExit
#14 113.7 cfg/update-survey-publication.cfg: NoPublication
#14 114.5 cfg/http-retry.cfg: clean
#14 115.3 cfg/http-retry-terminal-replay.cfg: NoTerminalReplay
#14 116.0 cfg/http-retry-deadline-reset.cfg: FixedDeadline
#14 116.8 cfg/http-retry-attempt-overflow.cfg: BoundedAttempts
#14 117.6 cfg/credential-routing.cfg: clean
#14 118.4 cfg/credential-routing-base-authority.cfg: TokensStayBound
#14 119.2 cfg/credential-routing-redirect-forwarding.cfg: NoRedirectDisclosure
#14 119.9 cfg/credential-routing-repo-audience.cfg: TokensStayBound
#14 120.8 cfg/merge-boundary.cfg: clean
#14 121.6 cfg/merge-boundary-unclosed-marker.cfg: ForeignTextPreserved
#14 122.4 cfg/merge-boundary-first-mode.cfg: AllModeEvidenceRequired
#14 123.2 cfg/merge-boundary-first-prune.cfg: PruneNeedsWholeEvidence
#14 123.9 cfg/worker-lease.cfg: clean
#14 124.7 cfg/worker-lease-early-stop.cfg: NoStopWithLiveLease
#14 125.4 cfg/worker-lease-crash-wipes.cfg: NoSilentLeaseVanish
#14 DONE 125.4s

#15 exporting to image
#15 exporting layers
#15 exporting layers 0.2s done
#15 exporting manifest sha256:013296d2d02f4c7799b2c255c26ab58637078505f24101982e8876cb1016e321 0.0s done
#15 exporting config sha256:4302c3fba52b6fc9950da23d7b5f59b19ae38f3502eced6b99c545f891af92e3 0.0s done
#15 exporting attestation manifest sha256:e1553cb7c00b3a78731f0d76afb8db36e72faa67d153693c3f48c12245c338e6 0.0s done
#15 exporting manifest list sha256:d9d8ba56e7653038f7d75651e860bcab5534c0495b705c69a6c4bc70ad860baa 0.0s done
#15 naming to docker.io/library/gripsack-model:latest done
#15 unpacking to docker.io/library/gripsack-model:latest 0.1s done
#15 DONE 0.4s

#16 resolving provenance for metadata file
#16 DONE 0.1s
 Image gripsack-model Built 
 Container gripsack-model-run-c0b7240c7ea8 Creating 
 Container gripsack-model-run-c0b7240c7ea8 Created 
gate passed: model checks via scripts/check_models.sh (TLC, positive + calibrated negative configs)


INITIAL CALIBRATION REJECTION (NOT A SEMANTIC MUTANT PASS)
 Image gripsack-model Building 
#1 [internal] load local bake definitions
#1 reading from stdin 535B done
#1 DONE 0.0s

#2 [internal] load build definition from Dockerfile
#2 transferring dockerfile: 11.08kB done
#2 DONE 0.0s

#3 resolve image config for docker-image://docker.io/docker/dockerfile:1
#3 DONE 0.8s

#4 docker-image://docker.io/docker/dockerfile:1@sha256:ecfaec9ed6d810b56388c508f4121597bfbba70d41a6dfeee4d8cad5f295fc32
#4 resolve docker.io/docker/dockerfile:1@sha256:ecfaec9ed6d810b56388c508f4121597bfbba70d41a6dfeee4d8cad5f295fc32 0.0s done
#4 CACHED

#5 [internal] load metadata for docker.io/library/eclipse-temurin:21-jre@sha256:7a65df4b22d2de92d4e04056e884f3b9122d70b21e2847fd66084278bd0ce037
#5 DONE 0.7s

#6 [internal] load .dockerignore
#6 transferring context: 139B done
#6 DONE 0.0s

#7 [model 2/6] ADD --checksum=sha256:936a262061c914694dfd669a543be24573c45d5aa0ff20a8b96b23d01e050e88 https://github.com/tlaplus/tlaplus/releases/download/v1.7.4/tla2tools.jar /tla/tla2tools.jar
#7 DONE 0.0s

#8 [model 1/6] FROM docker.io/library/eclipse-temurin:21-jre@sha256:7a65df4b22d2de92d4e04056e884f3b9122d70b21e2847fd66084278bd0ce037
#8 resolve docker.io/library/eclipse-temurin:21-jre@sha256:7a65df4b22d2de92d4e04056e884f3b9122d70b21e2847fd66084278bd0ce037 0.0s done
#8 DONE 0.0s

#9 [internal] load build context
#9 transferring context: 129.90kB 0.1s done
#9 DONE 0.1s

#10 [model 2/6] ADD --checksum=sha256:936a262061c914694dfd669a543be24573c45d5aa0ff20a8b96b23d01e050e88 https://github.com/tlaplus/tlaplus/releases/download/v1.7.4/tla2tools.jar /tla/tla2tools.jar
#10 CACHED

#11 [model 3/6] WORKDIR /work
#11 CACHED

#12 [model 4/6] COPY specs ./specs
#12 DONE 0.1s

#13 [model 5/6] COPY scripts/check_models.sh ./scripts/check_models.sh
#13 DONE 0.1s

#14 [model 6/6] RUN sh scripts/check_models.sh /tla/tla2tools.jar
#14 1.326 cfg/ownership.cfg: clean
#14 2.100 cfg/apply-deploy.cfg: clean
#14 2.962 cfg/repeated-apply-deploy.cfg: clean
#14 3.715 cfg/apply-prune.cfg: clean
#14 4.590 cfg/repeated-apply-prune.cfg: clean
#14 5.344 cfg/rollback-deploy.cfg: clean
#14 6.373 cfg/repeated-rollback-deploy.cfg: clean
#14 7.416 cfg/rollback-prune.cfg: clean
#14 8.640 cfg/repeated-rollback-prune.cfg: clean
#14 50.66 cfg/activation.cfg: clean
#14 51.51 cfg/activation-unsealed-start.cfg: PermitAfterDurableStart
#14 52.35 cfg/activation-early-success.cfg: OutcomeAfterReturn
#14 53.21 TLC2 Version 2.19 of 08 August 2024 (rev: 5a47802)
#14 53.21 Warning: Please run the Java VM which executes TLC with a throughput optimized garbage collector by passing the "-XX:+UseParallelGC" property.
#14 53.21 (Use the -nowarning option to disable this warning.)
#14 53.21 Running breadth-first search Model-Checking with fp 40 and seed 3190966103560214551 with 1 worker on 32 cores with 1024MB heap and 64MB offheap memory [pid: 560] (Linux 6.18.33.2-microsoft-standard-WSL2 amd64, Eclipse Adoptium 21.0.12 x86_64, MSBDiskFPSet, DiskStateQueue).
#14 53.21 Parsing file /tmp/tmp.OOm609S6xj/specs/Activation.tla
#14 53.21 Parsing file /tmp/Integers.tla
#14 53.21 Parsing file /tmp/FiniteSets.tla
#14 53.21 Parsing file /tmp/Naturals.tla
#14 53.21 Parsing file /tmp/Sequences.tla
#14 53.21 Semantic processing of module Naturals
#14 53.21 Semantic processing of module Integers
#14 53.21 Semantic processing of module Sequences
#14 53.21 Semantic processing of module FiniteSets
#14 53.21 Semantic processing of module Activation
#14 53.21 Starting... (2026-09-27 21:12:46)
#14 53.21 Computing initial states...
#14 53.21 Finished computing initial states: 1 distinct state generated at 2026-09-27 21:12:46.
#14 53.21 Error: Successor state is not completely specified by action Start of the next-state relation. The following variable is not assigned: replayedTerminal.
#14 53.21 
#14 53.21 Error: The behavior up to this point is:
#14 53.21 State 1: <Initial predicate>
#14 53.21 /\ phase = "idle"
#14 53.21 /\ active = NONE
#14 53.21 /\ permit = NONE
#14 53.21 /\ pendingC = NONE
#14 53.21 /\ pendingD = NONE
#14 53.21 /\ terminalEver = {}
#14 53.21 /\ currentC = NONE
#14 53.21 /\ currentD = NONE
#14 53.21 /\ cleared = {}
#14 53.21 /\ stateC = ( tx1 :>
#14 53.21       << [kind |-> "pending", attempt |-> 0],
#14 53.21          [kind |-> "pending", attempt |-> 0] >> @@
#14 53.21   tx2 :>
#14 53.21       << [kind |-> "pending", attempt |-> 0],
#14 53.21          [kind |-> "pending", attempt |-> 0] >> )
#14 53.21 /\ stateD = ( tx1 :>
#14 53.21       << [kind |-> "pending", attempt |-> 0],
#14 53.21          [kind |-> "pending", attempt |-> 0] >> @@
#14 53.21   tx2 :>
#14 53.21       << [kind |-> "pending", attempt |-> 0],
#14 53.21          [kind |-> "pending", attempt |-> 0] >> )
#14 53.21 /\ replayedTerminal = FALSE
#14 53.21 /\ cursor = 1
#14 53.21 /\ invokedUnder = ( <<tx1, 1, 1>> :> NONE @@
#14 53.21   <<tx1, 1, 2>> :> NONE @@
#14 53.21   <<tx1, 2, 1>> :> NONE @@
#14 53.21   <<tx1, 2, 2>> :> NONE @@
#14 53.21   <<tx2, 1, 1>> :> NONE @@
#14 53.21   <<tx2, 1, 2>> :> NONE @@
#14 53.21   <<tx2, 2, 1>> :> NONE @@
#14 53.21   <<tx2, 2, 2>> :> NONE )
#14 53.21 /\ plans = (tx1 :> NONE @@ tx2 :> NONE)
#14 53.21 /\ returned = {}
#14 53.21 /\ result = NONE
#14 53.21 /\ archiveC = {}
#14 53.21 /\ archiveD = {}
#14 53.21 
#14 53.21 State 2: <Prepare line 89, col 5 to line 92, col 69 of module Activation>
#14 53.21 /\ phase = "prepared"
#14 53.21 /\ active = tx1
#14 53.21 /\ permit = NONE
#14 53.21 /\ pendingC = NONE
#14 53.21 /\ pendingD = NONE
#14 53.21 /\ terminalEver = {}
#14 53.21 /\ currentC = NONE
#14 53.21 /\ currentD = NONE
#14 53.21 /\ cleared = {}
#14 53.21 /\ stateC = ( tx1 :>
#14 53.21       << [kind |-> "pending", attempt |-> 0],
#14 53.21          [kind |-> "pending", attempt |-> 0] >> @@
#14 53.21   tx2 :>
#14 53.21       << [kind |-> "pending", attempt |-> 0],
#14 53.21          [kind |-> "pending", attempt |-> 0] >> )
#14 53.21 /\ stateD = ( tx1 :>
#14 53.21       << [kind |-> "pending", attempt |-> 0],
#14 53.21          [kind |-> "pending", attempt |-> 0] >> @@
#14 53.21   tx2 :>
#14 53.21       << [kind |-> "pending", attempt |-> 0],
#14 53.21          [kind |-> "pending", attempt |-> 0] >> )
#14 53.21 /\ replayedTerminal = FALSE
#14 53.21 /\ cursor = 1
#14 53.21 /\ invokedUnder = ( <<tx1, 1, 1>> :> NONE @@
#14 53.21   <<tx1, 1, 2>> :> NONE @@
#14 53.21   <<tx1, 2, 1>> :> NONE @@
#14 53.21   <<tx1, 2, 2>> :> NONE @@
#14 53.21   <<tx2, 1, 1>> :> NONE @@
#14 53.21   <<tx2, 1, 2>> :> NONE @@
#14 53.21   <<tx2, 2, 1>> :> NONE @@
#14 53.21   <<tx2, 2, 2>> :> NONE )
#14 53.21 /\ plans = (tx1 :> 1 @@ tx2 :> NONE)
#14 53.21 /\ returned = {}
#14 53.21 /\ result = NONE
#14 53.21 /\ archiveC = {}
#14 53.21 /\ archiveD = {}
#14 53.21 
#14 53.21 State 3: <WritePointer line 95, col 5 to line 98, col 61 of module Activation>
#14 53.21 /\ phase = "pointer-dirty"
#14 53.21 /\ active = tx1
#14 53.21 /\ permit = NONE
#14 53.21 /\ pendingC = tx1
#14 53.21 /\ pendingD = NONE
#14 53.21 /\ terminalEver = {}
#14 53.21 /\ currentC = NONE
#14 53.21 /\ currentD = NONE
#14 53.21 /\ cleared = {}
#14 53.21 /\ stateC = ( tx1 :>
#14 53.21       << [kind |-> "pending", attempt |-> 0],
#14 53.21          [kind |-> "pending", attempt |-> 0] >> @@
#14 53.21   tx2 :>
#14 53.21       << [kind |-> "pending", attempt |-> 0],
#14 53.21          [kind |-> "pending", attempt |-> 0] >> )
#14 53.21 /\ stateD = ( tx1 :>
#14 53.21       << [kind |-> "pending", attempt |-> 0],
#14 53.21          [kind |-> "pending", attempt |-> 0] >> @@
#14 53.21   tx2 :>
#14 53.21       << [kind |-> "pending", attempt |-> 0],
#14 53.21          [kind |-> "pending", attempt |-> 0] >> )
#14 53.21 /\ replayedTerminal = FALSE
#14 53.21 /\ cursor = 1
#14 53.21 /\ invokedUnder = ( <<tx1, 1, 1>> :> NONE @@
#14 53.21   <<tx1, 1, 2>> :> NONE @@
#14 53.21   <<tx1, 2, 1>> :> NONE @@
#14 53.21   <<tx1, 2, 2>> :> NONE @@
#14 53.21   <<tx2, 1, 1>> :> NONE @@
#14 53.21   <<tx2, 1, 2>> :> NONE @@
#14 53.21   <<tx2, 2, 1>> :> NONE @@
#14 53.21   <<tx2, 2, 2>> :> NONE )
#14 53.21 /\ plans = (tx1 :> 1 @@ tx2 :> NONE)
#14 53.21 /\ returned = {}
#14 53.21 /\ result = NONE
#14 53.21 /\ archiveC = {}
#14 53.21 /\ archiveD = {}
#14 53.21 
#14 53.21 State 4: <SyncPointer line 101, col 5 to line 104, col 61 of module Activation>
#14 53.21 /\ phase = "pre-flip"
#14 53.21 /\ active = tx1
#14 53.21 /\ permit = NONE
#14 53.21 /\ pendingC = tx1
#14 53.21 /\ pendingD = tx1
#14 53.21 /\ terminalEver = {}
#14 53.21 /\ currentC = NONE
#14 53.21 /\ currentD = NONE
#14 53.21 /\ cleared = {}
#14 53.21 /\ stateC = ( tx1 :>
#14 53.21       << [kind |-> "pending", attempt |-> 0],
#14 53.21          [kind |-> "pending", attempt |-> 0] >> @@
#14 53.21   tx2 :>
#14 53.21       << [kind |-> "pending", attempt |-> 0],
#14 53.21          [kind |-> "pending", attempt |-> 0] >> )
#14 53.21 /\ stateD = ( tx1 :>
#14 53.21       << [kind |-> "pending", attempt |-> 0],
#14 53.21          [kind |-> "pending", attempt |-> 0] >> @@
#14 53.21   tx2 :>
#14 53.21       << [kind |-> "pending", attempt |-> 0],
#14 53.21          [kind |-> "pending", attempt |-> 0] >> )
#14 53.21 /\ replayedTerminal = FALSE
#14 53.21 /\ cursor = 1
#14 53.21 /\ invokedUnder = ( <<tx1, 1, 1>> :> NONE @@
#14 53.21   <<tx1, 1, 2>> :> NONE @@
#14 53.21   <<tx1, 2, 1>> :> NONE @@
#14 53.21   <<tx1, 2, 2>> :> NONE @@
#14 53.21   <<tx2, 1, 1>> :> NONE @@
#14 53.21   <<tx2, 1, 2>> :> NONE @@
#14 53.21   <<tx2, 2, 1>> :> NONE @@
#14 53.21   <<tx2, 2, 2>> :> NONE )
#14 53.21 /\ plans = (tx1 :> 1 @@ tx2 :> NONE)
#14 53.21 /\ returned = {}
#14 53.21 /\ result = NONE
#14 53.21 /\ archiveC = {}
#14 53.21 /\ archiveD = {}
#14 53.21 
#14 53.21 State 5: <Flip line 107, col 5 to line 110, col 61 of module Activation>
#14 53.21 /\ phase = "flip-dirty"
#14 53.21 /\ active = tx1
#14 53.21 /\ permit = NONE
#14 53.21 /\ pendingC = tx1
#14 53.21 /\ pendingD = tx1
#14 53.21 /\ terminalEver = {}
#14 53.21 /\ currentC = tx1
#14 53.21 /\ currentD = NONE
#14 53.21 /\ cleared = {}
#14 53.21 /\ stateC = ( tx1 :>
#14 53.21       << [kind |-> "pending", attempt |-> 0],
#14 53.21          [kind |-> "pending", attempt |-> 0] >> @@
#14 53.21   tx2 :>
#14 53.21       << [kind |-> "pending", attempt |-> 0],
#14 53.21          [kind |-> "pending", attempt |-> 0] >> )
#14 53.21 /\ stateD = ( tx1 :>
#14 53.21       << [kind |-> "pending", attempt |-> 0],
#14 53.21          [kind |-> "pending", attempt |-> 0] >> @@
#14 53.21   tx2 :>
#14 53.21       << [kind |-> "pending", attempt |-> 0],
#14 53.21          [kind |-> "pending", attempt |-> 0] >> )
#14 53.21 /\ replayedTerminal = FALSE
#14 53.21 /\ cursor = 1
#14 53.21 /\ invokedUnder = ( <<tx1, 1, 1>> :> NONE @@
#14 53.21   <<tx1, 1, 2>> :> NONE @@
#14 53.21   <<tx1, 2, 1>> :> NONE @@
#14 53.21   <<tx1, 2, 2>> :> NONE @@
#14 53.21   <<tx2, 1, 1>> :> NONE @@
#14 53.21   <<tx2, 1, 2>> :> NONE @@
#14 53.21   <<tx2, 2, 1>> :> NONE @@
#14 53.21   <<tx2, 2, 2>> :> NONE )
#14 53.21 /\ plans = (tx1 :> 1 @@ tx2 :> NONE)
#14 53.21 /\ returned = {}
#14 53.21 /\ result = NONE
#14 53.21 /\ archiveC = {}
#14 53.21 /\ archiveD = {}
#14 53.21 
#14 53.21 State 6: <SyncFlip line 113, col 5 to line 116, col 61 of module Activation>
#14 53.21 /\ phase = "ready"
#14 53.21 /\ active = tx1
#14 53.21 /\ permit = NONE
#14 53.21 /\ pendingC = tx1
#14 53.21 /\ pendingD = tx1
#14 53.21 /\ terminalEver = {}
#14 53.21 /\ currentC = tx1
#14 53.21 /\ currentD = tx1
#14 53.21 /\ cleared = {}
#14 53.21 /\ stateC = ( tx1 :>
#14 53.21       << [kind |-> "pending", attempt |-> 0],
#14 53.21          [kind |-> "pending", attempt |-> 0] >> @@
#14 53.21   tx2 :>
#14 53.21       << [kind |-> "pending", attempt |-> 0],
#14 53.21          [kind |-> "pending", attempt |-> 0] >> )
#14 53.21 /\ stateD = ( tx1 :>
#14 53.21       << [kind |-> "pending", attempt |-> 0],
#14 53.21          [kind |-> "pending", attempt |-> 0] >> @@
#14 53.21   tx2 :>
#14 53.21       << [kind |-> "pending", attempt |-> 0],
#14 53.21          [kind |-> "pending", attempt |-> 0] >> )
#14 53.21 /\ replayedTerminal = FALSE
#14 53.21 /\ cursor = 1
#14 53.21 /\ invokedUnder = ( <<tx1, 1, 1>> :> NONE @@
#14 53.21   <<tx1, 1, 2>> :> NONE @@
#14 53.21   <<tx1, 2, 1>> :> NONE @@
#14 53.21   <<tx1, 2, 2>> :> NONE @@
#14 53.21   <<tx2, 1, 1>> :> NONE @@
#14 53.21   <<tx2, 1, 2>> :> NONE @@
#14 53.21   <<tx2, 2, 1>> :> NONE @@
#14 53.21   <<tx2, 2, 2>> :> NONE )
#14 53.21 /\ plans = (tx1 :> 1 @@ tx2 :> NONE)
#14 53.21 /\ returned = {}
#14 53.21 /\ result = NONE
#14 53.21 /\ archiveC = {}
#14 53.21 /\ archiveD = {}
#14 53.21 
#14 53.21 State 7: <Start line 157, col 5 to line 164, col 67 of module Activation>
#14 53.21 /\ phase = "start-dirty"
#14 53.21 /\ active = tx1
#14 53.21 /\ permit = NONE
#14 53.21 /\ pendingC = tx1
#14 53.21 /\ pendingD = tx1
#14 53.21 /\ terminalEver = {}
#14 53.21 /\ currentC = tx1
#14 53.21 /\ currentD = tx1
#14 53.21 /\ cleared = {}
#14 53.21 /\ stateC = ( tx1 :>
#14 53.21       << [kind |-> "started", attempt |-> 1],
#14 53.21          [kind |-> "pending", attempt |-> 0] >> @@
#14 53.21   tx2 :>
#14 53.21       << [kind |-> "pending", attempt |-> 0],
#14 53.21          [kind |-> "pending", attempt |-> 0] >> )
#14 53.21 /\ stateD = ( tx1 :>
#14 53.21       << [kind |-> "pending", attempt |-> 0],
#14 53.21          [kind |-> "pending", attempt |-> 0] >> @@
#14 53.21   tx2 :>
#14 53.21       << [kind |-> "pending", attempt |-> 0],
#14 53.21          [kind |-> "pending", attempt |-> 0] >> )
#14 53.21 /\ replayedTerminal = FALSE
#14 53.21 /\ cursor = 1
#14 53.21 /\ invokedUnder = ( <<tx1, 1, 1>> :> NONE @@
#14 53.21   <<tx1, 1, 2>> :> NONE @@
#14 53.21   <<tx1, 2, 1>> :> NONE @@
#14 53.21   <<tx1, 2, 2>> :> NONE @@
#14 53.21   <<tx2, 1, 1>> :> NONE @@
#14 53.21   <<tx2, 1, 2>> :> NONE @@
#14 53.21   <<tx2, 2, 1>> :> NONE @@
#14 53.21   <<tx2, 2, 2>> :> NONE )
#14 53.21 /\ plans = (tx1 :> 1 @@ tx2 :> NONE)
#14 53.21 /\ returned = {}
#14 53.21 /\ result = NONE
#14 53.21 /\ archiveC = {}
#14 53.21 /\ archiveD = {}
#14 53.21 
#14 53.21 State 8: <StartBarrier line 167, col 5 to line 172, col 83 of module Activation>
#14 53.21 /\ phase = "permitted"
#14 53.21 /\ active = tx1
#14 53.21 /\ permit = [attempt |-> 1, tx |-> tx1, intent |-> 1]
#14 53.21 /\ pendingC = tx1
#14 53.21 /\ pendingD = tx1
#14 53.21 /\ terminalEver = {}
#14 53.21 /\ currentC = tx1
#14 53.21 /\ currentD = tx1
#14 53.21 /\ cleared = {}
#14 53.21 /\ stateC = ( tx1 :>
#14 53.21       << [kind |-> "started", attempt |-> 1],
#14 53.21          [kind |-> "pending", attempt |-> 0] >> @@
#14 53.21   tx2 :>
#14 53.21       << [kind |-> "pending", attempt |-> 0],
#14 53.21          [kind |-> "pending", attempt |-> 0] >> )
#14 53.21 /\ stateD = ( tx1 :>
#14 53.21       << [kind |-> "started", attempt |-> 1],
#14 53.21          [kind |-> "pending", attempt |-> 0] >> @@
#14 53.21   tx2 :>
#14 53.21       << [kind |-> "pending", attempt |-> 0],
#14 53.21          [kind |-> "pending", attempt |-> 0] >> )
#14 53.21 /\ replayedTerminal = FALSE
#14 53.21 /\ cursor = 1
#14 53.21 /\ invokedUnder = ( <<tx1, 1, 1>> :> NONE @@
#14 53.21   <<tx1, 1, 2>> :> NONE @@
#14 53.21   <<tx1, 2, 1>> :> NONE @@
#14 53.21   <<tx1, 2, 2>> :> NONE @@
#14 53.21   <<tx2, 1, 1>> :> NONE @@
#14 53.21   <<tx2, 1, 2>> :> NONE @@
#14 53.21   <<tx2, 2, 1>> :> NONE @@
#14 53.21   <<tx2, 2, 2>> :> NONE )
#14 53.21 /\ plans = (tx1 :> 1 @@ tx2 :> NONE)
#14 53.21 /\ returned = {}
#14 53.21 /\ result = NONE
#14 53.21 /\ archiveC = {}
#14 53.21 /\ archiveD = {}
#14 53.21 
#14 53.21 State 9: <Invoke line 175, col 5 to line 180, col 71 of module Activation>
#14 53.21 /\ phase = "running"
#14 53.21 /\ active = tx1
#14 53.21 /\ permit = [attempt |-> 1, tx |-> tx1, intent |-> 1]
#14 53.21 /\ pendingC = tx1
#14 53.21 /\ pendingD = tx1
#14 53.21 /\ terminalEver = {}
#14 53.21 /\ currentC = tx1
#14 53.21 /\ currentD = tx1
#14 53.21 /\ cleared = {}
#14 53.21 /\ stateC = ( tx1 :>
#14 53.21       << [kind |-> "started", attempt |-> 1],
#14 53.21          [kind |-> "pending", attempt |-> 0] >> @@
#14 53.21   tx2 :>
#14 53.21       << [kind |-> "pending", attempt |-> 0],
#14 53.21          [kind |-> "pending", attempt |-> 0] >> )
#14 53.21 /\ stateD = ( tx1 :>
#14 53.21       << [kind |-> "started", attempt |-> 1],
#14 53.21          [kind |-> "pending", attempt |-> 0] >> @@
#14 53.21   tx2 :>
#14 53.21       << [kind |-> "pending", attempt |-> 0],
#14 53.21          [kind |-> "pending", attempt |-> 0] >> )
#14 53.21 /\ replayedTerminal = FALSE
#14 53.21 /\ cursor = 1
#14 53.21 /\ invokedUnder = ( <<tx1, 1, 1>> :> tx1 @@
#14 53.21   <<tx1, 1, 2>> :> NONE @@
#14 53.21   <<tx1, 2, 1>> :> NONE @@
#14 53.21   <<tx1, 2, 2>> :> NONE @@
#14 53.21   <<tx2, 1, 1>> :> NONE @@
#14 53.21   <<tx2, 1, 2>> :> NONE @@
#14 53.21   <<tx2, 2, 1>> :> NONE @@
#14 53.21   <<tx2, 2, 2>> :> NONE )
#14 53.21 /\ plans = (tx1 :> 1 @@ tx2 :> NONE)
#14 53.21 /\ returned = {}
#14 53.21 /\ result = NONE
#14 53.21 /\ archiveC = {}
#14 53.21 /\ archiveD = {}
#14 53.21 
#14 53.21 State 10: <Return line 183, col 5 to line 188, col 75 of module Activation>
#14 53.21 /\ phase = "returned"
#14 53.21 /\ active = tx1
#14 53.21 /\ permit = [attempt |-> 1, tx |-> tx1, intent |-> 1]
#14 53.21 /\ pendingC = tx1
#14 53.21 /\ pendingD = tx1
#14 53.21 /\ terminalEver = {}
#14 53.21 /\ currentC = tx1
#14 53.21 /\ currentD = tx1
#14 53.21 /\ cleared = {}
#14 53.21 /\ stateC = ( tx1 :>
#14 53.21       << [kind |-> "started", attempt |-> 1],
#14 53.21          [kind |-> "pending", attempt |-> 0] >> @@
#14 53.21   tx2 :>
#14 53.21       << [kind |-> "pending", attempt |-> 0],
#14 53.21          [kind |-> "pending", attempt |-> 0] >> )
#14 53.21 /\ stateD = ( tx1 :>
#14 53.21       << [kind |-> "started", attempt |-> 1],
#14 53.21          [kind |-> "pending", attempt |-> 0] >> @@
#14 53.21   tx2 :>
#14 53.21       << [kind |-> "pending", attempt |-> 0],
#14 53.21          [kind |-> "pending", attempt |-> 0] >> )
#14 53.21 /\ replayedTerminal = FALSE
#14 53.21 /\ cursor = 1
#14 53.21 /\ invokedUnder = ( <<tx1, 1, 1>> :> tx1 @@
#14 53.21   <<tx1, 1, 2>> :> NONE @@
#14 53.21   <<tx1, 2, 1>> :> NONE @@
#14 53.21   <<tx1, 2, 2>> :> NONE @@
#14 53.21   <<tx2, 1, 1>> :> NONE @@
#14 53.21   <<tx2, 1, 2>> :> NONE @@
#14 53.21   <<tx2, 2, 1>> :> NONE @@
#14 53.21   <<tx2, 2, 2>> :> NONE )
#14 53.21 /\ plans = (tx1 :> 1 @@ tx2 :> NONE)
#14 53.21 /\ returned = {<<tx1, 1, 1>>}
#14 53.21 /\ result = "failed"
#14 53.21 /\ archiveC = {}
#14 53.21 /\ archiveD = {}
#14 53.21 
#14 53.21 State 11: <WriteOutcome line 191, col 5 to line 194, col 75 of module Activation>
#14 53.21 /\ phase = "outcome-dirty"
#14 53.21 /\ active = tx1
#14 53.21 /\ permit = NONE
#14 53.21 /\ pendingC = tx1
#14 53.21 /\ pendingD = tx1
#14 53.21 /\ terminalEver = {}
#14 53.21 /\ currentC = tx1
#14 53.21 /\ currentD = tx1
#14 53.21 /\ cleared = {}
#14 53.21 /\ stateC = ( tx1 :>
#14 53.21       << [kind |-> "failed", attempt |-> 1],
#14 53.21          [kind |-> "pending", attempt |-> 0] >> @@
#14 53.21   tx2 :>
#14 53.21       << [kind |-> "pending", attempt |-> 0],
#14 53.21          [kind |-> "pending", attempt |-> 0] >> )
#14 53.21 /\ stateD = ( tx1 :>
#14 53.21       << [kind |-> "started", attempt |-> 1],
#14 53.21          [kind |-> "pending", attempt |-> 0] >> @@
#14 53.21   tx2 :>
#14 53.21       << [kind |-> "pending", attempt |-> 0],
#14 53.21          [kind |-> "pending", attempt |-> 0] >> )
#14 53.21 /\ replayedTerminal = FALSE
#14 53.21 /\ cursor = 1
#14 53.21 /\ invokedUnder = ( <<tx1, 1, 1>> :> tx1 @@
#14 53.21   <<tx1, 1, 2>> :> NONE @@
#14 53.21   <<tx1, 2, 1>> :> NONE @@
#14 53.21   <<tx1, 2, 2>> :> NONE @@
#14 53.21   <<tx2, 1, 1>> :> NONE @@
#14 53.21   <<tx2, 1, 2>> :> NONE @@
#14 53.21   <<tx2, 2, 1>> :> NONE @@
#14 53.21   <<tx2, 2, 2>> :> NONE )
#14 53.21 /\ plans = (tx1 :> 1 @@ tx2 :> NONE)
#14 53.21 /\ returned = {<<tx1, 1, 1>>}
#14 53.21 /\ result = NONE
#14 53.21 /\ archiveC = {}
#14 53.21 /\ archiveD = {}
#14 53.21 
#14 53.21 State 12: <ProcessDeath line 267, col 5 to line 269, col 60 of module Activation>
#14 53.21 /\ phase = "idle"
#14 53.21 /\ active = NONE
#14 53.21 /\ permit = NONE
#14 53.21 /\ pendingC = tx1
#14 53.21 /\ pendingD = tx1
#14 53.21 /\ terminalEver = {}
#14 53.21 /\ currentC = tx1
#14 53.21 /\ currentD = tx1
#14 53.21 /\ cleared = {}
#14 53.21 /\ stateC = ( tx1 :>
#14 53.21       << [kind |-> "failed", attempt |-> 1],
#14 53.21          [kind |-> "pending", attempt |-> 0] >> @@
#14 53.21   tx2 :>
#14 53.21       << [kind |-> "pending", attempt |-> 0],
#14 53.21          [kind |-> "pending", attempt |-> 0] >> )
#14 53.21 /\ stateD = ( tx1 :>
#14 53.21       << [kind |-> "started", attempt |-> 1],
#14 53.21          [kind |-> "pending", attempt |-> 0] >> @@
#14 53.21   tx2 :>
#14 53.21       << [kind |-> "pending", attempt |-> 0],
#14 53.21          [kind |-> "pending", attempt |-> 0] >> )
#14 53.21 /\ replayedTerminal = FALSE
#14 53.21 /\ cursor = 1
#14 53.21 /\ invokedUnder = ( <<tx1, 1, 1>> :> tx1 @@
#14 53.21   <<tx1, 1, 2>> :> NONE @@
#14 53.21   <<tx1, 2, 1>> :> NONE @@
#14 53.21   <<tx1, 2, 2>> :> NONE @@
#14 53.21   <<tx2, 1, 1>> :> NONE @@
#14 53.21   <<tx2, 1, 2>> :> NONE @@
#14 53.21   <<tx2, 2, 1>> :> NONE @@
#14 53.21   <<tx2, 2, 2>> :> NONE )
#14 53.21 /\ plans = (tx1 :> 1 @@ tx2 :> NONE)
#14 53.21 /\ returned = {<<tx1, 1, 1>>}
#14 53.21 /\ result = NONE
#14 53.21 /\ archiveC = {}
#14 53.21 /\ archiveD = {}
#14 53.21 
#14 53.21 State 13: <Open line 119, col 5 to line 121, col 76 of module Activation>
#14 53.21 /\ phase = "load-home"
#14 53.21 /\ active = tx1
#14 53.21 /\ permit = NONE
#14 53.21 /\ pendingC = tx1
#14 53.21 /\ pendingD = tx1
#14 53.21 /\ terminalEver = {}
#14 53.21 /\ currentC = tx1
#14 53.21 /\ currentD = tx1
#14 53.21 /\ cleared = {}
#14 53.21 /\ stateC = ( tx1 :>
#14 53.21       << [kind |-> "failed", attempt |-> 1],
#14 53.21          [kind |-> "pending", attempt |-> 0] >> @@
#14 53.21   tx2 :>
#14 53.21       << [kind |-> "pending", attempt |-> 0],
#14 53.21          [kind |-> "pending", attempt |-> 0] >> )
#14 53.21 /\ stateD = ( tx1 :>
#14 53.21       << [kind |-> "started", attempt |-> 1],
#14 53.21          [kind |-> "pending", attempt |-> 0] >> @@
#14 53.21   tx2 :>
#14 53.21       << [kind |-> "pending", attempt |-> 0],
#14 53.21          [kind |-> "pending", attempt |-> 0] >> )
#14 53.21 /\ replayedTerminal = FALSE
#14 53.21 /\ cursor = 1
#14 53.21 /\ invokedUnder = ( <<tx1, 1, 1>> :> tx1 @@
#14 53.21   <<tx1, 1, 2>> :> NONE @@
#14 53.21   <<tx1, 2, 1>> :> NONE @@
#14 53.21   <<tx1, 2, 2>> :> NONE @@
#14 53.21   <<tx2, 1, 1>> :> NONE @@
#14 53.21   <<tx2, 1, 2>> :> NONE @@
#14 53.21   <<tx2, 2, 1>> :> NONE @@
#14 53.21   <<tx2, 2, 2>> :> NONE )
#14 53.21 /\ plans = (tx1 :> 1 @@ tx2 :> NONE)
#14 53.21 /\ returned = {<<tx1, 1, 1>>}
#14 53.21 /\ result = NONE
#14 53.21 /\ archiveC = {}
#14 53.21 /\ archiveD = {}
#14 53.21 
#14 53.21 State 14: <SealHome line 124, col 5 to line 127, col 61 of module Activation>
#14 53.21 /\ phase = "load-outcomes"
#14 53.21 /\ active = tx1
#14 53.21 /\ permit = NONE
#14 53.21 /\ pendingC = tx1
#14 53.21 /\ pendingD = tx1
#14 53.21 /\ terminalEver = {}
#14 53.21 /\ currentC = tx1
#14 53.21 /\ currentD = tx1
#14 53.21 /\ cleared = {}
#14 53.21 /\ stateC = ( tx1 :>
#14 53.21       << [kind |-> "failed", attempt |-> 1],
#14 53.21          [kind |-> "pending", attempt |-> 0] >> @@
#14 53.21   tx2 :>
#14 53.21       << [kind |-> "pending", attempt |-> 0],
#14 53.21          [kind |-> "pending", attempt |-> 0] >> )
#14 53.21 /\ stateD = ( tx1 :>
#14 53.21       << [kind |-> "started", attempt |-> 1],
#14 53.21          [kind |-> "pending", attempt |-> 0] >> @@
#14 53.21   tx2 :>
#14 53.21       << [kind |-> "pending", attempt |-> 0],
#14 53.21          [kind |-> "pending", attempt |-> 0] >> )
#14 53.21 /\ replayedTerminal = FALSE
#14 53.21 /\ cursor = 1
#14 53.21 /\ invokedUnder = ( <<tx1, 1, 1>> :> tx1 @@
#14 53.21   <<tx1, 1, 2>> :> NONE @@
#14 53.21   <<tx1, 2, 1>> :> NONE @@
#14 53.21   <<tx1, 2, 2>> :> NONE @@
#14 53.21   <<tx2, 1, 1>> :> NONE @@
#14 53.21   <<tx2, 1, 2>> :> NONE @@
#14 53.21   <<tx2, 2, 1>> :> NONE @@
#14 53.21   <<tx2, 2, 2>> :> NONE )
#14 53.21 /\ plans = (tx1 :> 1 @@ tx2 :> NONE)
#14 53.21 /\ returned = {<<tx1, 1, 1>>}
#14 53.21 /\ result = NONE
#14 53.21 /\ archiveC = {}
#14 53.21 /\ archiveD = {}
#14 53.21 
#14 53.21 State 15: <SealOutcomes line 130, col 5 to line 136, col 71 of module Activation>
#14 53.21 /\ phase = "authorize"
#14 53.21 /\ active = tx1
#14 53.21 /\ permit = NONE
#14 53.21 /\ pendingC = tx1
#14 53.21 /\ pendingD = tx1
#14 53.21 /\ terminalEver = {<<tx1, 1>>}
#14 53.21 /\ currentC = tx1
#14 53.21 /\ currentD = tx1
#14 53.21 /\ cleared = {}
#14 53.21 /\ stateC = ( tx1 :>
#14 53.21       << [kind |-> "failed", attempt |-> 1],
#14 53.21          [kind |-> "pending", attempt |-> 0] >> @@
#14 53.21   tx2 :>
#14 53.21       << [kind |-> "pending", attempt |-> 0],
#14 53.21          [kind |-> "pending", attempt |-> 0] >> )
#14 53.21 /\ stateD = ( tx1 :>
#14 53.21       << [kind |-> "failed", attempt |-> 1],
#14 53.21          [kind |-> "pending", attempt |-> 0] >> @@
#14 53.21   tx2 :>
#14 53.21       << [kind |-> "pending", attempt |-> 0],
#14 53.21          [kind |-> "pending", attempt |-> 0] >> )
#14 53.21 /\ replayedTerminal = FALSE
#14 53.21 /\ cursor = 1
#14 53.21 /\ invokedUnder = ( <<tx1, 1, 1>> :> tx1 @@
#14 53.21   <<tx1, 1, 2>> :> NONE @@
#14 53.21   <<tx1, 2, 1>> :> NONE @@
#14 53.21   <<tx1, 2, 2>> :> NONE @@
#14 53.21   <<tx2, 1, 1>> :> NONE @@
#14 53.21   <<tx2, 1, 2>> :> NONE @@
#14 53.21   <<tx2, 2, 1>> :> NONE @@
#14 53.21   <<tx2, 2, 2>> :> NONE )
#14 53.21 /\ plans = (tx1 :> 1 @@ tx2 :> NONE)
#14 53.21 /\ returned = {<<tx1, 1, 1>>}
#14 53.21 /\ result = NONE
#14 53.21 /\ archiveC = {}
#14 53.21 /\ archiveD = {}
#14 53.21 
#14 53.21 State 16: <Authorize line 143, col 5 to line 145, col 92 of module Activation>
#14 53.21 /\ phase = "ready"
#14 53.21 /\ active = tx1
#14 53.21 /\ permit = NONE
#14 53.21 /\ pendingC = tx1
#14 53.21 /\ pendingD = tx1
#14 53.21 /\ terminalEver = {<<tx1, 1>>}
#14 53.21 /\ currentC = tx1
#14 53.21 /\ currentD = tx1
#14 53.21 /\ cleared = {}
#14 53.21 /\ stateC = ( tx1 :>
#14 53.21       << [kind |-> "failed", attempt |-> 1],
#14 53.21          [kind |-> "pending", attempt |-> 0] >> @@
#14 53.21   tx2 :>
#14 53.21       << [kind |-> "pending", attempt |-> 0],
#14 53.21          [kind |-> "pending", attempt |-> 0] >> )
#14 53.21 /\ stateD = ( tx1 :>
#14 53.21       << [kind |-> "failed", attempt |-> 1],
#14 53.21          [kind |-> "pending", attempt |-> 0] >> @@
#14 53.21   tx2 :>
#14 53.21       << [kind |-> "pending", attempt |-> 0],
#14 53.21          [kind |-> "pending", attempt |-> 0] >> )
#14 53.21 /\ replayedTerminal = FALSE
#14 53.21 /\ cursor = 1
#14 53.21 /\ invokedUnder = ( <<tx1, 1, 1>> :> tx1 @@
#14 53.21   <<tx1, 1, 2>> :> NONE @@
#14 53.21   <<tx1, 2, 1>> :> NONE @@
#14 53.21   <<tx1, 2, 2>> :> NONE @@
#14 53.21   <<tx2, 1, 1>> :> NONE @@
#14 53.21   <<tx2, 1, 2>> :> NONE @@
#14 53.21   <<tx2, 2, 1>> :> NONE @@
#14 53.21   <<tx2, 2, 2>> :> NONE )
#14 53.21 /\ plans = (tx1 :> 1 @@ tx2 :> NONE)
#14 53.21 /\ returned = {<<tx1, 1, 1>>}
#14 53.21 /\ result = NONE
#14 53.21 /\ archiveC = {}
#14 53.21 /\ archiveD = {}
#14 53.21 
#14 53.21 State 17: <Start line 157, col 5 to line 164, col 67 of module Activation>
#14 53.21 /\ phase = "start-dirty"
#14 53.21 /\ active = tx1
#14 53.21 /\ permit = NONE
#14 53.21 /\ pendingC = tx1
#14 53.21 /\ pendingD = tx1
#14 53.21 /\ terminalEver = {<<tx1, 1>>}
#14 53.21 /\ currentC = tx1
#14 53.21 /\ currentD = tx1
#14 53.21 /\ cleared = {}
#14 53.21 /\ stateC = ( tx1 :>
#14 53.21       << [kind |-> "started", attempt |-> 2],
#14 53.21          [kind |-> "pending", attempt |-> 0] >> @@
#14 53.21   tx2 :>
#14 53.21       << [kind |-> "pending", attempt |-> 0],
#14 53.21          [kind |-> "pending", attempt |-> 0] >> )
#14 53.21 /\ stateD = ( tx1 :>
#14 53.21       << [kind |-> "failed", attempt |-> 1],
#14 53.21          [kind |-> "pending", attempt |-> 0] >> @@
#14 53.21   tx2 :>
#14 53.21       << [kind |-> "pending", attempt |-> 0],
#14 53.21          [kind |-> "pending", attempt |-> 0] >> )
#14 53.21 /\ replayedTerminal = null
#14 53.21 /\ cursor = 1
#14 53.21 /\ invokedUnder = ( <<tx1, 1, 1>> :> tx1 @@
#14 53.21   <<tx1, 1, 2>> :> NONE @@
#14 53.21   <<tx1, 2, 1>> :> NONE @@
#14 53.21   <<tx1, 2, 2>> :> NONE @@
#14 53.21   <<tx2, 1, 1>> :> NONE @@
#14 53.21   <<tx2, 1, 2>> :> NONE @@
#14 53.21   <<tx2, 2, 1>> :> NONE @@
#14 53.21   <<tx2, 2, 2>> :> NONE )
#14 53.21 /\ plans = (tx1 :> 1 @@ tx2 :> NONE)
#14 53.21 /\ returned = {<<tx1, 1, 1>>}
#14 53.21 /\ result = NONE
#14 53.21 /\ archiveC = {}
#14 53.21 /\ archiveD = {}
#14 53.21 
#14 53.21 1260 states generated, 488 distinct states found, 95 states left on queue.
#14 53.21 The depth of the complete state graph search is 17.
#14 53.21 The average outdegree of the complete state graph is 1 (minimum is 0, the maximum 4 and the 95th percentile is 3).
#14 53.21 Finished in 00s at (2026-09-27 21:12:46)
#14 53.21 FAIL: cfg/activation-retry-failure.cfg did not violate TerminalNoReplay
#14 ERROR: process "/bin/sh -c sh scripts/check_models.sh /tla/tla2tools.jar" did not complete successfully: exit code: 1
------
 > [model 6/6] RUN sh scripts/check_models.sh /tla/tla2tools.jar:
53.21 /\ returned = {<<tx1, 1, 1>>}
53.21 /\ result = NONE
53.21 /\ archiveC = {}
53.21 /\ archiveD = {}
53.21 
53.21 1260 states generated, 488 distinct states found, 95 states left on queue.
53.21 The depth of the complete state graph search is 17.
53.21 The average outdegree of the complete state graph is 1 (minimum is 0, the maximum 4 and the 95th percentile is 3).
53.21 Finished in 00s at (2026-09-27 21:12:46)
53.21 FAIL: cfg/activation-retry-failure.cfg did not violate TerminalNoReplay
------
Dockerfile:84

--------------------

  82 |     COPY specs ./specs

  83 |     COPY scripts/check_models.sh ./scripts/check_models.sh

  84 | >>> RUN sh scripts/check_models.sh /tla/tla2tools.jar

  85 |     

  86 |     # M-V1's inductive pilot uses the same transaction source and pinned TLC.

--------------------

failed to solve: process "/bin/sh -c sh scripts/check_models.sh /tla/tla2tools.jar" did not complete successfully: exit code: 1



Wall time: 56.17 seconds

Command exited with code 1