RUNNER_SOURCE_COMMIT=953724a7acaa9e314f145175dee35026f6052f3d
RUNNER_SOURCE_ROOTS_DIRTY=clean (git status --porcelain --untracked-files=all -- tracked SOURCE_ROOTS before and after direct tests: empty)
RUNNER_SOURCE_FINGERPRINT=68ef13d7676043c886626237cff226afdb9d0529f80b4f449fb83f13787e514d
RUNNER_TOOL_VERSIONS=Docker Compose v5.5.0; Rust 1.98.0; Python 3.13.15; pytest 9.1.1; Deno 2.9.6
RUNNER_INPUTS=Plan/0048 §1.1 on committed E133 and rustls 0.23.45 source: one direct Rust test checks all three base grant positions, five sandboxed real-CLI offline comma pin/repo/frontend-home and valid/nonpackage pin cases, twelve independently executed real Deno driver/pin cases. Real pre-fix CLI with canonical comma pin read outside canary and returned success; after source admission reports E133 before Deno spawn. This receipt does not verify full M0, native Mac, TLS handshake proof or H0 completion.

RUNNER_COMMAND=docker compose run --build --rm test cargo test --locked -p gripsack every_builtin_read_grant
#1 [internal] load local bake definitions
#1 reading from stdin 530B done
#1 DONE 0.0s

#2 [internal] load build definition from Dockerfile
#2 transferring dockerfile: 10.04kB done
#2 DONE 0.0s

#3 resolve image config for docker-image://docker.io/docker/dockerfile:1
#3 DONE 0.6s

#4 docker-image://docker.io/docker/dockerfile:1@sha256:ecfaec9ed6d810b56388c508f4121597bfbba70d41a6dfeee4d8cad5f295fc32
#4 resolve docker.io/docker/dockerfile:1@sha256:ecfaec9ed6d810b56388c508f4121597bfbba70d41a6dfeee4d8cad5f295fc32 0.0s done
#4 CACHED

#5 [internal] load metadata for docker.io/library/rust:alpine@sha256:a10e64dd139b7387337c7fbe8aca31b959b57b2fd4c8ae20a02cf1d6ea424dce
#5 DONE 0.0s

#6 [internal] load .dockerignore
#6 transferring context: 139B done
#6 DONE 0.0s

#7 [builder  1/10] FROM docker.io/library/rust:alpine@sha256:a10e64dd139b7387337c7fbe8aca31b959b57b2fd4c8ae20a02cf1d6ea424dce
#7 resolve docker.io/library/rust:alpine@sha256:a10e64dd139b7387337c7fbe8aca31b959b57b2fd4c8ae20a02cf1d6ea424dce 0.0s done
#7 DONE 0.0s

#8 [internal] load build context
#8 transferring context: 612.92kB 0.1s done
#8 DONE 0.1s

#9 [builder  7/10] COPY fuzz ./fuzz
#9 CACHED

#10 [builder  8/10] COPY schema ./schema
#10 CACHED

#11 [builder  3/10] RUN set -e;     arch="$(uname -m)";     case "$arch" in       x86_64)  sha=3374daaf153e6f82028add5e4bf7cc2deab46537dee24f20be80df831193aeb4 ;;       aarch64) sha=35d90cee9648037eaa4c1a2649fdca9d1b9a9997b972d37be7f8629139ba1294 ;;       *) echo "unsupported arch: $arch" >&2; exit 1 ;;     esac;     curl -fsSL -o /tmp/ca.tar.xz "https://github.com/rust-secure-code/cargo-auditable/releases/download/v0.7.5/cargo-auditable-${arch}-unknown-linux-musl.tar.xz";     echo "$sha  /tmp/ca.tar.xz" | sha256sum -c -;     mkdir -p /tmp/ca && tar -xJf /tmp/ca.tar.xz -C /tmp/ca;     mv /tmp/ca/*/cargo-auditable /usr/local/bin/cargo-auditable;     rm -rf /tmp/ca /tmp/ca.tar.xz
#11 CACHED

#12 [builder  4/10] WORKDIR /app
#12 CACHED

#13 [builder  5/10] COPY Cargo.toml Cargo.lock ./
#13 CACHED

#14 [builder  2/10] RUN apk add --no-cache musl-dev git curl xz     && rustup component add clippy rustfmt
#14 CACHED

#15 [builder  6/10] COPY crates ./crates
#15 CACHED

#16 [builder  9/10] COPY typescript ./typescript
#16 CACHED

#17 [builder 10/10] COPY scripts ./scripts
#17 CACHED

#18 [test 1/2] RUN cargo fmt --check     && cargo clippy --locked --workspace --all-targets -- -D warnings     && cargo test --locked
#18 1.262     Updating crates.io index
#18 4.482  Downloading crates ...
#18 4.569   Downloaded cap-std v4.0.3
#18 4.577   Downloaded anstyle-query v1.1.5
#18 4.580   Downloaded block-buffer v0.12.1
#18 4.582   Downloaded bit-set v0.8.0
#18 4.586   Downloaded heck v0.5.0
#18 4.589   Downloaded ambient-authority v0.0.2
#18 4.591   Downloaded convert_case v0.4.0
#18 4.592   Downloaded borrow-or-share v0.2.4
#18 4.595   Downloaded outref v0.5.2
#18 4.598   Downloaded adler2 v2.0.1
#18 4.600   Downloaded num-traits v0.2.19
#18 4.604   Downloaded percent-encoding v2.3.2
#18 4.606   Downloaded jsonschema-regex v0.55.0
#18 4.608   Downloaded cfg-if v1.0.4
#18 4.611   Downloaded parking_lot v0.12.5
#18 4.615   Downloaded anstream v1.0.0
#18 4.620   Downloaded openssl-probe v0.2.1
#18 4.623   Downloaded is_terminal_polyfill v1.70.2
#18 4.625   Downloaded colorchoice v1.0.5
#18 4.627   Downloaded matchers v0.2.0
#18 4.630   Downloaded ref-cast v1.0.27
#18 4.636   Downloaded ref-cast-impl v1.0.27
#18 4.638   Downloaded errno v0.3.14
#18 4.641   Downloaded httpdate v1.0.3
#18 4.645   Downloaded cpufeatures v0.3.0
#18 4.648   Downloaded clap_lex v1.1.0
#18 4.650   Downloaded lazy_static v1.5.0
#18 4.655   Downloaded maybe-owned v0.3.4
#18 4.657   Downloaded num-cmp v0.1.0
#18 4.659   Downloaded num v0.4.3
#18 4.661   Downloaded equivalent v1.0.2
#18 4.664   Downloaded idna_adapter v1.2.2
#18 4.666   Downloaded crypto-common v0.2.2
#18 4.668   Downloaded num-iter v0.1.46
#18 4.670   Downloaded potential_utf v0.1.6
#18 4.673   Downloaded itoa v1.0.18
#18 4.676   Downloaded zerovec-derive v0.11.6
#18 4.680   Downloaded bit-vec v0.8.0
#18 4.684   Downloaded form_urlencoded v1.2.2
#18 4.685   Downloaded fs-set-times v0.20.3
#18 4.688   Downloaded jobserver v0.1.35
#18 4.692   Downloaded zstd-safe v7.2.4
#18 4.694   Downloaded anstyle-parse v1.0.0
#18 4.697   Downloaded autocfg v1.5.1
#18 4.701   Downloaded bytecount v0.6.9
#18 4.706   Downloaded displaydoc v0.2.7
#18 4.709   Downloaded data-encoding v2.11.1
#18 4.711   Downloaded anstyle v1.0.14
#18 4.713   Downloaded filetime v0.2.29
#18 4.716   Downloaded uuid-simd v0.8.0
#18 4.719   Downloaded xattr v1.6.1
#18 4.723   Downloaded yoke-derive v0.8.2
#18 4.725   Downloaded stable_deref_trait v1.2.1
#18 4.727   Downloaded foldhash v0.2.0
#18 4.729   Downloaded shell-words v1.1.1
#18 4.731   Downloaded lock_api v0.4.14
#18 4.733   Downloaded io-lifetimes v3.0.1
#18 4.735   Downloaded io-lifetimes v2.0.4
#18 4.738   Downloaded subtle v2.6.1
#18 4.741   Downloaded num-rational v0.4.2
#18 4.743   Downloaded dialoguer v0.12.0
#18 4.750   Downloaded email_address v0.2.9
#18 4.754   Downloaded fastrand v2.5.0
#18 4.756   Downloaded num-integer v0.1.47
#18 4.760   Downloaded nu-ansi-term v0.50.3
#18 4.765   Downloaded bzip2 v0.6.1
#18 4.769   Downloaded zerofrom v0.1.8
#18 4.770   Downloaded console v0.16.4
#18 4.773   Downloaded xz2 v0.1.7
#18 4.777   Downloaded writeable v0.6.4
#18 4.781   Downloaded digest v0.11.3
#18 4.786   Downloaded strum v0.28.0
#18 4.788   Downloaded clap_derive v4.6.4
#18 4.792   Downloaded utf8_iter v1.0.4
#18 4.794   Downloaded getrandom v0.2.17
#18 4.799   Downloaded crc32fast v1.5.1
#18 4.804   Downloaded io-extras v0.19.0
#18 4.808   Downloaded litemap v0.8.3
#18 4.812   Downloaded num-complex v0.4.6
#18 4.815   Downloaded ipnet v2.12.1
#18 4.817   Downloaded find-msvc-tools v0.1.11
#18 4.820   Downloaded allocator-api2 v0.2.21
#18 4.824   Downloaded bitflags v2.13.1
#18 4.831   Downloaded clap v4.6.6
#18 4.847   Downloaded ahash v0.8.12
#18 4.851   Downloaded yoke v0.8.3
#18 4.854   Downloaded strsim v0.11.1
#18 4.857   Downloaded fluent-uri v0.4.1
#18 4.863   Downloaded hybrid-array v0.4.14
#18 4.867   Downloaded verus_builtin v0.0.0-2026-09-06-0133
#18 4.869   Downloaded getrandom v0.4.3
#18 4.875   Downloaded jsonschema-value v0.55.0
#18 4.878   Downloaded micromap v0.3.0
#18 4.887   Downloaded libbz2-rs-sys v0.2.5
#18 4.890   Downloaded version_check v0.9.5
#18 4.893   Downloaded serde_spanned v1.1.1
#18 4.895   Downloaded base64 v0.22.1
#18 4.903   Downloaded getrandom v0.3.4
#18 4.909   Downloaded untrusted v0.9.0
#18 4.913   Downloaded const-oid v0.10.2
#18 4.917   Downloaded icu_normalizer_data v2.3.0
#18 4.920   Downloaded indicatif v0.18.6
#18 4.926   Downloaded icu_locale_core v2.3.0
#18 4.941   Downloaded icu_provider v2.3.1
#18 4.946   Downloaded log v0.4.34
#18 4.952   Downloaded tracing-serde v0.2.0
#18 4.953   Downloaded icu_collections v2.3.0
#18 4.965   Downloaded miniz_oxide v0.8.9
#18 4.969   Downloaded flate2 v1.1.9
#18 4.977   Downloaded utf8parse v0.2.2
#18 4.979   Downloaded webpki-roots v0.26.11
#18 4.983   Downloaded bumpalo v3.20.3
#18 4.986   Downloaded cc v1.4.4
#18 4.991   Downloaded aho-corasick v1.1.5
#18 5.000   Downloaded memchr v2.8.3
#18 5.012   Downloaded num-bigint v0.4.8
#18 5.020   Downloaded scopeguard v1.2.0
#18 5.024   Downloaded cap-primitives v4.0.3
#18 5.042   Downloaded fraction v0.17.0
#18 5.052   Downloaded icu_properties v2.3.0
#18 5.057   Downloaded thread_local v1.1.10
#18 5.060   Downloaded indexmap v2.14.0
#18 5.070   Downloaded idna v1.1.0
#18 5.076   Downloaded hashbrown v0.17.1
#18 5.086   Downloaded clap_builder v4.6.6
#18 5.099   Downloaded icu_properties_data v2.3.0
#18 5.113   Downloaded winnow v0.7.15
#18 5.131   Downloaded winnow v1.0.4
#18 5.149   Downloaded fancy-regex v0.19.1
#18 5.159   Downloaded pkg-config v0.3.34
#18 5.162   Downloaded owo-colors v4.3.0
#18 5.166   Downloaded pin-project-lite v0.2.17
#18 5.177   Downloaded zmij v1.0.23
#18 5.181   Downloaded zstd v0.13.3
#18 5.188   Downloaded zerocopy v0.8.56
#18 5.215   Downloaded zerofrom-derive v0.1.7
#18 5.217   Downloaded rustix-linux-procfs v0.1.1
#18 5.219   Downloaded toml_datetime v1.1.1+spec-1.1.0
#18 5.221   Downloaded toml_datetime v0.7.5+spec-1.1.0
#18 5.223   Downloaded thiserror-impl v2.0.20
#18 5.225   Downloaded shlex v2.0.1
#18 5.228   Downloaded tinystr v0.8.4
#18 5.232   Downloaded unit-prefix v0.5.2
#18 5.235   Downloaded toml_writer v1.1.2+spec-1.1.0
#18 5.237   Downloaded tracing-log v0.2.0
#18 5.240   Downloaded vsimd v0.8.0
#18 5.243   Downloaded strum_macros v0.28.0
#18 5.248   Downloaded icu_normalizer v2.3.0
#18 5.257   Downloaded quote v1.0.47
#18 5.262   Downloaded synstructure v0.13.2
#18 5.264   Downloaded thiserror v2.0.20
#18 5.275   Downloaded jsonschema v0.55.0
#18 5.300   Downloaded once_cell v1.21.4
#18 5.305   Downloaded parking_lot_core v0.9.12
#18 5.308   Downloaded lzma-sys v0.1.20
#18 5.356   Downloaded libc v0.2.189
#18 5.468   Downloaded rustls-native-certs v0.8.4
#18 5.471   Downloaded simd-adler32 v0.3.10
#18 5.475   Downloaded sha2 v0.11.0
#18 5.482   Downloaded toml_parser v1.1.3+spec-1.1.0
#18 5.487   Downloaded tracing-attributes v0.1.31
#18 5.491   Downloaded rustls-pki-types v1.15.1
#18 5.495   Downloaded tempfile v3.27.0
#18 5.500   Downloaded unicode-general-category v1.1.0
#18 5.503   Downloaded zeroize v1.9.0
#18 5.506   Downloaded serde_derive v1.0.229
#18 5.510   Downloaded toml v0.9.12+spec-1.1.0
#18 5.517   Downloaded serde_yaml v0.9.34+deprecated
#18 5.523   Downloaded sharded-slab v0.1.7
#18 5.530   Downloaded unicode-ident v1.0.24
#18 5.536   Downloaded unsafe-libyaml v0.2.11
#18 5.543   Downloaded referencing v0.55.0
#18 5.551   Downloaded proc-macro2 v1.0.107
#18 5.556   Downloaded ryu v1.0.23
#18 5.563   Downloaded serde_core v1.0.229
#18 5.568   Downloaded toml v1.1.4+spec-1.1.0
#18 5.575   Downloaded tar v0.4.46
#18 5.581   Downloaded zopfli v0.8.3
#18 5.584   Downloaded tracing-core v0.1.36
#18 5.588   Downloaded linux-raw-sys v0.12.1
#18 5.654   Downloaded smallvec v1.15.2
#18 5.656   Downloaded verus_prettyplease v0.0.0-2026-09-06-0133
#18 5.662   Downloaded toml_edit v0.25.13+spec-1.1.0
#18 5.668   Downloaded verus_state_machines_macros v0.0.0-2026-09-06-0133
#18 5.672   Downloaded serde v1.0.229
#18 5.678   Downloaded rustls-webpki v0.103.15
#18 5.682   Downloaded zerotrie v0.2.5
#18 5.690   Downloaded typenum v1.20.1
#18 5.694   Downloaded url v2.5.8
#18 5.698   Downloaded typed-path v0.12.3
#18 5.715   Downloaded zerovec v0.11.8
#18 5.725   Downloaded zip v8.6.0
#18 5.731   Downloaded ureq v2.12.1
#18 5.739   Downloaded verus_builtin_macros v0.0.0-2026-09-06-0133
#18 5.744   Downloaded regex v1.13.1
#18 5.751   Downloaded serde_json v1.0.151
#18 5.763   Downloaded portable-atomic v1.15.0
#18 5.775   Downloaded tracing-subscriber v0.3.23
#18 5.788   Downloaded webpki-roots v1.0.9
#18 5.793   Downloaded zlib-rs v0.6.7
#18 5.801   Downloaded unicode-width v0.2.2
#18 5.807   Downloaded syn v3.0.4
#18 5.822   Downloaded syn v2.0.119
#18 5.836   Downloaded vstd v0.0.0-2026-09-06-0133
#18 5.853   Downloaded regex-syntax v0.8.11
#18 5.861   Downloaded verus_syn v0.0.0-2026-09-06-0133
#18 5.876   Downloaded rustls v0.23.45
#18 5.894   Downloaded rustix v1.1.4
#18 5.947   Downloaded tracing v0.1.44
#18 5.963   Downloaded regex-automata v0.4.18
#18 5.984   Downloaded zstd-sys v2.0.16+zstd.1.5.7
#18 6.003   Downloaded ring v0.17.14
#18 6.302    Compiling proc-macro2 v1.0.107
#18 6.302    Compiling quote v1.0.47
#18 6.302    Compiling unicode-ident v1.0.24
#18 6.302    Compiling libc v0.2.189
#18 6.302     Checking cfg-if v1.0.4
#18 6.308    Compiling serde_core v1.0.229
#18 6.309     Checking once_cell v1.21.4
#18 6.309     Checking memchr v2.8.3
#18 6.309    Compiling serde v1.0.229
#18 6.309     Checking equivalent v1.0.2
#18 6.314     Checking foldhash v0.2.0
#18 6.314     Checking allocator-api2 v0.2.21
#18 6.317    Compiling verus_prettyplease v0.0.0-2026-09-06-0133
#18 6.321    Compiling zmij v1.0.23
#18 6.321    Compiling serde_json v1.0.151
#18 6.332    Compiling hashbrown v0.17.1
#18 6.341     Checking itoa v1.0.18
#18 6.347    Compiling vstd v0.0.0-2026-09-06-0133
#18 6.350    Compiling convert_case v0.4.0
#18 6.354     Checking verus_builtin v0.0.0-2026-09-06-0133
#18 6.354    Compiling find-msvc-tools v0.1.11
#18 6.354    Compiling shlex v2.0.1
#18 6.361     Checking smallvec v1.15.2
#18 6.367    Compiling thiserror v2.0.20
#18 6.371    Compiling rustix v1.1.4
#18 6.371     Checking bitflags v2.13.1
#18 6.371     Checking linux-raw-sys v0.12.1
#18 6.372     Checking stable_deref_trait v1.2.1
#18 6.372     Checking winnow v1.0.4
#18 6.372    Compiling io-lifetimes v2.0.4
#18 6.372    Compiling io-lifetimes v3.0.1
#18 6.384     Checking toml_writer v1.1.2+spec-1.1.0
#18 6.390    Compiling pkg-config v0.3.34
#18 6.407    Compiling io-extras v0.19.0
#18 6.474     Checking percent-encoding v2.3.2
#18 6.501    Compiling getrandom v0.4.3
#18 6.522    Compiling cap-primitives v4.0.3
#18 6.533     Checking typenum v1.20.1
#18 6.549     Checking maybe-owned v0.3.4
#18 6.558    Compiling cap-std v4.0.3
#18 6.636     Checking zeroize v1.9.0
#18 6.654     Checking litemap v0.8.3
#18 6.666     Checking log v0.4.34
#18 6.667     Checking ambient-authority v0.0.2
#18 6.692     Checking writeable v0.6.4
#18 6.734     Checking ipnet v2.12.1
#18 6.734    Compiling icu_normalizer_data v2.3.0
#18 6.749     Checking winnow v0.7.15
#18 6.763    Compiling icu_properties_data v2.3.0
#18 6.769     Checking utf8_iter v1.0.4
#18 6.769     Checking fastrand v2.5.0
#18 6.810     Checking tracing-core v0.1.36
#18 6.816     Checking const-oid v0.10.2
#18 6.823    Compiling crc32fast v1.5.1
#18 6.836     Checking rustls-pki-types v1.15.1
#18 6.882     Checking cpufeatures v0.3.0
#18 6.925     Checking untrusted v0.9.0
#18 6.926     Checking simd-adler32 v0.3.10
#18 6.958     Checking pin-project-lite v0.2.17
#18 6.999    Compiling zstd-safe v7.2.4
#18 7.007    Compiling autocfg v1.5.1
#18 7.007     Checking regex-syntax v0.8.11
#18 7.017     Checking adler2 v2.0.1
#18 7.030    Compiling rustls v0.23.45
#18 7.036     Checking aho-corasick v1.1.5
#18 7.051     Checking form_urlencoded v1.2.2
#18 7.051     Checking libbz2-rs-sys v0.2.5
#18 7.051     Checking subtle v2.6.1
#18 7.051     Checking zlib-rs v0.6.7
#18 7.122     Checking bumpalo v3.20.3
#18 7.127     Checking openssl-probe v0.2.1
#18 7.136     Checking typed-path v0.12.3
#18 7.169     Checking base64 v0.22.1
#18 7.191     Checking miniz_oxide v0.8.9
#18 7.210     Checking httpdate v1.0.3
#18 7.221    Compiling heck v0.5.0
#18 7.240    Compiling indexmap v2.14.0
#18 7.241    Compiling version_check v0.9.5
#18 7.258    Compiling parking_lot_core v0.9.12
#18 7.287    Compiling getrandom v0.3.4
#18 7.297    Compiling zerocopy v0.8.56
#18 7.306     Checking scopeguard v1.2.0
#18 7.317     Checking webpki-roots v1.0.9
#18 7.327     Checking rustls-native-certs v0.8.4
#18 7.332    Compiling ref-cast v1.0.27
#18 7.351     Checking borrow-or-share v0.2.4
#18 7.359    Compiling unicode-general-category v1.1.0
#18 7.379     Checking lock_api v0.4.14
#18 7.386     Checking bit-vec v0.8.0
#18 7.436     Checking webpki-roots v0.26.11
#18 7.454     Checking bytecount v0.6.9
#18 7.466     Checking unsafe-libyaml v0.2.11
#18 7.483     Checking micromap v0.3.0
#18 7.510     Checking vsimd v0.8.0
#18 7.522     Checking outref v0.5.2
#18 7.522     Checking zopfli v0.8.3
#18 7.551     Checking ryu v1.0.23
#18 7.599     Checking num-cmp v0.1.0
#18 7.611     Checking data-encoding v2.11.1
#18 7.642    Compiling num-traits v0.2.19
#18 7.658     Checking lazy_static v1.5.0
#18 7.702     Checking utf8parse v0.2.2
#18 7.719     Checking tracing-log v0.2.0
#18 7.736    Compiling ahash v0.8.12
#18 7.737     Checking bzip2 v0.6.1
#18 7.737     Checking bit-set v0.8.0
#18 7.757     Checking sharded-slab v0.1.7
#18 7.791     Checking anstyle-parse v1.0.0
#18 7.820     Checking thread_local v1.1.10
#18 7.828     Checking anstyle-query v1.1.5
#18 7.908     Checking colorchoice v1.0.5
#18 7.910     Checking is_terminal_polyfill v1.70.2
#18 7.912     Checking hybrid-array v0.4.14
#18 7.931    Compiling portable-atomic v1.15.0
#18 7.931     Checking unicode-width v0.2.2
#18 7.966     Checking anstyle v1.0.14
#18 7.966     Checking nu-ansi-term v0.50.3
#18 7.988    Compiling owo-colors v4.3.0
#18 8.010     Checking clap_lex v1.1.0
#18 8.025     Checking strsim v0.11.1
#18 8.051     Checking unit-prefix v0.5.2
#18 8.060     Checking shell-words v1.1.1
#18 8.168    Compiling syn v3.0.4
#18 8.174    Compiling syn v2.0.119
#18 8.180    Compiling verus_syn v0.0.0-2026-09-06-0133
#18 8.188     Checking uuid-simd v0.8.0
#18 8.191     Checking toml_parser v1.1.3+spec-1.1.0
#18 8.233     Checking anstream v1.0.0
#18 8.425     Checking getrandom v0.2.17
#18 8.426     Checking filetime v0.2.29
#18 8.431     Checking gripsack-process v0.42.0 (/app/crates/gripsack-process)
#18 8.432     Checking console v0.16.4
#18 8.462    Compiling jobserver v0.1.35
#18 8.469     Checking flate2 v1.1.9
#18 8.491     Checking clap_builder v4.6.6
#18 8.657     Checking parking_lot v0.12.5
#18 8.676     Checking block-buffer v0.12.1
#18 8.676     Checking crypto-common v0.2.2
#18 8.779    Compiling cc v1.4.4
#18 9.087     Checking num-integer v0.1.47
#18 9.087     Checking num-complex v0.4.6
#18 9.174     Checking regex-automata v0.4.18
#18 9.174     Checking jsonschema-regex v0.55.0
#18 9.194     Checking indicatif v0.18.6
#18 9.296     Checking num-bigint v0.4.8
#18 9.296     Checking num-iter v0.1.46
#18 9.386     Checking digest v0.11.3
#18 9.486     Checking sha2 v0.11.0
#18 9.671     Checking serde_spanned v1.1.1
#18 9.671     Checking toml_datetime v0.7.5+spec-1.1.0
#18 9.671     Checking toml_datetime v1.1.1+spec-1.1.0
#18 9.825     Checking toml v0.9.12+spec-1.1.0
#18 9.838     Checking toml v1.1.4+spec-1.1.0
#18 9.838     Checking toml_edit v0.25.13+spec-1.1.0
#18 10.24    Compiling zstd-sys v2.0.16+zstd.1.5.7
#18 10.24    Compiling ring v0.17.14
#18 10.24    Compiling lzma-sys v0.1.20
#18 10.35     Checking num-rational v0.4.2
#18 10.66     Checking num v0.4.3
#18 10.67     Checking rustix-linux-procfs v0.1.1
#18 10.67     Checking fs-set-times v0.20.3
#18 10.67     Checking tempfile v3.27.0
#18 10.67     Checking xattr v1.6.1
#18 10.71     Checking fraction v0.17.0
#18 10.80     Checking tar v0.4.46
#18 10.94     Checking dialoguer v0.12.0
#18 11.26     Checking xz2 v0.1.7
#18 11.64     Checking gripsack-fs v0.42.0 (/app/crates/gripsack-fs)
#18 11.91     Checking fancy-regex v0.19.1
#18 11.91     Checking regex v1.13.1
#18 11.91     Checking matchers v0.2.0
#18 12.67    Compiling synstructure v0.13.2
#18 13.23     Checking rustls-webpki v0.103.15
#18 13.30    Compiling serde_derive v1.0.229
#18 13.30    Compiling thiserror-impl v2.0.20
#18 13.30    Compiling zerovec-derive v0.11.6
#18 13.30    Compiling displaydoc v0.2.7
#18 13.30    Compiling ref-cast-impl v1.0.27
#18 13.30    Compiling clap_derive v4.6.4
#18 13.46     Checking zstd v0.13.3
#18 13.67     Checking zip v8.6.0
#18 14.02    Compiling zerofrom-derive v0.1.7
#18 14.02    Compiling yoke-derive v0.8.2
#18 14.02    Compiling tracing-attributes v0.1.31
#18 14.02    Compiling strum_macros v0.28.0
#18 15.37     Checking zerofrom v0.1.8
#18 15.42     Checking clap v4.6.6
#18 15.47     Checking yoke v0.8.3
#18 15.55     Checking tracing v0.1.44
#18 15.61    Compiling verus_builtin_macros v0.0.0-2026-09-06-0133
#18 15.61    Compiling verus_state_machines_macros v0.0.0-2026-09-06-0133
#18 15.62     Checking zerovec v0.11.8
#18 15.62     Checking zerotrie v0.2.5
#18 16.18     Checking tinystr v0.8.4
#18 16.18     Checking potential_utf v0.1.6
#18 16.26     Checking icu_collections v2.3.0
#18 16.29     Checking strum v0.28.0
#18 16.30     Checking icu_locale_core v2.3.0
#18 16.91     Checking fluent-uri v0.4.1
#18 16.91     Checking email_address v0.2.9
#18 16.91     Checking serde_yaml v0.9.34+deprecated
#18 16.91     Checking tracing-serde v0.2.0
#18 16.96     Checking icu_provider v2.3.1
#18 17.02     Checking tracing-subscriber v0.3.23
#18 17.09     Checking jsonschema-value v0.55.0
#18 17.15     Checking icu_properties v2.3.0
#18 17.15     Checking icu_normalizer v2.3.0
#18 17.35     Checking referencing v0.55.0
#18 17.77     Checking jsonschema v0.55.0
#18 18.09     Checking idna_adapter v1.2.2
#18 18.16     Checking idna v1.1.0
#18 18.35     Checking url v2.5.8
#18 18.70     Checking ureq v2.12.1
#18 23.25     Checking gripsack-policy v0.42.0 (/app/crates/gripsack-policy)
#18 23.45     Checking gripsack-ir v0.42.0 (/app/crates/gripsack-ir)
#18 25.57     Checking gripsack-store v0.42.0 (/app/crates/gripsack-store)
#18 25.57     Checking gripsack-config v0.42.0 (/app/crates/gripsack-config)
#18 25.57     Checking griplint v0.42.0 (/app/crates/griplint)
#18 26.26     Checking gripsack-fetch v0.42.0 (/app/crates/gripsack-fetch)
#18 26.26     Checking gripsack-trace v0.42.0 (/app/crates/gripsack-trace)
#18 27.18     Checking gripsack-exec v0.42.0 (/app/crates/gripsack-exec)
#18 27.18     Checking gripsack-lint v0.42.0 (/app/crates/gripsack-lint)
#18 28.24     Checking gripsack-fuzz v0.0.0 (/app/fuzz)
#18 28.24     Checking gripsack v0.42.0 (/app/crates/gripsack)
#18 29.13     Finished `dev` profile [unoptimized + debuginfo] target(s) in 27.97s
#18 29.61    Compiling equivalent v1.0.2
#18 29.61    Compiling cfg-if v1.0.4
#18 29.61    Compiling once_cell v1.21.4
#18 29.61    Compiling memchr v2.8.3
#18 29.62    Compiling foldhash v0.2.0
#18 29.62    Compiling allocator-api2 v0.2.21
#18 29.62    Compiling itoa v1.0.18
#18 29.62    Compiling verus_builtin v0.0.0-2026-09-06-0133
#18 29.62    Compiling smallvec v1.15.2
#18 29.63    Compiling linux-raw-sys v0.12.1
#18 29.63    Compiling bitflags v2.13.1
#18 29.63    Compiling winnow v1.0.4
#18 29.63    Compiling toml_writer v1.1.2+spec-1.1.0
#18 29.63    Compiling stable_deref_trait v1.2.1
#18 29.64    Compiling percent-encoding v2.3.2
#18 29.64    Compiling typenum v1.20.1
#18 29.65    Compiling libc v0.2.189
#18 29.65    Compiling serde_core v1.0.229
#18 29.65    Compiling zmij v1.0.23
#18 29.65    Compiling io-lifetimes v2.0.4
#18 29.65    Compiling io-lifetimes v3.0.1
#18 29.65    Compiling ipnet v2.12.1
#18 29.65    Compiling ambient-authority v0.0.2
#18 29.66    Compiling maybe-owned v0.3.4
#18 29.67    Compiling fastrand v2.5.0
#18 29.67    Compiling winnow v0.7.15
#18 29.67    Compiling indexmap v2.14.0
#18 29.67    Compiling log v0.4.34
#18 29.67    Compiling litemap v0.8.3
#18 29.67    Compiling writeable v0.6.4
#18 29.67    Compiling thiserror v2.0.20
#18 29.67    Compiling zerofrom v0.1.8
#18 29.67    Compiling zeroize v1.9.0
#18 29.67    Compiling const-oid v0.10.2
#18 29.67    Compiling cpufeatures v0.3.0
#18 29.75    Compiling io-extras v0.19.0
#18 29.75    Compiling utf8_iter v1.0.4
#18 29.77    Compiling icu_properties_data v2.3.0
#18 29.77    Compiling icu_normalizer_data v2.3.0
#18 29.77    Compiling pin-project-lite v0.2.17
#18 29.79    Compiling simd-adler32 v0.3.10
#18 29.81    Compiling tracing-core v0.1.36
#18 29.83    Compiling untrusted v0.9.0
#18 29.85    Compiling crc32fast v1.5.1
#18 29.86    Compiling adler2 v2.0.1
#18 29.87    Compiling form_urlencoded v1.2.2
#18 29.87    Compiling yoke v0.8.3
#18 29.88    Compiling regex-syntax v0.8.11
#18 29.90    Compiling subtle v2.6.1
#18 29.90    Compiling zlib-rs v0.6.7
#18 29.92    Compiling rustls-pki-types v1.15.1
#18 29.92    Compiling bumpalo v3.20.3
#18 29.93    Compiling libbz2-rs-sys v0.2.5
#18 29.94    Compiling typed-path v0.12.3
#18 29.98    Compiling openssl-probe v0.2.1
#18 30.00    Compiling base64 v0.22.1
#18 30.01    Compiling num-traits v0.2.19
#18 30.02    Compiling httpdate v1.0.3
#18 30.02    Compiling scopeguard v1.2.0
#18 30.05    Compiling miniz_oxide v0.8.9
#18 30.05    Compiling zerocopy v0.8.56
#18 30.06    Compiling ref-cast v1.0.27
#18 30.11    Compiling hashbrown v0.17.1
#18 30.11    Compiling lock_api v0.4.14
#18 30.12    Compiling borrow-or-share v0.2.4
#18 30.12    Compiling bit-vec v0.8.0
#18 30.14    Compiling bytecount v0.6.9
#18 30.15    Compiling outref v0.5.2
#18 30.16    Compiling zerovec v0.11.8
#18 30.18    Compiling zerotrie v0.2.5
#18 30.21    Compiling rustix v1.1.4
#18 30.23    Compiling num-cmp v0.1.0
#18 30.24    Compiling vsimd v0.8.0
#18 30.24    Compiling ryu v1.0.23
#18 30.27    Compiling micromap v0.3.0
#18 30.28    Compiling unsafe-libyaml v0.2.11
#18 30.38    Compiling aho-corasick v1.1.5
#18 30.39    Compiling zopfli v0.8.3
#18 30.41    Compiling strum v0.28.0
#18 30.48    Compiling webpki-roots v1.0.9
#18 30.49    Compiling rustls-native-certs v0.8.4
#18 30.50    Compiling bit-set v0.8.0
#18 30.51    Compiling tracing v0.1.44
#18 30.57    Compiling unicode-general-category v1.1.0
#18 30.60    Compiling webpki-roots v0.26.11
#18 30.61    Compiling data-encoding v2.11.1
#18 30.62    Compiling lazy_static v1.5.0
#18 30.66    Compiling tracing-log v0.2.0
#18 30.69    Compiling thread_local v1.1.10
#18 30.71    Compiling sharded-slab v0.1.7
#18 30.73    Compiling bzip2 v0.6.1
#18 30.77    Compiling nu-ansi-term v0.50.3
#18 30.85    Compiling utf8parse v0.2.2
#18 30.90    Compiling uuid-simd v0.8.0
#18 30.92    Compiling unicode-width v0.2.2
#18 30.94    Compiling anstyle-parse v1.0.0
#18 30.95    Compiling anstyle-query v1.1.5
#18 30.99    Compiling colorchoice v1.0.5
#18 31.01    Compiling anstyle v1.0.14
#18 31.02    Compiling verus_state_machines_macros v0.0.0-2026-09-06-0133
#18 31.03    Compiling is_terminal_polyfill v1.70.2
#18 31.03    Compiling strsim v0.11.1
#18 31.03    Compiling clap_lex v1.1.0
#18 31.04    Compiling portable-atomic v1.15.0
#18 31.10    Compiling tinystr v0.8.4
#18 31.11    Compiling jobserver v0.1.35
#18 31.22    Compiling hybrid-array v0.4.14
#18 31.24    Compiling getrandom v0.4.3
#18 31.25    Compiling potential_utf v0.1.6
#18 31.25    Compiling getrandom v0.2.17
#18 31.26    Compiling filetime v0.2.29
#18 31.28    Compiling gripsack-process v0.42.0 (/app/crates/gripsack-process)
#18 31.29    Compiling num-integer v0.1.47
#18 31.36    Compiling icu_locale_core v2.3.0
#18 31.36    Compiling parking_lot_core v0.9.12
#18 31.37    Compiling num-complex v0.4.6
#18 31.37    Compiling getrandom v0.3.4
#18 31.38    Compiling icu_collections v2.3.0
#18 31.42    Compiling anstream v1.0.0
#18 31.44    Compiling console v0.16.4
#18 31.45    Compiling unit-prefix v0.5.2
#18 31.50    Compiling cc v1.4.4
#18 31.52    Compiling shell-words v1.1.1
#18 31.52    Compiling owo-colors v4.3.0
#18 31.59    Compiling toml_parser v1.1.3+spec-1.1.0
#18 31.62    Compiling parking_lot v0.12.5
#18 31.76    Compiling num-bigint v0.4.8
#18 31.76    Compiling num-iter v0.1.46
#18 31.76    Compiling clap_builder v4.6.6
#18 32.15    Compiling indicatif v0.18.6
#18 32.16    Compiling block-buffer v0.12.1
#18 32.16    Compiling crypto-common v0.2.2
#18 32.71    Compiling regex-automata v0.4.18
#18 32.71    Compiling jsonschema-regex v0.55.0
#18 32.92    Compiling icu_provider v2.3.1
#18 33.27    Compiling icu_normalizer v2.3.0
#18 33.27    Compiling icu_properties v2.3.0
#18 33.33    Compiling digest v0.11.3
#18 33.46    Compiling serde v1.0.229
#18 33.46    Compiling serde_json v1.0.151
#18 33.46    Compiling serde_spanned v1.1.1
#18 33.46    Compiling toml_datetime v0.7.5+spec-1.1.0
#18 33.47    Compiling toml_datetime v1.1.1+spec-1.1.0
#18 33.51    Compiling sha2 v0.11.0
#18 33.57    Compiling num-rational v0.4.2
#18 33.65    Compiling zstd-sys v2.0.16+zstd.1.5.7
#18 33.65    Compiling ring v0.17.14
#18 33.65    Compiling lzma-sys v0.1.20
#18 33.71    Compiling flate2 v1.1.9
#18 33.74    Compiling toml v1.1.4+spec-1.1.0
#18 33.74    Compiling toml_edit v0.25.13+spec-1.1.0
#18 33.76    Compiling toml v0.9.12+spec-1.1.0
#18 34.12    Compiling num v0.4.3
#18 34.17    Compiling fraction v0.17.0
#18 34.36    Compiling fluent-uri v0.4.1
#18 34.38    Compiling email_address v0.2.9
#18 34.38    Compiling serde_yaml v0.9.34+deprecated
#18 34.38    Compiling tracing-serde v0.2.0
#18 34.85    Compiling clap v4.6.6
#18 35.02    Compiling fs-set-times v0.20.3
#18 35.02    Compiling rustix-linux-procfs v0.1.1
#18 35.03    Compiling tempfile v3.27.0
#18 35.03    Compiling xattr v1.6.1
#18 35.12    Compiling idna_adapter v1.2.2
#18 35.24    Compiling cap-primitives v4.0.3
#18 35.27    Compiling idna v1.1.0
#18 35.35    Compiling xz2 v0.1.7
#18 35.40    Compiling tar v0.4.46
#18 35.44    Compiling dialoguer v0.12.0
#18 35.76    Compiling url v2.5.8
#18 36.03    Compiling cap-std v4.0.3
#18 36.24    Compiling rustls v0.23.45
#18 36.42    Compiling gripsack-fs v0.42.0 (/app/crates/gripsack-fs)
#18 36.47    Compiling ahash v0.8.12
#18 36.78    Compiling jsonschema-value v0.55.0
#18 36.78    Compiling referencing v0.55.0
#18 37.30    Compiling fancy-regex v0.19.1
#18 37.30    Compiling regex v1.13.1
#18 37.30    Compiling matchers v0.2.0
#18 37.32    Compiling vstd v0.0.0-2026-09-06-0133
#18 37.38    Compiling tracing-subscriber v0.3.23
#18 38.17    Compiling rustls-webpki v0.103.15
#18 38.27    Compiling zstd-safe v7.2.4
#18 38.49    Compiling jsonschema v0.55.0
#18 38.52    Compiling zstd v0.13.3
#18 38.83    Compiling zip v8.6.0
#18 40.17    Compiling gripsack-policy v0.42.0 (/app/crates/gripsack-policy)
#18 40.40    Compiling gripsack-ir v0.42.0 (/app/crates/gripsack-ir)
#18 42.25    Compiling ureq v2.12.1
#18 43.57    Compiling gripsack-store v0.42.0 (/app/crates/gripsack-store)
#18 43.57    Compiling gripsack-config v0.42.0 (/app/crates/gripsack-config)
#18 43.57    Compiling griplint v0.42.0 (/app/crates/griplint)
#18 44.71    Compiling gripsack-fetch v0.42.0 (/app/crates/gripsack-fetch)
#18 44.71    Compiling gripsack-trace v0.42.0 (/app/crates/gripsack-trace)
#18 46.54    Compiling gripsack-exec v0.42.0 (/app/crates/gripsack-exec)
#18 46.54    Compiling gripsack-lint v0.42.0 (/app/crates/gripsack-lint)
#18 48.41    Compiling gripsack-fuzz v0.0.0 (/app/fuzz)
#18 51.45    Compiling gripsack v0.42.0 (/app/crates/gripsack)
#18 60.03     Finished `test` profile [unoptimized + debuginfo] target(s) in 30.83s
#18 60.07      Running unittests src/lib.rs (target/debug/deps/griplint-649ce6e1a3a65ac3)
#18 60.07 
#18 60.07 running 19 tests
#18 60.07 test admission::tests::file_loader_has_the_same_admission_boundary ... ok
#18 60.07 test admission::tests::explicit_no_table_preserves_coverage_without_parsing ... ok
#18 60.07 test document::tests::error_spans_map_bytes_to_code_point_columns ... ok
#18 60.07 test document::tests::indented_multichar_keys_get_real_columns ... ok
#18 60.07 test golden::severity_serializes_lowercase ... ok
#18 60.07 test value::tests::numbers_compare_across_int_and_float ... ok
#18 60.07 test value::tests::typed_matching_keeps_null_and_boolean_distinct ... ok
#18 60.07 test checks::tests::version_coverage_is_numeric_not_textual ... ok
#18 60.07 test document::tests::json_and_yaml_null_stay_null ... ok
#18 60.07 test difflib::tests::the_fixture_suggestions_hold ... ok
#18 60.07 test admission::tests::formats_dispatch_without_extension_assumptions ... ok
#18 60.07 test admission::tests::free_keys_and_sections_preserve_arbitrary_descendants ... ok
#18 60.07 test admission::tests::whole_rules_check_sections_without_checking_their_members ... ok
#18 60.07 test admission::tests::key_diagnostics_and_leniency_survive_admission ... ok
#18 60.08 test admission::tests::markers_are_typed_and_exclusive ... ok
#18 60.08 test admission::tests::malformed_key_rules_never_turn_sections_free ... ok
#18 60.08 test admission::tests::metadata_and_dispatch_must_be_actionable ... ok
#18 60.12 test admission::tests::every_embedded_pack_is_admitted ... ok
#18 60.29 test golden::golden_corpus_replays ... ok
#18 60.29 
#18 60.29 test result: ok. 19 passed; 0 failed; 0 ignored; 0 measured; 0 filtered out; finished in 0.23s
#18 60.29 
#18 60.29      Running unittests src/main.rs (target/debug/deps/grip-85d61296dd07cae5)
#18 60.29 
#18 60.29 running 22 tests
#18 60.30 test commands::adopt::generate::tests::ident_is_always_a_valid_ts_identifier ... ok
#18 60.30 test commands::adopt::generate::tests::module_source_escapes_hostile_strings ... ok
#18 60.30 test commands::adopt::generate::tests::module_source_shapes ... ok
#18 60.30 test commands::adopt::generate::tests::names_and_idents ... ok
#18 60.30 test commands::adopt::generate::tests::update_host_bails_on_unexpected_shape ... ok
#18 60.30 test commands::adopt::generate::tests::update_host_ignores_the_template_header_comment ... ok
#18 60.30 test commands::adopt::generate::tests::update_host_single_line_arrays ... ok
#18 60.30 test commands::adopt::generate::tests::update_host_multiline_array ... ok
#18 60.30 test render::tests::missing_file_degrades_gracefully ... ok
#18 60.30 test render::tests::renders_header_and_help_without_color ... ok
#18 60.30 test commands::self_update::payload::tests::root_and_nested_candidates_are_ambiguous ... ok
#18 60.30 test commands::self_update::payload::tests::probe_requires_success_and_a_single_grip_version ... ok
#18 60.30 test render::tests::invalid_diagnostic_coordinates_never_read_a_source_snippet ... ok
#18 60.30 test commands::self_update::payload::tests::symlink_files_and_symlink_directories_are_not_candidates ... ok
#18 60.30 test commands::frontend::tests::every_builtin_read_grant_rejects_a_comma_before_deno_spawn ... ok
#18 60.30 test render::tests::renders_snippet_when_file_exists ... ok
#18 60.30 test commands::self_update::installation::tests::deleted_suffix_is_only_stripped_for_a_missing_original ... ok
#18 60.30 test commands::self_update::installation::tests::replacement_invalidates_installed_version_evidence ... ok
#18 60.30 test commands::self_update::installation::tests::parent_drift_does_not_redirect_publication ... ok
#18 60.30 test render::tests::source_snippets_cannot_escape_the_repo_capability ... ok
#18 60.31 test commands::self_update::payload::tests::flooding_version_peer_is_rejected ... ok
#18 60.31 test commands::self_update::installation::tests::symlink_install_keeps_target_semantics ... ok
#18 60.31 
#18 60.31 test result: ok. 22 passed; 0 failed; 0 ignored; 0 measured; 0 filtered out; finished in 0.02s
#18 60.31 
#18 60.31      Running unittests src/lib.rs (target/debug/deps/gripsack_config-98cadf244e260699)
#18 60.31 
#18 60.31 running 11 tests
#18 60.31 test tests::defaults_are_sane ... ok
#18 60.31 test tests::parses_throttle_table ... ok
#18 60.31 test tests::eval_deps_is_gone ... ok
#18 60.31 test tests::parses_env_toml ... ok
#18 60.31 test tests::python_frontend_is_a_migration_error ... ok
#18 60.31 test tests::repo_wins_user_fills_gaps ... ok
#18 60.31 test tests::typescript_frontend_declaration_is_tolerated ... ok
#18 60.31 test tests::typo_key_is_a_span_labeled_diagnostic ... ok
#18 60.31 test tests::unknown_frontend_value_errors_the_same_way ... ok
#18 60.31 test tests::unknown_top_level_key_is_an_error ... ok
#18 60.31 test tests::user_value_used_when_repo_silent ... ok
#18 60.31 
#18 60.31 test result: ok. 11 passed; 0 failed; 0 ignored; 0 measured; 0 filtered out; finished in 0.00s
#18 60.31 
#18 60.31      Running unittests src/lib.rs (target/debug/deps/gripsack_exec-dffae998a3a5be8e)
#18 60.31 
#18 60.31 running 49 tests
#18 60.32 test facts::tests::facts_match_the_running_host ... ok
#18 60.32 test facts::tests::glibc_version_parses_both_ldd_wordings ... ok
#18 60.32 test frontend::tests::path_deno_version_gate_matches_major ... ok
#18 60.32 test lineage_model::a_mid_apply_external_write_is_aborted_never_clobbered ... ok
#18 60.32 test lineage_model::chmod_only_drift_is_preserved_never_silently_reverted ... ok
#18 60.32 test lineage_model::preserved_drift_never_authorizes_an_update ... ok
#18 60.32 test managed_blocks::tests::malformed_markers_never_grant_splice_ranges ... ok
#18 60.32 test managed_blocks::tests::later_hand_edits_are_classified_and_other_modules_stay_untouched ... ok
#18 60.32 test managed_blocks::tests::foreign_bytes_survive_reconcile_and_removal ... ok
#18 60.32 test managed_blocks::tests::markers_roundtrip_across_comment_styles_and_legacy_metadata ... ok
#18 60.32 test template::tests::template_substitutes_and_escapes ... ok
#18 60.32 test deploy::tests::restore_never_writes_a_dangling_owned_link ... ok
#18 60.32 test resolve::identity_tests::provenance_differences_hash_identically ... ok
#18 60.32 test report::update_model::every_survey_order_preserves_error_over_change_precedence ... ok
#18 60.32 test template::tests::template_unbalanced_braces_error ... ok
#18 60.32 test template::tests::template_undefined_variable_is_a_loud_error ... ok
#18 60.32 test tests::build_edges_constrain_order_too ... ok
#18 60.32 test tests::cycles_are_named ... ok
#18 60.32 test tests::dependencies_come_first ... ok
#18 60.32 test managed_blocks::tests::every_mode_record_participates_independently_of_order ... ok
#18 60.32 test tests::diamond_is_deterministic ... ok
#18 60.32 test tests::waves_levelize_the_dag ... ok
#18 60.33 test deploy::tests::symlinked_ancestor_into_repo_is_detected ... ok
#18 60.33 test ops::model::tests::a_build_only_dep_plans_zero_destination_ops ... ok
#18 60.33 test source::overlay::tests::leaf_link_is_replaced_without_writing_its_target ... ok
#18 60.33 test lineage_model::ownership_lineage_holds_over_every_sequence ... ok
#18 60.33 test source::overlay::tests::fetched_link_ancestor_cannot_redirect_an_overlay ... ok
#18 60.33 test source::overlay::tests::overlay_pin_and_bytes_belong_to_the_same_snapshot ... ok
#18 60.35 test deploy::tests::journaled_mutation_must_reach_its_intended_state ... ok
#18 60.35 test source::overlay::tests::top_level_links_have_the_same_preview_and_staged_identity ... ok
#18 60.35 test env::tests::empty_contributions_remove_the_file ... ok
#18 60.35 test env::tests::renders_set_prepend_append_with_store_resolution ... ok
#18 60.35 test env::tests::duplicate_contributions_render_once ... ok
#18 60.35 test lockfile::tests::roundtrip ... ok
#18 60.36 test ops::model::tests::a_spelling_change_plans_no_op ... ok
#18 60.39 test gc::tests::collects_only_unreferenced_store_paths ... ok
#18 60.39 test gc::tests::keep_generations_prunes_oldest_and_their_paths ... ok
#18 60.39 test gc::tests::never_prunes_the_current_generation ... ok
#18 60.39 test gc::tests::why_owns_finds_the_owner ... ok
#18 60.40 test mode_model::links_carry_the_payload_mode_without_normalizing_it ... ok
#18 60.42 test gc::tests::a_session_for_another_home_authorizes_nothing_here ... ok
#18 60.43 test gc::tests::unfinished_recovery_blocks_collection ... ok
#18 60.44 test gc::tests::quarantined_entries_block_collection ... ok
#18 60.44 test gc::tests::reconciled_journal_unblocks_collection ... ok
#18 60.56 test mode_model::merge_host_modes_are_planned_and_drift_never_authorizes_prune ... ok
#18 60.59 test frontend::tests::embed_materializes_tree_and_marker ... ok
#18 60.82 test frontend::tests::materialize_flips_the_stable_current_link ... ok
#18 61.63 test ops::model::tests::the_planned_op_matches_the_algebra_and_executes_to_its_intent ... ok
#18 62.01 test mode_model::whole_file_modes_survive_update_restore_drift_and_prune ... ok
#18 62.01 
#18 62.01 test result: ok. 49 passed; 0 failed; 0 ignored; 0 measured; 0 filtered out; finished in 1.70s
#18 62.01 
#18 62.02      Running tests/workspace_execution_gate.rs (target/debug/deps/workspace_execution_gate-3c87fdd2eaf24a00)
#18 62.02 
#18 62.02 running 1 test
#18 62.02 test every_direct_executor_entry_rejects_before_home_mutation ... ok
#18 62.02 
#18 62.02 test result: ok. 1 passed; 0 failed; 0 ignored; 0 measured; 0 filtered out; finished in 0.00s
#18 62.02 
#18 62.02      Running unittests src/lib.rs (target/debug/deps/gripsack_fetch-a70d1a7feed20a6a)
#18 62.02 
#18 62.02 running 61 tests
#18 62.02 test bottle::tests::all_is_a_last_resort_under_a_validated_policy ... ok
#18 62.02 test bottle::tests::apple_silicon_orders_by_chronology_not_spelling ... ok
#18 62.02 test bottle::tests::arm64_linux_is_not_a_mac_bottle ... ok
#18 62.02 test bottle::tests::future_macos_major_admits_its_own_codename ... ok
#18 62.02 test bottle::tests::intel_mac_never_takes_the_linux_bottle ... ok
#18 62.02 test bottle::tests::intel_mac_takes_the_newest_bottle_the_host_can_run ... ok
#18 62.03 test bottle::tests::linux_matches_exact_architecture ... ok
#18 62.03 test bottle::tests::missing_macos_version_fact_refuses_rather_than_guessing ... ok
#18 62.03 test bottle::tests::older_macos_refuses_newer_bottle_with_the_requirement ... ok
#18 62.03 test bottle::tests::unknown_tags_are_reported_not_matched ... ok
#18 62.03 test bottle::tests::unsupported_architecture_fails_clearly ... ok
#18 62.03 test bottle::tests::version_parsing_is_componentwise ... ok
#18 62.03 test host::tests::bundled_releases_have_full_platform_tables ... ok
#18 62.03 test host::tests::deno_urls_use_the_glibc_linux_assets ... ok
#18 62.03 test host::tests::placeholder_table_covers_every_convention ... ok
#18 62.03 test http::body::tests::a_new_attempt_cannot_reset_consumed_transfer_bytes ... ok
#18 62.03 test host::tests::resolves_the_host_asset ... ok
#18 62.03 test http::failure::tests::certificate_failures_are_not_transient_connections ... ok
#18 62.03 test http::failure::tests::rate_limit_advice_is_evidence_based_and_locations_are_redacted ... ok
#18 62.03 test http::retry::tests::real_retry_policy_has_fixed_deadline_and_bounded_attempts ... ok
#18 62.03 test http::retry::tests::terminal_classes_and_upstream_cooldowns_never_get_fast_replays ... ok
#18 62.03 test http::tests::host_binding_survives_url_normalization ... ok
#18 62.03 test http::tests::proxy_bypass_preserves_domain_and_port_boundaries ... ok
#18 62.03 test http::tests::credential_routing_model_uses_actual_host_selector ... ok
#18 62.03 test plugins::segment_tests::traversal_tags_are_refused ... ok
#18 62.03 test placeholders::tests::missing_empty_or_escaping_expansions_never_become_paths ... ok
#18 62.03 test placeholders::tests::explicit_bare_version_is_shared_without_changing_legacy_asset_precedence ... ok
#18 62.03 test plugins::tests::parse_ref_shapes ... ok
#18 62.03 test resolve::atom_tests::no_core_tag_is_none_and_malformed_versions_skip ... ok
#18 62.03 test resolve::atom_tests::picks_the_newest_core_tag_among_mixed_namespaces ... ok
#18 62.03 test resolve::base_url_tests::bare_ghe_host_gets_api_v3 ... ok
#18 62.03 test resolve::tests::missing_asset_lists_available ... ok
#18 62.03 test resolve::tests::v_prefix_variants_match ... ok
#18 62.03 test tests::exe_naming ... ok
#18 62.03 test resolve::tests::picks_expanded_asset ... ok
#18 62.03 test throttle::tests::parses_budget_syntax ... ok
#18 62.03 test throttle::tests::unknown_domains_pass_through ... ok
#18 62.03 test throttle::tests::url_host_extraction ... ok
#18 62.03 test throttle::tests::user_override_beats_plugin_declaration ... ok
#18 62.03 test fetch::archive::tests::traversal_is_rejected_before_tar_materialization ... ok
#18 62.03 test fetch::archive::tests::aggregate_tar_path_metadata_is_bounded_before_extraction ... ok
#18 62.03 test fetch::archive::tests::zip_entry_budget_precedes_directory_allocation ... ok
#18 62.03 test throttle::tests::plugin_declaration_replaces_builtin_default ... ok
#18 62.03 test fetch::archive::tests::a_symlink_destination_cannot_redirect_acquisition ... ok
#18 62.03 test tests::discovers_executable_on_path ... ok
#18 62.03 test fetch::tarball::tests::transport_mismatch_never_extracts_payload ... ok
#18 62.03 test fetch::archive::tests::xz_tar_extracts_without_a_payload_buffer ... ok
#18 62.03 test fetch::plugin::tests::round_trip_and_reported_hash_verification ... ok
#18 62.03 test fetch::plugin::tests::no_response_or_nonzero_exit_is_not_a_fetch ... ok
#18 62.03 test fetch::archive::tests::decompressed_limit_is_checked_on_actual_bytes ... ok
#18 62.03 test fetch::archive::tests::zip_crc_cannot_be_bypassed_by_raw_stream_decoding ... ok
#18 62.03 test fetch::file::tests::file_fetch_extracts_tarball ... ok
#18 62.03 test fetch::archive::tests::bare_and_compressed_binaries_preserve_executability ... ok
#18 62.04 test plugins::tests::receipt_roundtrips_and_current_resolves ... ok
#18 62.04 test fetch::plugin::tests::bounded_tree_is_checked_before_hash ... ok
#18 62.04 test fetch::plugin::tests::response_does_not_hide_output_failure ... ok
#18 62.04 test fetch::plugin::tests::simultaneous_pipe_pressure_and_early_response ... ok
#18 62.10 test fetch::git::tests::git_fetch_clones_at_rev ... ok
#18 62.28 test throttle::tests::bucket_enforces_the_budget ... ok
#18 66.55 test fetch::plugin::tests::silent_and_response_then_linger_both_fail ... ok
#18 66.56 test fetch::plugin::tests::capability_results_require_a_clean_exit ... ok
#18 66.56 
#18 66.56 test result: ok. 61 passed; 0 failed; 0 ignored; 0 measured; 0 filtered out; finished in 4.54s
#18 66.56 
#18 66.56      Running unittests src/lib.rs (target/debug/deps/gripsack_fs-269bf90eee70c137)
#18 66.57 
#18 66.57 running 14 tests
#18 66.58 test streamed::tests::failed_stream_keeps_old_destination_and_cleans_private_temp ... ok
#18 66.58 test tests::copy_dir_preserves_symlinks_and_merges ... ok
#18 66.59 test streamed::tests::publishes_complete_bytes_and_exact_mode_in_real_operation_order ... ok
#18 66.59 test tests::symlink_replace_flips_atomically ... ok
#18 66.59 test tests::atomic_write_preserves_the_destinations_mode ... ok
#18 66.59 test tests::atomic_write_creates_parent_dirs ... ok
#18 66.59 test persistence_model::streamed_executable_publication_is_ordered_at_every_cut ... ok
#18 66.60 test tests::atomic_write_lands_content_without_leftovers ... ok
#18 66.60 test tests::atomic_write_with_mode_lands_exact_permissions ... ok
#18 66.60 test tests::publish_lands_files_read_only ... ok
#18 66.60 test tests::publish_refuses_an_existing_dest ... ok
#18 66.61 test tests::publish_cross_filesystem_preserves_modes ... ok
#18 66.67 test persistence_model::atomic_file_link_and_tree_publication_are_ordered_at_every_cut ... ok
#18 67.51 test tests::writes_stay_on_the_pinned_inode_under_parent_swap ... ok
#18 67.51 
#18 67.51 test result: ok. 14 passed; 0 failed; 0 ignored; 0 measured; 0 filtered out; finished in 0.94s
#18 67.51 
#18 67.51      Running unittests src/lib.rs (target/debug/deps/gripsack_fuzz-9a12eabf6429ce28)
#18 67.52 
#18 67.52 running 0 tests
#18 67.52 
#18 67.52 test result: ok. 0 passed; 0 failed; 0 ignored; 0 measured; 0 filtered out; finished in 0.00s
#18 67.52 
#18 67.52      Running unittests src/bin/replay.rs (target/debug/deps/replay-61c17f12d11f0e03)
#18 67.52 
#18 67.52 running 0 tests
#18 67.52 
#18 67.52 test result: ok. 0 passed; 0 failed; 0 ignored; 0 measured; 0 filtered out; finished in 0.00s
#18 67.52 
#18 67.52      Running unittests src/lib.rs (target/debug/deps/gripsack_ir-3b19633ffcb5d796)
#18 67.52 
#18 67.52 running 65 tests
#18 67.52 test host_name::tests::rejects_path_shaped_hosts_before_they_can_name_files ... ok
#18 67.52 test sema::contract_tests::unknown_fields_are_parse_errors_now ... ok
#18 67.52 test sema::destinations::tests::step_entries_obey_destination_rules ... ok
#18 67.52 test sema::steps::tests::single_fetch_step_pins_multiple_refused ... ok
#18 67.52 test sema::destinations::case_tests::case_variant_destinations_fold_on_every_host ... ok
#18 67.52 test sema::tests::malformed_json_is_e000 ... ok
#18 67.52 test sema::tests::destination_shaped_verify_path_is_e109 ... ok
#18 67.52 test sema::placeholders::tests::the_known_set_passes_clean ... ok
#18 67.53 test sema::tests::legacy_ir_is_rejected_before_decoding_renamed_fields ... ok
#18 67.53 test sema::tests::dotfiles_only_module_needs_no_source ... ok
#18 67.53 test sema::placeholders::tests::a_typo_is_an_error_with_a_span_and_a_suggestion ... ok
#18 67.53 test sema::tests::spanless_nodes_still_render ... ok
#18 67.53 test sema::tests::declared_and_builtin_resources_pass ... ok
#18 67.53 test sema::tests::merge_and_template_modes_pass_sema_with_vars_and_marker ... ok
#18 67.53 test sema::tests::rejects_wrong_version ... ok
#18 67.53 test sema::tests::explicit_steps_validate ... ok
#18 67.53 test sema::tests::collects_multiple_diagnostics ... ok
#18 67.53 test sema::tests::unknown_edge_kind_is_span_labeled_e122 ... ok
#18 67.53 test sema::tests::undeclared_resource_is_e107 ... ok
#18 67.53 test sema::tests::steps_plus_declarative_fields_is_e103 ... ok
#18 67.53 test sema::tests::run_action_parses_with_outputs ... ok
#18 67.53 test sema::tests::external_done_barrier_is_valid_but_self_barrier_is_rejected ... ok
#18 67.53 test sema::workspace::destinations::tests::duplicate_profile_destinations_label_every_declaration ... ok
#18 67.53 test sema::tests::duplicate_and_reserved_step_ids_are_e106 ... ok
#18 67.53 test sema::tests::cross_module_ref_into_declarative_module ... ok
#18 67.53 test sema::tests::unknown_dependency_carries_span_and_code ... ok
#18 67.53 test sema::workspace::cycles::tests::production_cycles_label_every_member ... ok
#18 67.53 test sema::workspace::destinations::tests::mixed_policies_over_one_path_still_collide ... ok
#18 67.53 test sema::workspace::names::tests::duplicate_output_names_label_both_spans ... ok
#18 67.53 test sema::workspace::cycles::tests::validation_edges_never_close_a_cycle ... ok
#18 67.53 test sema::workspace::cycles::tests::task_dependency_cycles_are_rejected ... ok
#18 67.53 test sema::tests::parses_and_validates_example ... ok
#18 67.53 test sema::workspace::destinations::tests::same_destination_across_profiles_rejects_and_equal_names_coexist ... ok
#18 67.53 test sema::workspace::policy::tests::omitted_required_validation_and_producer_fail_closed_with_both_sites ... ok
#18 67.53 test sema::workspace::policy::tests::omitted_build_input_and_runtime_edges_fail_admission ... ok
#18 67.53 test sema::workspace::refs::tests::check_subject_must_resolve_to_an_output ... ok
#18 67.53 test sema::workspace::policy::tests::catalog_index_corruption_rejects_before_closure ... ok
#18 67.53 test sema::workspace::refs::tests::selection_target_mismatch_labels_both_sites ... ok
#18 67.53 test sema::workspace::tests::envelope_shape_is_version_dispatched ... ok
#18 67.53 test sema::workspace::tests::profile_with_literal_file_needs_no_synthetic_package ... ok
#18 67.53 test sema::workspace::policy::tests::projected_kind_or_binding_reclassification_fails_closed ... ok
#18 67.53 test workspace::platform::tests::target_floor_and_abi_admit_only_compatible_consumers ... ok
#18 67.53 test sema::workspace::refs::tests::producer_target_mismatch_labels_both_sites ... ok
#18 67.53 test sema::workspace::policy::tests::production_closure_excludes_runtime_and_preserves_validation ... ok
#18 67.54 test sema::workspace::tests::unknown_workspace_fields_label_the_declaring_span ... ok
#18 67.54 test sema::workspace::span_value::tests::invalid_nested_command_coordinates_remain_source_labeled ... ok
#18 67.54 test sema::workspace::tests::package_and_recipe_workspace_admits ... ok
#18 67.54 test sema::workspace::span_value::tests::file_content_requires_source_unless_literal ... ok
#18 67.54 test sema::workspace::refs::tests::artifact_references_reject_non_artifact_kinds ... ok
#18 67.54 test sema::workspace::policy::tests::adjacent_local_steps_lower_to_ordering_not_build_edges ... ok
#18 67.54 test sema::workspace::span_value::tests::incompatible_abi_and_unsafe_prefix_label_the_declaration ... ok
#18 67.54 test sema::workspace::span_value::tests::decoded_bash_interpolation_rejects_at_original_script_line ... ok
#18 67.54 test sema::workspace::span_value::tests::degenerate_spans_and_values_are_rejected ... ok
#18 67.54 test sema::paths::tests::path_shape_rules ... ok
#18 67.54 test sema::workspace::tests::provider_backed_package_needs_no_recipe_output ... ok
#18 67.54 test sema::workspace::policy::tests::projected_reference_site_substitution_fails_closed ... ok
#18 67.54 test sema::workspace::refs::tests::invalid_references_are_rejected ... ok
#18 67.54 test sema::workspace::tests::provider_fetch_fields_never_drop_silently ... ok
#18 67.54 test sema::workspace::tests::unknown_workspace_fields_never_drop_silently ... ok
#18 67.54 test sema::workspace::policy::tests::substituted_graph_references_fail_closed_at_declaration ... ok
#18 67.54 test sema::workspace::refs::tests::fixed_prefix_packages_cannot_be_selected_without_prefix ... ok
#18 67.54 test sema::workspace::context::tests::command_references_and_contexts_are_admitted ... ok
#18 67.54 test sema::workspace::refs::tests::task_schedule_profile_image_refs_are_typed ... ok
#18 67.54 test sema::workspace::span_value::tests::escaping_profile_file_destinations_reject_at_the_declaration ... ok
#18 67.54 test sema::workspace::refs::tests::artifact_selectors_must_be_normalized_relative_paths ... ok
#18 67.54 
#18 67.54 test result: ok. 65 passed; 0 failed; 0 ignored; 0 measured; 0 filtered out; finished in 0.03s
#18 67.54 
#18 67.54      Running tests/schema_acceptance.rs (target/debug/deps/schema_acceptance-1a169573e71c6ca0)
#18 67.54 
#18 67.54 running 3 tests
#18 67.58 test schema_pattern_assertions_execute ... ok
#18 67.58 test valid_documents_are_admitted_by_both_sides ... ok
#18 67.58 test rejected_documents_fail_both_sides ... ok
#18 67.58 
#18 67.58 test result: ok. 3 passed; 0 failed; 0 ignored; 0 measured; 0 filtered out; finished in 0.04s
#18 67.58 
#18 67.58      Running tests/workspace_admission.rs (target/debug/deps/workspace_admission-69161928380216ad)
#18 67.58 
#18 67.58 running 3 tests
#18 67.58 test provider_backed_package_lists_as_single_output ... ok
#18 67.58 test admitted_workspace_exposes_named_outputs ... ok
#18 67.58 test serialization_preserves_each_version_envelope ... ok
#18 67.58 
#18 67.58 test result: ok. 3 passed; 0 failed; 0 ignored; 0 measured; 0 filtered out; finished in 0.00s
#18 67.58 
#18 67.59      Running tests/workspace_v4_compat.rs (target/debug/deps/workspace_v4_compat-b35fac2a52f57c5d)
#18 67.59 
#18 67.59 running 3 tests
#18 67.59 test versions_reject_each_others_fields_and_bad_refs ... ok
#18 67.62 test historical_recipe_execution_and_fixed_layout_never_gain_new_policy ... ok
#18 67.62 test historical_schema_and_reader_preserve_opaque_platform_strings ... ok
#18 67.62 
#18 67.62 test result: ok. 3 passed; 0 failed; 0 ignored; 0 measured; 0 filtered out; finished in 0.04s
#18 67.62 
#18 67.62      Running tests/workspace_v5_acceptance.rs (target/debug/deps/workspace_v5_acceptance-33fcbef4cdc72330)
#18 67.62 
#18 67.62 running 5 tests
#18 67.71 test version_dispatch_asymmetry ... ok
#18 67.72 test schema_authored_constraints_execute ... ok
#18 67.72 test valid_documents_are_admitted_by_both_sides ... ok
#18 67.72 test rejected_documents_fail_both_sides ... ok
#18 67.73 test each_output_kind_rejects_undeclared_authority_with_its_own_span ... ok
#18 67.73 
#18 67.73 test result: ok. 5 passed; 0 failed; 0 ignored; 0 measured; 0 filtered out; finished in 0.10s
#18 67.73 
#18 67.73      Running unittests src/lib.rs (target/debug/deps/gripsack_lint-548fb042b5698953)
#18 67.73 
#18 67.73 running 8 tests
#18 67.73 test exchange::tests::severity_coercion_and_crash_codes ... ok
#18 67.73 test exchange::tests::spawn_failure_is_e01 ... ok
#18 67.73 test exchange::tests::missing_response_retains_only_last_three_stderr_lines ... ok
#18 67.73 test exchange::tests::valid_diagnostics_survive_nonzero_exit ... ok
#18 67.74 test exchange::tests::pressure_before_input_and_response_before_input_completion ... ok
#18 67.75 test exchange::tests::output_failure_after_response_keeps_diagnostics_and_adds_e02 ... ok
#18 67.79 test exchange::tests::input_limit_is_not_a_success ... ok
#18 72.25 test exchange::tests::silence_and_response_then_linger_are_deadline_failures ... ok
#18 72.25 
#18 72.25 test result: ok. 8 passed; 0 failed; 0 ignored; 0 measured; 0 filtered out; finished in 4.52s
#18 72.25 
#18 72.25      Running unittests src/lib.rs (target/debug/deps/gripsack_policy-6fb76687af620f0e)
#18 72.26 
#18 72.26 running 0 tests
#18 72.26 
#18 72.26 test result: ok. 0 passed; 0 failed; 0 ignored; 0 measured; 0 filtered out; finished in 0.00s
#18 72.26 
#18 72.26      Running tests/name_index.rs (target/debug/deps/name_index-b8d7482da2a86275)
#18 72.27 
#18 72.27 running 1 test
#18 72.27 test catalog_indices_cannot_bind_another_name_or_escape_the_catalog ... ok
#18 72.27 
#18 72.27 test result: ok. 1 passed; 0 failed; 0 ignored; 0 measured; 0 filtered out; finished in 0.00s
#18 72.27 
#18 72.27      Running tests/schedule_smoke.rs (target/debug/deps/schedule_smoke-94fdc3e3d650f21b)
#18 72.27 
#18 72.27 running 2 tests
#18 72.27 test pure_scheduler_latches_on_failure ... ok
#18 72.27 test pure_scheduler_runs_a_diamond ... ok
#18 72.27 
#18 72.27 test result: ok. 2 passed; 0 failed; 0 ignored; 0 measured; 0 filtered out; finished in 0.00s
#18 72.27 
#18 72.27      Running unittests src/lib.rs (target/debug/deps/gripsack_process-1808502d2508137d)
#18 72.27 
#18 72.27 running 19 tests
#18 72.28 test tests::defaults_match_contract ... ok
#18 72.28 test tests::input_rejected_before_spawn ... ok
#18 72.28 test tests::empty_input_is_closed_immediately ... ok
#18 72.28 test tests::framing_and_input_eof ... ok
#18 72.28 test tests::lifecycle::no_response_is_a_normal_exit ... ok
#18 72.29 test tests::lifecycle::callback_panic_kills_and_reaps_the_leader ... ok
#18 72.32 test tests::exact_line_limit_and_empty_lines ... ok
#18 72.32 test tests::lifecycle::exit_and_signal_status_are_not_routing_policy ... ok
#18 72.32 test tests::spawn_error_and_zero_budget ... ok
#18 72.32 test tests::lifecycle::inherited_pipes_are_killed_on_leader_exit_not_after_a_linger ... ok
#18 72.32 test tests::pressure::response_still_sends_input_and_preserves_exit_failure ... ok
#18 72.33 test tests::tail_is_exact_and_can_be_disabled ... ok
#18 72.33 test tests::pressure::huge_unterminated_line_is_stopped_incrementally ... ok
#18 72.33 test tests::pressure::simultaneous_input_and_output_pressure ... ok
#18 72.35 test tests::pressure::stdout_and_stderr_floods_are_cumulative ... ok
#18 72.36 test tests::pressure::response_does_not_disable_any_output_bound ... ok
#18 72.42 test tests::pressure::early_stdin_close_is_not_an_io_error ... ok
#18 75.28 test tests::lifecycle::silent_process_with_closed_pipes_still_has_a_deadline ... ok
#18 75.29 test tests::pressure::blocked_input_does_not_block_response_or_deadline ... ok
#18 75.29 
#18 75.29 test result: ok. 19 passed; 0 failed; 0 ignored; 0 measured; 0 filtered out; finished in 3.01s
#18 75.29 
#18 75.29      Running unittests src/lib.rs (target/debug/deps/gripsack_store-565ba7d1566be399)
#18 75.29 
#18 75.29 running 58 tests
#18 75.29 test hash::tests::the_two_identity_domains_never_collide ... ok
#18 75.29 test journal::marker::repeated_model::ambiguous_current_retains_partial_journal_without_touching_destinations ... ok
#18 75.29 test journal::marker::repeated_model::partial_restore_then_second_crash_keeps_new_edit_and_restores_other_dest ... ok
#18 75.29 test journal::tests::cross_variant_identities_never_compare_equal ... ok
#18 75.29 test journal::tests::marker_missing_previous_generation_is_rejected ... ok
#18 75.29 test journal::tests::marker_null_previous_generation_is_a_fresh_machine ... ok
#18 75.29 test journal::tests::marker_round_trips_through_the_wire ... ok
#18 75.29 test journal::tests::marker_rejects_duplicates_wrong_types_and_overflow ... ok
#18 75.29 test journal::model::tests::every_schedule_satisfies_the_oracle ... ok
#18 75.29 test journal::tests::wire_admission_rejects_legacy_versions_and_malformed ... ok
#18 75.30 test journal::tests::non_utf8_link_targets_are_refused_not_lossy_compared ... ok
#18 75.30 test activation::tests::a_corrupt_record_fails_closed ... ok
#18 75.30 test journal::tests::non_utf8_destinations_are_refused_at_record ... ok
#18 75.30 test hash::tests::canonical_hash_covers_symlink_target ... ok
#18 75.30 test paths::tests::canonical_dest_refuses_parent_traversal ... ok
#18 75.30 test paths::tests::generation_layout ... ok
#18 75.30 test paths::tests::hash_is_stable_and_input_sensitive ... ok
#18 75.30 test paths::tests::home_resolution ... ok
#18 75.30 test journal::marker::repeated_model::numeric_commit_mutant_fails_the_identical_oracle ... ok
#18 75.30 test paths::tests::store_path_format ... ok
#18 75.30 test journal::tests::legacy_untagged_entries_fail_closed_with_evidence_kept ... ok
#18 75.30 test trust::tests::canonical_key_falls_back_to_absolute ... ok
#18 75.30 test trust::tests::only_an_explicit_y_trusts ... ok
#18 75.30 test trust::tests::prompt_values_with_control_chars_are_escaped ... ok
#18 75.30 test trust::tests::rfc3339_known_instants ... ok
#18 75.30 test trust::tests::sandbox_summary_survives_wrapping_intact ... ok
#18 75.30 test hash::reference_vector::pinned_tree_vector ... ok
#18 75.30 test hash::tests::canonical_hash_ignores_mtime_but_not_exec_bit ... ok
#18 75.30 test journal::tests::malformed_entries_fail_closed_into_quarantine ... ok
#18 75.30 test hash::tests::overlay_hash_matches_materialized_staging ... ok
#18 75.30 test hash::tests::tree_hash_is_deterministic_and_content_sensitive ... ok
#18 75.30 test paths::tests::canonical_dest_resolves_a_symlinked_ancestor ... ok
#18 75.31 test trust::tests::gate_blocks_untrusted_repos_without_a_tty ... ok
#18 75.31 test paths::tests::canonical_dest_collapses_spelling_aliases ... ok
#18 75.31 test activation::tests::pending_record_round_trips_and_clears ... ok
#18 75.31 test generations::tests::manifests_are_strictly_validated ... ok
#18 75.33 test generations::tests::manifest_roundtrip_and_listing ... ok
#18 75.33 test journal::tests::post_crash_sentinel_symlink_is_kept ... ok
#18 75.33 test journal::tests::tagged_entries_round_trip_through_the_wire ... ok
#18 75.33 test journal::tests::user_edit_after_crash_wins ... ok
#18 75.34 test journal::tests::post_crash_edit_beats_the_landed_mutation ... ok
#18 75.34 test generations::tests::flip_and_current ... ok
#18 75.34 test hash::tests::overlay_hash_of_dir_source_matches_staged_tree ... ok
#18 75.35 test journal::tests::absent_prior_and_symlink_prior_recover ... ok
#18 75.35 test journal::tests::crash_after_write_restores_prior_bytes ... ok
#18 75.35 test journal::tests::recovery_restores_the_exact_mode ... ok
#18 75.35 test journal::tests::commit_run_clears_the_window ... ok
#18 75.35 test journal::tests::crash_before_flip_restores ... ok
#18 75.35 test trust::tests::trust_is_keyed_on_canonical_path ... ok
#18 75.36 test trust::tests::concurrent_adds_keep_both_entries ... ok
#18 75.36 test trust::tests::trust_toml_round_trip ... ok
#18 75.36 test trust::tests::remove_forgets_the_repo ... ok
#18 75.37 test journal::tests::crash_after_flip_but_before_cleanup_reads_committed ... ok
#18 75.37 test journal::tests::crash_between_record_and_write_restores_prior ... ok
#18 75.39 test journal::tests::crashed_rollback_restores_priors ... ok
#18 75.39 test journal::tests::completed_rollback_reads_committed ... ok
#18 75.40 test generations::tests::publish_is_atomic_and_allocation_monotonic ... ok
#18 75.41 test journal::marker::repeated_model::exhaustive_independent_destinations_and_two_crashes ... ok
#18 75.41 
#18 75.41 test result: ok. 58 passed; 0 failed; 0 ignored; 0 measured; 0 filtered out; finished in 0.12s
#18 75.41 
#18 75.41      Running unittests src/lib.rs (target/debug/deps/gripsack_trace-5f9edfcb191b89c2)
#18 75.41 
#18 75.41 running 0 tests
#18 75.41 
#18 75.41 test result: ok. 0 passed; 0 failed; 0 ignored; 0 measured; 0 filtered out; finished in 0.00s
#18 75.41 
#18 75.41    Doc-tests griplint
#18 75.49 
#18 75.49 running 0 tests
#18 75.49 
#18 75.49 test result: ok. 0 passed; 0 failed; 0 ignored; 0 measured; 0 filtered out; finished in 0.00s
#18 75.49 
#18 75.49    Doc-tests gripsack_config
#18 75.54 
#18 75.54 running 0 tests
#18 75.54 
#18 75.54 test result: ok. 0 passed; 0 failed; 0 ignored; 0 measured; 0 filtered out; finished in 0.00s
#18 75.54 
#18 75.55    Doc-tests gripsack_exec
#18 75.68 
#18 75.68 running 0 tests
#18 75.68 
#18 75.68 test result: ok. 0 passed; 0 failed; 0 ignored; 0 measured; 0 filtered out; finished in 0.00s
#18 75.68 
#18 75.69    Doc-tests gripsack_fetch
#18 75.82 
#18 75.82 running 0 tests
#18 75.82 
#18 75.82 test result: ok. 0 passed; 0 failed; 0 ignored; 0 measured; 0 filtered out; finished in 0.00s
#18 75.82 
#18 75.83    Doc-tests gripsack_fs
#18 75.87 
#18 75.87 running 0 tests
#18 75.87 
#18 75.87 test result: ok. 0 passed; 0 failed; 0 ignored; 0 measured; 0 filtered out; finished in 0.00s
#18 75.87 
#18 75.87    Doc-tests gripsack_fuzz
#18 75.91 
#18 75.91 running 0 tests
#18 75.91 
#18 75.91 test result: ok. 0 passed; 0 failed; 0 ignored; 0 measured; 0 filtered out; finished in 0.00s
#18 75.91 
#18 75.92    Doc-tests gripsack_ir
#18 76.27 
#18 76.27 running 0 tests
#18 76.27 
#18 76.27 test result: ok. 0 passed; 0 failed; 0 ignored; 0 measured; 0 filtered out; finished in 0.00s
#18 76.27 
#18 76.28    Doc-tests gripsack_lint
#18 76.32 
#18 76.32 running 0 tests
#18 76.32 
#18 76.32 test result: ok. 0 passed; 0 failed; 0 ignored; 0 measured; 0 filtered out; finished in 0.00s
#18 76.32 
#18 76.32    Doc-tests gripsack_policy
#18 76.46 
#18 76.46 running 0 tests
#18 76.46 
#18 76.46 test result: ok. 0 passed; 0 failed; 0 ignored; 0 measured; 0 filtered out; finished in 0.00s
#18 76.46 
#18 76.47    Doc-tests gripsack_process
#18 76.51 
#18 76.51 running 0 tests
#18 76.51 
#18 76.51 test result: ok. 0 passed; 0 failed; 0 ignored; 0 measured; 0 filtered out; finished in 0.00s
#18 76.51 
#18 76.52    Doc-tests gripsack_store
#18 76.62 
#18 76.62 running 0 tests
#18 76.62 
#18 76.62 test result: ok. 0 passed; 0 failed; 0 ignored; 0 measured; 0 filtered out; finished in 0.00s
#18 76.62 
#18 76.63    Doc-tests gripsack_trace
#18 76.66 
#18 76.66 running 0 tests
#18 76.66 
#18 76.66 test result: ok. 0 passed; 0 failed; 0 ignored; 0 measured; 0 filtered out; finished in 0.00s
#18 76.66 
#18 DONE 77.0s

#19 [test 2/2] RUN apk add --no-cache python3     && cargo package --list -p gripsack-exec | grep -q "embedded_frontend.rs"     && python3 scripts/gen_diagnostic_registry.py --check     && python3 scripts/gen_diagnostic_registry.py --self-check     && python3 scripts/gen_frontend_embed.py --check
#19 0.719 ( 1/13) Installing libbz2 (1.0.8-r6)
#19 0.738 ( 2/13) Installing libffi (3.5.2-r1)
#19 0.755 ( 3/13) Installing gdbm (1.26-r0)
#19 0.774 ( 4/13) Installing mpdecimal (4.0.1-r0)
#19 0.799 ( 5/13) Installing ncurses-terminfo-base (6.6_p20260516-r0)
#19 0.821 ( 6/13) Installing libncursesw (6.6_p20260516-r0)
#19 0.853 ( 7/13) Installing libpanelw (6.6_p20260516-r0)
#19 0.868 ( 8/13) Installing readline (8.3.3-r1)
#19 0.890 ( 9/13) Installing sqlite-libs (3.53.4-r0)
#19 0.971 (10/13) Installing python3 (3.14.7-r1)
#19 1.487 (11/13) Installing python3-pycache-pyc0 (3.14.7-r1)
#19 1.746 (12/13) Installing pyc (3.14.7-r1)
#19 1.746 (13/13) Installing python3-pyc (3.14.7-r1)
#19 1.746 Executing busybox-1.37.0-r31.trigger
#19 1.755 OK: 246.6 MiB in 58 packages
#19 1.880 diagnostic registry: 38 unique core codes, 5 frontend allocations; generated files fresh
#19 1.902 calibration: invalid registry version rejected on its named property
#19 1.902 calibration: duplicate diagnostic code rejected on its named property
#19 1.902 calibration: duplicate frontend diagnostic name rejected on its named property
#19 1.902 diagnostic registry calibration: 3 named mutants rejected
#19 1.930 embedded_frontend.rs: fresh (30 files)
#19 DONE 2.0s

#20 exporting to image
#20 exporting layers
#20 exporting layers 53.0s done
#20 exporting manifest sha256:d77e4903b47132cc455c6da88013c97060720608545fd2011396b1cbf0f6fb16 0.0s done
#20 exporting config sha256:073c930a3b35d857aa86c0efbe38b0a1c6b6f46da18d043cc7bd2f202c05d09b 0.0s done
#20 exporting attestation manifest sha256:c41442564cdcaedf73acd8d525bc3db353d9d1209877a05da0deaad881906c03 0.0s done
#20 exporting manifest list sha256:5398b191be2c487a2f6f857053b2a8a073e6a427ef0af549cb6c4082c5ec33b9 0.0s done
#20 naming to docker.io/library/gripsack-test:latest done
#20 unpacking to docker.io/library/gripsack-test:latest
#20 unpacking to docker.io/library/gripsack-test:latest 13.8s done
#20 DONE 67.0s

#21 resolving provenance for metadata file
#21 DONE 0.0s

running 1 test
test commands::frontend::tests::every_builtin_read_grant_rejects_a_comma_before_deno_spawn ... ok

test result: ok. 1 passed; 0 failed; 0 ignored; 0 measured; 21 filtered out; finished in 0.00s

 Image gripsack-test Building 
 Image gripsack-test Built 
 Container gripsack-test-run-49ce47d76b29 Creating 
 Container gripsack-test-run-49ce47d76b29 Created 
   Compiling hashbrown v0.17.1
   Compiling serde v1.0.229
   Compiling serde_json v1.0.151
   Compiling percent-encoding v2.3.2
   Compiling regex-syntax v0.8.11
   Compiling form_urlencoded v1.2.2
   Compiling url v2.5.8
   Compiling indexmap v2.14.0
   Compiling tracing-serde v0.2.0
   Compiling regex-automata v0.4.18
   Compiling zip v8.6.0
   Compiling toml_edit v0.25.13+spec-1.1.0
   Compiling serde_yaml v0.9.34+deprecated
   Compiling verus_state_machines_macros v0.0.0-2026-09-06-0133
   Compiling ureq v2.12.1
   Compiling matchers v0.2.0
   Compiling tracing-subscriber v0.3.23
   Compiling vstd v0.0.0-2026-09-06-0133
   Compiling gripsack-policy v0.42.0 (/app/crates/gripsack-policy)
   Compiling gripsack-ir v0.42.0 (/app/crates/gripsack-ir)
   Compiling gripsack-store v0.42.0 (/app/crates/gripsack-store)
   Compiling gripsack-config v0.42.0 (/app/crates/gripsack-config)
   Compiling griplint v0.42.0 (/app/crates/griplint)
   Compiling gripsack-fetch v0.42.0 (/app/crates/gripsack-fetch)
   Compiling gripsack-trace v0.42.0 (/app/crates/gripsack-trace)
   Compiling gripsack-exec v0.42.0 (/app/crates/gripsack-exec)
   Compiling gripsack-lint v0.42.0 (/app/crates/gripsack-lint)
   Compiling gripsack v0.42.0 (/app/crates/gripsack)
    Finished `test` profile [unoptimized + debuginfo] target(s) in 28.63s
     Running unittests src/main.rs (target/debug/deps/grip-ef66afaaf0d7c0fe)

RUNNER_COMMAND=docker compose run --build --rm e2e uv run --locked --no-sync pytest -vv test_eval_gate.py -k comma_pinned_package or comma_in_repo_path or comma_in_frontend_home or valid_external_core_pin or pin_symlink_to_a_nonpackage
#1 [internal] load local bake definitions
#1 reading from stdin 525B done
#1 DONE 0.0s

#2 [internal] load build definition from Dockerfile
#2 transferring dockerfile: 10.04kB done
#2 DONE 0.0s

#3 resolve image config for docker-image://docker.io/docker/dockerfile:1
#3 DONE 0.5s

#4 docker-image://docker.io/docker/dockerfile:1@sha256:ecfaec9ed6d810b56388c508f4121597bfbba70d41a6dfeee4d8cad5f295fc32
#4 resolve docker.io/docker/dockerfile:1@sha256:ecfaec9ed6d810b56388c508f4121597bfbba70d41a6dfeee4d8cad5f295fc32 0.0s done
#4 CACHED

#5 [internal] load metadata for docker.io/library/rust:alpine@sha256:a10e64dd139b7387337c7fbe8aca31b959b57b2fd4c8ae20a02cf1d6ea424dce
#5 DONE 0.8s

#6 [internal] load metadata for docker.io/library/python:3.13-slim@sha256:9d2e5553305c7c7b0097999bb17187c69b921ccd6bc9d40e4bb5ebe652c00285
#6 DONE 0.8s

#7 [internal] load .dockerignore
#7 transferring context: 139B done
#7 DONE 0.0s

#8 [e2e  4/12] ADD --checksum=sha256:394f07f4da2bebe6ce6f1e7ce0fa16429b29b08c35e3fac3fe25972676dff4b2 https://github.com/denoland/deno/releases/download/v2.9.6/deno-x86_64-unknown-linux-gnu.zip /tmp/deno.zip
#8 DONE 0.0s

#9 [internal] load build context
#9 DONE 0.0s

#10 [e2e  1/12] FROM docker.io/library/python:3.13-slim@sha256:9d2e5553305c7c7b0097999bb17187c69b921ccd6bc9d40e4bb5ebe652c00285
#10 resolve docker.io/library/python:3.13-slim@sha256:9d2e5553305c7c7b0097999bb17187c69b921ccd6bc9d40e4bb5ebe652c00285 0.0s done
#10 DONE 0.0s

#11 [builder  1/10] FROM docker.io/library/rust:alpine@sha256:a10e64dd139b7387337c7fbe8aca31b959b57b2fd4c8ae20a02cf1d6ea424dce
#11 resolve docker.io/library/rust:alpine@sha256:a10e64dd139b7387337c7fbe8aca31b959b57b2fd4c8ae20a02cf1d6ea424dce 0.0s done
#11 DONE 0.0s

#9 [internal] load build context
#9 transferring context: 561.73kB 0.1s done
#9 DONE 0.1s

#12 [bin 1/1] RUN cargo build --locked -p gripsack
#12 CACHED

#13 [builder  4/10] WORKDIR /app
#13 CACHED

#14 [e2e  5/12] RUN python3 -m zipfile -e /tmp/deno.zip /tmp/deno     && mkdir -p /root/.local/share/gripsack/tools/deno-2.9.6     && mv /tmp/deno/deno /root/.local/share/gripsack/tools/deno-2.9.6/deno     && chmod 755 /root/.local/share/gripsack/tools/deno-2.9.6/deno     && rm -rf /tmp/deno.zip /tmp/deno
#14 CACHED

#15 [e2e  2/12] WORKDIR /app
#15 CACHED

#16 [e2e  6/12] RUN printf 'uv==%s --hash=sha256:f7d6248ad9f2d282fea795f248da8fa666ab382df50d8385bd98e01049440a0c --hash=sha256:bd0afae6918795c6a61a649e64d735e339f3d62f8310235da6f19eb3f66f323b\n' "0.12.10" > /tmp/uv.req     && pip install --no-cache-dir --no-deps --require-hashes -r /tmp/uv.req     && uv --version     && rm -f /tmp/uv.req
#16 CACHED

#17 [builder  9/10] COPY typescript ./typescript
#17 CACHED

#18 [e2e 10/12] COPY e2e ./e2e
#18 CACHED

#19 [builder  7/10] COPY fuzz ./fuzz
#19 CACHED

#20 [e2e  8/12] COPY e2e/pyproject.toml e2e/uv.lock ./e2e/
#20 CACHED

#21 [builder  6/10] COPY crates ./crates
#21 CACHED

#22 [builder 10/10] COPY scripts ./scripts
#22 CACHED

#23 [builder  8/10] COPY schema ./schema
#23 CACHED

#24 [builder  2/10] RUN apk add --no-cache musl-dev git curl xz     && rustup component add clippy rustfmt
#24 CACHED

#25 [e2e  3/12] RUN apt-get update -qq && apt-get install -y -qq --no-install-recommends git     && rm -rf /var/lib/apt/lists/*
#25 CACHED

#26 [e2e  4/12] ADD --checksum=sha256:394f07f4da2bebe6ce6f1e7ce0fa16429b29b08c35e3fac3fe25972676dff4b2 https://github.com/denoland/deno/releases/download/v2.9.6/deno-x86_64-unknown-linux-gnu.zip /tmp/deno.zip
#26 CACHED

#27 [builder  3/10] RUN set -e;     arch="$(uname -m)";     case "$arch" in       x86_64)  sha=3374daaf153e6f82028add5e4bf7cc2deab46537dee24f20be80df831193aeb4 ;;       aarch64) sha=35d90cee9648037eaa4c1a2649fdca9d1b9a9997b972d37be7f8629139ba1294 ;;       *) echo "unsupported arch: $arch" >&2; exit 1 ;;     esac;     curl -fsSL -o /tmp/ca.tar.xz "https://github.com/rust-secure-code/cargo-auditable/releases/download/v0.7.5/cargo-auditable-${arch}-unknown-linux-musl.tar.xz";     echo "$sha  /tmp/ca.tar.xz" | sha256sum -c -;     mkdir -p /tmp/ca && tar -xJf /tmp/ca.tar.xz -C /tmp/ca;     mv /tmp/ca/*/cargo-auditable /usr/local/bin/cargo-auditable;     rm -rf /tmp/ca /tmp/ca.tar.xz
#27 CACHED

#28 [e2e  9/12] RUN cd e2e && uv sync --locked
#28 CACHED

#29 [builder  5/10] COPY Cargo.toml Cargo.lock ./
#29 CACHED

#30 [e2e 11/12] COPY examples ./examples
#30 CACHED

#31 [e2e  7/12] COPY --from=bin /app/target/debug/grip /usr/local/bin/grip
#31 CACHED

#32 [e2e 12/12] WORKDIR /app/e2e
#32 CACHED

#33 exporting to image
#33 exporting layers done
#33 exporting manifest sha256:6c65d376f4980c1bcf43e35fb0ee76d5b8190bdb2b1a3ad51b4e22c2523c2249 done
#33 exporting config sha256:b9d69e7a4ea4fa018688f6422b4210d097c579ae9f971f58ff6a48074b406b56 done
#33 exporting attestation manifest sha256:74c2df8193ebfcb84cb13cd842af2e736a911a02ece1ef984758e0fa1af6efc2 0.0s done
#33 exporting manifest list sha256:5cf674bf6909e0314fb43551cb071fce798e5433cb5444ffcfc9cc7ef257c371 0.0s done
#33 naming to docker.io/library/gripsack-e2e:latest done
#33 unpacking to docker.io/library/gripsack-e2e:latest 0.0s done
#33 DONE 0.1s

#34 resolving provenance for metadata file
#34 DONE 0.0s
============================= test session starts ==============================
platform linux -- Python 3.13.15, pytest-9.1.1, pluggy-1.6.0 -- /app/e2e/.venv/bin/python
cachedir: .pytest_cache
rootdir: /app/e2e
configfile: pyproject.toml
collecting ... collected 29 items / 24 deselected / 5 selected

test_eval_gate.py::test_comma_pinned_package_cannot_expand_deno_read_grant PASSED [ 20%]
test_eval_gate.py::test_comma_in_repo_path_cannot_expand_deno_read_grant PASSED [ 40%]
test_eval_gate.py::test_comma_in_frontend_home_rejects_before_deno_spawn PASSED [ 60%]
test_eval_gate.py::test_valid_external_core_pin_still_works_without_extra_grants PASSED [ 80%]
test_eval_gate.py::test_a_pin_symlink_to_a_nonpackage_grants_nothing PASSED [100%]

======================= 5 passed, 24 deselected in 1.35s =======================
 Image gripsack-e2e Building 
 Image gripsack-e2e Built 
 Container gripsack-e2e-run-1b61dc4d6ae1 Creating 
 Container gripsack-e2e-run-1b61dc4d6ae1 Created 

RUNNER_COMMAND=docker compose run --build --rm -w /app/typescript ts-test deno test --cached-only --no-remote --allow-all test/driver.test.ts
#1 [internal] load local bake definitions
#1 reading from stdin 545B done
#1 DONE 0.0s

#2 [internal] load build definition from Dockerfile
#2 transferring dockerfile: 10.04kB done
#2 DONE 0.0s

#3 resolve image config for docker-image://docker.io/docker/dockerfile:1
#3 DONE 0.2s

#4 docker-image://docker.io/docker/dockerfile:1@sha256:ecfaec9ed6d810b56388c508f4121597bfbba70d41a6dfeee4d8cad5f295fc32
#4 resolve docker.io/docker/dockerfile:1@sha256:ecfaec9ed6d810b56388c508f4121597bfbba70d41a6dfeee4d8cad5f295fc32 0.0s done
#4 CACHED

#5 [internal] load metadata for docker.io/denoland/deno:2.9.6@sha256:2014dc167ece617ef7e7ba40631ac2234c59e75ce693e7cc2dc2602b3c87859d
#5 DONE 0.6s

#6 [internal] load .dockerignore
#6 transferring context: 139B done
#6 DONE 0.0s

#7 [ts-test 1/5] FROM docker.io/denoland/deno:2.9.6@sha256:2014dc167ece617ef7e7ba40631ac2234c59e75ce693e7cc2dc2602b3c87859d
#7 resolve docker.io/denoland/deno:2.9.6@sha256:2014dc167ece617ef7e7ba40631ac2234c59e75ce693e7cc2dc2602b3c87859d 0.0s done
#7 DONE 0.0s

#8 [internal] load build context
#8 transferring context: 3.29kB 0.0s done
#8 DONE 0.0s

#9 [ts-test 2/5] WORKDIR /app
#9 CACHED

#10 [ts-test 3/5] COPY typescript ./typescript
#10 CACHED

#11 [ts-test 4/5] COPY examples ./examples
#11 CACHED

#12 [ts-test 5/5] RUN cd typescript && deno install && deno task test     && deno run --cached-only --no-remote --allow-all node_modules/typescript/bin/tsc        --project tsconfig.examples.json --noEmit
#12 CACHED

#13 exporting to image
#13 exporting layers done
#13 exporting manifest sha256:580d47ffbce88339b1fc8828eba59259cb3e2f32ca91dbe96d159f5787fd1e0f done
#13 exporting config sha256:c817348ab3ff50e9e36bb9c212a35c43ffb95366349bdc029fc994beb4c59499 done
#13 exporting attestation manifest sha256:ce638cb94e302c519edcf9a1c7dcc46482e212db358838418b92f0ed8e5ab012 0.0s done
#13 exporting manifest list sha256:bd06c934b1490ce1d7a7ef6b8f6f18d930d61096fa255e63fccdab1a6fd2d635 0.0s done
#13 naming to docker.io/library/gripsack-ts-test:latest done
#13 unpacking to docker.io/library/gripsack-ts-test:latest 0.0s done
#13 DONE 0.1s

#14 resolving provenance for metadata file
#14 DONE 0.0s
[0m[38;5;245mrunning 12 tests from ./test/driver.test.ts[0m
driver evaluates a host into an envelope under the sandbox flags ... [0m[32mok[0m [0m[38;5;245m(66ms)[0m
bound probes answer without new requests (stage 2 fixpoint) ... [0m[32mok[0m [0m[38;5;245m(77ms)[0m
a missing host file lists the available hosts ... [0m[32mok[0m [0m[38;5;245m(34ms)[0m
a host without a defineEnv default export errors clearly ... [0m[32mok[0m [0m[38;5;245m(37ms)[0m
duplicate module names surface the frontend error ... [0m[32mok[0m [0m[38;5;245m(36ms)[0m
the repo's pinned @gripsack/core wins (deliberate pin) ... [0m[32mok[0m [0m[38;5;245m(38ms)[0m
a src-only pinned package resolves through its types entry (0.40 fallback) ... [0m[32mok[0m [0m[38;5;245m(42ms)[0m
a stale pin predating defineEnv errors with the fix ... [0m[32mok[0m [0m[38;5;245m(31ms)[0m
driver evaluates a root gripsack.ts workspace with no fake host ... [0m[32mok[0m [0m[38;5;245m(75ms)[0m
a root gripsack.ts wins over hosts/<host>.ts ... [0m[32mok[0m [0m[38;5;245m(38ms)[0m
a gripsack.ts without a defineWorkspace default export errors clearly ... [0m[32mok[0m [0m[38;5;245m(34ms)[0m
a syntax error in gripsack.ts stays a traceback ... [0m[32mok[0m [0m[38;5;245m(32ms)[0m

[0m[32mok[0m | 12 passed | 0 failed [0m[38;5;245m(554ms)[0m

 Image gripsack-ts-test Building 
 Image gripsack-ts-test Built 
 Container gripsack-ts-test-run-39ef527c2a3e Creating 
 Container gripsack-ts-test-run-39ef527c2a3e Created 
[0m[32mCheck[0m test/driver.test.ts

M0_GRANTS=18; executed=18; passed=18; failed=0; skipped=0
