RUNNER_SOURCE_COMMIT=a754e048360a6146368fd58056f274a4e7f3c1a6
RUNNER_SOURCE_ROOTS_DIRTY=clean (git status --porcelain -- SOURCE_ROOTS before and after every direct runner: empty)
RUNNER_COMMAND=docker compose run --build --rm e2e uv run --locked --no-sync pytest -vv test_workspace_diagnostics.py -k unavailable_capability_names_first_declared_output_and_owner
RUNNER_TOOL_VERSIONS=Docker Compose v5.5.0; pytest 9.1.1
RUNNER_INPUTS=committed decoded IR with image B4, environment A2-P and check A2/E1 first-output E124 owners under sandboxed HOME

a754e048360a6146368fd58056f274a4e7f3c1a6
 Image gripsack-e2e Building 
#1 [internal] load local bake definitions
#1 reading from stdin 525B done
#1 DONE 0.0s

#2 [internal] load build definition from Dockerfile
#2 transferring dockerfile: 10.04kB done
#2 DONE 0.0s

#3 resolve image config for docker-image://docker.io/docker/dockerfile:1
#3 DONE 0.3s

#4 docker-image://docker.io/docker/dockerfile:1@sha256:ecfaec9ed6d810b56388c508f4121597bfbba70d41a6dfeee4d8cad5f295fc32
#4 resolve docker.io/docker/dockerfile:1@sha256:ecfaec9ed6d810b56388c508f4121597bfbba70d41a6dfeee4d8cad5f295fc32 0.0s done
#4 CACHED

#5 [internal] load metadata for docker.io/library/python:3.13-slim@sha256:9d2e5553305c7c7b0097999bb17187c69b921ccd6bc9d40e4bb5ebe652c00285
#5 ...

#6 [internal] load metadata for docker.io/library/rust:alpine@sha256:a10e64dd139b7387337c7fbe8aca31b959b57b2fd4c8ae20a02cf1d6ea424dce
#6 DONE 0.6s

#5 [internal] load metadata for docker.io/library/python:3.13-slim@sha256:9d2e5553305c7c7b0097999bb17187c69b921ccd6bc9d40e4bb5ebe652c00285
#5 DONE 0.8s

#7 [builder  1/10] FROM docker.io/library/rust:alpine@sha256:a10e64dd139b7387337c7fbe8aca31b959b57b2fd4c8ae20a02cf1d6ea424dce
#7 resolve docker.io/library/rust:alpine@sha256:a10e64dd139b7387337c7fbe8aca31b959b57b2fd4c8ae20a02cf1d6ea424dce 0.0s done
#7 DONE 0.0s

#8 [internal] load .dockerignore
#8 transferring context: 139B done
#8 DONE 0.0s

#9 [e2e  4/12] ADD --checksum=sha256:394f07f4da2bebe6ce6f1e7ce0fa16429b29b08c35e3fac3fe25972676dff4b2 https://github.com/denoland/deno/releases/download/v2.9.6/deno-x86_64-unknown-linux-gnu.zip /tmp/deno.zip
#9 DONE 0.0s

#10 [e2e  1/12] FROM docker.io/library/python:3.13-slim@sha256:9d2e5553305c7c7b0097999bb17187c69b921ccd6bc9d40e4bb5ebe652c00285
#10 resolve docker.io/library/python:3.13-slim@sha256:9d2e5553305c7c7b0097999bb17187c69b921ccd6bc9d40e4bb5ebe652c00285 0.1s done
#10 DONE 0.1s

#11 [internal] load build context
#11 transferring context: 139.29kB 0.1s done
#11 DONE 0.2s

#12 [e2e 12/12] WORKDIR /app/e2e
#12 CACHED

#13 exporting to image
#13 exporting layers done
#13 exporting manifest sha256:b257bde882e8497cbaa2bc175c67f85eb03375ab1f9a0f11306865e854155726 0.0s done
#13 exporting config sha256:fb98f8a1a40d528ecceda6f933156065b296d6852ee596feaadd463dea99bfb9 0.0s done
#13 exporting attestation manifest sha256:49d4ed1368f529c093153998fd7d5b7e3971d10b2f0285b1d95fe7473e90d231 0.1s done
#13 exporting manifest list sha256:5c47fa639c8969d44ed7c49c5261de2bb5c5aa2b8fe5dae932729912ee9b6b0c
#13 exporting manifest list sha256:5c47fa639c8969d44ed7c49c5261de2bb5c5aa2b8fe5dae932729912ee9b6b0c 0.0s done
#13 naming to docker.io/library/gripsack-e2e:latest 0.0s done
#13 unpacking to docker.io/library/gripsack-e2e:latest 0.0s done
#13 DONE 0.3s

#14 resolving provenance for metadata file
#14 DONE 0.0s
 Image gripsack-e2e Built 
 Container gripsack-e2e-run-0017cb7d55d4 Creating 
 Container gripsack-e2e-run-0017cb7d55d4 Created 
============================= test session starts ==============================
platform linux -- Python 3.13.15, pytest-9.1.1, pluggy-1.6.0 -- /app/e2e/.venv/bin/python
cachedir: .pytest_cache
rootdir: /app/e2e
configfile: pyproject.toml
collecting ... collected 17 items / 14 deselected / 3 selected

test_workspace_diagnostics.py::test_unavailable_capability_names_first_declared_output_and_owner[image-worker] PASSED [ 33%]
test_workspace_diagnostics.py::test_unavailable_capability_names_first_declared_output_and_owner[environment-invocation] PASSED [ 66%]
test_workspace_diagnostics.py::test_unavailable_capability_names_first_declared_output_and_owner[check-owner-before-subject] PASSED [100%]

======================= 3 passed, 14 deselected in 0.16s =======================
A1_CAPABILITY_OWNERS=3
