GITHUB_RUN=https://github.com/gripsack-dev/gripsack/actions/runs/36231520581/job/108375457068
GITHUB_SOURCE_COMMIT=70c5502a21aa67e66166e8a1b24c0c8783007b03
GITHUB_PLATFORM=macos-14-arm64; macOS 14.8.9; pinned Rust 1.98.0 and Deno 2.9.6; Python 3.12.10
GITHUB_RESULT=319 passed, 0 failed/skipped on native real-binary flow
LOG_PROVENANCE=Actual GitHub job log assembled from bounded raw artifact ranges without pagination footers. Does not establish Mac-VM or launchd scheduling support.

﻿2026-09-26T09:01:39.5928620Z Current runner version: '2.337.0'
2026-09-26T09:01:39.5945160Z ##[group]Runner Image Provisioner
2026-09-26T09:01:39.5945710Z Hosted Compute Agent
2026-09-26T09:01:39.5946120Z Version: 20260828.587
2026-09-26T09:01:39.5946530Z Commit: abac92662cab4cc7352de4f9f9d2e2419aad9c29
2026-09-26T09:01:39.5947000Z Build Date: 2026-08-28T16:44:25Z
2026-09-26T09:01:39.5947420Z Worker ID: {4b70866c-660e-4332-a526-be0e262f4e9b}
2026-09-26T09:01:39.5947870Z Azure Region: westus
2026-09-26T09:01:39.5948240Z ##[endgroup]
2026-09-26T09:01:39.5949310Z ##[group]Operating System
2026-09-26T09:01:39.5949740Z macOS
2026-09-26T09:01:39.5950060Z 14.8.9
2026-09-26T09:01:39.5950390Z 23J631
2026-09-26T09:01:39.5950720Z ##[endgroup]
2026-09-26T09:01:39.5951080Z ##[group]Runner Image
2026-09-26T09:01:39.5951460Z Image: macos-14-arm64
2026-09-26T09:01:39.5951820Z Version: 20260831.0302.1
2026-09-26T09:01:39.5952810Z Included Software: https://github.com/actions/runner-images/blob/macos-14-arm64/20260831.0302/images/macos/macos-14-arm64-Readme.md
2026-09-26T09:01:39.5953910Z Image Release: https://github.com/actions/runner-images/releases/tag/macos-14-arm64%2F20260831.0302
2026-09-26T09:01:39.5954580Z ##[endgroup]
2026-09-26T09:01:39.5955420Z ##[group]GITHUB_TOKEN Permissions
2026-09-26T09:01:39.5956730Z Contents: read
2026-09-26T09:01:39.5957130Z Metadata: read
2026-09-26T09:01:39.5957520Z Packages: read
2026-09-26T09:01:39.5957900Z ##[endgroup]
2026-09-26T09:01:39.5959540Z Secret source: Actions
2026-09-26T09:01:39.5960100Z Cache mode: write
2026-09-26T09:01:39.5960600Z Prepare workflow directory
2026-09-26T09:01:39.6223750Z Prepare all required actions
2026-09-26T09:01:39.6259450Z Getting action download info
2026-09-26T09:01:39.9347860Z Download action repository 'actions/checkout@3d3c42e5aac5ba805825da76410c181273ba90b1' (SHA:3d3c42e5aac5ba805825da76410c181273ba90b1)
2026-09-26T09:01:40.2252180Z Download action repository 'dtolnay/rust-toolchain@6bed0761d98439e5a578e2877258200ad565ba87' (SHA:6bed0761d98439e5a578e2877258200ad565ba87)
2026-09-26T09:01:40.6328480Z Download action repository 'actions/setup-python@a26af69be951a213d495a4c3e4e4022e16d87065' (SHA:a26af69be951a213d495a4c3e4e4022e16d87065)
2026-09-26T09:01:40.9004360Z Complete job name: e2e-macos
2026-09-26T09:01:40.9607190Z ##[group]Run actions/checkout@3d3c42e5aac5ba805825da76410c181273ba90b1
2026-09-26T09:01:40.9608280Z with:
2026-09-26T09:01:40.9609340Z   repository: gripsack-dev/gripsack
2026-09-26T09:01:40.9612540Z   token: ***
2026-09-26T09:01:40.9612910Z   ssh-strict: true
2026-09-26T09:01:40.9613290Z   ssh-user: git
2026-09-26T09:01:40.9613660Z   persist-credentials: true
2026-09-26T09:01:40.9614060Z   clean: true
2026-09-26T09:01:40.9615000Z   sparse-checkout-cone-mode: true
2026-09-26T09:01:40.9615450Z   fetch-depth: 1
2026-09-26T09:01:40.9615890Z   fetch-tags: false
2026-09-26T09:01:40.9616280Z   show-progress: true
2026-09-26T09:01:40.9616660Z   lfs: false
2026-09-26T09:01:40.9617020Z   submodules: false
2026-09-26T09:01:40.9617400Z   set-safe-directory: true
2026-09-26T09:01:40.9618130Z   allow-unsafe-pr-checkout: false
2026-09-26T09:01:40.9619070Z ##[endgroup]
2026-09-26T09:01:41.3367540Z Syncing repository: gripsack-dev/gripsack
2026-09-26T09:01:41.3369950Z ##[group]Getting Git version info
2026-09-26T09:01:41.3370820Z Working directory is '/Users/runner/work/gripsack/gripsack'
2026-09-26T09:01:41.3372000Z [command]/opt/homebrew/bin/git version
2026-09-26T09:01:41.3669900Z git version 2.55.0
2026-09-26T09:01:41.3706830Z ##[endgroup]
2026-09-26T09:01:41.3712020Z Copying '/Users/runner/.gitconfig' to '/Users/runner/work/_temp/6be82846-1a9c-4d6b-a3f3-98b8fb305093/.gitconfig'
2026-09-26T09:01:41.3718050Z Temporarily overriding HOME='/Users/runner/work/_temp/6be82846-1a9c-4d6b-a3f3-98b8fb305093' before making global git config changes
2026-09-26T09:01:41.3721460Z Adding repository directory to the temporary git global config as a safe directory
2026-09-26T09:01:41.3723300Z [command]/opt/homebrew/bin/git config --global --add safe.directory /Users/runner/work/gripsack/gripsack
2026-09-26T09:01:41.3841100Z Deleting the contents of '/Users/runner/work/gripsack/gripsack'
2026-09-26T09:01:41.3844960Z ##[group]Determining repository object format
2026-09-26T09:01:41.3847780Z ##[endgroup]
2026-09-26T09:01:41.3850020Z ##[group]Initializing the repository
2026-09-26T09:01:41.3852650Z [command]/opt/homebrew/bin/git init /Users/runner/work/gripsack/gripsack
2026-09-26T09:01:41.4117040Z hint: Using 'master' as the name for the initial branch. This default branch name
2026-09-26T09:01:41.4118270Z hint: will change to "main" in Git 3.0. To configure the initial branch name
2026-09-26T09:01:41.4119070Z hint: to use in all of your new repositories, which will suppress this warning,
2026-09-26T09:01:41.4119710Z hint: call:
2026-09-26T09:01:41.4120170Z hint:
2026-09-26T09:01:41.4120670Z hint: 	git config --global init.defaultBranch <name>
2026-09-26T09:01:41.4121180Z hint:
2026-09-26T09:01:41.4121730Z hint: Names commonly chosen instead of 'master' are 'main', 'trunk' and
2026-09-26T09:01:41.4122530Z hint: 'development'. The just-created branch can be renamed via this command:
2026-09-26T09:01:41.4123240Z hint:
2026-09-26T09:01:41.4123670Z hint: 	git branch -m <name>
2026-09-26T09:01:41.4124090Z hint:
2026-09-26T09:01:41.4124630Z hint: Disable this message with "git config set advice.defaultBranchName false"
2026-09-26T09:01:41.4125510Z Initialized empty Git repository in /Users/runner/work/gripsack/gripsack/.git/
2026-09-26T09:01:41.4127680Z [command]/opt/homebrew/bin/git remote add origin https://github.com/gripsack-dev/gripsack
2026-09-26T09:01:41.4202780Z ##[endgroup]
2026-09-26T09:01:41.4205240Z ##[group]Disabling automatic garbage collection
2026-09-26T09:01:41.4207060Z [command]/opt/homebrew/bin/git config --local gc.auto 0
2026-09-26T09:01:41.4305260Z ##[endgroup]
2026-09-26T09:01:41.4307110Z ##[group]Setting up auth
2026-09-26T09:01:41.4308430Z Removing SSH command configuration
2026-09-26T09:01:41.4310390Z [command]/opt/homebrew/bin/git config --local --name-only --get-regexp core\.sshCommand
2026-09-26T09:01:41.4369680Z [command]/opt/homebrew/bin/git submodule foreach --recursive sh -c "git config --local --name-only --get-regexp 'core\.sshCommand' && git config --local --unset-all 'core.sshCommand' || :"
2026-09-26T09:01:41.5338640Z Removing HTTP extra header
2026-09-26T09:01:41.5340590Z [command]/opt/homebrew/bin/git config --local --name-only --get-regexp http\.https\:\/\/github\.com\/\.extraheader
2026-09-26T09:01:41.5403560Z [command]/opt/homebrew/bin/git submodule foreach --recursive sh -c "git config --local --name-only --get-regexp 'http\.https\:\/\/github\.com\/\.extraheader' && git config --local --unset-all 'http.https://github.com/.extraheader' || :"
2026-09-26T09:01:41.6178160Z Removing includeIf entries pointing to credentials config files
2026-09-26T09:01:41.6182170Z [command]/opt/homebrew/bin/git config --local --name-only --get-regexp ^includeIf\.gitdir:
2026-09-26T09:01:41.6247710Z [command]/opt/homebrew/bin/git submodule foreach --recursive git config --local --show-origin --name-only --get-regexp remote.origin.url
2026-09-26T09:01:41.7950950Z [command]/opt/homebrew/bin/git config --file /Users/runner/work/_temp/git-credentials-193aef28-fcfd-46a0-a401-0756487e5eb6.config http.https://github.com/.extraheader AUTHORIZATION: basic ***
2026-09-26T09:01:41.8045190Z [command]/opt/homebrew/bin/git config --local includeIf.gitdir:/Users/runner/work/gripsack/gripsack/.git.path /Users/runner/work/_temp/git-credentials-193aef28-fcfd-46a0-a401-0756487e5eb6.config
2026-09-26T09:01:41.8068020Z [command]/opt/homebrew/bin/git config --local includeIf.gitdir:/Users/runner/work/gripsack/gripsack/.git/worktrees/*.path /Users/runner/work/_temp/git-credentials-193aef28-fcfd-46a0-a401-0756487e5eb6.config
2026-09-26T09:01:41.8078750Z [command]/opt/homebrew/bin/git config --local includeIf.gitdir:/github/workspace/.git.path /github/runner_temp/git-credentials-193aef28-fcfd-46a0-a401-0756487e5eb6.config
2026-09-26T09:01:41.8082240Z [command]/opt/homebrew/bin/git config --local includeIf.gitdir:/github/workspace/.git/worktrees/*.path /github/runner_temp/git-credentials-193aef28-fcfd-46a0-a401-0756487e5eb6.config
2026-09-26T09:01:44.0922240Z ##[endgroup]
2026-09-26T09:01:44.0923430Z ##[group]Fetching the repository
2026-09-26T09:01:44.0925560Z [command]/opt/homebrew/bin/git -c protocol.version=2 fetch --no-tags --prune --no-recurse-submodules --depth=1 origin +70c5502a21aa67e66166e8a1b24c0c8783007b03:refs/remotes/origin/handover/h0-bundle-import
2026-09-26T09:01:44.0927670Z From https://github.com/gripsack-dev/gripsack
2026-09-26T09:01:44.0930110Z  * [new ref]         70c5502a21aa67e66166e8a1b24c0c8783007b03 -> origin/handover/h0-bundle-import
2026-09-26T09:01:44.0933910Z [command]/opt/homebrew/bin/git branch --list --remote origin/handover/h0-bundle-import
2026-09-26T09:01:44.0988130Z   origin/handover/h0-bundle-import
2026-09-26T09:01:44.0994880Z [command]/opt/homebrew/bin/git rev-parse refs/remotes/origin/handover/h0-bundle-import
2026-09-26T09:01:44.1037200Z 70c5502a21aa67e66166e8a1b24c0c8783007b03
2026-09-26T09:01:44.1040600Z ##[endgroup]
2026-09-26T09:01:44.1041750Z ##[group]Determining the checkout info
2026-09-26T09:01:44.1043010Z ##[endgroup]
2026-09-26T09:01:44.1044350Z [command]/opt/homebrew/bin/git sparse-checkout disable
2026-09-26T09:01:44.1113590Z [command]/opt/homebrew/bin/git config --local --unset-all extensions.worktreeConfig
2026-09-26T09:01:44.1163820Z ##[group]Checking out the ref
2026-09-26T09:01:44.1165970Z [command]/opt/homebrew/bin/git checkout --progress --force -B handover/h0-bundle-import refs/remotes/origin/handover/h0-bundle-import
2026-09-26T09:01:44.6176620Z Switched to a new branch 'handover/h0-bundle-import'
2026-09-26T09:01:44.6178490Z branch 'handover/h0-bundle-import' set up to track 'origin/handover/h0-bundle-import'.
2026-09-26T09:01:44.6194220Z ##[endgroup]
2026-09-26T09:01:44.6322770Z [command]/opt/homebrew/bin/git log -1 --format=%H
2026-09-26T09:01:44.6423900Z 70c5502a21aa67e66166e8a1b24c0c8783007b03
2026-09-26T09:01:44.6959080Z ##[group]Run dtolnay/rust-toolchain@6bed0761d98439e5a578e2877258200ad565ba87
2026-09-26T09:01:44.6959490Z with:
2026-09-26T09:01:44.6959630Z   toolchain: 1.98.0
2026-09-26T09:01:44.6959780Z ##[endgroup]
2026-09-26T09:01:44.7072290Z ##[start-action display=Parse toolchain version;id=__dtolnay_rust-toolchain.parse]
2026-09-26T09:01:44.7130700Z ##[group]Run if [[ -z $toolchain ]]; then
2026-09-26T09:01:44.7131050Z if [[ -z $toolchain ]]; then
2026-09-26T09:01:44.7131510Z   # GitHub does not enforce `required: true` inputs itself. https://github.com/actions/runner/issues/1070
2026-09-26T09:01:44.7131990Z   echo "'toolchain' is a required input" >&2
2026-09-26T09:01:44.7132260Z   exit 1
2026-09-26T09:01:44.7132530Z elif [[ $toolchain =~ ^stable' '[0-9]+' '(year|month|week|day)s?' 'ago$ ]]; then
2026-09-26T09:01:44.7132870Z   if [[ macOS == macOS ]]; then
2026-09-26T09:01:44.7133370Z     echo "toolchain=1.$((($(date -v-$(sed 's/stable \([0-9]*\) \(.\).*/\1\2/' <<< $toolchain) +%s)/60/60/24-16569)/7/6))" >> $GITHUB_OUTPUT
2026-09-26T09:01:44.7133820Z   else
2026-09-26T09:01:44.7134150Z     echo "toolchain=1.$((($(date --date "${toolchain#stable }" +%s)/60/60/24-16569)/7/6))" >> $GITHUB_OUTPUT
2026-09-26T09:01:44.7134650Z   fi
2026-09-26T09:01:44.7134940Z elif [[ $toolchain =~ ^stable' 'minus' '[0-9]+' 'releases?$ ]]; then
2026-09-26T09:01:44.7135400Z   echo "toolchain=1.$((($(date +%s)/60/60/24-16569)/7/6-${toolchain//[^0-9]/}))" >> $GITHUB_OUTPUT
2026-09-26T09:01:44.7136020Z elif [[ $toolchain =~ ^1\.[0-9]+$ ]]; then
2026-09-26T09:01:44.7136600Z   echo "toolchain=1.$((i=${toolchain#1.}, c=($(date +%s)/60/60/24-16569)/7/6, i+9*i*(10*i<=c)+90*i*(100*i<=c)))" >> $GITHUB_OUTPUT
2026-09-26T09:01:44.7137020Z else
2026-09-26T09:01:44.7137230Z   echo "toolchain=$toolchain" >> $GITHUB_OUTPUT
2026-09-26T09:01:44.7137540Z fi
2026-09-26T09:01:44.7232910Z shell: /bin/bash --noprofile --norc -e -o pipefail {0}
2026-09-26T09:01:44.7233920Z env:
2026-09-26T09:01:44.7234080Z   toolchain: 1.98.0
2026-09-26T09:01:44.7234240Z ##[endgroup]
2026-09-26T09:01:44.7733000Z ##[end-action id=__dtolnay_rust-toolchain.parse;outcome=success;conclusion=success;duration_ms=65]
2026-09-26T09:01:44.7745250Z ##[start-action display=Construct rustup command line;id=__dtolnay_rust-toolchain.flags]
2026-09-26T09:01:44.7780370Z ##[group]Run echo "targets=$(for t in ${targets//,/ }; do echo -n ' --target' $t; done)" >> $GITHUB_OUTPUT
2026-09-26T09:01:44.7780990Z echo "targets=$(for t in ${targets//,/ }; do echo -n ' --target' $t; done)" >> $GITHUB_OUTPUT
2026-09-26T09:01:44.7781600Z echo "components=$(for c in ${components//,/ }; do echo -n ' --component' $c; done)" >> $GITHUB_OUTPUT
2026-09-26T09:01:44.7782490Z echo "downgrade=" >> $GITHUB_OUTPUT
2026-09-26T09:01:44.7851380Z shell: /bin/bash --noprofile --norc -e -o pipefail {0}
2026-09-26T09:01:44.7851720Z env:
2026-09-26T09:01:44.7851910Z   targets: 
2026-09-26T09:01:44.7852160Z   components: 
2026-09-26T09:01:44.7852340Z ##[endgroup]
2026-09-26T09:01:44.8291070Z ##[end-action id=__dtolnay_rust-toolchain.flags;outcome=success;conclusion=success;duration_ms=54]
2026-09-26T09:01:44.8293750Z ##[start-action display=Set $CARGO_HOME;id=__dtolnay_rust-toolchain.__run]
2026-09-26T09:01:44.8314810Z ##[group]Run echo CARGO_HOME=${CARGO_HOME:-"$HOME/.cargo"} >> $GITHUB_ENV
2026-09-26T09:01:44.8315290Z echo CARGO_HOME=${CARGO_HOME:-"$HOME/.cargo"} >> $GITHUB_ENV
2026-09-26T09:01:44.8375720Z shell: /bin/bash --noprofile --norc -e -o pipefail {0}
2026-09-26T09:01:44.8376050Z ##[endgroup]
2026-09-26T09:01:44.8666540Z ##[end-action id=__dtolnay_rust-toolchain.__run;outcome=success;conclusion=success;duration_ms=37]
2026-09-26T09:01:44.8668970Z ##[start-action display=Install rustup if needed;id=__dtolnay_rust-toolchain.__run_2]
2026-09-26T09:01:44.8695770Z ##[group]Run if ! command -v rustup &>/dev/null; then
2026-09-26T09:01:44.8696160Z if ! command -v rustup &>/dev/null; then
2026-09-26T09:01:44.8696910Z   curl --proto '=https' --tlsv1.2 --retry 10 --retry-connrefused --location --silent --show-error --fail https://sh.rustup.rs | sh -s -- --default-toolchain none -y
2026-09-26T09:01:44.8697530Z   echo "$CARGO_HOME/bin" >> $GITHUB_PATH
2026-09-26T09:01:44.8697840Z fi
2026-09-26T09:01:44.8758030Z shell: /bin/bash --noprofile --norc -e -o pipefail {0}
2026-09-26T09:01:44.8758340Z env:
2026-09-26T09:01:44.8758510Z   CARGO_HOME: /Users/runner/.cargo
2026-09-26T09:01:44.8758730Z ##[endgroup]
2026-09-26T09:01:44.9105910Z ##[end-action id=__dtolnay_rust-toolchain.__run_2;outcome=success;conclusion=success;duration_ms=43]
2026-09-26T09:01:44.9112510Z ##[start-action display=Install rustup if needed on windows;id=__dtolnay_rust-toolchain.__run_3]
2026-09-26T09:01:44.9129400Z ##[end-action id=__dtolnay_rust-toolchain.__run_3;outcome=skipped;conclusion=skipped;duration_ms=0]
2026-09-26T09:01:44.9138570Z ##[start-action display=rustup toolchain install 1.98.0;id=__dtolnay_rust-toolchain.__run_4]
2026-09-26T09:01:44.9157220Z ##[group]Run rustup toolchain install 1.98.0 --profile minimal --no-self-update
2026-09-26T09:01:44.9157680Z rustup toolchain install 1.98.0 --profile minimal --no-self-update
2026-09-26T09:01:44.9217110Z shell: /bin/bash --noprofile --norc -e -o pipefail {0}
2026-09-26T09:01:44.9217430Z env:
2026-09-26T09:01:44.9217620Z   CARGO_HOME: /Users/runner/.cargo
2026-09-26T09:01:44.9217870Z   RUSTUP_PERMIT_COPY_RENAME: 1
2026-09-26T09:01:44.9218090Z ##[endgroup]
2026-09-26T09:01:45.0018180Z info: syncing channel updates for 1.98.0-aarch64-apple-darwin
2026-09-26T09:01:45.2353550Z info: latest update on 2026-08-20 for version 1.98.0 (88d9e12ae 2026-08-18)
2026-09-26T09:01:45.2454850Z info: downloading 3 components
2026-09-26T09:01:52.1356260Z 
2026-09-26T09:01:52.1783340Z   1.98.0-aarch64-apple-darwin installed - rustc 1.98.0 (88d9e12ae 2026-08-18)
2026-09-26T09:01:52.1785180Z info: self-update is disabled for this build of rustup
2026-09-26T09:01:52.1793970Z info: any updates to rustup will need to be fetched with your system package manager
2026-09-26T09:01:52.1794800Z 
2026-09-26T09:01:52.1945880Z ##[end-action id=__dtolnay_rust-toolchain.__run_4;outcome=success;conclusion=success;duration_ms=7280]
2026-09-26T09:01:52.1958120Z ##[start-action display=rustup default 1.98.0;id=__dtolnay_rust-toolchain.__run_5]
2026-09-26T09:01:52.1982710Z ##[group]Run rustup default 1.98.0
2026-09-26T09:01:52.1983060Z rustup default 1.98.0
2026-09-26T09:01:52.2111070Z shell: /bin/bash --noprofile --norc -e -o pipefail {0}
2026-09-26T09:01:52.2111430Z env:
2026-09-26T09:01:52.2111690Z   CARGO_HOME: /Users/runner/.cargo
2026-09-26T09:01:52.2111940Z ##[endgroup]
2026-09-26T09:01:52.2777610Z info: using existing install for 1.98.0-aarch64-apple-darwin
2026-09-26T09:01:52.2801520Z info: default toolchain set to 1.98.0-aarch64-apple-darwin
2026-09-26T09:01:52.2802310Z 
2026-09-26T09:01:52.2934740Z   1.98.0-aarch64-apple-darwin unchanged - rustc 1.98.0 (88d9e12ae 2026-08-18)
2026-09-26T09:01:52.2935130Z 
2026-09-26T09:01:52.2953470Z ##[end-action id=__dtolnay_rust-toolchain.__run_5;outcome=success;conclusion=success;duration_ms=99]
2026-09-26T09:01:52.2956630Z ##[start-action display=Create cachekey;id=__dtolnay_rust-toolchain.rustc-version]
2026-09-26T09:01:52.2977410Z ##[group]Run DATE=$(rustc +1.98.0 --version --verbose | sed -ne 's/^commit-date: \(20[0-9][0-9]\)-\([01][0-9]\)-\([0-3][0-9]\)$/\1\2\3/p')
2026-09-26T09:01:52.2978210Z DATE=$(rustc +1.98.0 --version --verbose | sed -ne 's/^commit-date: \(20[0-9][0-9]\)-\([01][0-9]\)-\([0-3][0-9]\)$/\1\2\3/p')
2026-09-26T09:01:52.2978900Z HASH=$(rustc +1.98.0 --version --verbose | sed -ne 's/^commit-hash: //p')
2026-09-26T09:01:52.2979370Z echo "cachekey=$(echo $DATE$HASH | head -c12)" >> $GITHUB_OUTPUT
2026-09-26T09:01:52.3035430Z shell: /bin/bash --noprofile --norc -e -o pipefail {0}
2026-09-26T09:01:52.3035860Z env:
2026-09-26T09:01:52.3036190Z   CARGO_HOME: /Users/runner/.cargo
2026-09-26T09:01:52.3036460Z ##[endgroup]
2026-09-26T09:01:52.3857450Z ##[end-action id=__dtolnay_rust-toolchain.rustc-version;outcome=success;conclusion=success;duration_ms=89]
2026-09-26T09:01:52.3860700Z ##[start-action display=Disable incremental compilation;id=__dtolnay_rust-toolchain.__run_6]
2026-09-26T09:01:52.3884000Z ##[group]Run if [ -z "${CARGO_INCREMENTAL+set}" ]; then
2026-09-26T09:01:52.3884480Z if [ -z "${CARGO_INCREMENTAL+set}" ]; then
2026-09-26T09:01:52.3884870Z   echo CARGO_INCREMENTAL=0 >> $GITHUB_ENV
2026-09-26T09:01:52.3885150Z fi
2026-09-26T09:01:52.3955120Z shell: /bin/bash --noprofile --norc -e -o pipefail {0}
2026-09-26T09:01:52.3955470Z env:
2026-09-26T09:01:52.3955790Z   CARGO_HOME: /Users/runner/.cargo
2026-09-26T09:01:52.3956050Z ##[endgroup]
2026-09-26T09:01:52.4274050Z ##[end-action id=__dtolnay_rust-toolchain.__run_6;outcome=success;conclusion=success;duration_ms=41]
2026-09-26T09:01:52.4277550Z ##[start-action display=Enable colors in Cargo output;id=__dtolnay_rust-toolchain.__run_7]
2026-09-26T09:01:52.4297390Z ##[group]Run if [ -z "${CARGO_TERM_COLOR+set}" ]; then
2026-09-26T09:01:52.4297700Z if [ -z "${CARGO_TERM_COLOR+set}" ]; then
2026-09-26T09:01:52.4297970Z   echo CARGO_TERM_COLOR=always >> $GITHUB_ENV
2026-09-26T09:01:52.4356240Z fi
2026-09-26T09:01:52.4416370Z shell: /bin/bash --noprofile --norc -e -o pipefail {0}
2026-09-26T09:01:52.4416690Z env:
2026-09-26T09:01:52.4416950Z   CARGO_HOME: /Users/runner/.cargo
2026-09-26T09:01:52.4417160Z   CARGO_INCREMENTAL: 0
2026-09-26T09:01:52.4417320Z ##[endgroup]
2026-09-26T09:01:52.4745390Z ##[end-action id=__dtolnay_rust-toolchain.__run_7;outcome=success;conclusion=success;duration_ms=46]
2026-09-26T09:01:52.4748320Z ##[start-action display=Enable Cargo sparse registry;id=__dtolnay_rust-toolchain.__run_8]
2026-09-26T09:01:52.4766250Z ##[group]Run # implemented in 1.66, stabilized in 1.68, made default in 1.70
2026-09-26T09:01:52.4766990Z # implemented in 1.66, stabilized in 1.68, made default in 1.70
2026-09-26T09:01:52.4767580Z if [ -z "${CARGO_REGISTRIES_CRATES_IO_PROTOCOL+set}" -o -f "/Users/runner/work/_temp"/.implicit_cargo_registries_crates_io_protocol ]; then
2026-09-26T09:01:52.4768200Z   if rustc +1.98.0 --version --verbose | grep -q '^release: 1\.6[89]\.'; then
2026-09-26T09:01:52.4768700Z     touch "/Users/runner/work/_temp"/.implicit_cargo_registries_crates_io_protocol || true
2026-09-26T09:01:52.4769170Z     echo CARGO_REGISTRIES_CRATES_IO_PROTOCOL=sparse >> $GITHUB_ENV
2026-09-26T09:01:52.4769590Z   elif rustc +1.98.0 --version --verbose | grep -q '^release: 1\.6[67]\.'; then
2026-09-26T09:01:52.4770070Z     touch "/Users/runner/work/_temp"/.implicit_cargo_registries_crates_io_protocol || true
2026-09-26T09:01:52.4770550Z     echo CARGO_REGISTRIES_CRATES_IO_PROTOCOL=git >> $GITHUB_ENV
2026-09-26T09:01:52.4770840Z   fi
2026-09-26T09:01:52.4771000Z fi
2026-09-26T09:01:52.4830160Z shell: /bin/bash --noprofile --norc -e -o pipefail {0}
2026-09-26T09:01:52.4830440Z env:
2026-09-26T09:01:52.4830610Z   CARGO_HOME: /Users/runner/.cargo
2026-09-26T09:01:52.4830840Z   CARGO_INCREMENTAL: 0
2026-09-26T09:01:52.4831020Z   CARGO_TERM_COLOR: always
2026-09-26T09:01:52.4831200Z ##[endgroup]
2026-09-26T09:01:52.6057270Z ##[end-action id=__dtolnay_rust-toolchain.__run_8;outcome=success;conclusion=success;duration_ms=130]
2026-09-26T09:01:52.6061240Z ##[start-action display=Work around spurious network errors in curl 8.0;id=__dtolnay_rust-toolchain.__run_9]
2026-09-26T09:01:52.6082530Z ##[group]Run # https://rust-lang.zulipchat.com/#narrow/stream/246057-t-cargo/topic/timeout.20investigation
2026-09-26T09:01:52.6083220Z # https://rust-lang.zulipchat.com/#narrow/stream/246057-t-cargo/topic/timeout.20investigation
2026-09-26T09:01:52.6084030Z if rustc +1.98.0 --version --verbose | grep -q '^release: 1\.7[01]\.'; then
2026-09-26T09:01:52.6084560Z   echo CARGO_HTTP_MULTIPLEXING=false >> $GITHUB_ENV
2026-09-26T09:01:52.6084870Z fi
2026-09-26T09:01:52.6142300Z shell: /bin/bash --noprofile --norc -e -o pipefail {0}
2026-09-26T09:01:52.6142590Z env:
2026-09-26T09:01:52.6142760Z   CARGO_HOME: /Users/runner/.cargo
2026-09-26T09:01:52.6143000Z   CARGO_INCREMENTAL: 0
2026-09-26T09:01:52.6143180Z   CARGO_TERM_COLOR: always
2026-09-26T09:01:52.6143370Z ##[endgroup]
2026-09-26T09:01:52.6752340Z ##[end-action id=__dtolnay_rust-toolchain.__run_9;outcome=success;conclusion=success;duration_ms=69]
2026-09-26T09:01:52.6757180Z ##[start-action display=rustc +1.98.0 --version --verbose;id=__dtolnay_rust-toolchain.__run_10]
2026-09-26T09:01:52.6773630Z ##[group]Run rustc +1.98.0 --version --verbose
2026-09-26T09:01:52.6773950Z rustc +1.98.0 --version --verbose
2026-09-26T09:01:52.6826820Z shell: /bin/bash --noprofile --norc -e -o pipefail {0}
2026-09-26T09:01:52.6827090Z env:
2026-09-26T09:01:52.6827310Z   CARGO_HOME: /Users/runner/.cargo
2026-09-26T09:01:52.6827510Z   CARGO_INCREMENTAL: 0
2026-09-26T09:01:52.6827690Z   CARGO_TERM_COLOR: always
2026-09-26T09:01:52.6827860Z ##[endgroup]
2026-09-26T09:01:52.7452080Z rustc 1.98.0 (88d9e12ae 2026-08-18)
2026-09-26T09:01:52.7494120Z binary: rustc
2026-09-26T09:01:52.7494590Z commit-hash: 88d9e12ae178fab0fb5cc050a94da85685d449ea
2026-09-26T09:01:52.7494970Z commit-date: 2026-08-18
2026-09-26T09:01:52.7511260Z host: aarch64-apple-darwin
2026-09-26T09:01:52.7511730Z release: 1.98.0
2026-09-26T09:01:52.7512040Z LLVM version: 22.1.8
2026-09-26T09:01:52.7519920Z ##[end-action id=__dtolnay_rust-toolchain.__run_10;outcome=success;conclusion=success;duration_ms=76]
2026-09-26T09:01:52.7681330Z ##[group]Run actions/setup-python@a26af69be951a213d495a4c3e4e4022e16d87065
2026-09-26T09:01:52.7681700Z with:
2026-09-26T09:01:52.7681890Z   python-version: 3.12
2026-09-26T09:01:52.7682050Z   check-latest: false
2026-09-26T09:01:52.7684080Z   token: ***
2026-09-26T09:01:52.7684610Z   update-environment: true
2026-09-26T09:01:52.7684790Z   allow-prereleases: false
2026-09-26T09:01:52.7684990Z   freethreaded: false
2026-09-26T09:01:52.7685160Z env:
2026-09-26T09:01:52.7685330Z   CARGO_HOME: /Users/runner/.cargo
2026-09-26T09:01:52.7685530Z   CARGO_INCREMENTAL: 0
2026-09-26T09:01:52.7685710Z   CARGO_TERM_COLOR: always
2026-09-26T09:01:52.7685900Z ##[endgroup]
2026-09-26T09:01:52.9638350Z ##[group]Installed versions
2026-09-26T09:01:52.9734240Z (node:32884) [DEP0040] DeprecationWarning: The `punycode` module is deprecated. Please use a userland alternative instead.
2026-09-26T09:01:52.9734890Z (Use `node --trace-deprecation ...` to show where the warning was created)
2026-09-26T09:01:52.9735390Z Successfully set up CPython (3.12.10)
2026-09-26T09:01:52.9736620Z ##[endgroup]
2026-09-26T09:01:52.9820770Z ##[group]Run cargo build
2026-09-26T09:01:52.9821080Z cargo build
2026-09-26T09:01:52.9906200Z shell: /bin/bash -e {0}
2026-09-26T09:01:52.9906420Z env:
2026-09-26T09:01:52.9906710Z   CARGO_HOME: /Users/runner/.cargo
2026-09-26T09:01:52.9906970Z   CARGO_INCREMENTAL: 0
2026-09-26T09:01:52.9907170Z   CARGO_TERM_COLOR: always
2026-09-26T09:01:52.9907440Z   pythonLocation: /Users/runner/hostedtoolcache/Python/3.12.10/arm64
2026-09-26T09:01:52.9907900Z   PKG_CONFIG_PATH: /Users/runner/hostedtoolcache/Python/3.12.10/arm64/lib/pkgconfig
2026-09-26T09:01:52.9908340Z   Python_ROOT_DIR: /Users/runner/hostedtoolcache/Python/3.12.10/arm64
2026-09-26T09:01:52.9908720Z   Python2_ROOT_DIR: /Users/runner/hostedtoolcache/Python/3.12.10/arm64
2026-09-26T09:01:52.9909110Z   Python3_ROOT_DIR: /Users/runner/hostedtoolcache/Python/3.12.10/arm64
2026-09-26T09:01:52.9909840Z ##[endgroup]
2026-09-26T09:01:53.3167240Z     Updating crates.io index
2026-09-26T09:01:54.9728000Z  Downloading crates ...
2026-09-26T09:01:55.0600260Z   Downloaded cfg-if v1.0.4
2026-09-26T09:01:55.0690220Z   Downloaded anstream v1.0.0
2026-09-26T09:01:55.0730800Z   Downloaded clap_derive v4.6.4
2026-09-26T09:01:55.0774550Z   Downloaded equivalent v1.0.2
2026-09-26T09:01:55.0791070Z   Downloaded itoa v1.0.18
2026-09-26T09:01:55.0817180Z   Downloaded serde_spanned v1.1.1
2026-09-26T09:01:55.0837080Z   Downloaded adler2 v2.0.1
2026-09-26T09:01:55.0857760Z   Downloaded percent-encoding v2.3.2
2026-09-26T09:01:55.0874460Z   Downloaded ambient-authority v0.0.2
2026-09-26T09:01:55.0910450Z   Downloaded anstyle-query v1.1.5
2026-09-26T09:01:55.1025630Z   Downloaded lazy_static v1.5.0
2026-09-26T09:01:55.1129990Z   Downloaded form_urlencoded v1.2.2
2026-09-26T09:01:55.1152820Z   Downloaded httpdate v1.0.3
2026-09-26T09:01:55.1153320Z   Downloaded strsim v0.11.1
2026-09-26T09:01:55.1153800Z   Downloaded shell-words v1.1.1
2026-09-26T09:01:55.1160130Z   Downloaded fs-set-times v0.20.3
2026-09-26T09:01:55.1200970Z   Downloaded idna_adapter v1.2.2
2026-09-26T09:01:55.1220300Z   Downloaded allocator-api2 v0.2.21
2026-09-26T09:01:55.1301350Z   Downloaded anstyle v1.0.14
2026-09-26T09:01:55.1325320Z   Downloaded maybe-owned v0.3.4
2026-09-26T09:01:55.1351710Z   Downloaded cpufeatures v0.3.0
2026-09-26T09:01:55.1375640Z   Downloaded matchers v0.2.0
2026-09-26T09:01:55.1395280Z   Downloaded block-buffer v0.12.1
2026-09-26T09:01:55.1425090Z   Downloaded clap_lex v1.1.0
2026-09-26T09:01:55.1443340Z   Downloaded convert_case v0.4.0
2026-09-26T09:01:55.1473800Z   Downloaded crypto-common v0.2.2
2026-09-26T09:01:55.1512090Z   Downloaded errno v0.3.14
2026-09-26T09:01:55.1519920Z   Downloaded is_terminal_polyfill v1.70.2
2026-09-26T09:01:55.1546130Z   Downloaded potential_utf v0.1.6
2026-09-26T09:01:55.1650100Z   Downloaded stable_deref_trait v1.2.1
2026-09-26T09:01:55.1727260Z   Downloaded subtle v2.6.1
2026-09-26T09:01:55.1728000Z   Downloaded utf8parse v0.2.2
2026-09-26T09:01:55.1728440Z   Downloaded xattr v1.6.1
2026-09-26T09:01:55.1728890Z   Downloaded zerofrom-derive v0.1.7
2026-09-26T09:01:55.1735110Z   Downloaded dialoguer v0.12.0
2026-09-26T09:01:55.1826870Z   Downloaded filetime v0.2.29
2026-09-26T09:01:55.1887350Z   Downloaded foldhash v0.2.0
2026-09-26T09:01:55.1968600Z   Downloaded heck v0.5.0
2026-09-26T09:01:55.1969330Z   Downloaded io-lifetimes v2.0.4
2026-09-26T09:01:55.2012220Z   Downloaded nu-ansi-term v0.50.3
2026-09-26T09:01:55.2114340Z   Downloaded pkg-config v0.3.34
2026-09-26T09:01:55.2219940Z   Downloaded anstyle-parse v1.0.0
2026-09-26T09:01:55.2258660Z   Downloaded colorchoice v1.0.5
2026-09-26T09:01:55.2308080Z   Downloaded core-foundation v0.10.1
2026-09-26T09:01:55.2368720Z   Downloaded displaydoc v0.2.7
2026-09-26T09:01:55.2423990Z   Downloaded jobserver v0.1.35
2026-09-26T09:01:55.2509140Z   Downloaded owo-colors v4.3.0
2026-09-26T09:01:55.2566420Z   Downloaded quote v1.0.47
2026-09-26T09:01:55.2623230Z   Downloaded rustls-native-certs v0.8.4
2026-09-26T09:01:55.2657170Z   Downloaded thread_local v1.1.10
2026-09-26T09:01:55.2680600Z   Downloaded tracing-serde v0.2.0
2026-09-26T09:01:55.2697800Z   Downloaded untrusted v0.9.0
2026-09-26T09:01:55.2725570Z   Downloaded verus_builtin v0.0.0-2026-09-06-0133
2026-09-26T09:01:55.2740850Z   Downloaded zerofrom v0.1.8
2026-09-26T09:01:55.2758650Z   Downloaded digest v0.11.3
2026-09-26T09:01:55.2808460Z   Downloaded fastrand v2.5.0
2026-09-26T09:01:55.2841640Z   Downloaded io-extras v0.19.0
2026-09-26T09:01:55.2885360Z   Downloaded io-lifetimes v3.0.1
2026-09-26T09:01:55.2958190Z   Downloaded ipnet v2.12.1
2026-09-26T09:01:55.3033020Z   Downloaded litemap v0.8.3
2026-09-26T09:01:55.3059780Z   Downloaded pin-project-lite v0.2.17
2026-09-26T09:01:55.3219210Z   Downloaded security-framework-sys v2.17.0
2026-09-26T09:01:55.3287770Z   Downloaded unit-prefix v0.5.2
2026-09-26T09:01:55.3313600Z   Downloaded utf8_iter v1.0.4
2026-09-26T09:01:55.3342130Z   Downloaded webpki-roots v0.26.11
2026-09-26T09:01:55.3364990Z   Downloaded yoke-derive v0.8.2
2026-09-26T09:01:55.3387220Z   Downloaded zstd v0.13.3
2026-09-26T09:01:55.3457940Z   Downloaded bzip2 v0.6.1
2026-09-26T09:01:55.3491220Z   Downloaded cap-std v4.0.3
2026-09-26T09:01:55.3561960Z   Downloaded console v0.16.4
2026-09-26T09:01:55.3616630Z   Downloaded const-oid v0.10.2
2026-09-26T09:01:55.3695180Z   Downloaded core-foundation-sys v0.8.7
2026-09-26T09:01:55.3774240Z   Downloaded crc32fast v1.5.1
2026-09-26T09:01:55.3830630Z   Downloaded find-msvc-tools v0.1.11
2026-09-26T09:01:55.3882250Z   Downloaded getrandom v0.2.17
2026-09-26T09:01:55.3921540Z   Downloaded hybrid-array v0.4.14
2026-09-26T09:01:55.3975710Z   Downloaded icu_provider v2.3.1
2026-09-26T09:01:55.4038070Z   Downloaded log v0.4.34
2026-09-26T09:01:55.4090620Z   Downloaded once_cell v1.21.4
2026-09-26T09:01:55.4190560Z   Downloaded proc-macro2 v1.0.107
2026-09-26T09:01:55.4262120Z   Downloaded rustls-pki-types v1.15.1
2026-09-26T09:01:55.4329560Z   Downloaded ryu v1.0.23
2026-09-26T09:01:55.4397860Z   Downloaded serde_derive v1.0.229
2026-09-26T09:01:55.4493290Z   Downloaded serde_json v1.0.151
2026-09-26T09:01:55.4681340Z   Downloaded shlex v2.0.1
2026-09-26T09:01:55.4708810Z   Downloaded synstructure v0.13.2
2026-09-26T09:01:55.4727140Z   Downloaded thiserror v2.0.20
2026-09-26T09:01:55.4888580Z   Downloaded thiserror-impl v2.0.20
2026-09-26T09:01:55.4923000Z   Downloaded toml_datetime v0.7.5+spec-1.1.0
2026-09-26T09:01:55.4948110Z   Downloaded tracing-log v0.2.0
2026-09-26T09:01:55.4972280Z   Downloaded writeable v0.6.4
2026-09-26T09:01:55.5007880Z   Downloaded xz2 v0.1.7
2026-09-26T09:01:55.5037890Z   Downloaded zerovec-derive v0.11.6
2026-09-26T09:01:55.5066640Z   Downloaded zmij v1.0.23
2026-09-26T09:01:55.5098040Z   Downloaded zstd-safe v7.2.4
2026-09-26T09:01:55.5128370Z   Downloaded bitflags v2.13.1
2026-09-26T09:01:55.5223360Z   Downloaded clap v4.6.6
2026-09-26T09:01:55.5500150Z   Downloaded getrandom v0.4.3
2026-09-26T09:01:55.5585720Z   Downloaded icu_locale_core v2.3.0
2026-09-26T09:01:55.5756670Z   Downloaded indicatif v0.18.6
2026-09-26T09:01:55.5823330Z   Downloaded libbz2-rs-sys v0.2.5
2026-09-26T09:01:55.5852360Z   Downloaded miniz_oxide v0.8.9
2026-09-26T09:01:55.5898550Z   Downloaded serde_core v1.0.229
2026-09-26T09:01:55.5942810Z   Downloaded sha2 v0.11.0
2026-09-26T09:01:55.6012120Z   Downloaded simd-adler32 v0.3.10
2026-09-26T09:01:55.6043060Z   Downloaded smallvec v1.15.2
2026-09-26T09:01:55.6064180Z   Downloaded tempfile v3.27.0
2026-09-26T09:01:55.6105040Z   Downloaded tinystr v0.8.4
2026-09-26T09:01:55.6142250Z   Downloaded cap-primitives v4.0.3
2026-09-26T09:01:55.6382640Z   Downloaded icu_normalizer_data v2.3.0
2026-09-26T09:01:55.6415420Z   Downloaded rustls-webpki v0.103.15
2026-09-26T09:01:55.6471580Z   Downloaded security-framework v3.7.0
2026-09-26T09:01:55.6548360Z   Downloaded serde v1.0.229
2026-09-26T09:01:55.6606880Z   Downloaded tracing-attributes v0.1.31
2026-09-26T09:01:55.6655940Z   Downloaded yoke v0.8.3
2026-09-26T09:01:55.6686360Z   Downloaded base64 v0.22.1
2026-09-26T09:01:55.6832230Z   Downloaded bumpalo v3.20.3
2026-09-26T09:01:55.6942760Z   Downloaded cc v1.4.4
2026-09-26T09:01:55.7004140Z   Downloaded flate2 v1.1.9
2026-09-26T09:01:55.7132820Z   Downloaded icu_collections v2.3.0
2026-09-26T09:01:55.7335320Z   Downloaded icu_properties v2.3.0
2026-09-26T09:01:55.7456640Z   Downloaded indexmap v2.14.0
2026-09-26T09:01:55.7546790Z   Downloaded memchr v2.8.3
2026-09-26T09:01:55.7669650Z   Downloaded toml_datetime v1.1.1+spec-1.1.0
2026-09-26T09:01:55.7701490Z   Downloaded toml_writer v1.1.2+spec-1.1.0
2026-09-26T09:01:55.7733350Z   Downloaded zeroize v1.9.0
2026-09-26T09:01:55.7762800Z   Downloaded idna v1.1.0
2026-09-26T09:01:55.7829680Z   Downloaded serde_yaml v0.9.34+deprecated
2026-09-26T09:01:55.7919080Z   Downloaded toml v0.9.12+spec-1.1.0
2026-09-26T09:01:55.8022190Z   Downloaded unsafe-libyaml v0.2.11
2026-09-26T09:01:55.8087090Z   Downloaded hashbrown v0.17.1
2026-09-26T09:01:55.8216910Z   Downloaded toml v1.1.4+spec-1.1.0
2026-09-26T09:01:55.8350710Z   Downloaded toml_parser v1.1.3+spec-1.1.0
2026-09-26T09:01:55.8484920Z   Downloaded unicode-ident v1.0.24
2026-09-26T09:01:55.8536310Z   Downloaded zopfli v0.8.3
2026-09-26T09:01:55.8571430Z   Downloaded aho-corasick v1.1.5
2026-09-26T09:01:55.8663320Z   Downloaded clap_builder v4.6.6
2026-09-26T09:01:55.8814520Z   Downloaded icu_properties_data v2.3.0
2026-09-26T09:01:55.9006830Z   Downloaded sharded-slab v0.1.7
2026-09-26T09:01:55.9091300Z   Downloaded tar v0.4.46
2026-09-26T09:01:55.9135310Z   Downloaded toml_edit v0.25.13+spec-1.1.0
2026-09-26T09:01:55.9206000Z   Downloaded tracing-core v0.1.36
2026-09-26T09:01:55.9250880Z   Downloaded verus_prettyplease v0.0.0-2026-09-06-0133
2026-09-26T09:01:55.9322390Z   Downloaded zerotrie v0.2.5
2026-09-26T09:01:55.9395540Z   Downloaded url v2.5.8
2026-09-26T09:01:55.9445850Z   Downloaded verus_state_machines_macros v0.0.0-2026-09-06-0133
2026-09-26T09:01:55.9505970Z   Downloaded portable-atomic v1.15.0
2026-09-26T09:01:55.9715700Z   Downloaded typed-path v0.12.3
2026-09-26T09:01:55.9931390Z   Downloaded typenum v1.20.1
2026-09-26T09:01:56.0027980Z   Downloaded verus_builtin_macros v0.0.0-2026-09-06-0133
2026-09-26T09:01:56.0101110Z   Downloaded ureq v2.12.1
2026-09-26T09:01:56.0243870Z   Downloaded zerovec v0.11.8
2026-09-26T09:01:56.0367910Z   Downloaded zip v8.6.0
2026-09-26T09:01:56.0467880Z   Downloaded winnow v0.7.15
2026-09-26T09:01:56.0715650Z   Downloaded winnow v1.0.4
2026-09-26T09:01:56.1107820Z   Downloaded webpki-roots v1.0.9
2026-09-26T09:01:56.1181500Z   Downloaded zlib-rs v0.6.7
2026-09-26T09:01:56.1351580Z   Downloaded tracing-subscriber v0.3.23
2026-09-26T09:01:56.1637340Z   Downloaded regex-syntax v0.8.11
2026-09-26T09:01:56.1769700Z   Downloaded unicode-width v0.2.2
2026-09-26T09:01:56.1861970Z   Downloaded rustls v0.23.45
2026-09-26T09:01:56.2084220Z   Downloaded rustix v1.1.4
2026-09-26T09:01:56.2678770Z   Downloaded vstd v0.0.0-2026-09-06-0133
2026-09-26T09:01:56.2905690Z   Downloaded syn v2.0.119
2026-09-26T09:01:56.3217820Z   Downloaded syn v3.0.4
2026-09-26T09:01:56.3450910Z   Downloaded verus_syn v0.0.0-2026-09-06-0133
2026-09-26T09:01:56.3854740Z   Downloaded icu_normalizer v2.3.0
2026-09-26T09:01:56.3975030Z   Downloaded tracing v0.1.44
2026-09-26T09:01:56.4271520Z   Downloaded regex-automata v0.4.18
2026-09-26T09:01:56.4503470Z   Downloaded lzma-sys v0.1.20
2026-09-26T09:01:56.5684460Z   Downloaded libc v0.2.189
2026-09-26T09:01:56.6683240Z   Downloaded zstd-sys v2.0.16+zstd.1.5.7
2026-09-26T09:01:56.7049170Z   Downloaded ring v0.17.14
2026-09-26T09:01:56.9713310Z    Compiling proc-macro2 v1.0.107
2026-09-26T09:01:56.9715060Z    Compiling quote v1.0.47
2026-09-26T09:01:56.9716030Z    Compiling libc v0.2.189
2026-09-26T09:02:00.2280290Z    Compiling unicode-ident v1.0.24
2026-09-26T09:02:00.3296590Z    Compiling serde_core v1.0.229
2026-09-26T09:02:00.4973620Z    Compiling cfg-if v1.0.4
2026-09-26T09:02:00.5347160Z    Compiling find-msvc-tools v0.1.11
2026-09-26T09:02:00.7251950Z    Compiling jobserver v0.1.35
2026-09-26T09:02:00.7298860Z    Compiling shlex v2.0.1
2026-09-26T09:02:00.9843630Z    Compiling syn v3.0.4
2026-09-26T09:02:01.0173600Z    Compiling syn v2.0.119
2026-09-26T09:02:01.0281650Z    Compiling cc v1.4.4
2026-09-26T09:02:04.3716720Z    Compiling synstructure v0.13.2
2026-09-26T09:02:04.6392890Z    Compiling hashbrown v0.17.1
2026-09-26T09:02:04.7069320Z    Compiling equivalent v1.0.2
2026-09-26T09:02:04.7390120Z    Compiling stable_deref_trait v1.2.1
2026-09-26T09:02:04.7693230Z    Compiling bitflags v2.13.1
2026-09-26T09:02:04.9042170Z    Compiling zerovec-derive v0.11.6
2026-09-26T09:02:05.0080590Z    Compiling indexmap v2.14.0
2026-09-26T09:02:05.0811060Z    Compiling zerofrom-derive v0.1.7
2026-09-26T09:02:05.4634820Z    Compiling yoke-derive v0.8.2
2026-09-26T09:02:05.6167290Z    Compiling rustix v1.1.4
2026-09-26T09:02:05.8780620Z    Compiling displaydoc v0.2.7
2026-09-26T09:02:05.8907580Z    Compiling zerofrom v0.1.8
2026-09-26T09:02:05.9451090Z    Compiling errno v0.3.14
2026-09-26T09:02:06.0139860Z    Compiling serde v1.0.229
2026-09-26T09:02:06.1659900Z    Compiling pkg-config v0.3.34
2026-09-26T09:02:06.1964740Z    Compiling yoke v0.8.3
2026-09-26T09:02:06.2946900Z    Compiling zerovec v0.11.8
2026-09-26T09:02:06.3300020Z    Compiling once_cell v1.21.4
2026-09-26T09:02:06.4682770Z    Compiling serde_derive v1.0.229
2026-09-26T09:02:06.6454200Z    Compiling verus_syn v0.0.0-2026-09-06-0133
2026-09-26T09:02:07.9330110Z    Compiling verus_prettyplease v0.0.0-2026-09-06-0133
2026-09-26T09:02:08.0699550Z    Compiling zmij v1.0.23
2026-09-26T09:02:08.2884020Z    Compiling serde_json v1.0.151
2026-09-26T09:02:08.4191290Z    Compiling itoa v1.0.18
2026-09-26T09:02:08.6036040Z    Compiling memchr v2.8.3
2026-09-26T09:02:09.0225970Z    Compiling tinystr v0.8.4
2026-09-26T09:02:09.1160730Z    Compiling zeroize v1.9.0
2026-09-26T09:02:09.1782870Z    Compiling vstd v0.0.0-2026-09-06-0133
2026-09-26T09:02:09.2343780Z    Compiling writeable v0.6.4
2026-09-26T09:02:09.3222970Z    Compiling convert_case v0.4.0
2026-09-26T09:02:09.4101960Z    Compiling litemap v0.8.3
2026-09-26T09:02:09.5189760Z    Compiling winnow v1.0.4
2026-09-26T09:02:09.5259470Z    Compiling io-lifetimes v3.0.1
2026-09-26T09:02:09.7225060Z    Compiling io-lifetimes v2.0.4
2026-09-26T09:02:09.9799930Z    Compiling icu_locale_core v2.3.0
2026-09-26T09:02:11.4043750Z    Compiling toml_parser v1.1.3+spec-1.1.0
2026-09-26T09:02:11.8683850Z    Compiling potential_utf v0.1.6
2026-09-26T09:02:11.9434910Z    Compiling zerotrie v0.2.5
2026-09-26T09:02:12.1011810Z    Compiling icu_normalizer_data v2.3.0
2026-09-26T09:02:12.2079100Z    Compiling toml_writer v1.1.2+spec-1.1.0
2026-09-26T09:02:12.2528440Z    Compiling verus_builtin_macros v0.0.0-2026-09-06-0133
2026-09-26T09:02:12.3320790Z    Compiling verus_state_machines_macros v0.0.0-2026-09-06-0133
2026-09-26T09:02:12.7039250Z    Compiling verus_builtin v0.0.0-2026-09-06-0133
2026-09-26T09:02:12.7680200Z    Compiling smallvec v1.15.2
2026-09-26T09:02:12.8883090Z    Compiling io-extras v0.19.0
2026-09-26T09:02:13.0234260Z    Compiling log v0.4.34
2026-09-26T09:02:13.1563110Z    Compiling thiserror v2.0.20
2026-09-26T09:02:13.3718940Z    Compiling typenum v1.20.1
2026-09-26T09:02:14.0344340Z    Compiling utf8_iter v1.0.4
2026-09-26T09:02:14.1057840Z    Compiling icu_properties_data v2.3.0
2026-09-26T09:02:14.2879410Z    Compiling icu_collections v2.3.0
2026-09-26T09:02:14.7398630Z    Compiling hybrid-array v0.4.14
2026-09-26T09:02:15.3633620Z    Compiling icu_provider v2.3.1
2026-09-26T09:02:15.7220600Z    Compiling rustls-pki-types v1.15.1
2026-09-26T09:02:15.9378430Z    Compiling zstd-sys v2.0.16+zstd.1.5.7
2026-09-26T09:02:16.1492230Z    Compiling thiserror-impl v2.0.20
2026-09-26T09:02:16.2102640Z    Compiling serde_spanned v1.1.1
2026-09-26T09:02:16.2916020Z    Compiling ring v0.17.14
2026-09-26T09:02:16.5677540Z    Compiling getrandom v0.4.3
2026-09-26T09:02:16.7500740Z    Compiling cap-primitives v4.0.3
2026-09-26T09:02:19.6734970Z    Compiling gripsack-policy v0.42.0 (/Users/runner/work/gripsack/gripsack/crates/gripsack-policy)
2026-09-26T09:02:19.8778310Z    Compiling fs-set-times v0.20.3
2026-09-26T09:02:20.2561580Z    Compiling tracing-core v0.1.36
2026-09-26T09:02:20.6696550Z    Compiling ipnet v2.12.1
2026-09-26T09:02:21.0949280Z    Compiling crc32fast v1.5.1
2026-09-26T09:02:21.2088490Z    Compiling cap-std v4.0.3
2026-09-26T09:02:21.3696990Z    Compiling maybe-owned v0.3.4
2026-09-26T09:02:21.5331900Z    Compiling ambient-authority v0.0.2
2026-09-26T09:02:22.5221650Z    Compiling icu_properties v2.3.0
2026-09-26T09:02:23.5333620Z    Compiling icu_normalizer v2.3.0
2026-09-26T09:02:23.9202610Z    Compiling gripsack-ir v0.42.0 (/Users/runner/work/gripsack/gripsack/crates/gripsack-ir)
2026-09-26T09:02:24.2531540Z    Compiling block-buffer v0.12.1
2026-09-26T09:02:24.3414390Z    Compiling crypto-common v0.2.2
2026-09-26T09:02:25.1220730Z    Compiling toml_datetime v0.7.5+spec-1.1.0
2026-09-26T09:02:25.3192740Z    Compiling getrandom v0.2.17
2026-09-26T09:02:25.4082780Z    Compiling const-oid v0.10.2
2026-09-26T09:02:25.5242490Z    Compiling winnow v0.7.15
2026-09-26T09:02:26.8424070Z    Compiling fastrand v2.5.0
2026-09-26T09:02:26.9975220Z    Compiling zstd-safe v7.2.4
2026-09-26T09:02:27.1449030Z    Compiling core-foundation-sys v0.8.7
2026-09-26T09:02:27.3122230Z    Compiling untrusted v0.9.0
2026-09-26T09:02:27.3604430Z    Compiling simd-adler32 v0.3.10
2026-09-26T09:02:29.4409980Z    Compiling tempfile v3.27.0
2026-09-26T09:02:29.6420390Z    Compiling toml v0.9.12+spec-1.1.0
2026-09-26T09:02:29.6922400Z    Compiling digest v0.11.3
2026-09-26T09:02:29.7636010Z    Compiling idna_adapter v1.2.2
2026-09-26T09:02:30.0470350Z    Compiling lzma-sys v0.1.20
2026-09-26T09:02:30.1450220Z    Compiling tracing-attributes v0.1.31
2026-09-26T09:02:30.2200360Z    Compiling toml_datetime v1.1.1+spec-1.1.0
2026-09-26T09:02:30.3890300Z    Compiling cpufeatures v0.3.0
2026-09-26T09:02:30.4311080Z    Compiling pin-project-lite v0.2.17
2026-09-26T09:02:30.4640050Z    Compiling adler2 v2.0.1
2026-09-26T09:02:30.5132240Z    Compiling rustls v0.23.45
2026-09-26T09:02:30.5894050Z    Compiling percent-encoding v2.3.2
2026-09-26T09:02:30.7011070Z    Compiling form_urlencoded v1.2.2
2026-09-26T09:02:30.7538660Z    Compiling miniz_oxide v0.8.9
2026-09-26T09:02:30.7915570Z    Compiling sha2 v0.11.0
2026-09-26T09:02:30.9259610Z    Compiling tracing v0.1.44
2026-09-26T09:02:31.0794110Z    Compiling gripsack-fs v0.42.0 (/Users/runner/work/gripsack/gripsack/crates/gripsack-fs)
2026-09-26T09:02:31.2522550Z    Compiling idna v1.1.0
2026-09-26T09:02:31.3515880Z    Compiling rustls-webpki v0.103.15
2026-09-26T09:02:31.4388180Z    Compiling core-foundation v0.10.1
2026-09-26T09:02:31.6540660Z    Compiling security-framework-sys v2.17.0
2026-09-26T09:02:31.7532880Z    Compiling webpki-roots v1.0.9
2026-09-26T09:02:31.8013300Z    Compiling bumpalo v3.20.3
2026-09-26T09:02:31.8135100Z    Compiling zlib-rs v0.6.7
2026-09-26T09:02:31.9610780Z    Compiling subtle v2.6.1
2026-09-26T09:02:32.0250420Z    Compiling libbz2-rs-sys v0.2.5
2026-09-26T09:02:32.6351800Z    Compiling bzip2 v0.6.1
2026-09-26T09:02:32.7459170Z    Compiling zopfli v0.8.3
2026-09-26T09:02:33.3625890Z    Compiling webpki-roots v0.26.11
2026-09-26T09:02:33.4047930Z    Compiling security-framework v3.7.0
2026-09-26T09:02:34.7521340Z    Compiling url v2.5.8
2026-09-26T09:02:35.4887500Z    Compiling flate2 v1.1.9
2026-09-26T09:02:35.6424370Z    Compiling zstd v0.13.3
2026-09-26T09:02:35.8403360Z    Compiling gripsack-store v0.42.0 (/Users/runner/work/gripsack/gripsack/crates/gripsack-store)
2026-09-26T09:02:35.8886220Z    Compiling xattr v1.6.1
2026-09-26T09:02:36.1612660Z    Compiling filetime v0.2.29
2026-09-26T09:02:36.2887130Z    Compiling base64 v0.22.1
2026-09-26T09:02:36.5886030Z    Compiling typed-path v0.12.3
2026-09-26T09:02:37.8250420Z    Compiling zip v8.6.0
2026-09-26T09:02:37.8955460Z    Compiling ureq v2.12.1
2026-09-26T09:02:38.0362950Z    Compiling tar v0.4.46
2026-09-26T09:02:38.9604170Z    Compiling xz2 v0.1.7
2026-09-26T09:02:39.0841800Z    Compiling rustls-native-certs v0.8.4
2026-09-26T09:02:39.1170390Z    Compiling toml v1.1.4+spec-1.1.0
2026-09-26T09:02:39.2887430Z    Compiling gripsack-process v0.42.0 (/Users/runner/work/gripsack/gripsack/crates/gripsack-process)
2026-09-26T09:02:39.4847840Z    Compiling httpdate v1.0.3
2026-09-26T09:02:39.5566180Z    Compiling utf8parse v0.2.2
2026-09-26T09:02:39.6149540Z    Compiling gripsack-fetch v0.42.0 (/Users/runner/work/gripsack/gripsack/crates/gripsack-fetch)
2026-09-26T09:02:39.6613050Z    Compiling regex-syntax v0.8.11
2026-09-26T09:02:40.7249830Z    Compiling gripsack-config v0.42.0 (/Users/runner/work/gripsack/gripsack/crates/gripsack-config)
2026-09-26T09:02:41.5435590Z    Compiling regex-automata v0.4.18
2026-09-26T09:02:41.7551020Z    Compiling anstyle-parse v1.0.0
2026-09-26T09:02:41.8653310Z    Compiling anstyle v1.0.14
2026-09-26T09:02:42.0224700Z    Compiling is_terminal_polyfill v1.70.2
2026-09-26T09:02:42.0644650Z    Compiling ryu v1.0.23
2026-09-26T09:02:42.1926480Z    Compiling unicode-width v0.2.2
2026-09-26T09:02:42.3644580Z    Compiling portable-atomic v1.15.0
2026-09-26T09:02:42.7325630Z    Compiling colorchoice v1.0.5
2026-09-26T09:02:42.7983350Z    Compiling unsafe-libyaml v0.2.11
2026-09-26T09:02:43.2351300Z    Compiling lazy_static v1.5.0
2026-09-26T09:02:43.2958960Z    Compiling anstyle-query v1.1.5
2026-09-26T09:02:43.3485670Z    Compiling anstream v1.0.0
2026-09-26T09:02:43.6124620Z    Compiling serde_yaml v0.9.34+deprecated
2026-09-26T09:02:43.7575880Z    Compiling sharded-slab v0.1.7
2026-09-26T09:02:44.3749950Z    Compiling matchers v0.2.0
2026-09-26T09:02:44.5378950Z    Compiling console v0.16.4
2026-09-26T09:02:45.7199920Z    Compiling gripsack-exec v0.42.0 (/Users/runner/work/gripsack/gripsack/crates/gripsack-exec)
2026-09-26T09:02:45.7845000Z    Compiling toml_edit v0.25.13+spec-1.1.0
2026-09-26T09:02:46.3518590Z    Compiling tracing-serde v0.2.0
2026-09-26T09:02:46.4685830Z    Compiling tracing-log v0.2.0
2026-09-26T09:02:46.6496390Z    Compiling thread_local v1.1.10
2026-09-26T09:02:46.8756620Z    Compiling strsim v0.11.1
2026-09-26T09:02:47.2477890Z    Compiling clap_lex v1.1.0
2026-09-26T09:02:47.2928650Z    Compiling nu-ansi-term v0.50.3
2026-09-26T09:02:47.4270260Z    Compiling owo-colors v4.3.0
2026-09-26T09:02:47.7370240Z    Compiling heck v0.5.0
2026-09-26T09:02:48.0094210Z    Compiling tracing-subscriber v0.3.23
2026-09-26T09:02:48.0425750Z    Compiling clap_derive v4.6.4
2026-09-26T09:02:50.0417730Z    Compiling clap_builder v4.6.6
2026-09-26T09:02:51.2354980Z    Compiling griplint v0.42.0 (/Users/runner/work/gripsack/gripsack/crates/griplint)
2026-09-26T09:02:51.6602020Z    Compiling unit-prefix v0.5.2
2026-09-26T09:02:51.7363850Z    Compiling shell-words v1.1.1
2026-09-26T09:02:51.8322750Z    Compiling clap v4.6.6
2026-09-26T09:02:51.8950790Z    Compiling dialoguer v0.12.0
2026-09-26T09:02:52.6244370Z    Compiling gripsack-lint v0.42.0 (/Users/runner/work/gripsack/gripsack/crates/gripsack-lint)
2026-09-26T09:02:53.0455060Z    Compiling indicatif v0.18.6
2026-09-26T09:02:53.0661370Z    Compiling gripsack-trace v0.42.0 (/Users/runner/work/gripsack/gripsack/crates/gripsack-trace)
2026-09-26T09:02:54.0254620Z    Compiling gripsack-fuzz v0.0.0 (/Users/runner/work/gripsack/gripsack/fuzz)
2026-09-26T09:02:54.2979120Z    Compiling gripsack v0.42.0 (/Users/runner/work/gripsack/gripsack/crates/gripsack)
2026-09-26T09:02:57.8994840Z     Finished `dev` profile [unoptimized + debuginfo] target(s) in 1m 04s
2026-09-26T09:02:58.0323360Z ##[group]Run curl -fsSL https://github.com/denoland/deno/releases/download/v2.9.6/deno-aarch64-apple-darwin.zip -o /tmp/deno.zip
2026-09-26T09:02:58.0324480Z curl -fsSL https://github.com/denoland/deno/releases/download/v2.9.6/deno-aarch64-apple-darwin.zip -o /tmp/deno.zip
2026-09-26T09:02:58.0325220Z echo "213a2f304f04d3c9cb5220669afad138f60a5aab1fe80962abdeb8f35807a472  /tmp/deno.zip" | shasum -a 256 --check
2026-09-26T09:02:58.0325870Z unzip -q /tmp/deno.zip -d "$HOME/.deno-bin"
2026-09-26T09:02:58.0326240Z echo "$HOME/.deno-bin" >> "$GITHUB_PATH"
2026-09-26T09:02:58.0326650Z echo "GRIPSACK_DENO=$HOME/.deno-bin/deno" >> "$GITHUB_ENV"
2026-09-26T09:02:58.0565960Z shell: /bin/bash -e {0}
2026-09-26T09:02:58.0566630Z env:
2026-09-26T09:02:58.0567370Z   CARGO_HOME: /Users/runner/.cargo
2026-09-26T09:02:58.0568200Z   CARGO_INCREMENTAL: 0
2026-09-26T09:02:58.0568730Z   CARGO_TERM_COLOR: always
2026-09-26T09:02:58.0569730Z   pythonLocation: /Users/runner/hostedtoolcache/Python/3.12.10/arm64
2026-09-26T09:02:58.0570880Z   PKG_CONFIG_PATH: /Users/runner/hostedtoolcache/Python/3.12.10/arm64/lib/pkgconfig
2026-09-26T09:02:58.0572100Z   Python_ROOT_DIR: /Users/runner/hostedtoolcache/Python/3.12.10/arm64
2026-09-26T09:02:58.0573230Z   Python2_ROOT_DIR: /Users/runner/hostedtoolcache/Python/3.12.10/arm64
2026-09-26T09:02:58.0574360Z   Python3_ROOT_DIR: /Users/runner/hostedtoolcache/Python/3.12.10/arm64
2026-09-26T09:02:58.0575280Z ##[endgroup]
2026-09-26T09:02:59.0985600Z /tmp/deno.zip: OK
2026-09-26T09:02:59.8732510Z ##[group]Run python -m pip install pytest
2026-09-26T09:02:59.8733090Z python -m pip install pytest
2026-09-26T09:02:59.8733560Z python -m pytest -q
2026-09-26T09:02:59.8824140Z shell: /bin/bash -e {0}
2026-09-26T09:02:59.8824520Z env:
2026-09-26T09:02:59.8824850Z   CARGO_HOME: /Users/runner/.cargo
2026-09-26T09:02:59.8825130Z   CARGO_INCREMENTAL: 0
2026-09-26T09:02:59.8825430Z   CARGO_TERM_COLOR: always
2026-09-26T09:02:59.8825850Z   pythonLocation: /Users/runner/hostedtoolcache/Python/3.12.10/arm64
2026-09-26T09:02:59.8826380Z   PKG_CONFIG_PATH: /Users/runner/hostedtoolcache/Python/3.12.10/arm64/lib/pkgconfig
2026-09-26T09:02:59.8827020Z   Python_ROOT_DIR: /Users/runner/hostedtoolcache/Python/3.12.10/arm64
2026-09-26T09:02:59.8827470Z   Python2_ROOT_DIR: /Users/runner/hostedtoolcache/Python/3.12.10/arm64
2026-09-26T09:02:59.8828110Z   Python3_ROOT_DIR: /Users/runner/hostedtoolcache/Python/3.12.10/arm64
2026-09-26T09:02:59.8828600Z   GRIPSACK_DENO: /Users/runner/.deno-bin/deno
2026-09-26T09:02:59.8829030Z ##[endgroup]
2026-09-26T09:03:01.3820060Z Collecting pytest
2026-09-26T09:03:01.4643970Z   Downloading pytest-9.1.1-py3-none-any.whl.metadata (7.6 kB)
2026-09-26T09:03:01.4908430Z Collecting iniconfig>=1.0.1 (from pytest)
2026-09-26T09:03:01.5040400Z   Downloading iniconfig-2.3.0-py3-none-any.whl.metadata (2.5 kB)
2026-09-26T09:03:01.5302530Z Collecting packaging>=22 (from pytest)
2026-09-26T09:03:01.5429230Z   Downloading packaging-26.3-py3-none-any.whl.metadata (3.5 kB)
2026-09-26T09:03:01.5639300Z Collecting pluggy<2,>=1.5 (from pytest)
2026-09-26T09:03:01.5766350Z   Downloading pluggy-1.6.0-py3-none-any.whl.metadata (4.8 kB)
2026-09-26T09:03:01.6026020Z Collecting pygments>=2.7.2 (from pytest)
2026-09-26T09:03:01.6178960Z   Downloading pygments-2.21.0-py3-none-any.whl.metadata (2.5 kB)
2026-09-26T09:03:01.6432750Z Downloading pytest-9.1.1-py3-none-any.whl (386 kB)
2026-09-26T09:03:01.6976010Z Downloading pluggy-1.6.0-py3-none-any.whl (20 kB)
2026-09-26T09:03:01.7164930Z Downloading iniconfig-2.3.0-py3-none-any.whl (7.5 kB)
2026-09-26T09:03:01.7372350Z Downloading packaging-26.3-py3-none-any.whl (129 kB)
2026-09-26T09:03:01.7583040Z Downloading pygments-2.21.0-py3-none-any.whl (1.3 MB)
2026-09-26T09:03:01.7872240Z    ━━━━━━━━━━━━━━━━━━━━━━━━━━━━━━━━━━━━━━━━ 1.3/1.3 MB 40.9 MB/s  0:00:00
2026-09-26T09:03:01.8184180Z Installing collected packages: pygments, pluggy, packaging, iniconfig, pytest
2026-09-26T09:03:02.9126340Z 
2026-09-26T09:03:02.9133560Z Successfully installed iniconfig-2.3.0 packaging-26.3 pluggy-1.6.0 pygments-2.21.0 pytest-9.1.1
2026-09-26T09:03:38.5763260Z ........................................................................ [ 22%]
2026-09-26T09:04:16.1135200Z ........................................................................ [ 45%]
2026-09-26T09:05:33.7600850Z ........................................................................ [ 67%]
2026-09-26T09:23:04.5769390Z ........................................................................ [ 90%]
2026-09-26T09:23:08.6685160Z ...............................                                          [100%]
2026-09-26T09:23:08.6686770Z 319 passed in 1205.52s (0:20:05)
2026-09-26T09:23:08.7439290Z Post job cleanup.
2026-09-26T09:23:09.1323820Z (node:12424) [DEP0040] DeprecationWarning: The `punycode` module is deprecated. Please use a userland alternative instead.
2026-09-26T09:23:09.1324600Z (Use `node --trace-deprecation ...` to show where the warning was created)
2026-09-26T09:23:09.1482810Z Post job cleanup.
2026-09-26T09:23:09.3340270Z [command]/opt/homebrew/bin/git version
2026-09-26T09:23:09.3654730Z git version 2.55.0
2026-09-26T09:23:09.3681450Z Copying '/Users/runner/.gitconfig' to '/Users/runner/work/_temp/e670e4e7-fd03-46b5-9151-2c3c7642501a/.gitconfig'
2026-09-26T09:23:09.3693130Z Temporarily overriding HOME='/Users/runner/work/_temp/e670e4e7-fd03-46b5-9151-2c3c7642501a' before making global git config changes
2026-09-26T09:23:09.3694730Z Adding repository directory to the temporary git global config as a safe directory
2026-09-26T09:23:09.3703270Z [command]/opt/homebrew/bin/git config --global --add safe.directory /Users/runner/work/gripsack/gripsack
2026-09-26T09:23:09.3854820Z Removing SSH command configuration
2026-09-26T09:23:09.3861740Z [command]/opt/homebrew/bin/git config --local --name-only --get-regexp core\.sshCommand
2026-09-26T09:23:09.3919810Z [command]/opt/homebrew/bin/git submodule foreach --recursive sh -c "git config --local --name-only --get-regexp 'core\.sshCommand' && git config --local --unset-all 'core.sshCommand' || :"
2026-09-26T09:23:09.5162920Z Removing HTTP extra header
2026-09-26T09:23:09.5167420Z [command]/opt/homebrew/bin/git config --local --name-only --get-regexp http\.https\:\/\/github\.com\/\.extraheader
2026-09-26T09:23:09.5223880Z [command]/opt/homebrew/bin/git submodule foreach --recursive sh -c "git config --local --name-only --get-regexp 'http\.https\:\/\/github\.com\/\.extraheader' && git config --local --unset-all 'http.https://github.com/.extraheader' || :"
2026-09-26T09:23:09.5900080Z Removing includeIf entries pointing to credentials config files
2026-09-26T09:23:09.5904020Z [command]/opt/homebrew/bin/git config --local --name-only --get-regexp ^includeIf\.gitdir:
2026-09-26T09:23:09.5935930Z includeif.gitdir:/Users/runner/work/gripsack/gripsack/.git.path
2026-09-26T09:23:09.5936380Z includeif.gitdir:/Users/runner/work/gripsack/gripsack/.git/worktrees/*.path
2026-09-26T09:23:09.5936780Z includeif.gitdir:/github/workspace/.git.path
2026-09-26T09:23:09.5937070Z includeif.gitdir:/github/workspace/.git/worktrees/*.path
2026-09-26T09:23:09.5940930Z [command]/opt/homebrew/bin/git config --local --get-all includeif.gitdir:/Users/runner/work/gripsack/gripsack/.git.path
2026-09-26T09:23:09.5970160Z /Users/runner/work/_temp/git-credentials-193aef28-fcfd-46a0-a401-0756487e5eb6.config
2026-09-26T09:23:09.5985070Z [command]/opt/homebrew/bin/git config --local --unset includeif.gitdir:/Users/runner/work/gripsack/gripsack/.git.path \/Users\/runner\/work\/_temp\/git\-credentials\-193aef28\-fcfd\-46a0\-a401\-0756487e5eb6\.config
2026-09-26T09:23:09.6059690Z [command]/opt/homebrew/bin/git config --local --get-all includeif.gitdir:/Users/runner/work/gripsack/gripsack/.git/worktrees/*.path
2026-09-26T09:23:09.6098090Z /Users/runner/work/_temp/git-credentials-193aef28-fcfd-46a0-a401-0756487e5eb6.config
2026-09-26T09:23:09.6104400Z [command]/opt/homebrew/bin/git config --local --unset includeif.gitdir:/Users/runner/work/gripsack/gripsack/.git/worktrees/*.path \/Users\/runner\/work\/_temp\/git\-credentials\-193aef28\-fcfd\-46a0\-a401\-0756487e5eb6\.config
2026-09-26T09:23:09.6186070Z [command]/opt/homebrew/bin/git config --local --get-all includeif.gitdir:/github/workspace/.git.path
2026-09-26T09:23:09.6329800Z /github/runner_temp/git-credentials-193aef28-fcfd-46a0-a401-0756487e5eb6.config
2026-09-26T09:23:09.6645930Z [command]/opt/homebrew/bin/git config --local --unset includeif.gitdir:/github/workspace/.git.path \/github\/runner_temp\/git\-credentials\-193aef28\-fcfd\-46a0\-a401\-0756487e5eb6\.config
2026-09-26T09:23:09.6712310Z [command]/opt/homebrew/bin/git config --local --get-all includeif.gitdir:/github/workspace/.git/worktrees/*.path
2026-09-26T09:23:09.6713000Z /github/runner_temp/git-credentials-193aef28-fcfd-46a0-a401-0756487e5eb6.config
2026-09-26T09:23:09.6722490Z [command]/opt/homebrew/bin/git config --local --unset includeif.gitdir:/github/workspace/.git/worktrees/*.path \/github\/runner_temp\/git\-credentials\-193aef28\-fcfd\-46a0\-a401\-0756487e5eb6\.config
2026-09-26T09:23:09.6738530Z [command]/opt/homebrew/bin/git submodule foreach --recursive git config --local --show-origin --name-only --get-regexp remote.origin.url
2026-09-26T09:23:09.7151170Z Removing credentials config '/Users/runner/work/_temp/git-credentials-193aef28-fcfd-46a0-a401-0756487e5eb6.config'
2026-09-26T09:23:09.7242750Z Cleaning up orphan processes
2026-09-26T09:23:10.0903680Z ##[warning]Node.js 20 is deprecated. The following actions target Node.js 20 but are being forced to run on Node.js 24: actions/setup-python@a26af69be951a213d495a4c3e4e4022e16d87065. For more information see: https://github.blog/changelog/2025-09-19-deprecation-of-node-20-on-github-actions-runners/
