RUNNER_SOURCE_COMMIT=a754e048360a6146368fd58056f274a4e7f3c1a6
RUNNER_SOURCE_ROOTS_DIRTY=clean (git status --porcelain -- SOURCE_ROOTS before and after every direct runner: empty)
RUNNER_COMMANDS=docker compose run --build --rm e2e uv run --locked --no-sync pytest -q test_golden.py test_workspace_contract.py test_workspace_diagnostics.py ; docker compose run --build --rm test cargo test --locked -p gripsack-ir --test schema_acceptance --test workspace_v4_compat --test workspace_v5_acceptance
RUNNER_TOOL_VERSIONS=Docker Compose v5.5.0; pytest 9.1.1; pinned Rust test image
RUNNER_INPUTS=committed v3/v4/v5 schema/parsers, all-kind TS golden with semantic drift, offline sandboxed HOME real CLI fixtures

a754e048360a6146368fd58056f274a4e7f3c1a6
 Image gripsack-e2e Building 
#1 [internal] load local bake definitions
#1 reading from stdin 525B done
#1 DONE 0.0s

#2 [internal] load build definition from Dockerfile
#2 transferring dockerfile: 10.04kB done
#2 DONE 0.0s

#3 resolve image config for docker-image://docker.io/docker/dockerfile:1
#3 DONE 0.4s

#4 docker-image://docker.io/docker/dockerfile:1@sha256:ecfaec9ed6d810b56388c508f4121597bfbba70d41a6dfeee4d8cad5f295fc32
#4 resolve docker.io/docker/dockerfile:1@sha256:ecfaec9ed6d810b56388c508f4121597bfbba70d41a6dfeee4d8cad5f295fc32 0.0s done
#4 CACHED

#5 [internal] load metadata for docker.io/library/rust:alpine@sha256:a10e64dd139b7387337c7fbe8aca31b959b57b2fd4c8ae20a02cf1d6ea424dce
#5 DONE 0.6s

#6 [internal] load metadata for docker.io/library/python:3.13-slim@sha256:9d2e5553305c7c7b0097999bb17187c69b921ccd6bc9d40e4bb5ebe652c00285
#6 DONE 0.8s

#7 [builder  1/10] FROM docker.io/library/rust:alpine@sha256:a10e64dd139b7387337c7fbe8aca31b959b57b2fd4c8ae20a02cf1d6ea424dce
#7 resolve docker.io/library/rust:alpine@sha256:a10e64dd139b7387337c7fbe8aca31b959b57b2fd4c8ae20a02cf1d6ea424dce 0.0s done
#7 DONE 0.0s

#8 [internal] load .dockerignore
#8 transferring context: 139B done
#8 DONE 0.1s

#9 [e2e  4/12] ADD --checksum=sha256:394f07f4da2bebe6ce6f1e7ce0fa16429b29b08c35e3fac3fe25972676dff4b2 https://github.com/denoland/deno/releases/download/v2.9.6/deno-x86_64-unknown-linux-gnu.zip /tmp/deno.zip
#9 DONE 0.0s

#10 [e2e  1/12] FROM docker.io/library/python:3.13-slim@sha256:9d2e5553305c7c7b0097999bb17187c69b921ccd6bc9d40e4bb5ebe652c00285
#10 resolve docker.io/library/python:3.13-slim@sha256:9d2e5553305c7c7b0097999bb17187c69b921ccd6bc9d40e4bb5ebe652c00285
#10 resolve docker.io/library/python:3.13-slim@sha256:9d2e5553305c7c7b0097999bb17187c69b921ccd6bc9d40e4bb5ebe652c00285 0.1s done
#10 DONE 0.1s

#11 [internal] load build context
#11 transferring context: 139.29kB 0.1s done
#11 DONE 0.1s

#12 [builder  4/10] WORKDIR /app
#12 CACHED

#13 [e2e  6/12] RUN printf 'uv==%s --hash=sha256:f7d6248ad9f2d282fea795f248da8fa666ab382df50d8385bd98e01049440a0c --hash=sha256:bd0afae6918795c6a61a649e64d735e339f3d62f8310235da6f19eb3f66f323b\n' "0.12.10" > /tmp/uv.req     && pip install --no-cache-dir --no-deps --require-hashes -r /tmp/uv.req     && uv --version     && rm -f /tmp/uv.req
#13 CACHED

#14 [builder  5/10] COPY Cargo.toml Cargo.lock ./
#14 CACHED

#15 [builder  9/10] COPY typescript ./typescript
#15 CACHED

#16 [e2e  9/12] RUN cd e2e && uv sync --locked
#16 CACHED

#17 [builder  7/10] COPY fuzz ./fuzz
#17 CACHED

#18 [builder  8/10] COPY schema ./schema
#18 CACHED

#19 [e2e  4/12] ADD --checksum=sha256:394f07f4da2bebe6ce6f1e7ce0fa16429b29b08c35e3fac3fe25972676dff4b2 https://github.com/denoland/deno/releases/download/v2.9.6/deno-x86_64-unknown-linux-gnu.zip /tmp/deno.zip
#19 CACHED

#20 [builder  3/10] RUN set -e;     arch="$(uname -m)";     case "$arch" in       x86_64)  sha=3374daaf153e6f82028add5e4bf7cc2deab46537dee24f20be80df831193aeb4 ;;       aarch64) sha=35d90cee9648037eaa4c1a2649fdca9d1b9a9997b972d37be7f8629139ba1294 ;;       *) echo "unsupported arch: $arch" >&2; exit 1 ;;     esac;     curl -fsSL -o /tmp/ca.tar.xz "https://github.com/rust-secure-code/cargo-auditable/releases/download/v0.7.5/cargo-auditable-${arch}-unknown-linux-musl.tar.xz";     echo "$sha  /tmp/ca.tar.xz" | sha256sum -c -;     mkdir -p /tmp/ca && tar -xJf /tmp/ca.tar.xz -C /tmp/ca;     mv /tmp/ca/*/cargo-auditable /usr/local/bin/cargo-auditable;     rm -rf /tmp/ca /tmp/ca.tar.xz
#20 CACHED

#21 [e2e  8/12] COPY e2e/pyproject.toml e2e/uv.lock ./e2e/
#21 CACHED

#22 [e2e  2/12] WORKDIR /app
#22 CACHED

#23 [builder  2/10] RUN apk add --no-cache musl-dev git curl xz     && rustup component add clippy rustfmt
#23 CACHED

#24 [e2e 10/12] COPY e2e ./e2e
#24 CACHED

#25 [bin 1/1] RUN cargo build --locked -p gripsack
#25 CACHED

#26 [e2e  5/12] RUN python3 -m zipfile -e /tmp/deno.zip /tmp/deno     && mkdir -p /root/.local/share/gripsack/tools/deno-2.9.6     && mv /tmp/deno/deno /root/.local/share/gripsack/tools/deno-2.9.6/deno     && chmod 755 /root/.local/share/gripsack/tools/deno-2.9.6/deno     && rm -rf /tmp/deno.zip /tmp/deno
#26 CACHED

#27 [builder  6/10] COPY crates ./crates
#27 CACHED

#28 [e2e  7/12] COPY --from=bin /app/target/debug/grip /usr/local/bin/grip
#28 CACHED

#29 [e2e  3/12] RUN apt-get update -qq && apt-get install -y -qq --no-install-recommends git     && rm -rf /var/lib/apt/lists/*
#29 CACHED

#30 [builder 10/10] COPY scripts ./scripts
#30 CACHED

#31 [e2e 11/12] COPY examples ./examples
#31 CACHED

#32 [e2e 12/12] WORKDIR /app/e2e
#32 CACHED

#33 exporting to image
#33 exporting layers done
#33 exporting manifest sha256:b257bde882e8497cbaa2bc175c67f85eb03375ab1f9a0f11306865e854155726 0.0s done
#33 exporting config sha256:fb98f8a1a40d528ecceda6f933156065b296d6852ee596feaadd463dea99bfb9 0.0s done
#33 exporting attestation manifest sha256:62145a377490153a134d380a90bd8b167cf31ab46e3a3e1fa10776945eb85119
#33 exporting attestation manifest sha256:62145a377490153a134d380a90bd8b167cf31ab46e3a3e1fa10776945eb85119 0.1s done
#33 exporting manifest list sha256:ea9390116d1a1435a0be8f608cda76cad8eb3def86afa32d69a478c7d975a9f3
#33 exporting manifest list sha256:ea9390116d1a1435a0be8f608cda76cad8eb3def86afa32d69a478c7d975a9f3 0.1s done
#33 naming to docker.io/library/gripsack-e2e:latest 0.0s done
#33 unpacking to docker.io/library/gripsack-e2e:latest 0.0s done
#33 DONE 0.4s

#34 resolving provenance for metadata file
#34 DONE 0.0s
 Image gripsack-e2e Built 
 Container gripsack-e2e-run-27ccecbd60c4 Creating 
 Container gripsack-e2e-run-27ccecbd60c4 Created 
.............................................                            [100%]
45 passed in 10.90s

=== STRICT v3/v4/v5 RUST SCHEMA ===
 Image gripsack-test Building 
#1 [internal] load local bake definitions
#1 reading from stdin 530B done
#1 DONE 0.0s

#2 [internal] load build definition from Dockerfile
#2 transferring dockerfile: 30B
#2 transferring dockerfile: 10.04kB done
#2 DONE 0.0s

#3 resolve image config for docker-image://docker.io/docker/dockerfile:1
#3 DONE 0.2s

#4 docker-image://docker.io/docker/dockerfile:1@sha256:ecfaec9ed6d810b56388c508f4121597bfbba70d41a6dfeee4d8cad5f295fc32
#4 resolve docker.io/docker/dockerfile:1@sha256:ecfaec9ed6d810b56388c508f4121597bfbba70d41a6dfeee4d8cad5f295fc32 0.0s done
#4 CACHED

#5 [internal] load metadata for docker.io/library/rust:alpine@sha256:a10e64dd139b7387337c7fbe8aca31b959b57b2fd4c8ae20a02cf1d6ea424dce
#5 DONE 0.0s

#6 [internal] load .dockerignore
#6 transferring context: 139B done
#6 DONE 0.0s

#7 [internal] load build context
#7 DONE 0.0s

#8 [builder  1/10] FROM docker.io/library/rust:alpine@sha256:a10e64dd139b7387337c7fbe8aca31b959b57b2fd4c8ae20a02cf1d6ea424dce
#8 resolve docker.io/library/rust:alpine@sha256:a10e64dd139b7387337c7fbe8aca31b959b57b2fd4c8ae20a02cf1d6ea424dce 0.0s done
#8 DONE 0.0s

#7 [internal] load build context
#7 transferring context: 75.30kB 0.1s done
#7 DONE 0.1s

#9 [builder  3/10] RUN set -e;     arch="$(uname -m)";     case "$arch" in       x86_64)  sha=3374daaf153e6f82028add5e4bf7cc2deab46537dee24f20be80df831193aeb4 ;;       aarch64) sha=35d90cee9648037eaa4c1a2649fdca9d1b9a9997b972d37be7f8629139ba1294 ;;       *) echo "unsupported arch: $arch" >&2; exit 1 ;;     esac;     curl -fsSL -o /tmp/ca.tar.xz "https://github.com/rust-secure-code/cargo-auditable/releases/download/v0.7.5/cargo-auditable-${arch}-unknown-linux-musl.tar.xz";     echo "$sha  /tmp/ca.tar.xz" | sha256sum -c -;     mkdir -p /tmp/ca && tar -xJf /tmp/ca.tar.xz -C /tmp/ca;     mv /tmp/ca/*/cargo-auditable /usr/local/bin/cargo-auditable;     rm -rf /tmp/ca /tmp/ca.tar.xz
#9 CACHED

#10 [builder 10/10] COPY scripts ./scripts
#10 CACHED

#11 [builder  2/10] RUN apk add --no-cache musl-dev git curl xz     && rustup component add clippy rustfmt
#11 CACHED

#12 [builder  9/10] COPY typescript ./typescript
#12 CACHED

#13 [builder  5/10] COPY Cargo.toml Cargo.lock ./
#13 CACHED

#14 [builder  6/10] COPY crates ./crates
#14 CACHED

#15 [builder  7/10] COPY fuzz ./fuzz
#15 CACHED

#16 [test 1/2] RUN cargo fmt --check     && cargo clippy --locked --workspace --all-targets -- -D warnings     && cargo test --locked
#16 CACHED

#17 [builder  8/10] COPY schema ./schema
#17 CACHED

#18 [builder  4/10] WORKDIR /app
#18 CACHED

#19 [test 2/2] RUN apk add --no-cache python3     && cargo package --list -p gripsack-exec | grep -q "embedded_frontend.rs"     && python3 scripts/gen_diagnostic_registry.py --check     && python3 scripts/gen_diagnostic_registry.py --self-check     && python3 scripts/gen_frontend_embed.py --check
#19 CACHED

#20 exporting to image
#20 exporting layers done
#20 exporting manifest sha256:cca8c7b0ebbb1aa9e21703491edb1c110f323566fb24d7c6c2d49cf289e70498 done
#20 exporting config sha256:baffbca700e1e4cadd0818d98653dc8e5920bf9866e1de34c584e058572cf812 done
#20 exporting attestation manifest sha256:42bbb27ba2b341ad7083a03c82b52aeb884c1050170492be1837034cd179d22f
#20 exporting attestation manifest sha256:42bbb27ba2b341ad7083a03c82b52aeb884c1050170492be1837034cd179d22f 0.0s done
#20 exporting manifest list sha256:5983b7aca64a9c153cac81dfcedbe4c20ae1bbc689dd5c1284daa1b1a53d0001 0.0s done
#20 naming to docker.io/library/gripsack-test:latest done
#20 unpacking to docker.io/library/gripsack-test:latest 0.0s done
#20 DONE 0.1s

#21 resolving provenance for metadata file
#21 DONE 0.0s
 Image gripsack-test Built 
 Container gripsack-test-run-18c0924fdebe Creating 
 Container gripsack-test-run-18c0924fdebe Created 
   Compiling memchr v2.8.3
   Compiling serde_json v1.0.151
   Compiling smallvec v1.15.2
   Compiling once_cell v1.21.4
   Compiling indexmap v2.14.0
   Compiling syn v3.0.4
   Compiling syn v2.0.119
   Compiling parking_lot_core v0.9.12
   Compiling parking_lot v0.12.5
   Compiling aho-corasick v1.1.5
   Compiling verus_state_machines_macros v0.0.0-2026-09-06-0133
   Compiling regex-automata v0.4.18
   Compiling serde_derive v1.0.229
   Compiling ref-cast-impl v1.0.27
   Compiling thiserror-impl v2.0.20
   Compiling ref-cast v1.0.27
   Compiling thiserror v2.0.20
   Compiling synstructure v0.13.2
   Compiling regex v1.13.1
   Compiling fancy-regex v0.19.1
   Compiling verus_builtin_macros v0.0.0-2026-09-06-0133
   Compiling strum_macros v0.28.0
   Compiling serde v1.0.229
   Compiling ahash v0.8.12
   Compiling fluent-uri v0.4.1
   Compiling email_address v0.2.9
   Compiling jsonschema-value v0.55.0
   Compiling referencing v0.55.0
   Compiling strum v0.28.0
   Compiling jsonschema v0.55.0
   Compiling vstd v0.0.0-2026-09-06-0133
   Compiling gripsack-policy v0.42.0 (/app/crates/gripsack-policy)
   Compiling gripsack-ir v0.42.0 (/app/crates/gripsack-ir)
    Finished `test` profile [unoptimized + debuginfo] target(s) in 25.55s
     Running tests/schema_acceptance.rs (target/debug/deps/schema_acceptance-e26e17c43a31f47c)

running 3 tests
test schema_pattern_assertions_execute ... ok
test valid_documents_are_admitted_by_both_sides ... ok
test rejected_documents_fail_both_sides ... ok

test result: ok. 3 passed; 0 failed; 0 ignored; 0 measured; 0 filtered out; finished in 0.03s

     Running tests/workspace_v4_compat.rs (target/debug/deps/workspace_v4_compat-c35c9f811f359518)

running 3 tests
test versions_reject_each_others_fields_and_bad_refs ... ok
test historical_schema_and_reader_preserve_opaque_platform_strings ... ok
test historical_recipe_execution_and_fixed_layout_never_gain_new_policy ... ok

test result: ok. 3 passed; 0 failed; 0 ignored; 0 measured; 0 filtered out; finished in 0.03s

     Running tests/workspace_v5_acceptance.rs (target/debug/deps/workspace_v5_acceptance-72a6444be37192ed)

running 5 tests
test version_dispatch_asymmetry ... ok
test schema_authored_constraints_execute ... ok
test valid_documents_are_admitted_by_both_sides ... ok
test rejected_documents_fail_both_sides ... ok
test each_output_kind_rejects_undeclared_authority_with_its_own_span ... ok

test result: ok. 5 passed; 0 failed; 0 ignored; 0 measured; 0 filtered out; finished in 0.09s

A1_SCHEMA_CORPUS=56 (45 real CLI/frontend + 11 Rust schema/parser tests)
