COMMIT=c92e84e60c31f13a544e00f7d2f6f3c8b94ce4cd
SOURCE_FINGERPRINT=e49db03e34552dca3d2ccc074a74bd90578f43ec0e5868313d2a7e6a09b2c5d0
SOURCE_CLEAN_BEFORE=true
FUZZ=not_run_owner_instruction
SCOPE=M-V4 deterministic byte/recovery admission; local Linux amd64; no serde theorem, native Mac or release closure

RUNNER_COMMAND=docker compose run --build --rm test sh -c 'cargo --version && rustc --version && cargo test --locked -p gripsack-store'
 Image gripsack-test Building 
#1 [internal] load local bake definitions
#1 reading from stdin 530B done
#1 DONE 0.0s

#2 [internal] load build definition from Dockerfile
#2 transferring dockerfile:
#2 transferring dockerfile: 11.04kB done
#2 DONE 0.0s

#3 resolve image config for docker-image://docker.io/docker/dockerfile:1
#3 DONE 0.7s

#4 docker-image://docker.io/docker/dockerfile:1@sha256:ecfaec9ed6d810b56388c508f4121597bfbba70d41a6dfeee4d8cad5f295fc32
#4 resolve docker.io/docker/dockerfile:1@sha256:ecfaec9ed6d810b56388c508f4121597bfbba70d41a6dfeee4d8cad5f295fc32 0.0s done
#4 CACHED

#5 [internal] load metadata for docker.io/library/rust:alpine@sha256:a10e64dd139b7387337c7fbe8aca31b959b57b2fd4c8ae20a02cf1d6ea424dce
#5 DONE 0.7s

#6 [internal] load .dockerignore
#6 transferring context: 139B done
#6 DONE 0.0s

#7 [builder  1/10] FROM docker.io/library/rust:alpine@sha256:a10e64dd139b7387337c7fbe8aca31b959b57b2fd4c8ae20a02cf1d6ea424dce
#7 resolve docker.io/library/rust:alpine@sha256:a10e64dd139b7387337c7fbe8aca31b959b57b2fd4c8ae20a02cf1d6ea424dce 0.0s done
#7 DONE 0.0s

#8 [internal] load build context
#8 transferring context: 665.64kB 0.1s done
#8 DONE 0.1s

#9 [test 1/2] RUN cargo fmt --check     && cargo clippy --locked --workspace --all-targets -- -D warnings     && cargo test --locked
#9 CACHED

#10 [builder  2/10] RUN apk add --no-cache musl-dev git curl xz     && rustup component add clippy rustfmt
#10 CACHED

#11 [builder  6/10] COPY crates ./crates
#11 CACHED

#12 [builder  9/10] COPY typescript ./typescript
#12 CACHED

#13 [builder  5/10] COPY Cargo.toml Cargo.lock ./
#13 CACHED

#14 [builder  7/10] COPY fuzz ./fuzz
#14 CACHED

#15 [builder  3/10] RUN set -e;     arch="$(uname -m)";     case "$arch" in       x86_64)  sha=3374daaf153e6f82028add5e4bf7cc2deab46537dee24f20be80df831193aeb4 ;;       aarch64) sha=35d90cee9648037eaa4c1a2649fdca9d1b9a9997b972d37be7f8629139ba1294 ;;       *) echo "unsupported arch: $arch" >&2; exit 1 ;;     esac;     curl -fsSL -o /tmp/ca.tar.xz "https://github.com/rust-secure-code/cargo-auditable/releases/download/v0.7.5/cargo-auditable-${arch}-unknown-linux-musl.tar.xz";     echo "$sha  /tmp/ca.tar.xz" | sha256sum -c -;     mkdir -p /tmp/ca && tar -xJf /tmp/ca.tar.xz -C /tmp/ca;     mv /tmp/ca/*/cargo-auditable /usr/local/bin/cargo-auditable;     rm -rf /tmp/ca /tmp/ca.tar.xz
#15 CACHED

#16 [builder  4/10] WORKDIR /app
#16 CACHED

#17 [builder  8/10] COPY schema ./schema
#17 CACHED

#18 [builder 10/10] COPY scripts ./scripts
#18 CACHED

#19 [test 2/2] RUN apk add --no-cache python3     && cargo package --list -p gripsack-exec | grep -q "embedded_frontend.rs"     && python3 scripts/gen_diagnostic_registry.py --check     && python3 scripts/gen_diagnostic_registry.py --self-check     && python3 scripts/gen_frontend_embed.py --check     && python3 scripts/check_scheduler_loom.py     && python3 scripts/check_journal_admission.py
#19 CACHED

#20 exporting to image
#20 exporting layers done
#20 exporting manifest sha256:9d8d68cb2d0d31f3918701d217280e9ad22f33cbb546d9f32e69fdd5095ff54a done
#20 exporting config sha256:b860d16fb6bfa1e282f596bf7890bf860c4aadaa8b4d4b92a793bad685890cde done
#20 exporting attestation manifest sha256:42926b0be95ea9e7e1a7fbcc3b4255e58773714d4e94bf6e304636f17e610989 0.0s done
#20 exporting manifest list sha256:d9f7c79266bcbe5985b02662b3344e5d893d8a625ad9d3f5a5327a34754038ce 0.0s done
#20 naming to docker.io/library/gripsack-test:latest
#20 naming to docker.io/library/gripsack-test:latest done
#20 unpacking to docker.io/library/gripsack-test:latest 0.0s done
#20 DONE 0.1s

#21 resolving provenance for metadata file
#21 DONE 0.0s
 Image gripsack-test Built 
 Container gripsack-test-run-87f0b099a16a Creating 
 Container gripsack-test-run-87f0b099a16a Created 
cargo 1.98.0 (797e8a9bc 2026-08-05)
rustc 1.98.0 (88d9e12ae 2026-08-18)
   Compiling serde_json v1.0.151
   Compiling serde v1.0.229
   Compiling winnow v1.0.4
   Compiling memchr v2.8.3
   Compiling toml_writer v1.1.2+spec-1.1.0
   Compiling syn v2.0.119
   Compiling syn v3.0.4
   Compiling toml_parser v1.1.3+spec-1.1.0
   Compiling toml v0.9.12+spec-1.1.0
   Compiling thiserror-impl v2.0.20
   Compiling serde_derive v1.0.229
   Compiling thiserror v2.0.20
   Compiling synstructure v0.13.2
   Compiling verus_builtin_macros v0.0.0-2026-09-06-0133
   Compiling vstd v0.0.0-2026-09-06-0133
   Compiling gripsack-policy v0.42.0 (/app/crates/gripsack-policy)
   Compiling gripsack-ir v0.42.0 (/app/crates/gripsack-ir)
   Compiling gripsack-store v0.42.0 (/app/crates/gripsack-store)
    Finished `test` profile [unoptimized + debuginfo] target(s) in 24.76s
     Running unittests src/lib.rs (target/debug/deps/gripsack_store-0fe92102aa32ff27)

running 69 tests
test hash::tests::the_two_identity_domains_never_collide ... ok
test journal::admission_tests::marker_scalar_boundaries_roundtrip_without_identity_loss ... ok
test journal::marker::repeated_model::ambiguous_current_retains_partial_journal_without_touching_destinations ... ok
test journal::admission_tests::required_marker_fields_never_default_to_fresh_state ... ok
test journal::marker::repeated_model::partial_restore_then_second_crash_keeps_new_edit_and_restores_other_dest ... ok
test journal::admission_tests::marker_wrong_types_duplicates_and_overflow_do_not_admit_facts ... ok
test journal::tests::cross_variant_identities_never_compare_equal ... ok
test activation::tests::a_corrupt_record_fails_closed ... ok
test hash::tests::canonical_hash_covers_symlink_target ... ok
test hash::reference_vector::pinned_tree_vector ... ok
test hash::tests::tree_hash_is_deterministic_and_content_sensitive ... ok
test hash::tests::canonical_hash_ignores_mtime_but_not_exec_bit ... ok
test hash::tests::overlay_hash_matches_materialized_staging ... ok
test journal::tests::non_utf8_destinations_are_refused_at_record ... ok
test journal::admission_tests::truncation_and_invalid_framing_never_admit_partial_records ... ok
test journal::tests::non_utf8_link_targets_are_refused_not_lossy_compared ... ok
test hash::tests::overlay_hash_of_dir_source_matches_staged_tree ... ok
test journal::model::tests::every_schedule_satisfies_the_oracle ... ok
test ownership::tests::workspace_markers_cannot_be_reinterpreted_as_legacy_module_names ... ok
test journal::tests::wire_admission_rejects_legacy_versions_and_malformed ... ok
test paths::tests::canonical_dest_refuses_parent_traversal ... ok
test journal::admission_tests::entry_versions_and_distinct_prior_states_roundtrip ... ok
test paths::tests::generation_layout ... ok
test paths::tests::hash_is_stable_and_input_sensitive ... ok
test paths::tests::home_resolution ... ok
test paths::tests::store_path_format ... ok
test journal::admission_tests::entry_missing_duplicate_version_and_scalar_bytes_are_rejected ... ok
test prior::tests::historical_prior_wire_admits_only_hashes_and_permission_bits ... ok
test trust::tests::canonical_key_falls_back_to_absolute ... ok
test journal::marker::repeated_model::numeric_commit_mutant_fails_the_identical_oracle ... ok
test journal::tests::post_crash_sentinel_symlink_is_kept ... ok
test trust::tests::only_an_explicit_y_trusts ... ok
test trust::tests::prompt_values_with_control_chars_are_escaped ... ok
test paths::tests::canonical_dest_collapses_spelling_aliases ... ok
test trust::tests::rfc3339_known_instants ... ok
test paths::tests::canonical_dest_resolves_a_symlinked_ancestor ... ok
test trust::tests::sandbox_summary_survives_wrapping_intact ... ok
test journal::tests::commit_run_clears_the_window ... ok
test trust::tests::gate_blocks_untrusted_repos_without_a_tty ... ok
test activation::tests::pending_record_round_trips_and_clears ... ok
test journal::tests::unsafe_metadata_symlinks_never_read_or_chmod_their_referents ... ok
test trust::tests::trust_is_keyed_on_canonical_path ... ok
test generations::tests::manifests_are_strictly_validated ... ok
test trust::tests::trust_toml_round_trip ... ok
test generations::tests::manifest_roundtrip_and_listing ... ok
test journal::tests::malformed_entries_fail_closed_into_quarantine ... ok
test journal::tests::legacy_untagged_entries_fail_closed_with_evidence_kept ... ok
test trust::tests::remove_forgets_the_repo ... ok
test journal::tests::recovery_cleanup_keeps_the_pinned_journal_after_a_directory_replacement ... ok
test trust::tests::concurrent_adds_keep_both_entries ... ok
test prior::tests::captured_blob_is_private_and_corrupt_bytes_cannot_restore ... ok
test journal::tests::tagged_entries_round_trip_through_the_wire ... ok
test generations::tests::flip_and_current ... ok
test journal::tests::absent_prior_and_symlink_prior_recover ... ok
test journal::tests::recovery_restores_the_exact_mode ... ok
test journal::tests::user_edit_after_crash_wins ... ok
test journal::tests::crash_after_write_restores_prior_bytes ... ok
test journal::tests::post_crash_edit_beats_the_landed_mutation ... ok
test journal::tests::crash_between_record_and_write_restores_prior ... ok
test journal::tests::crash_before_flip_restores ... ok
test journal::tests::an_intervening_foreign_edit_cannot_extend_a_journaled_chain ... ok
test journal::tests::a_retained_v1_entry_recovers_without_inventing_an_intermediate_state ... ok
test journal::marker::repeated_model::exhaustive_independent_destinations_and_two_crashes ... ok
test generations::tests::publish_is_atomic_and_allocation_monotonic ... ok
test journal::tests::crash_after_flip_but_before_cleanup_reads_committed ... ok
test journal::tests::completed_rollback_reads_committed ... ok
test journal::tests::crashed_rollback_restores_priors ... ok
test journal::tests::repeated_destination_mutations_restore_the_run_original_at_both_crash_windows ... ok
test journal::admission_tests::rejected_metadata_cannot_reach_destination_effects ... ok

test result: ok. 69 passed; 0 failed; 0 ignored; 0 measured; 0 filtered out; finished in 1.16s

   Doc-tests gripsack_store

running 0 tests

test result: ok. 0 passed; 0 failed; 0 ignored; 0 measured; 0 filtered out; finished in 0.00s


RUNNER_EXIT=0
RUNNER_GROUP=store executed=69 passed=69 failed=0 skipped=0

RUNNER_COMMAND=docker compose run --build --rm test python3 scripts/check_journal_admission.py
 Image gripsack-test Building 
#1 [internal] load local bake definitions
#1 reading from stdin 530B done
#1 DONE 0.0s

#2 [internal] load build definition from Dockerfile
#2 DONE 0.0s

#2 [internal] load build definition from Dockerfile
#2 transferring dockerfile: 11.04kB done
#2 DONE 0.0s

#3 resolve image config for docker-image://docker.io/docker/dockerfile:1
#3 DONE 0.7s

#4 docker-image://docker.io/docker/dockerfile:1@sha256:ecfaec9ed6d810b56388c508f4121597bfbba70d41a6dfeee4d8cad5f295fc32
#4 resolve docker.io/docker/dockerfile:1@sha256:ecfaec9ed6d810b56388c508f4121597bfbba70d41a6dfeee4d8cad5f295fc32 0.0s done
#4 CACHED

#5 [internal] load metadata for docker.io/library/rust:alpine@sha256:a10e64dd139b7387337c7fbe8aca31b959b57b2fd4c8ae20a02cf1d6ea424dce
#5 DONE 0.7s

#6 [internal] load .dockerignore
#6 transferring context: 139B done
#6 DONE 0.0s

#7 [builder  1/10] FROM docker.io/library/rust:alpine@sha256:a10e64dd139b7387337c7fbe8aca31b959b57b2fd4c8ae20a02cf1d6ea424dce
#7 resolve docker.io/library/rust:alpine@sha256:a10e64dd139b7387337c7fbe8aca31b959b57b2fd4c8ae20a02cf1d6ea424dce 0.0s done
#7 DONE 0.0s

#8 [internal] load build context
#8 transferring context: 2.82MB 0.2s done
#8 DONE 0.2s

#9 [test 2/2] RUN apk add --no-cache python3     && cargo package --list -p gripsack-exec | grep -q "embedded_frontend.rs"     && python3 scripts/gen_diagnostic_registry.py --check     && python3 scripts/gen_diagnostic_registry.py --self-check     && python3 scripts/gen_frontend_embed.py --check     && python3 scripts/check_scheduler_loom.py     && python3 scripts/check_journal_admission.py
#9 CACHED

#10 exporting to image
#10 exporting layers done
#10 exporting manifest sha256:9d8d68cb2d0d31f3918701d217280e9ad22f33cbb546d9f32e69fdd5095ff54a done
#10 exporting config sha256:b860d16fb6bfa1e282f596bf7890bf860c4aadaa8b4d4b92a793bad685890cde done
#10 exporting attestation manifest sha256:c31863efc43d36de4100851025e3f7503750dad3fa8a78deb612e9e06f434d66
#10 exporting attestation manifest sha256:c31863efc43d36de4100851025e3f7503750dad3fa8a78deb612e9e06f434d66 0.0s done
#10 exporting manifest list sha256:2ee2cc7bdb8a2d8eb24c3b1d0f96a51c4fdc00942c7a4c78012527f63adfcedb 0.0s done
#10 naming to docker.io/library/gripsack-test:latest 0.0s done
#10 unpacking to docker.io/library/gripsack-test:latest 0.0s done
#10 DONE 0.2s

#11 resolving provenance for metadata file
#11 DONE 0.0s
 Image gripsack-test Built 
 Container gripsack-test-run-6afaea4919f3 Creating 
 Container gripsack-test-run-6afaea4919f3 Created 
RUNNER_COMMAND=cargo test --locked -p gripsack-store --lib journal::admission_tests:: -- --nocapture
   Compiling proc-macro2 v1.0.107
   Compiling unicode-ident v1.0.24
   Compiling quote v1.0.47
   Compiling serde_core v1.0.229
   Compiling rustix v1.1.4
   Compiling linux-raw-sys v0.12.1
   Compiling bitflags v2.13.1
   Compiling verus_prettyplease v0.0.0-2026-09-06-0133
   Compiling io-lifetimes v2.0.4
   Compiling io-lifetimes v3.0.1
   Compiling equivalent v1.0.2
   Compiling typenum v1.20.1
   Compiling libc v0.2.189
   Compiling io-extras v0.19.0
   Compiling hashbrown v0.17.1
   Compiling once_cell v1.21.4
   Compiling zmij v1.0.23
   Compiling convert_case v0.4.0
   Compiling cap-primitives v4.0.3
   Compiling vstd v0.0.0-2026-09-06-0133
   Compiling verus_builtin v0.0.0-2026-09-06-0133
   Compiling cap-std v4.0.3
   Compiling serde_json v1.0.151
   Compiling thiserror v2.0.20
   Compiling cfg-if v1.0.4
   Compiling serde v1.0.229
   Compiling getrandom v0.4.3
   Compiling ambient-authority v0.0.2
   Compiling ipnet v2.12.1
   Compiling maybe-owned v0.3.4
   Compiling memchr v2.8.3
   Compiling winnow v1.0.4
   Compiling const-oid v0.10.2
   Compiling itoa v1.0.18
   Compiling fastrand v2.5.0
   Compiling winnow v0.7.15
   Compiling toml_writer v1.1.2+spec-1.1.0
   Compiling cpufeatures v0.3.0
   Compiling toml_parser v1.1.3+spec-1.1.0
   Compiling indexmap v2.14.0
   Compiling hybrid-array v0.4.14
   Compiling verus_syn v0.0.0-2026-09-06-0133
   Compiling syn v3.0.4
   Compiling syn v2.0.119
   Compiling crypto-common v0.2.2
   Compiling block-buffer v0.12.1
   Compiling digest v0.11.3
   Compiling sha2 v0.11.0
   Compiling toml_datetime v0.7.5+spec-1.1.0
   Compiling serde_spanned v1.1.1
   Compiling toml v0.9.12+spec-1.1.0
   Compiling thiserror-impl v2.0.20
   Compiling serde_derive v1.0.229
   Compiling rustix-linux-procfs v0.1.1
   Compiling fs-set-times v0.20.3
   Compiling tempfile v3.27.0
   Compiling gripsack-fs v0.42.0 (/tmp/gripsack-journal-admission-_7bgvxbg/source/crates/gripsack-fs)
   Compiling synstructure v0.13.2
   Compiling verus_builtin_macros v0.0.0-2026-09-06-0133
   Compiling verus_state_machines_macros v0.0.0-2026-09-06-0133
   Compiling gripsack-policy v0.42.0 (/tmp/gripsack-journal-admission-_7bgvxbg/source/crates/gripsack-policy)
   Compiling gripsack-ir v0.42.0 (/tmp/gripsack-journal-admission-_7bgvxbg/source/crates/gripsack-ir)
   Compiling gripsack-store v0.42.0 (/tmp/gripsack-journal-admission-_7bgvxbg/source/crates/gripsack-store)
    Finished `test` profile [unoptimized + debuginfo] target(s) in 26.95s
     Running unittests src/lib.rs (/tmp/gripsack-journal-admission-_7bgvxbg/target/debug/deps/gripsack_store-0fe92102aa32ff27)

running 7 tests
JOURNAL_MARKER_ROUNDTRIPS=24
test journal::admission_tests::marker_scalar_boundaries_roundtrip_without_identity_loss ... ok
JOURNAL_REQUIRED_MARKER_FIELDS=3
test journal::admission_tests::required_marker_fields_never_default_to_fresh_state ... ok
JOURNAL_MARKER_REJECTIONS=29
test journal::admission_tests::marker_wrong_types_duplicates_and_overflow_do_not_admit_facts ... ok
JOURNAL_TRUNCATED_PREFIXES=173
test journal::admission_tests::truncation_and_invalid_framing_never_admit_partial_records ... ok
JOURNAL_ENTRY_ROUNDTRIPS=20
test journal::admission_tests::entry_versions_and_distinct_prior_states_roundtrip ... ok
JOURNAL_ENTRY_REJECTIONS=110
test journal::admission_tests::entry_missing_duplicate_version_and_scalar_bytes_are_rejected ... ok
JOURNAL_EFFECT_REJECTIONS=139
test journal::admission_tests::rejected_metadata_cannot_reach_destination_effects ... ok

test result: ok. 7 passed; 0 failed; 0 ignored; 0 measured; 62 filtered out; finished in 1.01s


JOURNAL_ADMISSION_PROPERTIES=7
RUNNER_COMMAND=cargo test --locked -p gripsack-store --lib journal::admission_tests::rejected_metadata_cannot_reach_destination_effects -- --nocapture --exact
   Compiling gripsack-store v0.42.0 (/tmp/gripsack-journal-admission-_7bgvxbg/source/crates/gripsack-store)
    Finished `test` profile [unoptimized + debuginfo] target(s) in 1.34s
     Running unittests src/lib.rs (/tmp/gripsack-journal-admission-_7bgvxbg/target/debug/deps/gripsack_store-0fe92102aa32ff27)

running 1 test

thread 'journal::admission_tests::rejected_metadata_cannot_reach_destination_effects' (1868) panicked at crates/gripsack-store/src/journal/admission_tests.rs:474:9:
recovery_admitted_invalid_marker: missing_previous_generation
note: run with `RUST_BACKTRACE=1` environment variable to display a backtrace
test journal::admission_tests::rejected_metadata_cannot_reach_destination_effects ... FAILED

failures:

failures:
    journal::admission_tests::rejected_metadata_cannot_reach_destination_effects

test result: FAILED. 0 passed; 1 failed; 0 ignored; 0 measured; 68 filtered out; finished in 0.03s

error: test failed, to rerun pass `-p gripsack-store --lib`

calibration: missing-previous-defaulted-to-null rejected by real recovery effects
JOURNAL_ADMISSION_MUTANTS=1
journal admission gate: OK

RUNNER_EXIT=0
RUNNER_GROUP=admission required_markers_complete=true

RUNNER_COMMAND=docker compose run --build --rm e2e sh -c 'python --version && "$GRIPSACK_DENO" --version && uv run --locked --no-sync pytest -q test_transaction_recovery.py'
 Image gripsack-e2e Building 
#1 [internal] load local bake definitions
#1 reading from stdin 525B done
#1 DONE 0.0s

#2 [internal] load build definition from Dockerfile
#2 transferring dockerfile: 11.04kB done
#2 DONE 0.0s

#3 resolve image config for docker-image://docker.io/docker/dockerfile:1
#3 DONE 0.7s

#4 docker-image://docker.io/docker/dockerfile:1@sha256:ecfaec9ed6d810b56388c508f4121597bfbba70d41a6dfeee4d8cad5f295fc32
#4 resolve docker.io/docker/dockerfile:1@sha256:ecfaec9ed6d810b56388c508f4121597bfbba70d41a6dfeee4d8cad5f295fc32 0.0s done
#4 CACHED

#5 [internal] load metadata for docker.io/library/rust:alpine@sha256:a10e64dd139b7387337c7fbe8aca31b959b57b2fd4c8ae20a02cf1d6ea424dce
#5 DONE 0.7s

#6 [internal] load metadata for docker.io/library/python:3.13-slim@sha256:9d2e5553305c7c7b0097999bb17187c69b921ccd6bc9d40e4bb5ebe652c00285
#6 DONE 0.7s

#7 [internal] load .dockerignore
#7 transferring context: 139B done
#7 DONE 0.0s

#8 [e2e  4/12] ADD --checksum=sha256:394f07f4da2bebe6ce6f1e7ce0fa16429b29b08c35e3fac3fe25972676dff4b2 https://github.com/denoland/deno/releases/download/v2.9.6/deno-x86_64-unknown-linux-gnu.zip /tmp/deno.zip
#8 DONE 0.0s

#9 [builder  1/10] FROM docker.io/library/rust:alpine@sha256:a10e64dd139b7387337c7fbe8aca31b959b57b2fd4c8ae20a02cf1d6ea424dce
#9 resolve docker.io/library/rust:alpine@sha256:a10e64dd139b7387337c7fbe8aca31b959b57b2fd4c8ae20a02cf1d6ea424dce 0.0s done
#9 DONE 0.0s

#10 [e2e  1/12] FROM docker.io/library/python:3.13-slim@sha256:9d2e5553305c7c7b0097999bb17187c69b921ccd6bc9d40e4bb5ebe652c00285
#10 resolve docker.io/library/python:3.13-slim@sha256:9d2e5553305c7c7b0097999bb17187c69b921ccd6bc9d40e4bb5ebe652c00285 0.1s done
#10 DONE 0.1s

#11 [internal] load build context
#11 transferring context: 3.58MB 0.2s done
#11 DONE 0.3s

#12 [builder  9/10] COPY typescript ./typescript
#12 CACHED

#13 [e2e  3/12] RUN apt-get update -qq && apt-get install -y -qq --no-install-recommends git     && rm -rf /var/lib/apt/lists/*
#13 CACHED

#14 [e2e  9/12] RUN cd e2e && uv sync --locked
#14 CACHED

#15 [e2e  4/12] ADD --checksum=sha256:394f07f4da2bebe6ce6f1e7ce0fa16429b29b08c35e3fac3fe25972676dff4b2 https://github.com/denoland/deno/releases/download/v2.9.6/deno-x86_64-unknown-linux-gnu.zip /tmp/deno.zip
#15 CACHED

#16 [builder  2/10] RUN apk add --no-cache musl-dev git curl xz     && rustup component add clippy rustfmt
#16 CACHED

#17 [bin 1/1] RUN cargo build --locked -p gripsack
#17 CACHED

#18 [e2e 10/12] COPY e2e ./e2e
#18 CACHED

#19 [builder  6/10] COPY crates ./crates
#19 CACHED

#20 [e2e  7/12] COPY --from=bin /app/target/debug/grip /usr/local/bin/grip
#20 CACHED

#21 [builder  4/10] WORKDIR /app
#21 CACHED

#22 [e2e 11/12] COPY examples ./examples
#22 CACHED

#23 [e2e  5/12] RUN python3 -m zipfile -e /tmp/deno.zip /tmp/deno     && mkdir -p /root/.local/share/gripsack/tools/deno-2.9.6     && mv /tmp/deno/deno /root/.local/share/gripsack/tools/deno-2.9.6/deno     && chmod 755 /root/.local/share/gripsack/tools/deno-2.9.6/deno     && rm -rf /tmp/deno.zip /tmp/deno
#23 CACHED

#24 [e2e  2/12] WORKDIR /app
#24 CACHED

#25 [e2e  8/12] COPY e2e/pyproject.toml e2e/uv.lock ./e2e/
#25 CACHED

#26 [builder  7/10] COPY fuzz ./fuzz
#26 CACHED

#27 [builder  3/10] RUN set -e;     arch="$(uname -m)";     case "$arch" in       x86_64)  sha=3374daaf153e6f82028add5e4bf7cc2deab46537dee24f20be80df831193aeb4 ;;       aarch64) sha=35d90cee9648037eaa4c1a2649fdca9d1b9a9997b972d37be7f8629139ba1294 ;;       *) echo "unsupported arch: $arch" >&2; exit 1 ;;     esac;     curl -fsSL -o /tmp/ca.tar.xz "https://github.com/rust-secure-code/cargo-auditable/releases/download/v0.7.5/cargo-auditable-${arch}-unknown-linux-musl.tar.xz";     echo "$sha  /tmp/ca.tar.xz" | sha256sum -c -;     mkdir -p /tmp/ca && tar -xJf /tmp/ca.tar.xz -C /tmp/ca;     mv /tmp/ca/*/cargo-auditable /usr/local/bin/cargo-auditable;     rm -rf /tmp/ca /tmp/ca.tar.xz
#27 CACHED

#28 [builder  5/10] COPY Cargo.toml Cargo.lock ./
#28 CACHED

#29 [builder  8/10] COPY schema ./schema
#29 CACHED

#30 [builder 10/10] COPY scripts ./scripts
#30 CACHED

#31 [e2e  6/12] RUN printf 'uv==%s --hash=sha256:f7d6248ad9f2d282fea795f248da8fa666ab382df50d8385bd98e01049440a0c --hash=sha256:bd0afae6918795c6a61a649e64d735e339f3d62f8310235da6f19eb3f66f323b\n' "0.12.10" > /tmp/uv.req     && pip install --no-cache-dir --no-deps --require-hashes -r /tmp/uv.req     && uv --version     && rm -f /tmp/uv.req
#31 CACHED

#32 [e2e 12/12] WORKDIR /app/e2e
#32 CACHED

#33 exporting to image
#33 exporting layers done
#33 exporting manifest sha256:7c7c61e2dec2b1cd45b997a7bb3c280edcfdc7b2ce6c73b578cb52a3c67c7992 0.0s done
#33 exporting config sha256:7a32a2cb961200bd370d53f555d6521f78472fa201a4a82fb242638b52e59c2b done
#33 exporting attestation manifest sha256:ebcab5fc1c937a9dd23433db9fe5e60abca330906538481a6a0dcaa17aecb075 0.0s done
#33 exporting manifest list sha256:4496038434cc681cdf67fdf1b158a9e2c6bc07e441c2629fbe73d65fc6d5b876
#33 exporting manifest list sha256:4496038434cc681cdf67fdf1b158a9e2c6bc07e441c2629fbe73d65fc6d5b876 0.0s done
#33 naming to docker.io/library/gripsack-e2e:latest done
#33 unpacking to docker.io/library/gripsack-e2e:latest 0.0s done
#33 DONE 0.2s

#34 resolving provenance for metadata file
#34 DONE 0.0s
 Image gripsack-e2e Built 
 Container gripsack-e2e-run-47a6b4592bad Creating 
 Container gripsack-e2e-run-47a6b4592bad Created 
Python 3.13.15
deno 2.9.6 (stable, release, x86_64-unknown-linux-gnu)
v8 15.0.245.2-rusty
typescript 6.0.3
..........                                                               [100%]
10 passed in 5.93s

RUNNER_EXIT=0
RUNNER_GROUP=cli executed=10 passed=10 failed=0 skipped=0

SOURCE_CLEAN_AFTER=true
