RUNNER_SOURCE_COMMIT=681e87b439cd979978a12dbefab2eccb18989944
RUNNER_SOURCE_ROOTS_DIRTY=clean (git status --porcelain -- tracked SOURCE_ROOTS before and after three direct runners: empty)
RUNNER_COMMANDS=docker compose run --build --rm test cargo test --locked -p gripsack-ir host_name::tests; docker compose run --build --rm test cargo test --locked -p gripsack-exec lockfile::tests; docker compose run --build --rm e2e uv run --locked --no-sync pytest -vv test_eval_gate.py test_adopt.py test_linters.py -k 'default_host_path_traversal or absolute_host_cannot or adopt_rejects_invalid or explicit_role_host or default_host_selects_the_same_lockfile'
RUNNER_TOOL_VERSIONS=Docker Compose v5.5.0; Rust 1.98.0; Python 3.13.15; pytest 9.1.1; Deno 2.9.6 in e2e image
RUNNER_INPUTS=Committed E132 HostName shared by CLI/adopt/executor/lockfile/lint and versioned frontend inputs; 1 Rust negative/positive name grammar case, 1 lockfile roundtrip, 5 real offline CLI cases for original parent default, absolute victim lock, adopt before writes, valid dotted role and default-host pinned linter warning. The three hostile cases failed before fix on the real binary. Original handover edition-5 files passed all SHA-256 checks; the live ledger still has 178/178 IDs but 149 unresolved lane inventories and no milestone closure.

681e87b439cd979978a12dbefab2eccb18989944
 Image gripsack-test Building 
#1 [internal] load local bake definitions
#1 reading from stdin 530B done
#1 DONE 0.0s

#2 [internal] load build definition from Dockerfile
#2 transferring dockerfile: 10.04kB done
#2 DONE 0.0s

#3 resolve image config for docker-image://docker.io/docker/dockerfile:1
#3 DONE 0.6s

#4 docker-image://docker.io/docker/dockerfile:1@sha256:ecfaec9ed6d810b56388c508f4121597bfbba70d41a6dfeee4d8cad5f295fc32
#4 resolve docker.io/docker/dockerfile:1@sha256:ecfaec9ed6d810b56388c508f4121597bfbba70d41a6dfeee4d8cad5f295fc32 0.0s done
#4 CACHED

#5 [internal] load metadata for docker.io/library/rust:alpine@sha256:a10e64dd139b7387337c7fbe8aca31b959b57b2fd4c8ae20a02cf1d6ea424dce
#5 DONE 0.0s

#6 [internal] load .dockerignore
#6 transferring context: 139B done
#6 DONE 0.0s

#7 [builder  1/10] FROM docker.io/library/rust:alpine@sha256:a10e64dd139b7387337c7fbe8aca31b959b57b2fd4c8ae20a02cf1d6ea424dce
#7 resolve docker.io/library/rust:alpine@sha256:a10e64dd139b7387337c7fbe8aca31b959b57b2fd4c8ae20a02cf1d6ea424dce 0.0s done
#7 DONE 0.0s

#8 [internal] load build context
#8 transferring context: 612.81kB 0.1s done
#8 DONE 0.1s

#9 [builder  5/10] COPY Cargo.toml Cargo.lock ./
#9 CACHED

#10 [builder  2/10] RUN apk add --no-cache musl-dev git curl xz     && rustup component add clippy rustfmt
#10 CACHED

#11 [builder  3/10] RUN set -e;     arch="$(uname -m)";     case "$arch" in       x86_64)  sha=3374daaf153e6f82028add5e4bf7cc2deab46537dee24f20be80df831193aeb4 ;;       aarch64) sha=35d90cee9648037eaa4c1a2649fdca9d1b9a9997b972d37be7f8629139ba1294 ;;       *) echo "unsupported arch: $arch" >&2; exit 1 ;;     esac;     curl -fsSL -o /tmp/ca.tar.xz "https://github.com/rust-secure-code/cargo-auditable/releases/download/v0.7.5/cargo-auditable-${arch}-unknown-linux-musl.tar.xz";     echo "$sha  /tmp/ca.tar.xz" | sha256sum -c -;     mkdir -p /tmp/ca && tar -xJf /tmp/ca.tar.xz -C /tmp/ca;     mv /tmp/ca/*/cargo-auditable /usr/local/bin/cargo-auditable;     rm -rf /tmp/ca /tmp/ca.tar.xz
#11 CACHED

#12 [builder  4/10] WORKDIR /app
#12 CACHED

#13 [builder  7/10] COPY fuzz ./fuzz
#13 CACHED

#14 [builder  9/10] COPY typescript ./typescript
#14 CACHED

#15 [builder  6/10] COPY crates ./crates
#15 CACHED

#16 [builder  8/10] COPY schema ./schema
#16 CACHED

#17 [builder 10/10] COPY scripts ./scripts
#17 CACHED

#18 [test 1/2] RUN cargo fmt --check     && cargo clippy --locked --workspace --all-targets -- -D warnings     && cargo test --locked
#18 1.280     Updating crates.io index
#18 4.592  Downloading crates ...
#18 4.658   Downloaded adler2 v2.0.1
#18 4.662   Downloaded ahash v0.8.12
#18 4.676   Downloaded allocator-api2 v0.2.21
#18 4.681   Downloaded anstream v1.0.0
#18 4.685   Downloaded bit-vec v0.8.0
#18 4.689   Downloaded bytecount v0.6.9
#18 4.695   Downloaded anstyle-query v1.1.5
#18 4.697   Downloaded block-buffer v0.12.1
#18 4.700   Downloaded borrow-or-share v0.2.4
#18 4.702   Downloaded clap_lex v1.1.0
#18 4.705   Downloaded bit-set v0.8.0
#18 4.709   Downloaded cfg-if v1.0.4
#18 4.712   Downloaded crypto-common v0.2.2
#18 4.715   Downloaded ambient-authority v0.0.2
#18 4.717   Downloaded cpufeatures v0.3.0
#18 4.720   Downloaded errno v0.3.14
#18 4.724   Downloaded equivalent v1.0.2
#18 4.726   Downloaded anstyle-parse v1.0.0
#18 4.730   Downloaded autocfg v1.5.1
#18 4.734   Downloaded data-encoding v2.11.1
#18 4.737   Downloaded digest v0.11.3
#18 4.742   Downloaded anstyle v1.0.14
#18 4.745   Downloaded fastrand v2.5.0
#18 4.749   Downloaded ref-cast v1.0.27
#18 4.755   Downloaded find-msvc-tools v0.1.11
#18 4.758   Downloaded outref v0.5.2
#18 4.760   Downloaded num-cmp v0.1.0
#18 4.762   Downloaded num v0.4.3
#18 4.764   Downloaded httpdate v1.0.3
#18 4.768   Downloaded scopeguard v1.2.0
#18 4.771   Downloaded convert_case v0.4.0
#18 4.773   Downloaded matchers v0.2.0
#18 4.776   Downloaded openssl-probe v0.2.1
#18 4.780   Downloaded potential_utf v0.1.6
#18 4.782   Downloaded form_urlencoded v1.2.2
#18 4.784   Downloaded fs-set-times v0.20.3
#18 4.786   Downloaded itoa v1.0.18
#18 4.791   Downloaded maybe-owned v0.3.4
#18 4.793   Downloaded lazy_static v1.5.0
#18 4.797   Downloaded colorchoice v1.0.5
#18 4.799   Downloaded jsonschema-regex v0.55.0
#18 4.800   Downloaded stable_deref_trait v1.2.1
#18 4.802   Downloaded heck v0.5.0
#18 4.805   Downloaded idna_adapter v1.2.2
#18 4.807   Downloaded is_terminal_polyfill v1.70.2
#18 4.809   Downloaded shell-words v1.1.1
#18 4.811   Downloaded strum v0.28.0
#18 4.813   Downloaded dialoguer v0.12.0
#18 4.820   Downloaded foldhash v0.2.0
#18 4.822   Downloaded email_address v0.2.9
#18 4.826   Downloaded displaydoc v0.2.7
#18 4.829   Downloaded filetime v0.2.29
#18 4.833   Downloaded jobserver v0.1.35
#18 4.837   Downloaded num-integer v0.1.47
#18 4.841   Downloaded zerofrom-derive v0.1.7
#18 4.843   Downloaded serde_spanned v1.1.1
#18 4.845   Downloaded num-iter v0.1.46
#18 4.846   Downloaded io-lifetimes v3.0.1
#18 4.849   Downloaded lock_api v0.4.14
#18 4.851   Downloaded percent-encoding v2.3.2
#18 4.853   Downloaded ipnet v2.12.1
#18 4.856   Downloaded num-complex v0.4.6
#18 4.858   Downloaded num-rational v0.4.2
#18 4.860   Downloaded io-lifetimes v2.0.4
#18 4.862   Downloaded ref-cast-impl v1.0.27
#18 4.864   Downloaded bitflags v2.13.1
#18 4.871   Downloaded strsim v0.11.1
#18 4.873   Downloaded clap_derive v4.6.4
#18 4.877   Downloaded crc32fast v1.5.1
#18 4.882   Downloaded thread_local v1.1.10
#18 4.885   Downloaded console v0.16.4
#18 4.887   Downloaded pin-project-lite v0.2.17
#18 4.899   Downloaded bzip2 v0.6.1
#18 4.902   Downloaded hybrid-array v0.4.14
#18 4.907   Downloaded nu-ansi-term v0.50.3
#18 4.912   Downloaded const-oid v0.10.2
#18 4.916   Downloaded zerofrom v0.1.8
#18 4.918   Downloaded clap v4.6.6
#18 4.933   Downloaded subtle v2.6.1
#18 4.936   Downloaded io-extras v0.19.0
#18 4.940   Downloaded cap-std v4.0.3
#18 4.948   Downloaded uuid-simd v0.8.0
#18 4.950   Downloaded verus_builtin v0.0.0-2026-09-06-0133
#18 4.952   Downloaded zeroize v1.9.0
#18 4.955   Downloaded zerovec-derive v0.11.6
#18 4.958   Downloaded zstd-safe v7.2.4
#18 4.961   Downloaded zmij v1.0.23
#18 4.965   Downloaded base64 v0.22.1
#18 4.974   Downloaded fluent-uri v0.4.1
#18 4.979   Downloaded libbz2-rs-sys v0.2.5
#18 4.982   Downloaded getrandom v0.3.4
#18 4.988   Downloaded jsonschema-value v0.55.0
#18 4.991   Downloaded getrandom v0.4.3
#18 4.997   Downloaded litemap v0.8.3
#18 5.002   Downloaded icu_provider v2.3.1
#18 5.007   Downloaded utf8_iter v1.0.4
#18 5.009   Downloaded getrandom v0.2.17
#18 5.014   Downloaded unit-prefix v0.5.2
#18 5.018   Downloaded utf8parse v0.2.2
#18 5.020   Downloaded zstd v0.13.3
#18 5.027   Downloaded icu_locale_core v2.3.0
#18 5.042   Downloaded xattr v1.6.1
#18 5.046   Downloaded log v0.4.34
#18 5.051   Downloaded icu_normalizer_data v2.3.0
#18 5.055   Downloaded micromap v0.3.0
#18 5.064   Downloaded miniz_oxide v0.8.9
#18 5.069   Downloaded aho-corasick v1.1.5
#18 5.077   Downloaded indicatif v0.18.6
#18 5.083   Downloaded webpki-roots v0.26.11
#18 5.087   Downloaded zopfli v0.8.3
#18 5.090   Downloaded bumpalo v3.20.3
#18 5.095   Downloaded flate2 v1.1.9
#18 5.104   Downloaded version_check v0.9.5
#18 5.107   Downloaded icu_collections v2.3.0
#18 5.119   Downloaded cc v1.4.4
#18 5.124   Downloaded tracing-serde v0.2.0
#18 5.126   Downloaded num-bigint v0.4.8
#18 5.135   Downloaded cap-primitives v4.0.3
#18 5.155   Downloaded icu_properties v2.3.0
#18 5.161   Downloaded zerotrie v0.2.5
#18 5.169   Downloaded indexmap v2.14.0
#18 5.177   Downloaded untrusted v0.9.0
#18 5.181   Downloaded memchr v2.8.3
#18 5.193   Downloaded yoke-derive v0.8.2
#18 5.196   Downloaded fraction v0.17.0
#18 5.206   Downloaded simd-adler32 v0.3.10
#18 5.210   Downloaded quote v1.0.47
#18 5.216   Downloaded idna v1.1.0
#18 5.221   Downloaded hashbrown v0.17.1
#18 5.229   Downloaded zerovec v0.11.8
#18 5.240   Downloaded owo-colors v4.3.0
#18 5.243   Downloaded clap_builder v4.6.6
#18 5.253   Downloaded zip v8.6.0
#18 5.260   Downloaded icu_properties_data v2.3.0
#18 5.274   Downloaded rustix-linux-procfs v0.1.1
#18 5.276   Downloaded fancy-regex v0.19.1
#18 5.286   Downloaded synstructure v0.13.2
#18 5.288   Downloaded zlib-rs v0.6.7
#18 5.296   Downloaded rustls-native-certs v0.8.4
#18 5.299   Downloaded shlex v2.0.1
#18 5.301   Downloaded once_cell v1.21.4
#18 5.307   Downloaded toml_datetime v1.1.1+spec-1.1.0
#18 5.309   Downloaded strum_macros v0.28.0
#18 5.314   Downloaded toml_datetime v0.7.5+spec-1.1.0
#18 5.316   Downloaded tracing-log v0.2.0
#18 5.320   Downloaded toml_writer v1.1.2+spec-1.1.0
#18 5.322   Downloaded vsimd v0.8.0
#18 5.325   Downloaded writeable v0.6.4
#18 5.330   Downloaded thiserror-impl v2.0.20
#18 5.332   Downloaded icu_normalizer v2.3.0
#18 5.342   Downloaded xz2 v0.1.7
#18 5.346   Downloaded rustls-pki-types v1.15.1
#18 5.350   Downloaded parking_lot_core v0.9.12
#18 5.354   Downloaded smallvec v1.15.2
#18 5.357   Downloaded pkg-config v0.3.34
#18 5.360   Downloaded parking_lot v0.12.5
#18 5.367   Downloaded num-traits v0.2.19
#18 5.372   Downloaded sha2 v0.11.0
#18 5.380   Downloaded toml_parser v1.1.3+spec-1.1.0
#18 5.385   Downloaded thiserror v2.0.20
#18 5.395   Downloaded jsonschema v0.55.0
#18 5.420   Downloaded tracing-attributes v0.1.31
#18 5.426   Downloaded lzma-sys v0.1.20
#18 5.474   Downloaded tinystr v0.8.4
#18 5.478   Downloaded yoke v0.8.3
#18 5.481   Downloaded zstd-sys v2.0.16+zstd.1.5.7
#18 5.501   Downloaded libc v0.2.189
#18 5.617   Downloaded serde_derive v1.0.229
#18 5.623   Downloaded sharded-slab v0.1.7
#18 5.629   Downloaded ryu v1.0.23
#18 5.636   Downloaded serde_core v1.0.229
#18 5.641   Downloaded proc-macro2 v1.0.107
#18 5.646   Downloaded unicode-ident v1.0.24
#18 5.652   Downloaded toml v1.1.4+spec-1.1.0
#18 5.660   Downloaded unsafe-libyaml v0.2.11
#18 5.666   Downloaded tracing-core v0.1.36
#18 5.671   Downloaded unicode-general-category v1.1.0
#18 5.674   Downloaded linux-raw-sys v0.12.1
#18 5.735   Downloaded referencing v0.55.0
#18 5.744   Downloaded serde_yaml v0.9.34+deprecated
#18 5.751   Downloaded tempfile v3.27.0
#18 5.756   Downloaded serde v1.0.229
#18 5.762   Downloaded tar v0.4.46
#18 5.768   Downloaded toml_edit v0.25.13+spec-1.1.0
#18 5.774   Downloaded verus_prettyplease v0.0.0-2026-09-06-0133
#18 5.780   Downloaded verus_state_machines_macros v0.0.0-2026-09-06-0133
#18 5.783   Downloaded toml v0.9.12+spec-1.1.0
#18 5.791   Downloaded rustls-webpki v0.103.15
#18 5.795   Downloaded url v2.5.8
#18 5.799   Downloaded typenum v1.20.1
#18 5.804   Downloaded ureq v2.12.1
#18 5.812   Downloaded typed-path v0.12.3
#18 5.829   Downloaded verus_builtin_macros v0.0.0-2026-09-06-0133
#18 5.833   Downloaded regex v1.13.1
#18 5.841   Downloaded serde_json v1.0.151
#18 5.853   Downloaded winnow v0.7.15
#18 5.870   Downloaded winnow v1.0.4
#18 5.887   Downloaded portable-atomic v1.15.0#18 5.899   Downloaded webpki-roots v1.0.9
#18 5.904   Downloaded tracing-subscriber v0.3.23
#18 5.918   Downloaded unicode-width v0.2.2
#18 5.924   Downloaded zerocopy v0.8.56
#18 5.951   Downloaded syn v3.0.4
#18 5.965   Downloaded vstd v0.0.0-2026-09-06-0133
#18 5.980   Downloaded regex-syntax v0.8.11
#18 5.988   Downloaded verus_syn v0.0.0-2026-09-06-0133
#18 6.003   Downloaded syn v2.0.119
#18 6.016   Downloaded rustls v0.23.43
#18 6.035   Downloaded rustix v1.1.4
#18 6.088   Downloaded tracing v0.1.44
#18 6.105   Downloaded regex-automata v0.4.18
#18 6.126   Downloaded ring v0.17.14
#18 6.432    Compiling proc-macro2 v1.0.107
#18 6.432    Compiling unicode-ident v1.0.24
#18 6.433    Compiling quote v1.0.47
#18 6.433    Compiling libc v0.2.189
#18 6.433    Compiling serde_core v1.0.229
#18 6.433     Checking cfg-if v1.0.4
#18 6.439     Checking once_cell v1.21.4
#18 6.442     Checking memchr v2.8.3
#18 6.443    Compiling serde v1.0.229
#18 6.443     Checking equivalent v1.0.2
#18 6.447     Checking allocator-api2 v0.2.21
#18 6.450     Checking foldhash v0.2.0
#18 6.452    Compiling verus_prettyplease v0.0.0-2026-09-06-0133
#18 6.452    Compiling zmij v1.0.23
#18 6.458    Compiling hashbrown v0.17.1
#18 6.458    Compiling serde_json v1.0.151
#18 6.464     Checking itoa v1.0.18
#18 6.475    Compiling vstd v0.0.0-2026-09-06-0133
#18 6.478    Compiling convert_case v0.4.0
#18 6.479    Compiling shlex v2.0.1
#18 6.479     Checking verus_builtin v0.0.0-2026-09-06-0133
#18 6.489    Compiling find-msvc-tools v0.1.11
#18 6.489     Checking smallvec v1.15.2
#18 6.493    Compiling rustix v1.1.4
#18 6.499    Compiling thiserror v2.0.20
#18 6.499     Checking bitflags v2.13.1
#18 6.499     Checking linux-raw-sys v0.12.1
#18 6.500     Checking stable_deref_trait v1.2.1
#18 6.500     Checking winnow v1.0.4
#18 6.500    Compiling io-lifetimes v2.0.4
#18 6.500     Checking toml_writer v1.1.2+spec-1.1.0
#18 6.505    Compiling io-lifetimes v3.0.1
#18 6.579    Compiling pkg-config v0.3.34
#18 6.580    Compiling io-extras v0.19.0
#18 6.591     Checking percent-encoding v2.3.2
#18 6.607    Compiling cap-primitives v4.0.3
#18 6.646     Checking typenum v1.20.1
#18 6.654    Compiling getrandom v0.4.3
#18 6.695     Checking ipnet v2.12.1
#18 6.708     Checking litemap v0.8.3
#18 6.779     Checking zeroize v1.9.0
#18 6.780     Checking writeable v0.6.4
#18 6.797     Checking maybe-owned v0.3.4
#18 6.807    Compiling cap-std v4.0.3
#18 6.826     Checking log v0.4.34
#18 6.896     Checking ambient-authority v0.0.2
#18 6.896     Checking winnow v0.7.15
#18 6.953    Compiling icu_normalizer_data v2.3.0
#18 6.953     Checking utf8_iter v1.0.4
#18 7.002    Compiling icu_properties_data v2.3.0
#18 7.012     Checking fastrand v2.5.0
#18 7.029     Checking rustls-pki-types v1.15.1
#18 7.030     Checking tracing-core v0.1.36
#18 7.036     Checking const-oid v0.10.2
#18 7.077     Checking cpufeatures v0.3.0
#18 7.085    Compiling crc32fast v1.5.1
#18 7.093     Checking simd-adler32 v0.3.10
#18 7.102    Compiling zstd-safe v7.2.4
#18 7.121    Compiling autocfg v1.5.1
#18 7.121     Checking pin-project-lite v0.2.17
#18 7.121     Checking untrusted v0.9.0
#18 7.185     Checking adler2 v2.0.1
#18 7.191    Compiling rustls v0.23.43
#18 7.201     Checking regex-syntax v0.8.11
#18 7.202     Checking form_urlencoded v1.2.2
#18 7.238     Checking aho-corasick v1.1.5
#18 7.249     Checking zlib-rs v0.6.7
#18 7.250     Checking subtle v2.6.1
#18 7.285     Checking libbz2-rs-sys v0.2.5
#18 7.292     Checking bumpalo v3.20.3
#18 7.292     Checking base64 v0.22.1
#18 7.315     Checking typed-path v0.12.3
#18 7.382     Checking openssl-probe v0.2.1
#18 7.391     Checking httpdate v1.0.3
#18 7.405     Checking miniz_oxide v0.8.9
#18 7.430    Compiling heck v0.5.0
#18 7.435    Compiling parking_lot_core v0.9.12
#18 7.453    Compiling zerocopy v0.8.56
#18 7.470    Compiling version_check v0.9.5
#18 7.479    Compiling getrandom v0.3.4
#18 7.513     Checking scopeguard v1.2.0
#18 7.522    Compiling ref-cast v1.0.27
#18 7.550     Checking borrow-or-share v0.2.4
#18 7.560    Compiling indexmap v2.14.0
#18 7.592     Checking lock_api v0.4.14
#18 7.626     Checking bit-vec v0.8.0
#18 7.627    Compiling unicode-general-category v1.1.0
#18 7.645     Checking num-cmp v0.1.0
#18 7.649     Checking micromap v0.3.0
#18 7.672     Checking ryu v1.0.23
#18 7.684     Checking vsimd v0.8.0
#18 7.732     Checking webpki-roots v1.0.9
#18 7.744     Checking rustls-native-certs v0.8.4
#18 7.781     Checking zopfli v0.8.3
#18 7.811     Checking unsafe-libyaml v0.2.11
#18 7.822    Compiling num-traits v0.2.19
#18 7.862     Checking webpki-roots v0.26.11
#18 7.888     Checking outref v0.5.2
#18 7.889    Compiling ahash v0.8.12
#18 7.902     Checking bytecount v0.6.9
#18 7.919     Checking bit-set v0.8.0
#18 7.920     Checking utf8parse v0.2.2
#18 7.936     Checking data-encoding v2.11.1
#18 7.973     Checking lazy_static v1.5.0
#18 7.994     Checking tracing-log v0.2.0
#18 8.026     Checking thread_local v1.1.10
#18 8.036     Checking bzip2 v0.6.1
#18 8.053     Checking sharded-slab v0.1.7
#18 8.085     Checking anstyle-parse v1.0.0
#18 8.123     Checking anstyle v1.0.14
#18 8.132    Compiling portable-atomic v1.15.0
#18 8.159     Checking nu-ansi-term v0.50.3
#18 8.165     Checking is_terminal_polyfill v1.70.2
#18 8.166     Checking anstyle-query v1.1.5
#18 8.233     Checking unicode-width v0.2.2
#18 8.252     Checking colorchoice v1.0.5
#18 8.265    Compiling owo-colors v4.3.0
#18 8.301     Checking hybrid-array v0.4.14
#18 8.313     Checking strsim v0.11.1
#18 8.321     Checking clap_lex v1.1.0
#18 8.329     Checking unit-prefix v0.5.2
#18 8.349     Checking shell-words v1.1.1
#18 8.358     Checking uuid-simd v0.8.0
#18 8.370     Checking anstream v1.0.0
#18 8.394    Compiling syn v3.0.4
#18 8.403    Compiling syn v2.0.119
#18 8.428    Compiling verus_syn v0.0.0-2026-09-06-0133
#18 8.454     Checking toml_parser v1.1.3+spec-1.1.0
#18 8.708     Checking clap_builder v4.6.6
#18 8.793    Compiling jobserver v0.1.35
#18 8.875     Checking flate2 v1.1.9
#18 8.892     Checking getrandom v0.2.17
#18 8.892     Checking filetime v0.2.29
#18 8.892     Checking gripsack-process v0.42.0 (/app/crates/gripsack-process)
#18 8.892     Checking console v0.16.4
#18 9.095    Compiling cc v1.4.4
#18 9.156     Checking parking_lot v0.12.5
#18 9.183     Checking crypto-common v0.2.2
#18 9.183     Checking block-buffer v0.12.1
#18 9.466     Checking num-integer v0.1.47
#18 9.466     Checking num-complex v0.4.6
#18 9.478     Checking regex-automata v0.4.18
#18 9.478     Checking jsonschema-regex v0.55.0
#18 9.682     Checking indicatif v0.18.6
#18 9.696     Checking num-bigint v0.4.8
#18 9.696     Checking num-iter v0.1.46
#18 9.872     Checking digest v0.11.3
#18 9.986     Checking sha2 v0.11.0
#18 10.13     Checking serde_spanned v1.1.1
#18 10.13     Checking toml_datetime v0.7.5+spec-1.1.0
#18 10.13     Checking toml_datetime v1.1.1+spec-1.1.0
#18 10.30     Checking toml v0.9.12+spec-1.1.0
#18 10.36     Checking toml v1.1.4+spec-1.1.0
#18 10.36     Checking toml_edit v0.25.13+spec-1.1.0
#18 10.56    Compiling zstd-sys v2.0.16+zstd.1.5.7
#18 10.56    Compiling ring v0.17.14
#18 10.57    Compiling lzma-sys v0.1.20
#18 10.68     Checking num-rational v0.4.2
#18 11.06     Checking num v0.4.3
#18 11.11     Checking fraction v0.17.0
#18 11.50     Checking fs-set-times v0.20.3
#18 11.50     Checking rustix-linux-procfs v0.1.1
#18 11.50     Checking tempfile v3.27.0
#18 11.50     Checking xattr v1.6.1
#18 11.67     Checking tar v0.4.46
#18 11.69     Checking xz2 v0.1.7
#18 11.80     Checking dialoguer v0.12.0
#18 12.35     Checking gripsack-fs v0.42.0 (/app/crates/gripsack-fs)
#18 12.48     Checking fancy-regex v0.19.1
#18 12.48     Checking regex v1.13.1
#18 12.48     Checking matchers v0.2.0
#18 13.16    Compiling synstructure v0.13.2
#18 13.40     Checking zstd v0.13.3
#18 13.55    Compiling serde_derive v1.0.229
#18 13.55    Compiling thiserror-impl v2.0.20
#18 13.55    Compiling zerovec-derive v0.11.6
#18 13.55    Compiling displaydoc v0.2.7
#18 13.55    Compiling ref-cast-impl v1.0.27
#18 13.55    Compiling clap_derive v4.6.4
#18 13.60     Checking zip v8.6.0
#18 13.78     Checking rustls-webpki v0.103.15
#18 14.63    Compiling zerofrom-derive v0.1.7
#18 14.63    Compiling yoke-derive v0.8.2
#18 14.63    Compiling tracing-attributes v0.1.31
#18 14.63    Compiling strum_macros v0.28.0
#18 15.74     Checking clap v4.6.6
#18 16.12    Compiling verus_state_machines_macros v0.0.0-2026-09-06-0133
#18 16.12    Compiling verus_builtin_macros v0.0.0-2026-09-06-0133
#18 16.13     Checking zerofrom v0.1.8
#18 16.14     Checking tracing v0.1.44
#18 16.24     Checking yoke v0.8.3
#18 16.38     Checking zerovec v0.11.8
#18 16.38     Checking zerotrie v0.2.5
#18 16.91     Checking tinystr v0.8.4
#18 16.91     Checking potential_utf v0.1.6
#18 16.92     Checking strum v0.28.0
#18 17.00     Checking icu_collections v2.3.0
#18 17.05     Checking icu_locale_core v2.3.0
#18 17.38     Checking fluent-uri v0.4.1
#18 17.38     Checking serde_yaml v0.9.34+deprecated
#18 17.38     Checking email_address v0.2.9
#18 17.38     Checking tracing-serde v0.2.0
#18 17.49     Checking tracing-subscriber v0.3.23
#18 17.56     Checking jsonschema-value v0.55.0
#18 17.74     Checking icu_provider v2.3.1
#18 17.87     Checking referencing v0.55.0
#18 17.93     Checking icu_properties v2.3.0
#18 17.93     Checking icu_normalizer v2.3.0
#18 18.32     Checking jsonschema v0.55.0
#18 18.95     Checking idna_adapter v1.2.2
#18 19.01     Checking idna v1.1.0
#18 19.20     Checking url v2.5.8
#18 19.57     Checking ureq v2.12.1
#18 24.64     Checking gripsack-policy v0.42.0 (/app/crates/gripsack-policy)
#18 24.87     Checking gripsack-ir v0.42.0 (/app/crates/gripsack-ir)
#18 27.19     Checking gripsack-store v0.42.0 (/app/crates/gripsack-store)
#18 27.19     Checking gripsack-config v0.42.0 (/app/crates/gripsack-config)
#18 27.19     Checking griplint v0.42.0 (/app/crates/griplint)
#18 27.95     Checking gripsack-fetch v0.42.0 (/app/crates/gripsack-fetch)
#18 27.95     Checking gripsack-trace v0.42.0 (/app/crates/gripsack-trace)
#18 28.97     Checking gripsack-exec v0.42.0 (/app/crates/gripsack-exec)
#18 28.97     Checking gripsack-lint v0.42.0 (/app/crates/gripsack-lint)
#18 30.10     Checking gripsack-fuzz v0.0.0 (/app/fuzz)
#18 30.10     Checking gripsack v0.42.0 (/app/crates/gripsack)
#18 31.12     Finished `dev` profile [unoptimized + debuginfo] target(s) in 30.00s
#18 31.64    Compiling equivalent v1.0.2
#18 31.64    Compiling cfg-if v1.0.4
#18 31.64    Compiling memchr v2.8.3
#18 31.64    Compiling once_cell v1.21.4
#18 31.65    Compiling foldhash v0.2.0
#18 31.65    Compiling allocator-api2 v0.2.21
#18 31.65    Compiling itoa v1.0.18
#18 31.65    Compiling verus_builtin v0.0.0-2026-09-06-0133
#18 31.66    Compiling smallvec v1.15.2
#18 31.66    Compiling linux-raw-sys v0.12.1
#18 31.66    Compiling bitflags v2.13.1
#18 31.66    Compiling winnow v1.0.4
#18 31.66    Compiling toml_writer v1.1.2+spec-1.1.0
#18 31.66    Compiling stable_deref_trait v1.2.1
#18 31.67    Compiling maybe-owned v0.3.4
#18 31.67    Compiling ambient-authority v0.0.2
#18 31.68    Compiling libc v0.2.189
#18 31.68    Compiling serde_core v1.0.229
#18 31.68    Compiling zmij v1.0.23
#18 31.68    Compiling io-lifetimes v3.0.1
#18 31.68    Compiling io-lifetimes v2.0.4
#18 31.68    Compiling typenum v1.20.1
#18 31.68    Compiling percent-encoding v2.3.2
#18 31.69    Compiling ipnet v2.12.1
#18 31.69    Compiling winnow v0.7.15
#18 31.69    Compiling fastrand v2.5.0
#18 31.70    Compiling indexmap v2.14.0
#18 31.70    Compiling log v0.4.34
#18 31.70    Compiling zeroize v1.9.0
#18 31.70    Compiling thiserror v2.0.20
#18 31.70    Compiling zerofrom v0.1.8
#18 31.70    Compiling writeable v0.6.4
#18 31.70    Compiling const-oid v0.10.2
#18 31.71    Compiling litemap v0.8.3
#18 31.72    Compiling utf8_iter v1.0.4
#18 31.77    Compiling cpufeatures v0.3.0
#18 31.78    Compiling io-extras v0.19.0
#18 31.80    Compiling icu_normalizer_data v2.3.0
#18 31.81    Compiling icu_properties_data v2.3.0
#18 31.84    Compiling pin-project-lite v0.2.17
#18 31.85    Compiling simd-adler32 v0.3.10
#18 31.86    Compiling untrusted v0.9.0
#18 31.86    Compiling crc32fast v1.5.1
#18 31.89    Compiling yoke v0.8.3
#18 31.90    Compiling adler2 v2.0.1
#18 31.91    Compiling tracing-core v0.1.36
#18 31.92    Compiling form_urlencoded v1.2.2
#18 31.95    Compiling subtle v2.6.1
#18 31.98    Compiling regex-syntax v0.8.11
#18 31.98    Compiling zlib-rs v0.6.7
#18 31.98    Compiling bumpalo v3.20.3
#18 31.99    Compiling rustls-pki-types v1.15.1
#18 32.00    Compiling libbz2-rs-sys v0.2.5
#18 32.03    Compiling openssl-probe v0.2.1
#18 32.05    Compiling base64 v0.22.1
#18 32.06    Compiling typed-path v0.12.3
#18 32.06    Compiling num-traits v0.2.19
#18 32.07    Compiling httpdate v1.0.3
#18 32.08    Compiling scopeguard v1.2.0
#18 32.09    Compiling zerocopy v0.8.56
#18 32.09    Compiling ref-cast v1.0.27
#18 32.12    Compiling borrow-or-share v0.2.4
#18 32.16    Compiling hashbrown v0.17.1
#18 32.18    Compiling zerovec v0.11.8
#18 32.18    Compiling zerotrie v0.2.5
#18 32.19    Compiling miniz_oxide v0.8.9
#18 32.19    Compiling lock_api v0.4.14
#18 32.19    Compiling bit-vec v0.8.0
#18 32.20    Compiling num-cmp v0.1.0
#18 32.20    Compiling unsafe-libyaml v0.2.11
#18 32.21    Compiling ryu v1.0.23
#18 32.23    Compiling rustix v1.1.4
#18 32.27    Compiling bytecount v0.6.9
#18 32.31    Compiling vsimd v0.8.0
#18 32.35    Compiling zopfli v0.8.3
#18 32.49    Compiling micromap v0.3.0
#18 32.50    Compiling outref v0.5.2
#18 32.55    Compiling aho-corasick v1.1.5
#18 32.57    Compiling bit-set v0.8.0
#18 32.60    Compiling unicode-general-category v1.1.0
#18 32.61    Compiling strum v0.28.0
#18 32.62    Compiling data-encoding v2.11.1
#18 32.69    Compiling tracing v0.1.44
#18 32.74    Compiling webpki-roots v1.0.9
#18 32.74    Compiling rustls-native-certs v0.8.4
#18 32.78    Compiling lazy_static v1.5.0
#18 32.80    Compiling tracing-log v0.2.0
#18 32.84    Compiling thread_local v1.1.10
#18 32.88    Compiling bzip2 v0.6.1
#18 32.94    Compiling webpki-roots v0.26.11
#18 32.99    Compiling sharded-slab v0.1.7
#18 33.02    Compiling utf8parse v0.2.2
#18 33.06    Compiling nu-ansi-term v0.50.3
#18 33.08    Compiling is_terminal_polyfill v1.70.2
#18 33.09    Compiling anstyle-query v1.1.5
#18 33.16    Compiling tinystr v0.8.4
#18 33.17    Compiling hybrid-array v0.4.14
#18 33.17    Compiling potential_utf v0.1.6
#18 33.17    Compiling uuid-simd v0.8.0
#18 33.18    Compiling anstyle-parse v1.0.0
#18 33.21    Compiling jobserver v0.1.35
#18 33.22    Compiling getrandom v0.4.3
#18 33.27    Compiling getrandom v0.2.17
#18 33.32    Compiling verus_state_machines_macros v0.0.0-2026-09-06-0133
#18 33.34    Compiling icu_collections v2.3.0
#18 33.34    Compiling filetime v0.2.29
#18 33.36    Compiling gripsack-process v0.42.0 (/app/crates/gripsack-process)
#18 33.37    Compiling parking_lot_core v0.9.12
#18 33.37    Compiling getrandom v0.3.4
#18 33.41    Compiling icu_locale_core v2.3.0
#18 33.45    Compiling colorchoice v1.0.5
#18 33.46    Compiling anstyle v1.0.14
#18 33.54    Compiling unicode-width v0.2.2
#18 33.56    Compiling strsim v0.11.1
#18 33.56    Compiling clap_lex v1.1.0
#18 33.60    Compiling cc v1.4.4
#18 33.65    Compiling num-integer v0.1.47
#18 33.68    Compiling parking_lot v0.12.5
#18 33.73    Compiling num-complex v0.4.6
#18 33.74    Compiling anstream v1.0.0
#18 33.83    Compiling toml_parser v1.1.3+spec-1.1.0
#18 33.84    Compiling portable-atomic v1.15.0
#18 33.85    Compiling unit-prefix v0.5.2
#18 33.85    Compiling shell-words v1.1.1
#18 33.86    Compiling owo-colors v4.3.0
#18 34.04    Compiling console v0.16.4
#18 34.06    Compiling num-bigint v0.4.8
#18 34.07    Compiling num-iter v0.1.46
#18 34.11    Compiling clap_builder v4.6.6
#18 34.22    Compiling block-buffer v0.12.1
#18 34.23    Compiling crypto-common v0.2.2
#18 34.78    Compiling indicatif v0.18.6
#18 35.00    Compiling icu_provider v2.3.1
#18 35.09    Compiling regex-automata v0.4.18
#18 35.09    Compiling jsonschema-regex v0.55.0
#18 35.27    Compiling icu_properties v2.3.0
#18 35.27    Compiling icu_normalizer v2.3.0
#18 35.45    Compiling digest v0.11.3
#18 35.63    Compiling sha2 v0.11.0
#18 35.73    Compiling zstd-sys v2.0.16+zstd.1.5.7
#18 35.73    Compiling ring v0.17.14
#18 35.73    Compiling lzma-sys v0.1.20
#18 35.81    Compiling serde v1.0.229
#18 35.81    Compiling serde_json v1.0.151
#18 35.81    Compiling serde_spanned v1.1.1
#18 35.81    Compiling toml_datetime v0.7.5+spec-1.1.0
#18 35.83    Compiling toml_datetime v1.1.1+spec-1.1.0
#18 35.92    Compiling flate2 v1.1.9
#18 36.11    Compiling num-rational v0.4.2
#18 36.12    Compiling toml v0.9.12+spec-1.1.0
#18 36.17    Compiling toml v1.1.4+spec-1.1.0
#18 36.18    Compiling toml_edit v0.25.13+spec-1.1.0
#18 36.71    Compiling num v0.4.3
#18 36.76    Compiling fraction v0.17.0
#18 36.77    Compiling fluent-uri v0.4.1
#18 36.77    Compiling email_address v0.2.9
#18 36.77    Compiling serde_yaml v0.9.34+deprecated
#18 36.77    Compiling tracing-serde v0.2.0
#18 37.18    Compiling idna_adapter v1.2.2
#18 37.30    Compiling idna v1.1.0
#18 37.44    Compiling fs-set-times v0.20.3
#18 37.44    Compiling rustix-linux-procfs v0.1.1
#18 37.45    Compiling tempfile v3.27.0
#18 37.47    Compiling xattr v1.6.1
#18 37.49    Compiling clap v4.6.6
#18 37.66    Compiling cap-primitives v4.0.3
#18 37.80    Compiling url v2.5.8
#18 37.82    Compiling tar v0.4.46
#18 37.98    Compiling dialoguer v0.12.0
#18 38.32    Compiling xz2 v0.1.7
#18 38.43    Compiling cap-std v4.0.3
#18 38.53    Compiling rustls v0.23.43
#18 38.85    Compiling gripsack-fs v0.42.0 (/app/crates/gripsack-fs)
#18 39.22    Compiling ahash v0.8.12
#18 39.50    Compiling jsonschema-value v0.55.0
#18 39.50    Compiling referencing v0.55.0
#18 39.95    Compiling fancy-regex v0.19.1
#18 39.95    Compiling regex v1.13.1
#18 39.95    Compiling matchers v0.2.0
#18 40.00    Compiling vstd v0.0.0-2026-09-06-0133
#18 40.03    Compiling tracing-subscriber v0.3.23
#18 40.06    Compiling zstd-safe v7.2.4
#18 40.27    Compiling zstd v0.13.3
#18 40.47    Compiling rustls-webpki v0.103.15
#18 40.49    Compiling zip v8.6.0
#18 41.19    Compiling jsonschema v0.55.0
#18 42.81    Compiling gripsack-policy v0.42.0 (/app/crates/gripsack-policy)
#18 43.03    Compiling gripsack-ir v0.42.0 (/app/crates/gripsack-ir)
#18 44.53    Compiling ureq v2.12.1
#18 46.68    Compiling gripsack-store v0.42.0 (/app/crates/gripsack-store)
#18 46.68    Compiling gripsack-config v0.42.0 (/app/crates/gripsack-config)
#18 46.68    Compiling griplint v0.42.0 (/app/crates/griplint)
#18 47.87    Compiling gripsack-fetch v0.42.0 (/app/crates/gripsack-fetch)
#18 47.87    Compiling gripsack-trace v0.42.0 (/app/crates/gripsack-trace)
#18 49.94    Compiling gripsack-exec v0.42.0 (/app/crates/gripsack-exec)
#18 49.94    Compiling gripsack-lint v0.42.0 (/app/crates/gripsack-lint)
#18 51.93    Compiling gripsack-fuzz v0.0.0 (/app/fuzz)
#18 55.08    Compiling gripsack v0.42.0 (/app/crates/gripsack)
#18 65.02     Finished `test` profile [unoptimized + debuginfo] target(s) in 33.89s
#18 65.07      Running unittests src/lib.rs (target/debug/deps/griplint-649ce6e1a3a65ac3)
#18 65.07 
#18 65.07 running 19 tests
#18 65.07 test admission::tests::file_loader_has_the_same_admission_boundary ... ok
#18 65.07 test admission::tests::explicit_no_table_preserves_coverage_without_parsing ... ok
#18 65.07 test document::tests::error_spans_map_bytes_to_code_point_columns ... ok
#18 65.07 test document::tests::indented_multichar_keys_get_real_columns ... ok
#18 65.07 test checks::tests::version_coverage_is_numeric_not_textual ... ok
#18 65.07 test golden::severity_serializes_lowercase ... ok
#18 65.07 test value::tests::numbers_compare_across_int_and_float ... ok
#18 65.07 test document::tests::json_and_yaml_null_stay_null ... ok
#18 65.07 test value::tests::typed_matching_keeps_null_and_boolean_distinct ... ok
#18 65.07 test difflib::tests::the_fixture_suggestions_hold ... ok
#18 65.07 test admission::tests::free_keys_and_sections_preserve_arbitrary_descendants ... ok
#18 65.07 test admission::tests::formats_dispatch_without_extension_assumptions ... ok
#18 65.07 test admission::tests::whole_rules_check_sections_without_checking_their_members ... ok
#18 65.07 test admission::tests::key_diagnostics_and_leniency_survive_admission ... ok
#18 65.08 test admission::tests::markers_are_typed_and_exclusive ... ok
#18 65.08 test admission::tests::malformed_key_rules_never_turn_sections_free ... ok
#18 65.08 test admission::tests::metadata_and_dispatch_must_be_actionable ... ok
#18 65.12 test admission::tests::every_embedded_pack_is_admitted ... ok
#18 65.32 test golden::golden_corpus_replays ... ok
#18 65.32 
#18 65.32 test result: ok. 19 passed; 0 failed; 0 ignored; 0 measured; 0 filtered out; finished in 0.25s
#18 65.32 
#18 65.32      Running unittests src/main.rs (target/debug/deps/grip-cbad5dbf9152979c)
#18 65.32 
#18 65.32 running 21 tests
#18 65.32 test commands::adopt::generate::tests::ident_is_always_a_valid_ts_identifier ... ok
#18 65.32 test commands::adopt::generate::tests::module_source_escapes_hostile_strings ... ok
#18 65.32 test commands::adopt::generate::tests::module_source_shapes ... ok
#18 65.32 test commands::adopt::generate::tests::names_and_idents ... ok
#18 65.32 test commands::adopt::generate::tests::update_host_bails_on_unexpected_shape ... ok
#18 65.32 test commands::adopt::generate::tests::update_host_ignores_the_template_header_comment ... ok
#18 65.32 test commands::adopt::generate::tests::update_host_multiline_array ... ok
#18 65.32 test commands::adopt::generate::tests::update_host_single_line_arrays ... ok
#18 65.32 test render::tests::missing_file_degrades_gracefully ... ok
#18 65.32 test render::tests::renders_header_and_help_without_color ... ok
#18 65.33 test commands::self_update::installation::tests::deleted_suffix_is_only_stripped_for_a_missing_original ... ok
#18 65.33 test commands::self_update::installation::tests::replacement_invalidates_installed_version_evidence ... ok
#18 65.33 test commands::self_update::installation::tests::parent_drift_does_not_redirect_publication ... ok
#18 65.33 test commands::self_update::payload::tests::root_and_nested_candidates_are_ambiguous ... ok
#18 65.33 test render::tests::invalid_diagnostic_coordinates_never_read_a_source_snippet ... ok
#18 65.33 test commands::self_update::payload::tests::probe_requires_success_and_a_single_grip_version ... ok
#18 65.33 test commands::self_update::payload::tests::symlink_files_and_symlink_directories_are_not_candidates ... ok
#18 65.33 test render::tests::source_snippets_cannot_escape_the_repo_capability ... ok
#18 65.33 test render::tests::renders_snippet_when_file_exists ... ok
#18 65.34 test commands::self_update::installation::tests::symlink_install_keeps_target_semantics ... ok
#18 65.34 test commands::self_update::payload::tests::flooding_version_peer_is_rejected ... ok
#18 65.34 
#18 65.34 test result: ok. 21 passed; 0 failed; 0 ignored; 0 measured; 0 filtered out; finished in 0.02s
#18 65.34 
#18 65.34      Running unittests src/lib.rs (target/debug/deps/gripsack_config-98cadf244e260699)
#18 65.34 
#18 65.34 running 11 tests
#18 65.34 test tests::defaults_are_sane ... ok
#18 65.34 test tests::eval_deps_is_gone ... ok
#18 65.34 test tests::parses_env_toml ... ok
#18 65.34 test tests::parses_throttle_table ... ok
#18 65.34 test tests::typescript_frontend_declaration_is_tolerated ... ok
#18 65.34 test tests::python_frontend_is_a_migration_error ... ok
#18 65.34 test tests::repo_wins_user_fills_gaps ... ok
#18 65.34 test tests::typo_key_is_a_span_labeled_diagnostic ... ok
#18 65.34 test tests::unknown_frontend_value_errors_the_same_way ... ok
#18 65.34 test tests::unknown_top_level_key_is_an_error ... ok
#18 65.34 test tests::user_value_used_when_repo_silent ... ok
#18 65.34 
#18 65.34 test result: ok. 11 passed; 0 failed; 0 ignored; 0 measured; 0 filtered out; finished in 0.00s
#18 65.34 
#18 65.34      Running unittests src/lib.rs (target/debug/deps/gripsack_exec-6cb5e4477367be3e)
#18 65.34 
#18 65.34 running 49 tests
#18 65.35 test facts::tests::facts_match_the_running_host ... ok
#18 65.35 test facts::tests::glibc_version_parses_both_ldd_wordings ... ok
#18 65.35 test frontend::tests::path_deno_version_gate_matches_major ... ok
#18 65.35 test lineage_model::a_mid_apply_external_write_is_aborted_never_clobbered ... ok
#18 65.35 test lineage_model::chmod_only_drift_is_preserved_never_silently_reverted ... ok
#18 65.35 test lineage_model::preserved_drift_never_authorizes_an_update ... ok
#18 65.35 test managed_blocks::tests::malformed_markers_never_grant_splice_ranges ... ok
#18 65.35 test managed_blocks::tests::later_hand_edits_are_classified_and_other_modules_stay_untouched ... ok
#18 65.35 test managed_blocks::tests::foreign_bytes_survive_reconcile_and_removal ... ok
#18 65.35 test managed_blocks::tests::markers_roundtrip_across_comment_styles_and_legacy_metadata ... ok
#18 65.35 test report::update_model::every_survey_order_preserves_error_over_change_precedence ... ok
#18 65.35 test deploy::tests::symlinked_ancestor_into_repo_is_detected ... ok
#18 65.35 test template::tests::template_undefined_variable_is_a_loud_error ... ok
#18 65.35 test template::tests::template_substitutes_and_escapes ... ok
#18 65.35 test template::tests::template_unbalanced_braces_error ... ok
#18 65.35 test resolve::identity_tests::provenance_differences_hash_identically ... ok
#18 65.35 test tests::build_edges_constrain_order_too ... ok
#18 65.35 test tests::cycles_are_named ... ok
#18 65.35 test tests::dependencies_come_first ... ok
#18 65.35 test tests::diamond_is_deterministic ... ok
#18 65.35 test tests::waves_levelize_the_dag ... ok
#18 65.35 test deploy::tests::restore_never_writes_a_dangling_owned_link ... ok
#18 65.35 test managed_blocks::tests::every_mode_record_participates_independently_of_order ... ok
#18 65.35 test source::overlay::tests::fetched_link_ancestor_cannot_redirect_an_overlay ... ok
#18 65.35 test source::overlay::tests::leaf_link_is_replaced_without_writing_its_target ... ok
#18 65.36 test source::overlay::tests::overlay_pin_and_bytes_belong_to_the_same_snapshot ... ok
#18 65.36 test lineage_model::ownership_lineage_holds_over_every_sequence ... ok
#18 65.36 test ops::model::tests::a_build_only_dep_plans_zero_destination_ops ... ok
#18 65.37 test source::overlay::tests::top_level_links_have_the_same_preview_and_staged_identity ... ok
#18 65.38 test env::tests::duplicate_contributions_render_once ... ok
#18 65.38 test lockfile::tests::roundtrip ... ok
#18 65.38 test deploy::tests::journaled_mutation_must_reach_its_intended_state ... ok
#18 65.38 test env::tests::empty_contributions_remove_the_file ... ok
#18 65.38 test env::tests::renders_set_prepend_append_with_store_resolution ... ok
#18 65.39 test ops::model::tests::a_spelling_change_plans_no_op ... ok
#18 65.42 test gc::tests::why_owns_finds_the_owner ... ok
#18 65.42 test gc::tests::keep_generations_prunes_oldest_and_their_paths ... ok
#18 65.42 test gc::tests::collects_only_unreferenced_store_paths ... ok
#18 65.42 test gc::tests::never_prunes_the_current_generation ... ok
#18 65.43 test mode_model::links_carry_the_payload_mode_without_normalizing_it ... ok
#18 65.45 test gc::tests::unfinished_recovery_blocks_collection ... ok
#18 65.45 test gc::tests::a_session_for_another_home_authorizes_nothing_here ... ok
#18 65.47 test gc::tests::quarantined_entries_block_collection ... ok
#18 65.47 test gc::tests::reconciled_journal_unblocks_collection ... ok
#18 65.58 test mode_model::merge_host_modes_are_planned_and_drift_never_authorizes_prune ... ok
#18 65.64 test frontend::tests::embed_materializes_tree_and_marker ... ok
#18 65.87 test frontend::tests::materialize_flips_the_stable_current_link ... ok
#18 66.77 test ops::model::tests::the_planned_op_matches_the_algebra_and_executes_to_its_intent ... ok
#18 67.17 test mode_model::whole_file_modes_survive_update_restore_drift_and_prune ... ok
#18 67.17 
#18 67.17 test result: ok. 49 passed; 0 failed; 0 ignored; 0 measured; 0 filtered out; finished in 1.82s
#18 67.17 
#18 67.17      Running tests/workspace_execution_gate.rs (target/debug/deps/workspace_execution_gate-7d9cf650dc067800)
#18 67.17 
#18 67.17 running 1 test
#18 67.17 test every_direct_executor_entry_rejects_before_home_mutation ... ok
#18 67.17 
#18 67.17 test result: ok. 1 passed; 0 failed; 0 ignored; 0 measured; 0 filtered out; finished in 0.00s
#18 67.17 
#18 67.17      Running unittests src/lib.rs (target/debug/deps/gripsack_fetch-2b9ac72ec00022b4)
#18 67.17 
#18 67.17 running 61 tests
#18 67.18 test bottle::tests::all_is_a_last_resort_under_a_validated_policy ... ok
#18 67.18 test bottle::tests::future_macos_major_admits_its_own_codename ... ok
#18 67.18 test bottle::tests::intel_mac_never_takes_the_linux_bottle ... ok
#18 67.18 test bottle::tests::apple_silicon_orders_by_chronology_not_spelling ... ok
#18 67.18 test bottle::tests::arm64_linux_is_not_a_mac_bottle ... ok
#18 67.18 test bottle::tests::intel_mac_takes_the_newest_bottle_the_host_can_run ... ok
#18 67.18 test bottle::tests::linux_matches_exact_architecture ... ok
#18 67.18 test bottle::tests::missing_macos_version_fact_refuses_rather_than_guessing ... ok
#18 67.18 test bottle::tests::older_macos_refuses_newer_bottle_with_the_requirement ... ok
#18 67.18 test bottle::tests::unknown_tags_are_reported_not_matched ... ok
#18 67.18 test bottle::tests::unsupported_architecture_fails_clearly ... ok
#18 67.18 test bottle::tests::version_parsing_is_componentwise ... ok
#18 67.18 test host::tests::bundled_releases_have_full_platform_tables ... ok
#18 67.18 test host::tests::deno_urls_use_the_glibc_linux_assets ... ok
#18 67.18 test host::tests::placeholder_table_covers_every_convention ... ok
#18 67.18 test host::tests::resolves_the_host_asset ... ok
#18 67.18 test http::failure::tests::certificate_failures_are_not_transient_connections ... ok
#18 67.18 test http::retry::tests::real_retry_policy_has_fixed_deadline_and_bounded_attempts ... ok
#18 67.18 test http::retry::tests::terminal_classes_and_upstream_cooldowns_never_get_fast_replays ... ok
#18 67.18 test http::failure::tests::rate_limit_advice_is_evidence_based_and_locations_are_redacted ... ok
#18 67.18 test http::tests::host_binding_survives_url_normalization ... ok
#18 67.18 test http::tests::credential_routing_model_uses_actual_host_selector ... ok
#18 67.18 test http::tests::proxy_bypass_preserves_domain_and_port_boundaries ... ok
#18 67.18 test placeholders::tests::explicit_bare_version_is_shared_without_changing_legacy_asset_precedence ... ok
#18 67.18 test placeholders::tests::missing_empty_or_escaping_expansions_never_become_paths ... ok
#18 67.18 test http::body::tests::a_new_attempt_cannot_reset_consumed_transfer_bytes ... ok
#18 67.18 test plugins::segment_tests::traversal_tags_are_refused ... ok
#18 67.18 test plugins::tests::parse_ref_shapes ... ok
#18 67.18 test resolve::atom_tests::no_core_tag_is_none_and_malformed_versions_skip ... ok
#18 67.18 test resolve::atom_tests::picks_the_newest_core_tag_among_mixed_namespaces ... ok
#18 67.18 test resolve::base_url_tests::bare_ghe_host_gets_api_v3 ... ok
#18 67.18 test resolve::tests::missing_asset_lists_available ... ok
#18 67.18 test fetch::archive::tests::traversal_is_rejected_before_tar_materialization ... ok
#18 67.18 test resolve::tests::v_prefix_variants_match ... ok
#18 67.18 test resolve::tests::picks_expanded_asset ... ok
#18 67.18 test fetch::archive::tests::aggregate_tar_path_metadata_is_bounded_before_extraction ... ok
#18 67.18 test tests::exe_naming ... ok
#18 67.18 test throttle::tests::parses_budget_syntax ... ok
#18 67.18 test fetch::plugin::tests::bounded_tree_is_checked_before_hash ... ok
#18 67.18 test throttle::tests::plugin_declaration_replaces_builtin_default ... ok
#18 67.18 test throttle::tests::unknown_domains_pass_through ... ok
#18 67.18 test throttle::tests::url_host_extraction ... ok
#18 67.18 test throttle::tests::user_override_beats_plugin_declaration ... ok
#18 67.18 test fetch::archive::tests::a_symlink_destination_cannot_redirect_acquisition ... ok
#18 67.19 test fetch::archive::tests::zip_crc_cannot_be_bypassed_by_raw_stream_decoding ... ok
#18 67.19 test fetch::archive::tests::zip_entry_budget_precedes_directory_allocation ... ok
#18 67.19 test tests::discovers_executable_on_path ... ok
#18 67.19 test plugins::tests::receipt_roundtrips_and_current_resolves ... ok
#18 67.19 test fetch::archive::tests::xz_tar_extracts_without_a_payload_buffer ... ok
#18 67.19 test fetch::plugin::tests::round_trip_and_reported_hash_verification ... ok
#18 67.19 test fetch::archive::tests::bare_and_compressed_binaries_preserve_executability ... ok
#18 67.19 test fetch::tarball::tests::transport_mismatch_never_extracts_payload ... ok
#18 67.19 test fetch::archive::tests::decompressed_limit_is_checked_on_actual_bytes ... ok
#18 67.19 test fetch::plugin::tests::no_response_or_nonzero_exit_is_not_a_fetch ... ok
#18 67.19 test fetch::file::tests::file_fetch_extracts_tarball ... ok
#18 67.20 test fetch::plugin::tests::simultaneous_pipe_pressure_and_early_response ... ok
#18 67.20 test fetch::plugin::tests::response_does_not_hide_output_failure ... ok
#18 67.25 test fetch::git::tests::git_fetch_clones_at_rev ... ok
#18 67.43 test throttle::tests::bucket_enforces_the_budget ... ok
#18 71.61 test fetch::plugin::tests::silent_and_response_then_linger_both_fail ... ok
#18 71.62 test fetch::plugin::tests::capability_results_require_a_clean_exit ... ok
#18 71.62 
#18 71.62 test result: ok. 61 passed; 0 failed; 0 ignored; 0 measured; 0 filtered out; finished in 4.54s
#18 71.62 
#18 71.62      Running unittests src/lib.rs (target/debug/deps/gripsack_fs-269bf90eee70c137)
#18 71.63 
#18 71.63 running 14 tests
#18 71.63 test streamed::tests::failed_stream_keeps_old_destination_and_cleans_private_temp ... ok
#18 71.64 test tests::copy_dir_preserves_symlinks_and_merges ... ok
#18 71.64 test streamed::tests::publishes_complete_bytes_and_exact_mode_in_real_operation_order ... ok
#18 71.65 test tests::symlink_replace_flips_atomically ... ok
#18 71.65 test persistence_model::streamed_executable_publication_is_ordered_at_every_cut ... ok
#18 71.65 test tests::atomic_write_creates_parent_dirs ... ok
#18 71.65 test tests::atomic_write_lands_content_without_leftovers ... ok
#18 71.65 test tests::atomic_write_preserves_the_destinations_mode ... ok
#18 71.66 test tests::atomic_write_with_mode_lands_exact_permissions ... ok
#18 71.66 test tests::publish_lands_files_read_only ... ok
#18 71.66 test tests::publish_refuses_an_existing_dest ... ok
#18 71.67 test tests::publish_cross_filesystem_preserves_modes ... ok
#18 71.72 test persistence_model::atomic_file_link_and_tree_publication_are_ordered_at_every_cut ... ok
#18 72.57 test tests::writes_stay_on_the_pinned_inode_under_parent_swap ... ok
#18 72.57 
#18 72.57 test result: ok. 14 passed; 0 failed; 0 ignored; 0 measured; 0 filtered out; finished in 0.94s
#18 72.57 
#18 72.57      Running unittests src/lib.rs (target/debug/deps/gripsack_fuzz-52dc0c8d70c978ff)
#18 72.57 
#18 72.57 running 0 tests
#18 72.57 
#18 72.57 test result: ok. 0 passed; 0 failed; 0 ignored; 0 measured; 0 filtered out; finished in 0.00s
#18 72.57 
#18 72.57      Running unittests src/bin/replay.rs (target/debug/deps/replay-df42e37a883b52aa)
#18 72.57 
#18 72.57 running 0 tests
#18 72.57 
#18 72.57 test result: ok. 0 passed; 0 failed; 0 ignored; 0 measured; 0 filtered out; finished in 0.00s
#18 72.57 
#18 72.57      Running unittests src/lib.rs (target/debug/deps/gripsack_ir-3b19633ffcb5d796)
#18 72.57 
#18 72.57 running 65 tests
#18 72.58 test host_name::tests::rejects_path_shaped_hosts_before_they_can_name_files ... ok
#18 72.58 test sema::contract_tests::unknown_fields_are_parse_errors_now ... ok
#18 72.58 test sema::destinations::case_tests::case_variant_destinations_fold_on_every_host ... ok
#18 72.58 test sema::destinations::tests::step_entries_obey_destination_rules ... ok
#18 72.58 test sema::steps::tests::single_fetch_step_pins_multiple_refused ... ok
#18 72.58 test sema::placeholders::tests::the_known_set_passes_clean ... ok
#18 72.58 test sema::tests::dotfiles_only_module_needs_no_source ... ok
#18 72.58 test sema::tests::destination_shaped_verify_path_is_e109 ... ok
#18 72.58 test sema::tests::malformed_json_is_e000 ... ok
#18 72.58 test sema::tests::spanless_nodes_still_render ... ok
#18 72.58 test sema::placeholders::tests::a_typo_is_an_error_with_a_span_and_a_suggestion ... ok
#18 72.58 test sema::tests::legacy_ir_is_rejected_before_decoding_renamed_fields ... ok
#18 72.58 test sema::tests::rejects_wrong_version ... ok
#18 72.58 test sema::tests::declared_and_builtin_resources_pass ... ok
#18 72.58 test sema::tests::merge_and_template_modes_pass_sema_with_vars_and_marker ... ok
#18 72.58 test sema::tests::explicit_steps_validate ... ok
#18 72.58 test sema::tests::unknown_edge_kind_is_span_labeled_e122 ... ok
#18 72.58 test sema::tests::run_action_parses_with_outputs ... ok
#18 72.58 test sema::tests::collects_multiple_diagnostics ... ok
#18 72.58 test sema::tests::undeclared_resource_is_e107 ... ok
#18 72.58 test sema::tests::steps_plus_declarative_fields_is_e103 ... ok
#18 72.58 test sema::tests::unknown_dependency_carries_span_and_code ... ok
#18 72.58 test sema::workspace::destinations::tests::duplicate_profile_destinations_label_every_declaration ... ok
#18 72.58 test sema::tests::cross_module_ref_into_declarative_module ... ok
#18 72.59 test sema::tests::duplicate_and_reserved_step_ids_are_e106 ... ok
#18 72.59 test sema::tests::external_done_barrier_is_valid_but_self_barrier_is_rejected ... ok
#18 72.59 test sema::workspace::cycles::tests::production_cycles_label_every_member ... ok
#18 72.59 test sema::workspace::destinations::tests::mixed_policies_over_one_path_still_collide ... ok
#18 72.59 test sema::workspace::names::tests::duplicate_output_names_label_both_spans ... ok
#18 72.59 test sema::workspace::cycles::tests::validation_edges_never_close_a_cycle ... ok
#18 72.59 test sema::workspace::cycles::tests::task_dependency_cycles_are_rejected ... ok
#18 72.59 test sema::workspace::policy::tests::omitted_required_validation_and_producer_fail_closed_with_both_sites ... ok
#18 72.59 test sema::tests::parses_and_validates_example ... ok
#18 72.59 test sema::workspace::policy::tests::omitted_build_input_and_runtime_edges_fail_admission ... ok
#18 72.59 test sema::workspace::refs::tests::check_subject_must_resolve_to_an_output ... ok
#18 72.59 test sema::workspace::destinations::tests::same_destination_across_profiles_rejects_and_equal_names_coexist ... ok
#18 72.59 test sema::workspace::policy::tests::catalog_index_corruption_rejects_before_closure ... ok
#18 72.59 test sema::workspace::tests::envelope_shape_is_version_dispatched ... ok
#18 72.59 test sema::workspace::policy::tests::production_closure_excludes_runtime_and_preserves_validation ... ok
#18 72.59 test sema::workspace::policy::tests::projected_kind_or_binding_reclassification_fails_closed ... ok
#18 72.59 test sema::workspace::refs::tests::selection_target_mismatch_labels_both_sites ... ok
#18 72.59 test sema::workspace::tests::profile_with_literal_file_needs_no_synthetic_package ... ok
#18 72.59 test workspace::platform::tests::target_floor_and_abi_admit_only_compatible_consumers ... ok
#18 72.59 test sema::workspace::tests::provider_backed_package_needs_no_recipe_output ... ok
#18 72.59 test sema::workspace::refs::tests::producer_target_mismatch_labels_both_sites ... ok
#18 72.59 test sema::workspace::tests::unknown_workspace_fields_label_the_declaring_span ... ok
#18 72.59 test sema::workspace::span_value::tests::decoded_bash_interpolation_rejects_at_original_script_line ... ok
#18 72.59 test sema::workspace::policy::tests::adjacent_local_steps_lower_to_ordering_not_build_edges ... ok
#18 72.59 test sema::workspace::span_value::tests::invalid_nested_command_coordinates_remain_source_labeled ... ok
#18 72.59 test sema::workspace::span_value::tests::incompatible_abi_and_unsafe_prefix_label_the_declaration ... ok
#18 72.59 test sema::workspace::span_value::tests::file_content_requires_source_unless_literal ... ok
#18 72.59 test sema::workspace::tests::package_and_recipe_workspace_admits ... ok
#18 72.59 test sema::workspace::refs::tests::artifact_references_reject_non_artifact_kinds ... ok
#18 72.59 test sema::paths::tests::path_shape_rules ... ok
#18 72.59 test sema::workspace::refs::tests::invalid_references_are_rejected ... ok
#18 72.59 test sema::workspace::policy::tests::projected_reference_site_substitution_fails_closed ... ok
#18 72.59 test sema::workspace::span_value::tests::degenerate_spans_and_values_are_rejected ... ok
#18 72.59 test sema::workspace::tests::provider_fetch_fields_never_drop_silently ... ok
#18 72.59 test sema::workspace::tests::unknown_workspace_fields_never_drop_silently ... ok
#18 72.60 test sema::workspace::policy::tests::substituted_graph_references_fail_closed_at_declaration ... ok
#18 72.60 test sema::workspace::refs::tests::fixed_prefix_packages_cannot_be_selected_without_prefix ... ok
#18 72.60 test sema::workspace::refs::tests::task_schedule_profile_image_refs_are_typed ... ok
#18 72.60 test sema::workspace::context::tests::command_references_and_contexts_are_admitted ... ok
#18 72.60 test sema::workspace::span_value::tests::escaping_profile_file_destinations_reject_at_the_declaration ... ok
#18 72.60 test sema::workspace::refs::tests::artifact_selectors_must_be_normalized_relative_paths ... ok
#18 72.60 
#18 72.60 test result: ok. 65 passed; 0 failed; 0 ignored; 0 measured; 0 filtered out; finished in 0.03s
#18 72.60 
#18 72.60      Running tests/schema_acceptance.rs (target/debug/deps/schema_acceptance-1a169573e71c6ca0)
#18 72.60 
#18 72.60 running 3 tests
#18 72.64 test schema_pattern_assertions_execute ... ok
#18 72.64 test valid_documents_are_admitted_by_both_sides ... ok
#18 72.64 test rejected_documents_fail_both_sides ... ok
#18 72.64 
#18 72.64 test result: ok. 3 passed; 0 failed; 0 ignored; 0 measured; 0 filtered out; finished in 0.05s
#18 72.64 
#18 72.65      Running tests/workspace_admission.rs (target/debug/deps/workspace_admission-69161928380216ad)
#18 72.65 
#18 72.65 running 3 tests
#18 72.65 test provider_backed_package_lists_as_single_output ... ok
#18 72.65 test admitted_workspace_exposes_named_outputs ... ok
#18 72.65 test serialization_preserves_each_version_envelope ... ok
#18 72.65 
#18 72.65 test result: ok. 3 passed; 0 failed; 0 ignored; 0 measured; 0 filtered out; finished in 0.00s
#18 72.65 
#18 72.65      Running tests/workspace_v4_compat.rs (target/debug/deps/workspace_v4_compat-b35fac2a52f57c5d)
#18 72.65 
#18 72.65 running 3 tests
#18 72.66 test versions_reject_each_others_fields_and_bad_refs ... ok
#18 72.69 test historical_recipe_execution_and_fixed_layout_never_gain_new_policy ... ok
#18 72.69 test historical_schema_and_reader_preserve_opaque_platform_strings ... ok
#18 72.69 
#18 72.69 test result: ok. 3 passed; 0 failed; 0 ignored; 0 measured; 0 filtered out; finished in 0.04s
#18 72.69 
#18 72.69      Running tests/workspace_v5_acceptance.rs (target/debug/deps/workspace_v5_acceptance-33fcbef4cdc72330)
#18 72.69 
#18 72.69 running 5 tests
#18 72.78 test version_dispatch_asymmetry ... ok
#18 72.79 test schema_authored_constraints_execute ... ok
#18 72.79 test valid_documents_are_admitted_by_both_sides ... ok
#18 72.79 test rejected_documents_fail_both_sides ... ok
#18 72.80 test each_output_kind_rejects_undeclared_authority_with_its_own_span ... ok
#18 72.80 
#18 72.80 test result: ok. 5 passed; 0 failed; 0 ignored; 0 measured; 0 filtered out; finished in 0.11s
#18 72.80 
#18 72.80      Running unittests src/lib.rs (target/debug/deps/gripsack_lint-82a26c28fd41521b)
#18 72.80 
#18 72.80 running 8 tests
#18 72.80 test exchange::tests::severity_coercion_and_crash_codes ... ok
#18 72.80 test exchange::tests::spawn_failure_is_e01 ... ok
#18 72.80 test exchange::tests::valid_diagnostics_survive_nonzero_exit ... ok
#18 72.80 test exchange::tests::missing_response_retains_only_last_three_stderr_lines ... ok
#18 72.82 test exchange::tests::output_failure_after_response_keeps_diagnostics_and_adds_e02 ... ok
#18 72.82 test exchange::tests::pressure_before_input_and_response_before_input_completion ... ok
#18 72.87 test exchange::tests::input_limit_is_not_a_success ... ok
#18 77.32 test exchange::tests::silence_and_response_then_linger_are_deadline_failures ... ok
#18 77.32 
#18 77.32 test result: ok. 8 passed; 0 failed; 0 ignored; 0 measured; 0 filtered out; finished in 4.52s
#18 77.32 
#18 77.32      Running unittests src/lib.rs (target/debug/deps/gripsack_policy-6fb76687af620f0e)
#18 77.33 
#18 77.33 running 0 tests
#18 77.33 
#18 77.33 test result: ok. 0 passed; 0 failed; 0 ignored; 0 measured; 0 filtered out; finished in 0.00s
#18 77.33 
#18 77.33      Running tests/name_index.rs (target/debug/deps/name_index-b8d7482da2a86275)
#18 77.33 
#18 77.33 running 1 test
#18 77.33 test catalog_indices_cannot_bind_another_name_or_escape_the_catalog ... ok
#18 77.33 
#18 77.33 test result: ok. 1 passed; 0 failed; 0 ignored; 0 measured; 0 filtered out; finished in 0.00s
#18 77.33 
#18 77.33      Running tests/schedule_smoke.rs (target/debug/deps/schedule_smoke-94fdc3e3d650f21b)
#18 77.34 
#18 77.34 running 2 tests
#18 77.34 test pure_scheduler_latches_on_failure ... ok
#18 77.34 test pure_scheduler_runs_a_diamond ... ok
#18 77.34 
#18 77.34 test result: ok. 2 passed; 0 failed; 0 ignored; 0 measured; 0 filtered out; finished in 0.00s
#18 77.34 
#18 77.34      Running unittests src/lib.rs (target/debug/deps/gripsack_process-1808502d2508137d)
#18 77.34 
#18 77.34 running 19 tests
#18 77.34 test tests::defaults_match_contract ... ok
#18 77.34 test tests::input_rejected_before_spawn ... ok
#18 77.34 test tests::empty_input_is_closed_immediately ... ok
#18 77.34 test tests::exact_line_limit_and_empty_lines ... ok
#18 77.34 test tests::framing_and_input_eof ... ok
#18 77.37 test tests::lifecycle::no_response_is_a_normal_exit ... ok
#18 77.37 test tests::lifecycle::exit_and_signal_status_are_not_routing_policy ... ok
#18 77.37 test tests::spawn_error_and_zero_budget ... ok
#18 77.37 test tests::pressure::response_still_sends_input_and_preserves_exit_failure ... ok
#18 77.37 test tests::lifecycle::inherited_pipes_are_killed_on_leader_exit_not_after_a_linger ... ok
#18 77.37 test tests::tail_is_exact_and_can_be_disabled ... ok
#18 77.38 test tests::lifecycle::callback_panic_kills_and_reaps_the_leader ... ok
#18 77.38 test tests::pressure::huge_unterminated_line_is_stopped_incrementally ... ok
#18 77.39 test tests::pressure::simultaneous_input_and_output_pressure ... ok
#18 77.40 test tests::pressure::stdout_and_stderr_floods_are_cumulative ... ok
#18 77.41 test tests::pressure::response_does_not_disable_any_output_bound ... ok
#18 77.47 test tests::pressure::early_stdin_close_is_not_an_io_error ... ok
#18 80.35 test tests::lifecycle::silent_process_with_closed_pipes_still_has_a_deadline ... ok
#18 80.35 test tests::pressure::blocked_input_does_not_block_response_or_deadline ... ok
#18 80.35 
#18 80.35 test result: ok. 19 passed; 0 failed; 0 ignored; 0 measured; 0 filtered out; finished in 3.01s
#18 80.35 
#18 80.35      Running unittests src/lib.rs (target/debug/deps/gripsack_store-565ba7d1566be399)
#18 80.35 
#18 80.35 running 58 tests
#18 80.36 test hash::tests::the_two_identity_domains_never_collide ... ok
#18 80.36 test journal::marker::repeated_model::ambiguous_current_retains_partial_journal_without_touching_destinations ... ok
#18 80.36 test journal::marker::repeated_model::partial_restore_then_second_crash_keeps_new_edit_and_restores_other_dest ... ok
#18 80.36 test journal::tests::cross_variant_identities_never_compare_equal ... ok
#18 80.36 test journal::tests::marker_missing_previous_generation_is_rejected ... ok
#18 80.36 test activation::tests::a_corrupt_record_fails_closed ... ok
#18 80.36 test journal::tests::marker_null_previous_generation_is_a_fresh_machine ... ok
#18 80.36 test journal::tests::marker_round_trips_through_the_wire ... ok
#18 80.36 test journal::tests::marker_rejects_duplicates_wrong_types_and_overflow ... ok
#18 80.36 test journal::tests::wire_admission_rejects_legacy_versions_and_malformed ... ok
#18 80.36 test journal::model::tests::every_schedule_satisfies_the_oracle ... ok
#18 80.36 test paths::tests::canonical_dest_refuses_parent_traversal ... ok
#18 80.36 test hash::tests::canonical_hash_covers_symlink_target ... ok
#18 80.36 test paths::tests::generation_layout ... ok
#18 80.36 test hash::reference_vector::pinned_tree_vector ... ok
#18 80.36 test paths::tests::hash_is_stable_and_input_sensitive ... ok
#18 80.36 test paths::tests::home_resolution ... ok
#18 80.37 test paths::tests::store_path_format ... ok
#18 80.37 test trust::tests::canonical_key_falls_back_to_absolute ... ok
#18 80.37 test hash::tests::canonical_hash_ignores_mtime_but_not_exec_bit ... ok
#18 80.37 test trust::tests::only_an_explicit_y_trusts ... ok
#18 80.37 test trust::tests::prompt_values_with_control_chars_are_escaped ... ok
#18 80.37 test journal::marker::repeated_model::numeric_commit_mutant_fails_the_identical_oracle ... ok
#18 80.37 test trust::tests::rfc3339_known_instants ... ok
#18 80.37 test trust::tests::sandbox_summary_survives_wrapping_intact ... ok
#18 80.37 test hash::tests::tree_hash_is_deterministic_and_content_sensitive ... ok
#18 80.37 test hash::tests::overlay_hash_matches_materialized_staging ... ok
#18 80.37 test journal::tests::non_utf8_link_targets_are_refused_not_lossy_compared ... ok
#18 80.38 test activation::tests::pending_record_round_trips_and_clears ... ok
#18 80.38 test journal::tests::legacy_untagged_entries_fail_closed_with_evidence_kept ... ok
#18 80.39 test journal::tests::user_edit_after_crash_wins ... ok
#18 80.40 test generations::tests::manifest_roundtrip_and_listing ... ok
#18 80.41 test journal::tests::crash_between_record_and_write_restores_prior ... ok
#18 80.41 test journal::tests::recovery_restores_the_exact_mode ... ok
#18 80.41 test journal::tests::non_utf8_destinations_are_refused_at_record ... ok
#18 80.41 test paths::tests::canonical_dest_resolves_a_symlinked_ancestor ... ok
#18 80.42 test hash::tests::overlay_hash_of_dir_source_matches_staged_tree ... ok
#18 80.42 test paths::tests::canonical_dest_collapses_spelling_aliases ... ok
#18 80.42 test trust::tests::gate_blocks_untrusted_repos_without_a_tty ... ok
#18 80.42 test generations::tests::manifests_are_strictly_validated ... ok
#18 80.42 test journal::tests::malformed_entries_fail_closed_into_quarantine ... ok
#18 80.43 test trust::tests::trust_is_keyed_on_canonical_path ... ok
#18 80.43 test journal::tests::post_crash_sentinel_symlink_is_kept ... ok
#18 80.43 test journal::tests::tagged_entries_round_trip_through_the_wire ... ok
#18 80.43 test trust::tests::remove_forgets_the_repo ... ok
#18 80.44 test trust::tests::concurrent_adds_keep_both_entries ... ok
#18 80.44 test trust::tests::trust_toml_round_trip ... ok
#18 80.44 test generations::tests::flip_and_current ... ok
#18 80.44 test journal::tests::crash_after_write_restores_prior_bytes ... ok
#18 80.44 test journal::tests::absent_prior_and_symlink_prior_recover ... ok
#18 80.44 test journal::tests::post_crash_edit_beats_the_landed_mutation ... ok
#18 80.45 test journal::tests::crash_before_flip_restores ... ok
#18 80.45 test journal::tests::commit_run_clears_the_window ... ok
#18 80.46 test journal::tests::crashed_rollback_restores_priors ... ok
#18 80.46 test journal::tests::crash_after_flip_but_before_cleanup_reads_committed ... ok
#18 80.49 test generations::tests::publish_is_atomic_and_allocation_monotonic ... ok
#18 80.49 test journal::marker::repeated_model::exhaustive_independent_destinations_and_two_crashes ... ok
#18 80.49 test journal::tests::completed_rollback_reads_committed ... ok
#18 80.49 
#18 80.49 test result: ok. 58 passed; 0 failed; 0 ignored; 0 measured; 0 filtered out; finished in 0.14s
#18 80.49 
#18 80.49      Running unittests src/lib.rs (target/debug/deps/gripsack_trace-5f9edfcb191b89c2)
#18 80.50 
#18 80.50 running 0 tests
#18 80.50 
#18 80.50 test result: ok. 0 passed; 0 failed; 0 ignored; 0 measured; 0 filtered out; finished in 0.00s
#18 80.50 
#18 80.50    Doc-tests griplint
#18 80.58 
#18 80.58 running 0 tests
#18 80.58 
#18 80.58 test result: ok. 0 passed; 0 failed; 0 ignored; 0 measured; 0 filtered out; finished in 0.00s
#18 80.58 
#18 80.59    Doc-tests gripsack_config
#18 80.64 
#18 80.64 running 0 tests
#18 80.64 
#18 80.64 test result: ok. 0 passed; 0 failed; 0 ignored; 0 measured; 0 filtered out; finished in 0.00s
#18 80.64 
#18 80.65    Doc-tests gripsack_exec
#18 80.79 
#18 80.79 running 0 tests
#18 80.79 
#18 80.79 test result: ok. 0 passed; 0 failed; 0 ignored; 0 measured; 0 filtered out; finished in 0.00s
#18 80.79 
#18 80.80    Doc-tests gripsack_fetch
#18 80.93 
#18 80.93 running 0 tests
#18 80.93 
#18 80.93 test result: ok. 0 passed; 0 failed; 0 ignored; 0 measured; 0 filtered out; finished in 0.00s
#18 80.93 
#18 80.94    Doc-tests gripsack_fs
#18 80.98 
#18 80.98 running 0 tests
#18 80.98 
#18 80.98 test result: ok. 0 passed; 0 failed; 0 ignored; 0 measured; 0 filtered out; finished in 0.00s
#18 80.98 
#18 80.99    Doc-tests gripsack_fuzz
#18 81.03 
#18 81.03 running 0 tests
#18 81.03 
#18 81.03 test result: ok. 0 passed; 0 failed; 0 ignored; 0 measured; 0 filtered out; finished in 0.00s
#18 81.03 
#18 81.04    Doc-tests gripsack_ir
#18 81.45 
#18 81.45 running 0 tests
#18 81.45 
#18 81.45 test result: ok. 0 passed; 0 failed; 0 ignored; 0 measured; 0 filtered out; finished in 0.00s
#18 81.45 
#18 81.45    Doc-tests gripsack_lint
#18 81.50 
#18 81.50 running 0 tests
#18 81.50 
#18 81.50 test result: ok. 0 passed; 0 failed; 0 ignored; 0 measured; 0 filtered out; finished in 0.00s
#18 81.50 
#18 81.51    Doc-tests gripsack_policy
#18 81.66 
#18 81.66 running 0 tests
#18 81.66 
#18 81.66 test result: ok. 0 passed; 0 failed; 0 ignored; 0 measured; 0 filtered out; finished in 0.00s
#18 81.66 
#18 81.66    Doc-tests gripsack_process
#18 81.71 
#18 81.71 running 0 tests
#18 81.71 
#18 81.71 test result: ok. 0 passed; 0 failed; 0 ignored; 0 measured; 0 filtered out; finished in 0.00s
#18 81.71 
#18 81.71    Doc-tests gripsack_store
#18 81.84 
#18 81.84 running 0 tests
#18 81.84 
#18 81.84 test result: ok. 0 passed; 0 failed; 0 ignored; 0 measured; 0 filtered out; finished in 0.00s
#18 81.84 
#18 81.85    Doc-tests gripsack_trace
#18 81.88 
#18 81.88 running 0 tests
#18 81.88 
#18 81.88 test result: ok. 0 passed; 0 failed; 0 ignored; 0 measured; 0 filtered out; finished in 0.00s
#18 81.88 
#18 DONE 82.1s

#19 [test 2/2] RUN apk add --no-cache python3     && cargo package --list -p gripsack-exec | grep -q "embedded_frontend.rs"     && python3 scripts/gen_diagnostic_registry.py --check     && python3 scripts/gen_diagnostic_registry.py --self-check     && python3 scripts/gen_frontend_embed.py --check
#19 0.639 ( 1/13) Installing libbz2 (1.0.8-r6)
#19 0.652 ( 2/13) Installing libffi (3.5.2-r1)
#19 0.662 ( 3/13) Installing gdbm (1.26-r0)
#19 0.673 ( 4/13) Installing mpdecimal (4.0.1-r0)
#19 0.690 ( 5/13) Installing ncurses-terminfo-base (6.6_p20260516-r0)
#19 0.706 ( 6/13) Installing libncursesw (6.6_p20260516-r0)
#19 0.724 ( 7/13) Installing libpanelw (6.6_p20260516-r0)
#19 0.734 ( 8/13) Installing readline (8.3.3-r1)
#19 0.752 ( 9/13) Installing sqlite-libs (3.53.4-r0)
#19 0.823 (10/13) Installing python3 (3.14.7-r1)
#19 1.280 (11/13) Installing python3-pycache-pyc0 (3.14.7-r1)
#19 1.533 (12/13) Installing pyc (3.14.7-r1)
#19 1.533 (13/13) Installing python3-pyc (3.14.7-r1)
#19 1.533 Executing busybox-1.37.0-r31.trigger
#19 1.541 OK: 246.6 MiB in 58 packages
#19 1.678 diagnostic registry: 37 unique core codes, 5 frontend allocations; generated files fresh
#19 1.700 calibration: invalid registry version rejected on its named property
#19 1.700 calibration: duplicate diagnostic code rejected on its named property
#19 1.700 calibration: duplicate frontend diagnostic name rejected on its named property
#19 1.700 diagnostic registry calibration: 3 named mutants rejected
#19 1.729 embedded_frontend.rs: fresh (30 files)
#19 DONE 1.8s

#20 exporting to image
#20 exporting layers
#20 exporting layers 57.1s done
#20 exporting manifest sha256:00d6f7b90e6b7f731d186982e27a5826a9ad072926332fe2e53b0d7e8fcadc71 0.0s done
#20 exporting config sha256:d301502afe2867d3624378f122d200f5e604b0468828d1f87a8f9b3c100fb560 0.0s done
#20 exporting attestation manifest sha256:32986c1022268ecf9e5c5b2742adf5fdcf91ba651bf41e0c70190e8481eb74db 0.0s done
#20 exporting manifest list sha256:ebc2123c5975ebf8bf8158f0423b812f4e444270f535a39f4c647ecf1ab66aba 0.0s done
#20 naming to docker.io/library/gripsack-test:latest done
#20 unpacking to docker.io/library/gripsack-test:latest
#20 unpacking to docker.io/library/gripsack-test:latest 13.3s done
#20 DONE 70.6s

#21 resolving provenance for metadata file
#21 DONE 0.0s
 Image gripsack-test Built 
 Container gripsack-test-run-311893de8067 Creating 
 Container gripsack-test-run-311893de8067 Created 
   Compiling memchr v2.8.3
   Compiling serde_json v1.0.151
   Compiling once_cell v1.21.4
   Compiling smallvec v1.15.2
   Compiling indexmap v2.14.0
   Compiling syn v3.0.4
   Compiling syn v2.0.119
   Compiling parking_lot_core v0.9.12
   Compiling parking_lot v0.12.5
   Compiling aho-corasick v1.1.5
   Compiling verus_state_machines_macros v0.0.0-2026-09-06-0133
   Compiling regex-automata v0.4.18
   Compiling serde_derive v1.0.229
   Compiling ref-cast-impl v1.0.27
   Compiling thiserror-impl v2.0.20
   Compiling ref-cast v1.0.27
   Compiling synstructure v0.13.2
   Compiling thiserror v2.0.20
   Compiling regex v1.13.1
   Compiling fancy-regex v0.19.1
   Compiling verus_builtin_macros v0.0.0-2026-09-06-0133
   Compiling strum_macros v0.28.0
   Compiling serde v1.0.229
   Compiling ahash v0.8.12
   Compiling fluent-uri v0.4.1
   Compiling email_address v0.2.9
   Compiling jsonschema-value v0.55.0
   Compiling referencing v0.55.0
   Compiling strum v0.28.0
   Compiling jsonschema v0.55.0
   Compiling vstd v0.0.0-2026-09-06-0133
   Compiling gripsack-policy v0.42.0 (/app/crates/gripsack-policy)
   Compiling gripsack-ir v0.42.0 (/app/crates/gripsack-ir)
    Finished `test` profile [unoptimized + debuginfo] target(s) in 27.79s
     Running unittests src/lib.rs (target/debug/deps/gripsack_ir-eab45e62e10ebf28)

running 1 test
test host_name::tests::rejects_path_shaped_hosts_before_they_can_name_files ... ok

test result: ok. 1 passed; 0 failed; 0 ignored; 0 measured; 64 filtered out; finished in 0.00s

     Running tests/schema_acceptance.rs (target/debug/deps/schema_acceptance-e26e17c43a31f47c)

running 0 tests

test result: ok. 0 passed; 0 failed; 0 ignored; 0 measured; 3 filtered out; finished in 0.00s

     Running tests/workspace_admission.rs (target/debug/deps/workspace_admission-7e484dace91cfc16)

running 0 tests

test result: ok. 0 passed; 0 failed; 0 ignored; 0 measured; 3 filtered out; finished in 0.00s

     Running tests/workspace_v4_compat.rs (target/debug/deps/workspace_v4_compat-c35c9f811f359518)

running 0 tests

test result: ok. 0 passed; 0 failed; 0 ignored; 0 measured; 3 filtered out; finished in 0.00s

     Running tests/workspace_v5_acceptance.rs (target/debug/deps/workspace_v5_acceptance-72a6444be37192ed)

running 0 tests

test result: ok. 0 passed; 0 failed; 0 ignored; 0 measured; 5 filtered out; finished in 0.00s

 Image gripsack-test Building 
#1 [internal] load local bake definitions
#1 reading from stdin 530B done
#1 DONE 0.0s

#2 [internal] load build definition from Dockerfile
#2 transferring dockerfile:
#2 transferring dockerfile: 10.04kB done
#2 DONE 0.0s

#3 resolve image config for docker-image://docker.io/docker/dockerfile:1
#3 DONE 0.5s

#4 docker-image://docker.io/docker/dockerfile:1@sha256:ecfaec9ed6d810b56388c508f4121597bfbba70d41a6dfeee4d8cad5f295fc32
#4 resolve docker.io/docker/dockerfile:1@sha256:ecfaec9ed6d810b56388c508f4121597bfbba70d41a6dfeee4d8cad5f295fc32 0.0s done
#4 CACHED

#5 [internal] load metadata for docker.io/library/rust:alpine@sha256:a10e64dd139b7387337c7fbe8aca31b959b57b2fd4c8ae20a02cf1d6ea424dce
#5 DONE 0.7s

#6 [internal] load .dockerignore
#6 transferring context: 139B done
#6 DONE 0.0s

#7 [builder  1/10] FROM docker.io/library/rust:alpine@sha256:a10e64dd139b7387337c7fbe8aca31b959b57b2fd4c8ae20a02cf1d6ea424dce
#7 resolve docker.io/library/rust:alpine@sha256:a10e64dd139b7387337c7fbe8aca31b959b57b2fd4c8ae20a02cf1d6ea424dce 0.0s done
#7 DONE 0.0s

#8 [internal] load build context
#8 transferring context: 75.69kB 0.1s done
#8 DONE 0.1s

#9 [builder  7/10] COPY fuzz ./fuzz
#9 CACHED

#10 [builder  8/10] COPY schema ./schema
#10 CACHED

#11 [builder  9/10] COPY typescript ./typescript
#11 CACHED

#12 [builder 10/10] COPY scripts ./scripts
#12 CACHED

#13 [builder  3/10] RUN set -e;     arch="$(uname -m)";     case "$arch" in       x86_64)  sha=3374daaf153e6f82028add5e4bf7cc2deab46537dee24f20be80df831193aeb4 ;;       aarch64) sha=35d90cee9648037eaa4c1a2649fdca9d1b9a9997b972d37be7f8629139ba1294 ;;       *) echo "unsupported arch: $arch" >&2; exit 1 ;;     esac;     curl -fsSL -o /tmp/ca.tar.xz "https://github.com/rust-secure-code/cargo-auditable/releases/download/v0.7.5/cargo-auditable-${arch}-unknown-linux-musl.tar.xz";     echo "$sha  /tmp/ca.tar.xz" | sha256sum -c -;     mkdir -p /tmp/ca && tar -xJf /tmp/ca.tar.xz -C /tmp/ca;     mv /tmp/ca/*/cargo-auditable /usr/local/bin/cargo-auditable;     rm -rf /tmp/ca /tmp/ca.tar.xz
#13 CACHED

#14 [builder  5/10] COPY Cargo.toml Cargo.lock ./
#14 CACHED

#15 [builder  4/10] WORKDIR /app
#15 CACHED

#16 [test 1/2] RUN cargo fmt --check     && cargo clippy --locked --workspace --all-targets -- -D warnings     && cargo test --locked
#16 CACHED

#17 [builder  2/10] RUN apk add --no-cache musl-dev git curl xz     && rustup component add clippy rustfmt
#17 CACHED

#18 [builder  6/10] COPY crates ./crates
#18 CACHED

#19 [test 2/2] RUN apk add --no-cache python3     && cargo package --list -p gripsack-exec | grep -q "embedded_frontend.rs"     && python3 scripts/gen_diagnostic_registry.py --check     && python3 scripts/gen_diagnostic_registry.py --self-check     && python3 scripts/gen_frontend_embed.py --check
#19 CACHED

#20 exporting to image
#20 exporting layers done
#20 exporting manifest sha256:00d6f7b90e6b7f731d186982e27a5826a9ad072926332fe2e53b0d7e8fcadc71 done
#20 exporting config sha256:d301502afe2867d3624378f122d200f5e604b0468828d1f87a8f9b3c100fb560 done
#20 exporting attestation manifest sha256:cd4c215d262756e755831a050132d8233f3512887662bbfdd97f033291f4823a 0.0s done
#20 exporting manifest list sha256:ef9f79e773155a531c336d8c3e3af956bb80f26c360d8b61ff1308ffd3256e4b 0.0s done
#20 naming to docker.io/library/gripsack-test:latest done
#20 unpacking to docker.io/library/gripsack-test:latest 0.0s done
#20 DONE 0.1s

#21 resolving provenance for metadata file
#21 DONE 0.0s
 Image gripsack-test Built 
 Container gripsack-test-run-d2a8a42fb827 Creating 
 Container gripsack-test-run-d2a8a42fb827 Created 
   Compiling hashbrown v0.17.1
   Compiling serde v1.0.229
   Compiling serde_json v1.0.151
   Compiling winnow v1.0.4
   Compiling toml_writer v1.1.2+spec-1.1.0
   Compiling log v0.4.34
   Compiling percent-encoding v2.3.2
   Compiling syn v3.0.4
   Compiling toml_datetime v1.1.1+spec-1.1.0
   Compiling tracing-core v0.1.36
   Compiling form_urlencoded v1.2.2
   Compiling zopfli v0.8.3
   Compiling rustls v0.23.43
   Compiling toml_parser v1.1.3+spec-1.1.0
   Compiling tracing v0.1.44
   Compiling indexmap v2.14.0
   Compiling toml v0.9.12+spec-1.1.0
   Compiling toml v1.1.4+spec-1.1.0
   Compiling zip v8.6.0
   Compiling verus_state_machines_macros v0.0.0-2026-09-06-0133
   Compiling zerovec-derive v0.11.6
   Compiling displaydoc v0.2.7
   Compiling serde_derive v1.0.229
   Compiling thiserror-impl v2.0.20
   Compiling zerotrie v0.2.5
   Compiling zerovec v0.11.8
   Compiling thiserror v2.0.20
   Compiling tinystr v0.8.4
   Compiling potential_utf v0.1.6
   Compiling icu_collections v2.3.0
   Compiling icu_locale_core v2.3.0
   Compiling icu_provider v2.3.1
   Compiling icu_properties v2.3.0
   Compiling icu_normalizer v2.3.0
   Compiling vstd v0.0.0-2026-09-06-0133
   Compiling idna_adapter v1.2.2
   Compiling idna v1.1.0
   Compiling url v2.5.8
   Compiling ureq v2.12.1
   Compiling gripsack-policy v0.42.0 (/app/crates/gripsack-policy)
   Compiling gripsack-ir v0.42.0 (/app/crates/gripsack-ir)
   Compiling gripsack-store v0.42.0 (/app/crates/gripsack-store)
   Compiling gripsack-config v0.42.0 (/app/crates/gripsack-config)
   Compiling gripsack-fetch v0.42.0 (/app/crates/gripsack-fetch)
   Compiling gripsack-exec v0.42.0 (/app/crates/gripsack-exec)
    Finished `test` profile [unoptimized + debuginfo] target(s) in 22.74s
     Running unittests src/lib.rs (target/debug/deps/gripsack_exec-ffd5855c566f98dc)

running 1 test
test lockfile::tests::roundtrip ... ok

test result: ok. 1 passed; 0 failed; 0 ignored; 0 measured; 48 filtered out; finished in 0.01s

     Running tests/workspace_execution_gate.rs (target/debug/deps/workspace_execution_gate-8dde3cd804038249)

running 0 tests

test result: ok. 0 passed; 0 failed; 0 ignored; 0 measured; 1 filtered out; finished in 0.00s

 Image gripsack-e2e Building 
#1 [internal] load local bake definitions
#1 reading from stdin 525B done
#1 DONE 0.0s

#2 [internal] load build definition from Dockerfile
#2 transferring dockerfile: 10.04kB done
#2 DONE 0.0s

#3 resolve image config for docker-image://docker.io/docker/dockerfile:1
#3 DONE 0.2s

#4 docker-image://docker.io/docker/dockerfile:1@sha256:ecfaec9ed6d810b56388c508f4121597bfbba70d41a6dfeee4d8cad5f295fc32
#4 resolve docker.io/docker/dockerfile:1@sha256:ecfaec9ed6d810b56388c508f4121597bfbba70d41a6dfeee4d8cad5f295fc32 0.0s done
#4 CACHED

#5 [internal] load metadata for docker.io/library/rust:alpine@sha256:a10e64dd139b7387337c7fbe8aca31b959b57b2fd4c8ae20a02cf1d6ea424dce
#5 DONE 0.0s

#6 [internal] load metadata for docker.io/library/python:3.13-slim@sha256:9d2e5553305c7c7b0097999bb17187c69b921ccd6bc9d40e4bb5ebe652c00285
#6 DONE 0.8s

#7 [internal] load .dockerignore
#7 transferring context: 139B done
#7 DONE 0.0s

#8 [e2e  4/12] ADD --checksum=sha256:394f07f4da2bebe6ce6f1e7ce0fa16429b29b08c35e3fac3fe25972676dff4b2 https://github.com/denoland/deno/releases/download/v2.9.6/deno-x86_64-unknown-linux-gnu.zip /tmp/deno.zip
#8 DONE 0.0s

#9 [e2e  1/12] FROM docker.io/library/python:3.13-slim@sha256:9d2e5553305c7c7b0097999bb17187c69b921ccd6bc9d40e4bb5ebe652c00285
#9 resolve docker.io/library/python:3.13-slim@sha256:9d2e5553305c7c7b0097999bb17187c69b921ccd6bc9d40e4bb5ebe652c00285 0.0s done
#9 DONE 0.0s

#10 [builder  1/10] FROM docker.io/library/rust:alpine@sha256:a10e64dd139b7387337c7fbe8aca31b959b57b2fd4c8ae20a02cf1d6ea424dce
#10 resolve docker.io/library/rust:alpine@sha256:a10e64dd139b7387337c7fbe8aca31b959b57b2fd4c8ae20a02cf1d6ea424dce 0.0s done
#10 DONE 0.0s

#11 [internal] load build context
#11 transferring context: 555.72kB 0.1s done
#11 DONE 0.1s

#12 [builder  5/10] COPY Cargo.toml Cargo.lock ./
#12 CACHED

#13 [e2e  6/12] RUN printf 'uv==%s --hash=sha256:f7d6248ad9f2d282fea795f248da8fa666ab382df50d8385bd98e01049440a0c --hash=sha256:bd0afae6918795c6a61a649e64d735e339f3d62f8310235da6f19eb3f66f323b\n' "0.12.10" > /tmp/uv.req     && pip install --no-cache-dir --no-deps --require-hashes -r /tmp/uv.req     && uv --version     && rm -f /tmp/uv.req
#13 CACHED

#14 [builder  2/10] RUN apk add --no-cache musl-dev git curl xz     && rustup component add clippy rustfmt
#14 CACHED

#15 [e2e  2/12] WORKDIR /app
#15 CACHED

#16 [e2e  9/12] RUN cd e2e && uv sync --locked
#16 CACHED

#17 [e2e 10/12] COPY e2e ./e2e
#17 CACHED

#18 [e2e  5/12] RUN python3 -m zipfile -e /tmp/deno.zip /tmp/deno     && mkdir -p /root/.local/share/gripsack/tools/deno-2.9.6     && mv /tmp/deno/deno /root/.local/share/gripsack/tools/deno-2.9.6/deno     && chmod 755 /root/.local/share/gripsack/tools/deno-2.9.6/deno     && rm -rf /tmp/deno.zip /tmp/deno
#18 CACHED

#19 [builder  3/10] RUN set -e;     arch="$(uname -m)";     case "$arch" in       x86_64)  sha=3374daaf153e6f82028add5e4bf7cc2deab46537dee24f20be80df831193aeb4 ;;       aarch64) sha=35d90cee9648037eaa4c1a2649fdca9d1b9a9997b972d37be7f8629139ba1294 ;;       *) echo "unsupported arch: $arch" >&2; exit 1 ;;     esac;     curl -fsSL -o /tmp/ca.tar.xz "https://github.com/rust-secure-code/cargo-auditable/releases/download/v0.7.5/cargo-auditable-${arch}-unknown-linux-musl.tar.xz";     echo "$sha  /tmp/ca.tar.xz" | sha256sum -c -;     mkdir -p /tmp/ca && tar -xJf /tmp/ca.tar.xz -C /tmp/ca;     mv /tmp/ca/*/cargo-auditable /usr/local/bin/cargo-auditable;     rm -rf /tmp/ca /tmp/ca.tar.xz
#19 CACHED

#20 [builder  4/10] WORKDIR /app
#20 CACHED

#21 [builder  8/10] COPY schema ./schema
#21 CACHED

#22 [builder 10/10] COPY scripts ./scripts
#22 CACHED

#23 [e2e  7/12] COPY --from=bin /app/target/debug/grip /usr/local/bin/grip
#23 CACHED

#24 [bin 1/1] RUN cargo build --locked -p gripsack
#24 CACHED

#25 [builder  7/10] COPY fuzz ./fuzz
#25 CACHED

#26 [e2e  8/12] COPY e2e/pyproject.toml e2e/uv.lock ./e2e/
#26 CACHED

#27 [e2e  4/12] ADD --checksum=sha256:394f07f4da2bebe6ce6f1e7ce0fa16429b29b08c35e3fac3fe25972676dff4b2 https://github.com/denoland/deno/releases/download/v2.9.6/deno-x86_64-unknown-linux-gnu.zip /tmp/deno.zip
#27 CACHED

#28 [builder  6/10] COPY crates ./crates
#28 CACHED

#29 [builder  9/10] COPY typescript ./typescript
#29 CACHED

#30 [e2e  3/12] RUN apt-get update -qq && apt-get install -y -qq --no-install-recommends git     && rm -rf /var/lib/apt/lists/*
#30 CACHED

#31 [e2e 11/12] COPY examples ./examples
#31 CACHED

#32 [e2e 12/12] WORKDIR /app/e2e
#32 CACHED

#33 exporting to image
#33 exporting layers done
#33 exporting manifest sha256:cc77d14329735350546773b0f303d1aa70f8952de600388f4119c7d48b546d5f done
#33 exporting config sha256:f6c01aeba67624b80704318242321313915825bb71650da44ed75b5fc6d8805e done
#33 exporting attestation manifest sha256:16050b1d21cb38b0b4abe655bceb8e861dc6a5a369125adf4c8881cddc2e7f78 0.0s done
#33 exporting manifest list sha256:df71419ece1eee0e55c50b84e452fa7f87d8d40579a08aa9e24515ee0688d89b 0.0s done
#33 naming to docker.io/library/gripsack-e2e:latest done
#33 unpacking to docker.io/library/gripsack-e2e:latest 0.0s done
#33 DONE 0.1s

#34 resolving provenance for metadata file
#34 DONE 0.0s
 Image gripsack-e2e Built 
 Container gripsack-e2e-run-5d32283b3b38 Creating 
 Container gripsack-e2e-run-5d32283b3b38 Created 
============================= test session starts ==============================
platform linux -- Python 3.13.15, pytest-9.1.1, pluggy-1.6.0 -- /app/e2e/.venv/bin/python
cachedir: .pytest_cache
rootdir: /app/e2e
configfile: pyproject.toml
collecting ... collected 47 items / 42 deselected / 5 selected

test_eval_gate.py::test_default_host_path_traversal_rejects_before_eval_or_lock_write PASSED [ 20%]
test_eval_gate.py::test_absolute_host_cannot_replace_lock_outside_repo PASSED [ 40%]
test_eval_gate.py::test_explicit_role_host_with_safe_dots_is_unchanged PASSED [ 60%]
test_adopt.py::test_adopt_rejects_invalid_host_before_generating_repo_files PASSED [ 80%]
test_linters.py::test_default_host_selects_the_same_lockfile_for_versioned_lints PASSED [100%]

======================= 5 passed, 42 deselected in 0.72s =======================
M0_HOST_BOUNDARY=7 (1 typed host admission + 1 lockfile roundtrip + 5 real CLI host and lint cases)
