RUNNER_SOURCE_COMMIT=2b7daf8a39dcdae18654b62e9630d21209cd0d0e
RUNNER_SOURCE_ROOTS_DIRTY=clean (git status --porcelain -- SOURCE_ROOTS before and after each direct run: empty)
RUNNER_COMMANDS=docker compose run --build --rm test cargo test --locked -p gripsack-ir sema::workspace::policy::tests; docker compose run --build --rm test cargo test --locked -p gripsack-policy catalog_indices_cannot_bind_another_name_or_escape_the_catalog; docker compose run --build --rm e2e uv run --locked --no-sync pytest -vv test_workspace_contract.py -k "minimum_os_and_abi or package_target_mismatch"
RUNNER_TOOL_VERSIONS=Docker Compose v5.5.0; pinned Rust image; pytest 9.1.1
RUNNER_INPUTS=committed catalog/edge substitution fixtures, exact-name binding with missing/alias/out-of-range candidates, real CLI producer/selection fixtures and sandboxed HOME

2b7daf8a39dcdae18654b62e9630d21209cd0d0e
 Image gripsack-test Building 
#1 [internal] load local bake definitions
#1 reading from stdin 530B done
#1 DONE 0.0s

#2 [internal] load build definition from Dockerfile
#2 transferring dockerfile: 10.04kB done
#2 DONE 0.0s

#3 resolve image config for docker-image://docker.io/docker/dockerfile:1
#3 DONE 0.6s

#4 docker-image://docker.io/docker/dockerfile:1@sha256:ecfaec9ed6d810b56388c508f4121597bfbba70d41a6dfeee4d8cad5f295fc32
#4 resolve docker.io/docker/dockerfile:1@sha256:ecfaec9ed6d810b56388c508f4121597bfbba70d41a6dfeee4d8cad5f295fc32 0.0s done
#4 CACHED

#5 [internal] load metadata for docker.io/library/rust:alpine@sha256:a10e64dd139b7387337c7fbe8aca31b959b57b2fd4c8ae20a02cf1d6ea424dce
#5 DONE 0.0s

#6 [internal] load .dockerignore
#6 transferring context: 139B done
#6 DONE 0.0s

#7 [builder  1/10] FROM docker.io/library/rust:alpine@sha256:a10e64dd139b7387337c7fbe8aca31b959b57b2fd4c8ae20a02cf1d6ea424dce
#7 resolve docker.io/library/rust:alpine@sha256:a10e64dd139b7387337c7fbe8aca31b959b57b2fd4c8ae20a02cf1d6ea424dce 0.0s done
#7 DONE 0.0s

#8 [internal] load build context
#8 transferring context: 75.56kB 0.1s done
#8 DONE 0.1s

#9 [builder  6/10] COPY crates ./crates
#9 CACHED

#10 [builder  4/10] WORKDIR /app
#10 CACHED

#11 [builder  7/10] COPY fuzz ./fuzz
#11 CACHED

#12 [builder 10/10] COPY scripts ./scripts
#12 CACHED

#13 [test 1/2] RUN cargo fmt --check     && cargo clippy --locked --workspace --all-targets -- -D warnings     && cargo test --locked
#13 CACHED

#14 [builder  2/10] RUN apk add --no-cache musl-dev git curl xz     && rustup component add clippy rustfmt
#14 CACHED

#15 [builder  3/10] RUN set -e;     arch="$(uname -m)";     case "$arch" in       x86_64)  sha=3374daaf153e6f82028add5e4bf7cc2deab46537dee24f20be80df831193aeb4 ;;       aarch64) sha=35d90cee9648037eaa4c1a2649fdca9d1b9a9997b972d37be7f8629139ba1294 ;;       *) echo "unsupported arch: $arch" >&2; exit 1 ;;     esac;     curl -fsSL -o /tmp/ca.tar.xz "https://github.com/rust-secure-code/cargo-auditable/releases/download/v0.7.5/cargo-auditable-${arch}-unknown-linux-musl.tar.xz";     echo "$sha  /tmp/ca.tar.xz" | sha256sum -c -;     mkdir -p /tmp/ca && tar -xJf /tmp/ca.tar.xz -C /tmp/ca;     mv /tmp/ca/*/cargo-auditable /usr/local/bin/cargo-auditable;     rm -rf /tmp/ca /tmp/ca.tar.xz
#15 CACHED

#16 [builder  9/10] COPY typescript ./typescript
#16 CACHED

#17 [builder  5/10] COPY Cargo.toml Cargo.lock ./
#17 CACHED

#18 [builder  8/10] COPY schema ./schema
#18 CACHED

#19 [test 2/2] RUN apk add --no-cache python3     && cargo package --list -p gripsack-exec | grep -q "embedded_frontend.rs"     && python3 scripts/gen_diagnostic_registry.py --check     && python3 scripts/gen_diagnostic_registry.py --self-check     && python3 scripts/gen_frontend_embed.py --check
#19 CACHED

#20 exporting to image
#20 exporting layers done
#20 exporting manifest sha256:d4681f434b5b6d15896fec167257e32d368f4f152447a0ed5fb1d8701ea9dbbf done
#20 exporting config sha256:00d988983c352161d237d622f9762dede34ff8ee901a17f39a038e55a86fd635 done
#20 exporting attestation manifest sha256:5efc0e8f51280a0a63c4c3e8fe13a228b5b348248c4ef08372bd9812101562aa 0.0s done
#20 exporting manifest list sha256:c5d9923a43b0c13d1b230195a040d2408112081c8d3fbdf526d56e7673314c2d 0.0s done
#20 naming to docker.io/library/gripsack-test:latest done
#20 unpacking to docker.io/library/gripsack-test:latest 0.0s done
#20 DONE 0.1s

#21 resolving provenance for metadata file
#21 DONE 0.0s
 Image gripsack-test Built 
 Container gripsack-test-run-1e8a3c4ce7a6 Creating 
 Container gripsack-test-run-1e8a3c4ce7a6 Created 
   Compiling memchr v2.8.3
   Compiling serde_json v1.0.151
   Compiling once_cell v1.21.4
   Compiling smallvec v1.15.2
   Compiling indexmap v2.14.0
   Compiling syn v3.0.4
   Compiling syn v2.0.119
   Compiling parking_lot_core v0.9.12
   Compiling parking_lot v0.12.5
   Compiling aho-corasick v1.1.5
   Compiling verus_state_machines_macros v0.0.0-2026-09-06-0133
   Compiling regex-automata v0.4.18
   Compiling serde_derive v1.0.229
   Compiling ref-cast-impl v1.0.27
   Compiling thiserror-impl v2.0.20
   Compiling ref-cast v1.0.27
   Compiling thiserror v2.0.20
   Compiling synstructure v0.13.2
   Compiling fancy-regex v0.19.1
   Compiling regex v1.13.1
   Compiling verus_builtin_macros v0.0.0-2026-09-06-0133
   Compiling strum_macros v0.28.0
   Compiling serde v1.0.229
   Compiling ahash v0.8.12
   Compiling fluent-uri v0.4.1
   Compiling email_address v0.2.9
   Compiling jsonschema-value v0.55.0
   Compiling referencing v0.55.0
   Compiling strum v0.28.0
   Compiling jsonschema v0.55.0
   Compiling vstd v0.0.0-2026-09-06-0133
   Compiling gripsack-policy v0.42.0 (/app/crates/gripsack-policy)
   Compiling gripsack-ir v0.42.0 (/app/crates/gripsack-ir)
    Finished `test` profile [unoptimized + debuginfo] target(s) in 27.52s
     Running unittests src/lib.rs (target/debug/deps/gripsack_ir-eab45e62e10ebf28)

running 7 tests
test sema::workspace::policy::tests::omitted_required_validation_and_producer_fail_closed_with_both_sites ... ok
test sema::workspace::policy::tests::omitted_build_input_and_runtime_edges_fail_admission ... ok
test sema::workspace::policy::tests::production_closure_excludes_runtime_and_preserves_validation ... ok
test sema::workspace::policy::tests::projected_kind_or_binding_reclassification_fails_closed ... ok
test sema::workspace::policy::tests::catalog_index_corruption_rejects_before_closure ... ok
test sema::workspace::policy::tests::adjacent_local_steps_lower_to_ordering_not_build_edges ... ok
test sema::workspace::policy::tests::substituted_graph_references_fail_closed_at_declaration ... ok

test result: ok. 7 passed; 0 failed; 0 ignored; 0 measured; 51 filtered out; finished in 0.00s

     Running tests/schema_acceptance.rs (target/debug/deps/schema_acceptance-e26e17c43a31f47c)

running 0 tests

test result: ok. 0 passed; 0 failed; 0 ignored; 0 measured; 3 filtered out; finished in 0.00s

     Running tests/workspace_admission.rs (target/debug/deps/workspace_admission-7e484dace91cfc16)

running 0 tests

test result: ok. 0 passed; 0 failed; 0 ignored; 0 measured; 3 filtered out; finished in 0.00s

     Running tests/workspace_v4_compat.rs (target/debug/deps/workspace_v4_compat-c35c9f811f359518)

running 0 tests

test result: ok. 0 passed; 0 failed; 0 ignored; 0 measured; 3 filtered out; finished in 0.00s

     Running tests/workspace_v5_acceptance.rs (target/debug/deps/workspace_v5_acceptance-72a6444be37192ed)

running 0 tests

test result: ok. 0 passed; 0 failed; 0 ignored; 0 measured; 5 filtered out; finished in 0.00s


=== VERIFIED NAME-BINDING RUNTIME CASE ===
 Image gripsack-test Building 
#1 [internal] load local bake definitions
#1 reading from stdin 530B done
#1 DONE 0.0s

#2 [internal] load build definition from Dockerfile
#2 transferring dockerfile: 10.04kB done
#2 DONE 0.0s

#3 resolve image config for docker-image://docker.io/docker/dockerfile:1
#3 DONE 0.2s

#4 docker-image://docker.io/docker/dockerfile:1@sha256:ecfaec9ed6d810b56388c508f4121597bfbba70d41a6dfeee4d8cad5f295fc32
#4 resolve docker.io/docker/dockerfile:1@sha256:ecfaec9ed6d810b56388c508f4121597bfbba70d41a6dfeee4d8cad5f295fc32 0.0s done
#4 CACHED

#5 [internal] load metadata for docker.io/library/rust:alpine@sha256:a10e64dd139b7387337c7fbe8aca31b959b57b2fd4c8ae20a02cf1d6ea424dce
#5 DONE 0.0s

#6 [internal] load .dockerignore
#6 transferring context: 139B done
#6 DONE 0.0s

#7 [builder  1/10] FROM docker.io/library/rust:alpine@sha256:a10e64dd139b7387337c7fbe8aca31b959b57b2fd4c8ae20a02cf1d6ea424dce
#7 resolve docker.io/library/rust:alpine@sha256:a10e64dd139b7387337c7fbe8aca31b959b57b2fd4c8ae20a02cf1d6ea424dce 0.0s done
#7 DONE 0.0s

#8 [internal] load build context
#8 transferring context: 75.56kB 0.1s done
#8 DONE 0.1s

#9 [builder  7/10] COPY fuzz ./fuzz
#9 CACHED

#10 [builder  4/10] WORKDIR /app
#10 CACHED

#11 [builder  9/10] COPY typescript ./typescript
#11 CACHED

#12 [builder  8/10] COPY schema ./schema
#12 CACHED

#13 [builder  3/10] RUN set -e;     arch="$(uname -m)";     case "$arch" in       x86_64)  sha=3374daaf153e6f82028add5e4bf7cc2deab46537dee24f20be80df831193aeb4 ;;       aarch64) sha=35d90cee9648037eaa4c1a2649fdca9d1b9a9997b972d37be7f8629139ba1294 ;;       *) echo "unsupported arch: $arch" >&2; exit 1 ;;     esac;     curl -fsSL -o /tmp/ca.tar.xz "https://github.com/rust-secure-code/cargo-auditable/releases/download/v0.7.5/cargo-auditable-${arch}-unknown-linux-musl.tar.xz";     echo "$sha  /tmp/ca.tar.xz" | sha256sum -c -;     mkdir -p /tmp/ca && tar -xJf /tmp/ca.tar.xz -C /tmp/ca;     mv /tmp/ca/*/cargo-auditable /usr/local/bin/cargo-auditable;     rm -rf /tmp/ca /tmp/ca.tar.xz
#13 CACHED

#14 [builder  6/10] COPY crates ./crates
#14 CACHED

#15 [builder 10/10] COPY scripts ./scripts
#15 CACHED

#16 [test 1/2] RUN cargo fmt --check     && cargo clippy --locked --workspace --all-targets -- -D warnings     && cargo test --locked
#16 CACHED

#17 [builder  2/10] RUN apk add --no-cache musl-dev git curl xz     && rustup component add clippy rustfmt
#17 CACHED

#18 [builder  5/10] COPY Cargo.toml Cargo.lock ./
#18 CACHED

#19 [test 2/2] RUN apk add --no-cache python3     && cargo package --list -p gripsack-exec | grep -q "embedded_frontend.rs"     && python3 scripts/gen_diagnostic_registry.py --check     && python3 scripts/gen_diagnostic_registry.py --self-check     && python3 scripts/gen_frontend_embed.py --check
#19 CACHED

#20 exporting to image
#20 exporting layers done
#20 exporting manifest sha256:d4681f434b5b6d15896fec167257e32d368f4f152447a0ed5fb1d8701ea9dbbf done
#20 exporting config sha256:00d988983c352161d237d622f9762dede34ff8ee901a17f39a038e55a86fd635 done
#20 exporting attestation manifest sha256:081d8278674871f9855d23314ebf428f34d4a208c71f9d869e7d9709ae142215 0.0s done
#20 exporting manifest list sha256:f84227bb62d62dc27a77bb53d3b1c5bf54b56263f75b626d8b94e0ffdc9c2128 0.0s done
#20 naming to docker.io/library/gripsack-test:latest done
#20 unpacking to docker.io/library/gripsack-test:latest 0.0s done
#20 DONE 0.1s

#21 resolving provenance for metadata file
#21 DONE 0.0s
 Image gripsack-test Built 
 Container gripsack-test-run-e65eb75cae7b Creating 
 Container gripsack-test-run-e65eb75cae7b Created 
   Compiling syn v2.0.119
   Compiling synstructure v0.13.2
   Compiling verus_builtin_macros v0.0.0-2026-09-06-0133
   Compiling vstd v0.0.0-2026-09-06-0133
   Compiling gripsack-policy v0.42.0 (/app/crates/gripsack-policy)
    Finished `test` profile [unoptimized + debuginfo] target(s) in 11.25s
     Running unittests src/lib.rs (target/debug/deps/gripsack_policy-e1303696d988261e)

running 0 tests

test result: ok. 0 passed; 0 failed; 0 ignored; 0 measured; 0 filtered out; finished in 0.00s

     Running tests/name_index.rs (target/debug/deps/name_index-c374b020b7da13b4)

running 1 test
test catalog_indices_cannot_bind_another_name_or_escape_the_catalog ... ok

test result: ok. 1 passed; 0 failed; 0 ignored; 0 measured; 0 filtered out; finished in 0.00s

     Running tests/schedule_smoke.rs (target/debug/deps/schedule_smoke-ce3484c3b3d84c3f)

running 0 tests

test result: ok. 0 passed; 0 failed; 0 ignored; 0 measured; 2 filtered out; finished in 0.00s


=== REAL CLI TARGET ADMISSION ===
 Image gripsack-e2e Building 
#1 [internal] load local bake definitions
#1 reading from stdin 525B done
#1 DONE 0.0s

#2 [internal] load build definition from Dockerfile
#2 transferring dockerfile: 10.04kB done
#2 DONE 0.0s

#3 resolve image config for docker-image://docker.io/docker/dockerfile:1
#3 DONE 0.2s

#4 docker-image://docker.io/docker/dockerfile:1@sha256:ecfaec9ed6d810b56388c508f4121597bfbba70d41a6dfeee4d8cad5f295fc32
#4 resolve docker.io/docker/dockerfile:1@sha256:ecfaec9ed6d810b56388c508f4121597bfbba70d41a6dfeee4d8cad5f295fc32 0.0s done
#4 CACHED

#5 [internal] load metadata for docker.io/library/python:3.13-slim@sha256:9d2e5553305c7c7b0097999bb17187c69b921ccd6bc9d40e4bb5ebe652c00285
#5 DONE 0.0s

#6 [internal] load metadata for docker.io/library/rust:alpine@sha256:a10e64dd139b7387337c7fbe8aca31b959b57b2fd4c8ae20a02cf1d6ea424dce
#6 DONE 0.0s

#7 [internal] load .dockerignore
#7 transferring context: 139B done
#7 DONE 0.0s

#8 [internal] load build context
#8 DONE 0.0s

#9 [e2e  4/12] ADD --checksum=sha256:394f07f4da2bebe6ce6f1e7ce0fa16429b29b08c35e3fac3fe25972676dff4b2 https://github.com/denoland/deno/releases/download/v2.9.6/deno-x86_64-unknown-linux-gnu.zip /tmp/deno.zip
#9 DONE 0.0s

#10 [builder  1/10] FROM docker.io/library/rust:alpine@sha256:a10e64dd139b7387337c7fbe8aca31b959b57b2fd4c8ae20a02cf1d6ea424dce
#10 resolve docker.io/library/rust:alpine@sha256:a10e64dd139b7387337c7fbe8aca31b959b57b2fd4c8ae20a02cf1d6ea424dce 0.0s done
#10 DONE 0.0s

#11 [e2e  1/12] FROM docker.io/library/python:3.13-slim@sha256:9d2e5553305c7c7b0097999bb17187c69b921ccd6bc9d40e4bb5ebe652c00285
#11 resolve docker.io/library/python:3.13-slim@sha256:9d2e5553305c7c7b0097999bb17187c69b921ccd6bc9d40e4bb5ebe652c00285
#11 resolve docker.io/library/python:3.13-slim@sha256:9d2e5553305c7c7b0097999bb17187c69b921ccd6bc9d40e4bb5ebe652c00285 0.0s done
#11 DONE 0.0s

#8 [internal] load build context
#8 transferring context: 541.14kB 0.1s done
#8 DONE 0.1s

#12 [builder  6/10] COPY crates ./crates
#12 CACHED

#13 [e2e  4/12] ADD --checksum=sha256:394f07f4da2bebe6ce6f1e7ce0fa16429b29b08c35e3fac3fe25972676dff4b2 https://github.com/denoland/deno/releases/download/v2.9.6/deno-x86_64-unknown-linux-gnu.zip /tmp/deno.zip
#13 CACHED

#14 [e2e 10/12] COPY e2e ./e2e
#14 CACHED

#15 [e2e  8/12] COPY e2e/pyproject.toml e2e/uv.lock ./e2e/
#15 CACHED

#16 [builder  8/10] COPY schema ./schema
#16 CACHED

#17 [builder  9/10] COPY typescript ./typescript
#17 CACHED

#18 [builder  3/10] RUN set -e;     arch="$(uname -m)";     case "$arch" in       x86_64)  sha=3374daaf153e6f82028add5e4bf7cc2deab46537dee24f20be80df831193aeb4 ;;       aarch64) sha=35d90cee9648037eaa4c1a2649fdca9d1b9a9997b972d37be7f8629139ba1294 ;;       *) echo "unsupported arch: $arch" >&2; exit 1 ;;     esac;     curl -fsSL -o /tmp/ca.tar.xz "https://github.com/rust-secure-code/cargo-auditable/releases/download/v0.7.5/cargo-auditable-${arch}-unknown-linux-musl.tar.xz";     echo "$sha  /tmp/ca.tar.xz" | sha256sum -c -;     mkdir -p /tmp/ca && tar -xJf /tmp/ca.tar.xz -C /tmp/ca;     mv /tmp/ca/*/cargo-auditable /usr/local/bin/cargo-auditable;     rm -rf /tmp/ca /tmp/ca.tar.xz
#18 CACHED

#19 [builder  5/10] COPY Cargo.toml Cargo.lock ./
#19 CACHED

#20 [e2e  9/12] RUN cd e2e && uv sync --locked
#20 CACHED

#21 [e2e  7/12] COPY --from=bin /app/target/debug/grip /usr/local/bin/grip
#21 CACHED

#22 [builder  2/10] RUN apk add --no-cache musl-dev git curl xz     && rustup component add clippy rustfmt
#22 CACHED

#23 [bin 1/1] RUN cargo build --locked -p gripsack
#23 CACHED

#24 [e2e  2/12] WORKDIR /app
#24 CACHED

#25 [builder 10/10] COPY scripts ./scripts
#25 CACHED

#26 [e2e  3/12] RUN apt-get update -qq && apt-get install -y -qq --no-install-recommends git     && rm -rf /var/lib/apt/lists/*
#26 CACHED

#27 [e2e  5/12] RUN python3 -m zipfile -e /tmp/deno.zip /tmp/deno     && mkdir -p /root/.local/share/gripsack/tools/deno-2.9.6     && mv /tmp/deno/deno /root/.local/share/gripsack/tools/deno-2.9.6/deno     && chmod 755 /root/.local/share/gripsack/tools/deno-2.9.6/deno     && rm -rf /tmp/deno.zip /tmp/deno
#27 CACHED

#28 [e2e  6/12] RUN printf 'uv==%s --hash=sha256:f7d6248ad9f2d282fea795f248da8fa666ab382df50d8385bd98e01049440a0c --hash=sha256:bd0afae6918795c6a61a649e64d735e339f3d62f8310235da6f19eb3f66f323b\n' "0.12.10" > /tmp/uv.req     && pip install --no-cache-dir --no-deps --require-hashes -r /tmp/uv.req     && uv --version     && rm -f /tmp/uv.req
#28 CACHED

#29 [builder  4/10] WORKDIR /app
#29 CACHED

#30 [e2e 11/12] COPY examples ./examples
#30 CACHED

#31 [builder  7/10] COPY fuzz ./fuzz
#31 CACHED

#32 [e2e 12/12] WORKDIR /app/e2e
#32 CACHED

#33 exporting to image
#33 exporting layers done
#33 exporting manifest sha256:1b58d3435e3c2500648bb10671123f124831e5765f4b018d5cb2fdfc04622a6c done
#33 exporting config sha256:425e863b213a5d5cb7e09fdebd02d15b75b338214db1ae9fa1349f206635f9ad done
#33 exporting attestation manifest sha256:11ec68d8b6f51a542b29ccde0f521b64f16a021a5ae6eaad445fd61c818a314b
#33 exporting attestation manifest sha256:11ec68d8b6f51a542b29ccde0f521b64f16a021a5ae6eaad445fd61c818a314b 0.0s done
#33 exporting manifest list sha256:f7a797e82f8bff628de5cc0eb1628df3b088cf8545e3452b2253f842411a15fb 0.0s done
#33 naming to docker.io/library/gripsack-e2e:latest done
#33 unpacking to docker.io/library/gripsack-e2e:latest 0.0s done
#33 DONE 0.1s

#34 resolving provenance for metadata file
#34 DONE 0.0s
 Image gripsack-e2e Built 
 Container gripsack-e2e-run-d1045a109ca1 Creating 
 Container gripsack-e2e-run-d1045a109ca1 Created 
============================= test session starts ==============================
platform linux -- Python 3.13.15, pytest-9.1.1, pluggy-1.6.0 -- /app/e2e/.venv/bin/python
cachedir: .pytest_cache
rootdir: /app/e2e
configfile: pyproject.toml
collecting ... collected 23 items / 21 deselected / 2 selected

test_workspace_contract.py::test_decoded_package_target_mismatch_rejects_with_both_sites PASSED [ 50%]
test_workspace_contract.py::test_minimum_os_and_abi_compare_declared_targets_not_checking_host PASSED [100%]

======================= 2 passed, 21 deselected in 0.09s =======================
A1_NAME_INDEX=10 (7 adapter mutations + 1 name binding + 2 real CLI target cases)
