RUNNER_SOURCE_COMMIT=530ae7db0e4ccc1df7e63e3ddf76597454110e95
RUNNER_SOURCE_ROOTS_DIRTY=clean (git status --porcelain -- SOURCE_ROOTS checked before and after fresh direct verify runner; both empty)
RUNNER_COMMAND=docker compose run --build --rm verify sh scripts/check_verus.sh
RUNNER_TOOL_VERSIONS=Verus 0.2026.09.06.8dea4a2; Z3 4.16.0; rustc 1.98.0 (pinned verifier image)
RUNNER_INPUTS=committed production gripsack-policy role/closure kernels; source-rooted Rust selector/exported-command adapter and new E124 owner tests are outside Verus; Linux/amd64 fresh direct runner

530ae7db0e4ccc1df7e63e3ddf76597454110e95
 Image gripsack-verify Building 
#1 [internal] load local bake definitions
#1 reading from stdin 540B done
#1 DONE 0.0s

#2 [internal] load build definition from Dockerfile
#2 transferring dockerfile: 9.77kB done
#2 DONE 0.0s

#3 resolve image config for docker-image://docker.io/docker/dockerfile:1
#3 DONE 0.6s

#4 docker-image://docker.io/docker/dockerfile:1@sha256:ecfaec9ed6d810b56388c508f4121597bfbba70d41a6dfeee4d8cad5f295fc32
#4 resolve docker.io/docker/dockerfile:1@sha256:ecfaec9ed6d810b56388c508f4121597bfbba70d41a6dfeee4d8cad5f295fc32 0.0s done
#4 CACHED

#5 [internal] load metadata for docker.io/library/ubuntu:24.04@sha256:224a1869083a311ef3f13648a154ba79832fbef6364d31493642ca03082da254
#5 DONE 0.0s

#6 [internal] load .dockerignore
#6 transferring context: 139B done
#6 DONE 0.0s

#7 [verify  4/11] ADD --checksum=sha256:7288c49a5bd6dbafd7b0b0d1f65956b91672da24b08f09242919af159be3418e https://github.com/Z3Prover/z3/releases/download/z3-4.16.0/z3-4.16.0-x64-glibc-2.39.zip /tmp/z3.zip
#7 DONE 0.0s

#8 [verify  3/11] ADD --checksum=sha256:13d01e134c0620c3b29770874707d16c33b3d227c843a489c8ceb744d43c0a16 https://github.com/verus-lang/verus/releases/download/release/0.2026.09.06.8dea4a2/verus-0.2026.09.06.8dea4a2-x86-linux.zip /tmp/verus.zip
#8 DONE 0.0s

#9 [verify  1/11] FROM docker.io/library/ubuntu:24.04@sha256:224a1869083a311ef3f13648a154ba79832fbef6364d31493642ca03082da254
#9 resolve docker.io/library/ubuntu:24.04@sha256:224a1869083a311ef3f13648a154ba79832fbef6364d31493642ca03082da254 0.0s done
#9 DONE 0.0s

#10 [internal] load build context
#10 transferring context: 71.71kB 0.0s done
#10 DONE 0.1s

#11 [verify  2/11] RUN apt-get update -qq && apt-get install -y -qq --no-install-recommends     curl ca-certificates unzip build-essential     && rm -rf /var/lib/apt/lists/*
#11 CACHED

#12 [verify  4/11] ADD --checksum=sha256:7288c49a5bd6dbafd7b0b0d1f65956b91672da24b08f09242919af159be3418e https://github.com/Z3Prover/z3/releases/download/z3-4.16.0/z3-4.16.0-x64-glibc-2.39.zip /tmp/z3.zip
#12 CACHED

#13 [verify  7/11] COPY Cargo.toml Cargo.lock ./
#13 CACHED

#14 [verify  9/11] COPY fuzz ./fuzz
#14 CACHED

#15 [verify 10/11] COPY scripts/check_verus.sh ./scripts/check_verus.sh
#15 CACHED

#16 [verify  8/11] COPY crates ./crates
#16 CACHED

#17 [verify  3/11] ADD --checksum=sha256:13d01e134c0620c3b29770874707d16c33b3d227c843a489c8ceb744d43c0a16 https://github.com/verus-lang/verus/releases/download/release/0.2026.09.06.8dea4a2/verus-0.2026.09.06.8dea4a2-x86-linux.zip /tmp/verus.zip
#17 CACHED

#18 [verify  5/11] RUN unzip -q /tmp/verus.zip -d /opt && unzip -q /tmp/z3.zip -d /opt     && rm /tmp/verus.zip /tmp/z3.zip     && curl -fsSL https://sh.rustup.rs | sh -s -- -y --default-toolchain 1.98.0        --component rustc-dev --component llvm-tools --component rustfmt
#18 CACHED

#19 [verify  6/11] WORKDIR /app
#19 CACHED

#20 [verify 11/11] RUN sh scripts/check_verus.sh
#20 CACHED

#21 exporting to image
#21 exporting layers done
#21 exporting manifest sha256:59e752e55bfb3d2a39c98f56d961bc567bf38d4909aefce95087b5f601a07762 0.0s done
#21 exporting config sha256:b468085a7f00a896f5592a8977e7cde252b998736a532242d0269247ee125dc8 done
#21 exporting attestation manifest sha256:263a0f40de4b777410463f739707f317c4669b9c85204a4e78bf1d24156dd585 0.0s done
#21 exporting manifest list sha256:a9eb74de0fe6dae1228729f41bb61c1dcbb9d2eb8afe560d313b8132e3309300
#21 exporting manifest list sha256:a9eb74de0fe6dae1228729f41bb61c1dcbb9d2eb8afe560d313b8132e3309300 0.0s done
#21 naming to docker.io/library/gripsack-verify:latest done
#21 unpacking to docker.io/library/gripsack-verify:latest 0.0s done
#21 DONE 0.2s

#22 resolving provenance for metadata file
#22 DONE 0.0s
 Image gripsack-verify Built 
 Container gripsack-verify-run-5ecf9e8208f4 Creating 
 Container gripsack-verify-run-5ecf9e8208f4 Created 
== positive: cargo verus verify -p gripsack-policy --locked
positive: verification results:: 61 verified, 0 errors
== calibration: semantic mutants must fail their postconditions
calibration: classifier mutant rejected on its contract
calibration: merge-splice mutant rejected on its contract
calibration: graph-closure mutant rejected on its contract
calibration: graph-validation mutant rejected on its contract
calibration: scheduler-latch mutant rejected on its contract
verify gate: OK
CALIBRATED_GRAPH_VALIDATION=1 (observed named graph-validation mutant rejected above)
