RUNNER_SOURCE_COMMIT=90e68acdb63d31e9c56d3161872ed94391aa43a2
RUNNER_SOURCE_ROOTS_DIRTY=clean (git status --porcelain -- tracked SOURCE_ROOTS before and after all three commands: empty)
RUNNER_COMMANDS=docker compose run --build --rm test cargo test --locked -p gripsack-ir span_value::tests; docker compose run --build --rm e2e uv run --locked --no-sync pytest -vv test_workspace_diagnostics.py -k 'first_declared_unavailable_output or invalid_decoded_command_coordinates'; docker compose run --build --rm ts-test
RUNNER_TOOL_VERSIONS=Docker Compose v5.5.0; Rust 1.98.0 in pinned test image; Python 3.13.15; pytest 9.1.1; Deno 2.9.6
RUNNER_INPUTS=Committed E129 span-label walk with failing-before nested-coordinate regression (5 fresh Rust cases), five distinct first-declared E124 owner cases plus the malformed-coordinate no-snippet-read case (6 fresh real CLI cases), and the TypeScript suite incl. the compile-time WorkspacePackageCommand interpreter pin (@ts-expect-error). The Deno gate layer was a cache hit; its 63 tests executed at byte-identical SOURCE_ROOTS in the same-source full chain (Rust fmt/clippy/tests + Deno 63/63 + real CLI e2e 296/296) run immediately before this commit.

90e68acdb63d31e9c56d3161872ed94391aa43a2
 Image gripsack-test Building 
#1 [internal] load local bake definitions
#1 reading from stdin 530B done
#1 DONE 0.0s

#2 [internal] load build definition from Dockerfile
#2 transferring dockerfile: 10.04kB done
#2 DONE 0.0s

#3 resolve image config for docker-image://docker.io/docker/dockerfile:1
#3 DONE 0.7s

#4 docker-image://docker.io/docker/dockerfile:1@sha256:ecfaec9ed6d810b56388c508f4121597bfbba70d41a6dfeee4d8cad5f295fc32
#4 resolve docker.io/docker/dockerfile:1@sha256:ecfaec9ed6d810b56388c508f4121597bfbba70d41a6dfeee4d8cad5f295fc32 0.0s done
#4 CACHED

#5 [internal] load metadata for docker.io/library/rust:alpine@sha256:a10e64dd139b7387337c7fbe8aca31b959b57b2fd4c8ae20a02cf1d6ea424dce
#5 DONE 0.7s

#6 [internal] load .dockerignore
#6 transferring context: 139B done
#6 DONE 0.0s

#7 [builder  1/10] FROM docker.io/library/rust:alpine@sha256:a10e64dd139b7387337c7fbe8aca31b959b57b2fd4c8ae20a02cf1d6ea424dce
#7 resolve docker.io/library/rust:alpine@sha256:a10e64dd139b7387337c7fbe8aca31b959b57b2fd4c8ae20a02cf1d6ea424dce 0.0s done
#7 DONE 0.0s

#8 [internal] load build context
#8 transferring context: 75.56kB 0.1s done
#8 DONE 0.1s

#9 [builder  3/10] RUN set -e;     arch="$(uname -m)";     case "$arch" in       x86_64)  sha=3374daaf153e6f82028add5e4bf7cc2deab46537dee24f20be80df831193aeb4 ;;       aarch64) sha=35d90cee9648037eaa4c1a2649fdca9d1b9a9997b972d37be7f8629139ba1294 ;;       *) echo "unsupported arch: $arch" >&2; exit 1 ;;     esac;     curl -fsSL -o /tmp/ca.tar.xz "https://github.com/rust-secure-code/cargo-auditable/releases/download/v0.7.5/cargo-auditable-${arch}-unknown-linux-musl.tar.xz";     echo "$sha  /tmp/ca.tar.xz" | sha256sum -c -;     mkdir -p /tmp/ca && tar -xJf /tmp/ca.tar.xz -C /tmp/ca;     mv /tmp/ca/*/cargo-auditable /usr/local/bin/cargo-auditable;     rm -rf /tmp/ca /tmp/ca.tar.xz
#9 CACHED

#10 [builder  2/10] RUN apk add --no-cache musl-dev git curl xz     && rustup component add clippy rustfmt
#10 CACHED

#11 [test 1/2] RUN cargo fmt --check     && cargo clippy --locked --workspace --all-targets -- -D warnings     && cargo test --locked
#11 CACHED

#12 [builder  9/10] COPY typescript ./typescript
#12 CACHED

#13 [builder  4/10] WORKDIR /app
#13 CACHED

#14 [builder  5/10] COPY Cargo.toml Cargo.lock ./
#14 CACHED

#15 [builder  6/10] COPY crates ./crates
#15 CACHED

#16 [builder  7/10] COPY fuzz ./fuzz
#16 CACHED

#17 [builder  8/10] COPY schema ./schema
#17 CACHED

#18 [builder 10/10] COPY scripts ./scripts
#18 CACHED

#19 [test 2/2] RUN apk add --no-cache python3     && cargo package --list -p gripsack-exec | grep -q "embedded_frontend.rs"     && python3 scripts/gen_diagnostic_registry.py --check     && python3 scripts/gen_diagnostic_registry.py --self-check     && python3 scripts/gen_frontend_embed.py --check
#19 CACHED

#20 exporting to image
#20 exporting layers done
#20 exporting manifest sha256:76a5af96ae924501a8e0aceae5f0f4a78f8b1c8d7966dfe1508c4a62b3d2de0a done
#20 exporting config sha256:022eb3461a3ca3fd1ceae195927981fefbe85d9c9c5d4a102b5087144fa0c251 done
#20 exporting attestation manifest sha256:00b64f9b9ba43a8b7f7f510fc3433ccee6289b5e4c98ec45461cd7826bf85b9a 0.0s done
#20 exporting manifest list sha256:0704edf057484c0f1e0343b2002269afaecdd863a86df566f255c9028323c94a 0.0s done
#20 naming to docker.io/library/gripsack-test:latest done
#20 unpacking to docker.io/library/gripsack-test:latest 0.0s done
#20 DONE 0.1s

#21 resolving provenance for metadata file
#21 DONE 0.0s
 Image gripsack-test Built 
 Container gripsack-test-run-3f59114b3991 Creating 
 Container gripsack-test-run-3f59114b3991 Created 
   Compiling memchr v2.8.3
   Compiling serde_json v1.0.151
   Compiling once_cell v1.21.4
   Compiling smallvec v1.15.2
   Compiling indexmap v2.14.0
   Compiling syn v3.0.4
   Compiling syn v2.0.119
   Compiling parking_lot_core v0.9.12
   Compiling parking_lot v0.12.5
   Compiling aho-corasick v1.1.5
   Compiling verus_state_machines_macros v0.0.0-2026-09-06-0133
   Compiling regex-automata v0.4.18
   Compiling serde_derive v1.0.229
   Compiling ref-cast-impl v1.0.27
   Compiling thiserror-impl v2.0.20
   Compiling ref-cast v1.0.27
   Compiling synstructure v0.13.2
   Compiling thiserror v2.0.20
   Compiling fancy-regex v0.19.1
   Compiling regex v1.13.1
   Compiling verus_builtin_macros v0.0.0-2026-09-06-0133
   Compiling strum_macros v0.28.0
   Compiling serde v1.0.229
   Compiling ahash v0.8.12
   Compiling fluent-uri v0.4.1
   Compiling email_address v0.2.9
   Compiling jsonschema-value v0.55.0
   Compiling referencing v0.55.0
   Compiling strum v0.28.0
   Compiling jsonschema v0.55.0
   Compiling vstd v0.0.0-2026-09-06-0133
   Compiling gripsack-policy v0.42.0 (/app/crates/gripsack-policy)
   Compiling gripsack-ir v0.42.0 (/app/crates/gripsack-ir)
    Finished `test` profile [unoptimized + debuginfo] target(s) in 24.99s
     Running unittests src/lib.rs (target/debug/deps/gripsack_ir-eab45e62e10ebf28)

running 5 tests
test sema::workspace::span_value::tests::decoded_bash_interpolation_rejects_at_original_script_line ... ok
test sema::workspace::span_value::tests::invalid_nested_command_coordinates_remain_source_labeled ... ok
test sema::workspace::span_value::tests::incompatible_abi_and_unsafe_prefix_label_the_declaration ... ok
test sema::workspace::span_value::tests::file_content_requires_source_unless_literal ... ok
test sema::workspace::span_value::tests::degenerate_spans_and_values_are_rejected ... ok

test result: ok. 5 passed; 0 failed; 0 ignored; 0 measured; 55 filtered out; finished in 0.00s

     Running tests/schema_acceptance.rs (target/debug/deps/schema_acceptance-e26e17c43a31f47c)

running 0 tests

test result: ok. 0 passed; 0 failed; 0 ignored; 0 measured; 3 filtered out; finished in 0.00s

     Running tests/workspace_admission.rs (target/debug/deps/workspace_admission-7e484dace91cfc16)

running 0 tests

test result: ok. 0 passed; 0 failed; 0 ignored; 0 measured; 3 filtered out; finished in 0.00s

     Running tests/workspace_v4_compat.rs (target/debug/deps/workspace_v4_compat-c35c9f811f359518)

running 0 tests

test result: ok. 0 passed; 0 failed; 0 ignored; 0 measured; 3 filtered out; finished in 0.00s

     Running tests/workspace_v5_acceptance.rs (target/debug/deps/workspace_v5_acceptance-72a6444be37192ed)

running 0 tests

test result: ok. 0 passed; 0 failed; 0 ignored; 0 measured; 5 filtered out; finished in 0.00s

 Image gripsack-e2e Building 
#1 [internal] load local bake definitions
#1 reading from stdin 525B done
#1 DONE 0.0s

#2 [internal] load build definition from Dockerfile
#2 transferring dockerfile: 10.04kB done
#2 DONE 0.0s

#3 resolve image config for docker-image://docker.io/docker/dockerfile:1
#3 DONE 0.2s

#4 docker-image://docker.io/docker/dockerfile:1@sha256:ecfaec9ed6d810b56388c508f4121597bfbba70d41a6dfeee4d8cad5f295fc32
#4 resolve docker.io/docker/dockerfile:1@sha256:ecfaec9ed6d810b56388c508f4121597bfbba70d41a6dfeee4d8cad5f295fc32 0.0s done
#4 CACHED

#5 [internal] load metadata for docker.io/library/rust:alpine@sha256:a10e64dd139b7387337c7fbe8aca31b959b57b2fd4c8ae20a02cf1d6ea424dce
#5 DONE 0.0s

#6 [internal] load metadata for docker.io/library/python:3.13-slim@sha256:9d2e5553305c7c7b0097999bb17187c69b921ccd6bc9d40e4bb5ebe652c00285
#6 DONE 0.8s

#7 [internal] load .dockerignore
#7 transferring context: 139B done
#7 DONE 0.0s

#8 [e2e  4/12] ADD --checksum=sha256:394f07f4da2bebe6ce6f1e7ce0fa16429b29b08c35e3fac3fe25972676dff4b2 https://github.com/denoland/deno/releases/download/v2.9.6/deno-x86_64-unknown-linux-gnu.zip /tmp/deno.zip
#8 DONE 0.0s

#9 [builder  1/10] FROM docker.io/library/rust:alpine@sha256:a10e64dd139b7387337c7fbe8aca31b959b57b2fd4c8ae20a02cf1d6ea424dce
#9 resolve docker.io/library/rust:alpine@sha256:a10e64dd139b7387337c7fbe8aca31b959b57b2fd4c8ae20a02cf1d6ea424dce 0.0s done
#9 DONE 0.0s

#10 [e2e  1/12] FROM docker.io/library/python:3.13-slim@sha256:9d2e5553305c7c7b0097999bb17187c69b921ccd6bc9d40e4bb5ebe652c00285
#10 resolve docker.io/library/python:3.13-slim@sha256:9d2e5553305c7c7b0097999bb17187c69b921ccd6bc9d40e4bb5ebe652c00285 0.0s done
#10 DONE 0.0s

#11 [internal] load build context
#11 transferring context: 547.15kB 0.1s done
#11 DONE 0.1s

#12 [e2e  7/12] COPY --from=bin /app/target/debug/grip /usr/local/bin/grip
#12 CACHED

#13 [e2e  6/12] RUN printf 'uv==%s --hash=sha256:f7d6248ad9f2d282fea795f248da8fa666ab382df50d8385bd98e01049440a0c --hash=sha256:bd0afae6918795c6a61a649e64d735e339f3d62f8310235da6f19eb3f66f323b\n' "0.12.10" > /tmp/uv.req     && pip install --no-cache-dir --no-deps --require-hashes -r /tmp/uv.req     && uv --version     && rm -f /tmp/uv.req
#13 CACHED

#14 [builder 10/10] COPY scripts ./scripts
#14 CACHED

#15 [e2e  9/12] RUN cd e2e && uv sync --locked
#15 CACHED

#16 [builder  2/10] RUN apk add --no-cache musl-dev git curl xz     && rustup component add clippy rustfmt
#16 CACHED

#17 [builder  4/10] WORKDIR /app
#17 CACHED

#18 [builder  7/10] COPY fuzz ./fuzz
#18 CACHED

#19 [builder  5/10] COPY Cargo.toml Cargo.lock ./
#19 CACHED

#20 [e2e 10/12] COPY e2e ./e2e
#20 CACHED

#21 [bin 1/1] RUN cargo build --locked -p gripsack
#21 CACHED

#22 [e2e  5/12] RUN python3 -m zipfile -e /tmp/deno.zip /tmp/deno     && mkdir -p /root/.local/share/gripsack/tools/deno-2.9.6     && mv /tmp/deno/deno /root/.local/share/gripsack/tools/deno-2.9.6/deno     && chmod 755 /root/.local/share/gripsack/tools/deno-2.9.6/deno     && rm -rf /tmp/deno.zip /tmp/deno
#22 CACHED

#23 [builder  3/10] RUN set -e;     arch="$(uname -m)";     case "$arch" in       x86_64)  sha=3374daaf153e6f82028add5e4bf7cc2deab46537dee24f20be80df831193aeb4 ;;       aarch64) sha=35d90cee9648037eaa4c1a2649fdca9d1b9a9997b972d37be7f8629139ba1294 ;;       *) echo "unsupported arch: $arch" >&2; exit 1 ;;     esac;     curl -fsSL -o /tmp/ca.tar.xz "https://github.com/rust-secure-code/cargo-auditable/releases/download/v0.7.5/cargo-auditable-${arch}-unknown-linux-musl.tar.xz";     echo "$sha  /tmp/ca.tar.xz" | sha256sum -c -;     mkdir -p /tmp/ca && tar -xJf /tmp/ca.tar.xz -C /tmp/ca;     mv /tmp/ca/*/cargo-auditable /usr/local/bin/cargo-auditable;     rm -rf /tmp/ca /tmp/ca.tar.xz
#23 CACHED

#24 [builder  6/10] COPY crates ./crates
#24 CACHED

#25 [e2e  3/12] RUN apt-get update -qq && apt-get install -y -qq --no-install-recommends git     && rm -rf /var/lib/apt/lists/*
#25 CACHED

#26 [e2e 11/12] COPY examples ./examples
#26 CACHED

#27 [e2e  8/12] COPY e2e/pyproject.toml e2e/uv.lock ./e2e/
#27 CACHED

#28 [e2e  4/12] ADD --checksum=sha256:394f07f4da2bebe6ce6f1e7ce0fa16429b29b08c35e3fac3fe25972676dff4b2 https://github.com/denoland/deno/releases/download/v2.9.6/deno-x86_64-unknown-linux-gnu.zip /tmp/deno.zip
#28 CACHED

#29 [builder  8/10] COPY schema ./schema
#29 CACHED

#30 [builder  9/10] COPY typescript ./typescript
#30 CACHED

#31 [e2e  2/12] WORKDIR /app
#31 CACHED

#32 [e2e 12/12] WORKDIR /app/e2e
#32 CACHED

#33 exporting to image
#33 exporting layers done
#33 exporting manifest sha256:0885657bfee4b365c991a0e885978c2678c962613ddad8344733ff62f5ce61b6 done
#33 exporting config sha256:4cd932e17f0c8030e3c2d54552334875ad5848a122efc58455d5887cbb58f709 done
#33 exporting attestation manifest sha256:848acc0cdc823c5ca191f2720ec4f0755ff3786204a9c04b40bac7494e80f79a 0.0s done
#33 exporting manifest list sha256:ab032dc369e9746d7803c743a303125d9397b4b328b31adb0f63ff905fa101d9 0.0s done
#33 naming to docker.io/library/gripsack-e2e:latest done
#33 unpacking to docker.io/library/gripsack-e2e:latest 0.0s done
#33 DONE 0.1s

#34 resolving provenance for metadata file
#34 DONE 0.0s
 Image gripsack-e2e Built 
 Container gripsack-e2e-run-babd749a8332 Creating 
 Container gripsack-e2e-run-babd749a8332 Created 
============================= test session starts ==============================
platform linux -- Python 3.13.15, pytest-9.1.1, pluggy-1.6.0 -- /app/e2e/.venv/bin/python
cachedir: .pytest_cache
rootdir: /app/e2e
configfile: pyproject.toml
collecting ... collected 24 items / 18 deselected / 6 selected

test_workspace_diagnostics.py::test_first_declared_unavailable_output_preserves_its_distinct_owner[host-recipe] PASSED [ 16%]
test_workspace_diagnostics.py::test_first_declared_unavailable_output_preserves_its_distinct_owner[provider-package] PASSED [ 33%]
test_workspace_diagnostics.py::test_first_declared_unavailable_output_preserves_its_distinct_owner[task-without-prerequisites] PASSED [ 50%]
test_workspace_diagnostics.py::test_first_declared_unavailable_output_preserves_its_distinct_owner[profile-before-image] PASSED [ 66%]
test_workspace_diagnostics.py::test_first_declared_unavailable_output_preserves_its_distinct_owner[post-activate-hook] PASSED [ 83%]
test_workspace_diagnostics.py::test_invalid_decoded_command_coordinates_keep_labels_without_reading_source PASSED [100%]

======================= 6 passed, 18 deselected in 0.17s =======================
 Image gripsack-ts-test Building 
#1 [internal] load local bake definitions
#1 reading from stdin 545B done
#1 DONE 0.0s

#2 [internal] load build definition from Dockerfile
#2 transferring dockerfile: 10.04kB done
#2 DONE 0.0s

#3 resolve image config for docker-image://docker.io/docker/dockerfile:1
#3 DONE 0.2s

#4 docker-image://docker.io/docker/dockerfile:1@sha256:ecfaec9ed6d810b56388c508f4121597bfbba70d41a6dfeee4d8cad5f295fc32
#4 resolve docker.io/docker/dockerfile:1@sha256:ecfaec9ed6d810b56388c508f4121597bfbba70d41a6dfeee4d8cad5f295fc32 0.0s done
#4 CACHED

#5 [internal] load metadata for docker.io/denoland/deno:2.9.6@sha256:2014dc167ece617ef7e7ba40631ac2234c59e75ce693e7cc2dc2602b3c87859d
#5 DONE 0.7s

#6 [internal] load .dockerignore
#6 transferring context: 139B done
#6 DONE 0.0s

#7 [ts-test 1/5] FROM docker.io/denoland/deno:2.9.6@sha256:2014dc167ece617ef7e7ba40631ac2234c59e75ce693e7cc2dc2602b3c87859d
#7 resolve docker.io/denoland/deno:2.9.6@sha256:2014dc167ece617ef7e7ba40631ac2234c59e75ce693e7cc2dc2602b3c87859d 0.0s done
#7 DONE 0.0s

#8 [internal] load build context
#8 transferring context: 3.29kB 0.0s done
#8 DONE 0.0s

#9 [ts-test 4/5] COPY examples ./examples
#9 CACHED

#10 [ts-test 2/5] WORKDIR /app
#10 CACHED

#11 [ts-test 3/5] COPY typescript ./typescript
#11 CACHED

#12 [ts-test 5/5] RUN cd typescript && deno install && deno task test     && deno run --cached-only --no-remote --allow-all node_modules/typescript/bin/tsc        --project tsconfig.examples.json --noEmit
#12 CACHED

#13 exporting to image
#13 exporting layers done
#13 exporting manifest sha256:dafbe144f49bacab4e82409a2228838cfe828151e1c044d657582162b8512c40 done
#13 exporting config sha256:c6e982a65a94a87d1f009033e9c574d94bad15d2f53e3fede7b7d6c9efecb190 done
#13 exporting attestation manifest sha256:17d99458dddefa133b3ee4cb1b05222eb6c4680e908edd87880a33eb925cfdff 0.0s done
#13 exporting manifest list sha256:d21a53ff59f6b3b081d87b4ee79003736b535fe4f795f9cd465bd6846fe530d4 0.0s done
#13 naming to docker.io/library/gripsack-ts-test:latest done
#13 unpacking to docker.io/library/gripsack-ts-test:latest 0.0s done
#13 DONE 0.1s

#14 resolving provenance for metadata file
#14 DONE 0.0s
 Image gripsack-ts-test Built 
 Container gripsack-ts-test-run-7b5af52d83e4 Creating 
 Container gripsack-ts-test-run-7b5af52d83e4 Created 
gate passed: typescript frontend tests (deno test)
A1_SPAN_SITE=74 (5 Rust span admission + 6 real CLI owner/coordinate + 63 Deno)
