RUNNER_SOURCE_COMMIT=53c6fac8bc4c4290d66a2f1f5644f4cc8d6063c6
RUNNER_SOURCE_ROOTS_DIRTY=clean (git status --porcelain -- SOURCE_ROOTS, checked after run)
RUNNER_COMMAND=docker compose run --build --rm verify sh scripts/check_verus.sh
RUNNER_TOOL_VERSIONS=Verus 0.2026.09.06.8dea4a2; Z3 4.16.0; rustc 1.98.0 (observed inside verify container)
RUNNER_INPUTS=committed gripsack-policy GraphRole/build_closure and scripts/check_verus.sh; linux_x86_64; clean CARGO_TARGET_DIR per runner

53c6fac8bc4c4290d66a2f1f5644f4cc8d6063c6
 Image gripsack-verify Building 
#1 [internal] load local bake definitions
#1 reading from stdin 540B done
#1 DONE 0.0s

#2 [internal] load build definition from Dockerfile
#2 transferring dockerfile: 9.77kB done
#2 DONE 0.0s

#3 resolve image config for docker-image://docker.io/docker/dockerfile:1
#3 DONE 0.4s

#4 docker-image://docker.io/docker/dockerfile:1@sha256:ecfaec9ed6d810b56388c508f4121597bfbba70d41a6dfeee4d8cad5f295fc32
#4 resolve docker.io/docker/dockerfile:1@sha256:ecfaec9ed6d810b56388c508f4121597bfbba70d41a6dfeee4d8cad5f295fc32 0.0s done
#4 CACHED

#5 [internal] load metadata for docker.io/library/ubuntu:24.04@sha256:224a1869083a311ef3f13648a154ba79832fbef6364d31493642ca03082da254
#5 DONE 0.0s

#6 [internal] load .dockerignore
#6 transferring context: 139B done
#6 DONE 0.0s

#7 [verify  3/11] ADD --checksum=sha256:13d01e134c0620c3b29770874707d16c33b3d227c843a489c8ceb744d43c0a16 https://github.com/verus-lang/verus/releases/download/release/0.2026.09.06.8dea4a2/verus-0.2026.09.06.8dea4a2-x86-linux.zip /tmp/verus.zip
#7 DONE 0.0s

#8 [verify  4/11] ADD --checksum=sha256:7288c49a5bd6dbafd7b0b0d1f65956b91672da24b08f09242919af159be3418e https://github.com/Z3Prover/z3/releases/download/z3-4.16.0/z3-4.16.0-x64-glibc-2.39.zip /tmp/z3.zip
#8 DONE 0.0s

#9 [verify  1/11] FROM docker.io/library/ubuntu:24.04@sha256:224a1869083a311ef3f13648a154ba79832fbef6364d31493642ca03082da254
#9 resolve docker.io/library/ubuntu:24.04@sha256:224a1869083a311ef3f13648a154ba79832fbef6364d31493642ca03082da254 0.0s done
#9 DONE 0.0s

#10 [internal] load build context
#10 transferring context: 71.70kB 0.1s done
#10 DONE 0.1s

#11 [verify  6/11] WORKDIR /app
#11 CACHED

#12 [verify  4/11] ADD --checksum=sha256:7288c49a5bd6dbafd7b0b0d1f65956b91672da24b08f09242919af159be3418e https://github.com/Z3Prover/z3/releases/download/z3-4.16.0/z3-4.16.0-x64-glibc-2.39.zip /tmp/z3.zip
#12 CACHED

#13 [verify  7/11] COPY Cargo.toml Cargo.lock ./
#13 CACHED

#14 [verify  9/11] COPY fuzz ./fuzz
#14 CACHED

#15 [verify  3/11] ADD --checksum=sha256:13d01e134c0620c3b29770874707d16c33b3d227c843a489c8ceb744d43c0a16 https://github.com/verus-lang/verus/releases/download/release/0.2026.09.06.8dea4a2/verus-0.2026.09.06.8dea4a2-x86-linux.zip /tmp/verus.zip
#15 CACHED

#16 [verify  5/11] RUN unzip -q /tmp/verus.zip -d /opt && unzip -q /tmp/z3.zip -d /opt     && rm /tmp/verus.zip /tmp/z3.zip     && curl -fsSL https://sh.rustup.rs | sh -s -- -y --default-toolchain 1.98.0        --component rustc-dev --component llvm-tools --component rustfmt
#16 CACHED

#17 [verify  8/11] COPY crates ./crates
#17 CACHED

#18 [verify 10/11] COPY scripts/check_verus.sh ./scripts/check_verus.sh
#18 CACHED

#19 [verify  2/11] RUN apt-get update -qq && apt-get install -y -qq --no-install-recommends     curl ca-certificates unzip build-essential     && rm -rf /var/lib/apt/lists/*
#19 CACHED

#20 [verify 11/11] RUN sh scripts/check_verus.sh
#20 CACHED

#21 exporting to image
#21 exporting layers done
#21 exporting manifest sha256:b3ecbe44239415b559cf376867a19d4bc56f2e180553cb2986270cfc7e2a532d done
#21 exporting config sha256:5d583bf72b2ea81d8e6e08efd5d2e9fd8cd6dd41ea82cc10310be86b82994081 done
#21 exporting attestation manifest sha256:080f9d7d382b2d67534afe70b0b79ab89f212107751fe06a9241accccbccad4f 0.0s done
#21 exporting manifest list sha256:953fbc0bc2227ec3c1842274439ef92dba694ca678c449790f06349134feff47 0.0s done
#21 naming to docker.io/library/gripsack-verify:latest done
#21 unpacking to docker.io/library/gripsack-verify:latest 0.0s done
#21 DONE 0.1s

#22 resolving provenance for metadata file
#22 DONE 0.0s
 Image gripsack-verify Built 
 Container gripsack-verify-run-f824253604fe Creating 
 Container gripsack-verify-run-f824253604fe Created 
== positive: cargo verus verify -p gripsack-policy --locked
positive: verification results:: 61 verified, 0 errors
== calibration: semantic mutants must fail their postconditions
calibration: classifier mutant rejected on its contract
calibration: merge-splice mutant rejected on its contract
calibration: graph-closure mutant rejected on its contract
calibration: graph-validation mutant rejected on its contract
calibration: scheduler-latch mutant rejected on its contract
verify gate: OK
CALIBRATED_GRAPH_VALIDATION=1 (observed graph-validation mutant rejection above)
