RUNNER_SOURCE_COMMIT=530ae7db0e4ccc1df7e63e3ddf76597454110e95
RUNNER_SOURCE_ROOTS_DIRTY=clean (git status --porcelain -- SOURCE_ROOTS checked before and after named CLI runner; both empty)
RUNNER_COMMAND=docker compose run --build --rm e2e uv run --locked --no-sync pytest -vv test_workspace_diagnostics.py -k unavailable_capability_names_first_declared_output_and_owner
RUNNER_TOOL_VERSIONS=Docker Compose v5.5.0; pytest 9.1.1
RUNNER_INPUTS=committed v5 image B4, environment A2-P and check A2/E1 first-output fixtures with declaration spans; actual grip plan --ir in sandboxed Linux/amd64 HOME

530ae7db0e4ccc1df7e63e3ddf76597454110e95
 Image gripsack-e2e Building 
#1 [internal] load local bake definitions
#1 reading from stdin 525B done
#1 DONE 0.0s

#2 [internal] load build definition from Dockerfile
#2 transferring dockerfile: 9.77kB done
#2 DONE 0.0s

#3 resolve image config for docker-image://docker.io/docker/dockerfile:1
#3 DONE 0.3s

#4 docker-image://docker.io/docker/dockerfile:1@sha256:ecfaec9ed6d810b56388c508f4121597bfbba70d41a6dfeee4d8cad5f295fc32
#4 resolve docker.io/docker/dockerfile:1@sha256:ecfaec9ed6d810b56388c508f4121597bfbba70d41a6dfeee4d8cad5f295fc32 0.0s done
#4 CACHED

#5 [internal] load metadata for docker.io/library/python:3.13-slim@sha256:9d2e5553305c7c7b0097999bb17187c69b921ccd6bc9d40e4bb5ebe652c00285
#5 DONE 0.0s

#6 [internal] load metadata for docker.io/library/rust:alpine@sha256:a10e64dd139b7387337c7fbe8aca31b959b57b2fd4c8ae20a02cf1d6ea424dce
#6 DONE 0.0s

#7 [internal] load .dockerignore
#7 transferring context: 139B done
#7 DONE 0.0s

#8 [e2e  4/11] ADD --checksum=sha256:394f07f4da2bebe6ce6f1e7ce0fa16429b29b08c35e3fac3fe25972676dff4b2 https://github.com/denoland/deno/releases/download/v2.9.6/deno-x86_64-unknown-linux-gnu.zip /tmp/deno.zip
#8 DONE 0.0s

#9 [builder  1/10] FROM docker.io/library/rust:alpine@sha256:a10e64dd139b7387337c7fbe8aca31b959b57b2fd4c8ae20a02cf1d6ea424dce
#9 resolve docker.io/library/rust:alpine@sha256:a10e64dd139b7387337c7fbe8aca31b959b57b2fd4c8ae20a02cf1d6ea424dce 0.0s done
#9 DONE 0.0s

#10 [e2e  1/11] FROM docker.io/library/python:3.13-slim@sha256:9d2e5553305c7c7b0097999bb17187c69b921ccd6bc9d40e4bb5ebe652c00285
#10 resolve docker.io/library/python:3.13-slim@sha256:9d2e5553305c7c7b0097999bb17187c69b921ccd6bc9d40e4bb5ebe652c00285 0.0s done
#10 DONE 0.0s

#11 [internal] load build context
#11 transferring context: 79.11kB 0.1s done
#11 DONE 0.1s

#12 [e2e  6/11] RUN printf 'uv==%s --hash=sha256:f7d6248ad9f2d282fea795f248da8fa666ab382df50d8385bd98e01049440a0c --hash=sha256:bd0afae6918795c6a61a649e64d735e339f3d62f8310235da6f19eb3f66f323b\n' "0.12.10" > /tmp/uv.req     && pip install --no-cache-dir --no-deps --require-hashes -r /tmp/uv.req     && uv --version     && rm -f /tmp/uv.req
#12 CACHED

#13 [builder  4/10] WORKDIR /app
#13 CACHED

#14 [e2e  7/11] COPY --from=bin /app/target/debug/grip /usr/local/bin/grip
#14 CACHED

#15 [e2e 10/11] COPY e2e ./e2e
#15 CACHED

#16 [e2e  5/11] RUN python3 -m zipfile -e /tmp/deno.zip /tmp/deno     && mkdir -p /root/.local/share/gripsack/tools/deno-2.9.6     && mv /tmp/deno/deno /root/.local/share/gripsack/tools/deno-2.9.6/deno     && chmod 755 /root/.local/share/gripsack/tools/deno-2.9.6/deno     && rm -rf /tmp/deno.zip /tmp/deno
#16 CACHED

#17 [e2e  4/11] ADD --checksum=sha256:394f07f4da2bebe6ce6f1e7ce0fa16429b29b08c35e3fac3fe25972676dff4b2 https://github.com/denoland/deno/releases/download/v2.9.6/deno-x86_64-unknown-linux-gnu.zip /tmp/deno.zip
#17 CACHED

#18 [builder  9/10] COPY typescript ./typescript
#18 CACHED

#19 [e2e  8/11] COPY e2e/pyproject.toml e2e/uv.lock ./e2e/
#19 CACHED

#20 [builder  5/10] COPY Cargo.toml Cargo.lock ./
#20 CACHED

#21 [builder  2/10] RUN apk add --no-cache musl-dev git curl xz     && rustup component add clippy rustfmt
#21 CACHED

#22 [builder  8/10] COPY schema ./schema
#22 CACHED

#23 [builder  3/10] RUN set -e;     arch="$(uname -m)";     case "$arch" in       x86_64)  sha=3374daaf153e6f82028add5e4bf7cc2deab46537dee24f20be80df831193aeb4 ;;       aarch64) sha=35d90cee9648037eaa4c1a2649fdca9d1b9a9997b972d37be7f8629139ba1294 ;;       *) echo "unsupported arch: $arch" >&2; exit 1 ;;     esac;     curl -fsSL -o /tmp/ca.tar.xz "https://github.com/rust-secure-code/cargo-auditable/releases/download/v0.7.5/cargo-auditable-${arch}-unknown-linux-musl.tar.xz";     echo "$sha  /tmp/ca.tar.xz" | sha256sum -c -;     mkdir -p /tmp/ca && tar -xJf /tmp/ca.tar.xz -C /tmp/ca;     mv /tmp/ca/*/cargo-auditable /usr/local/bin/cargo-auditable;     rm -rf /tmp/ca /tmp/ca.tar.xz
#23 CACHED

#24 [builder  7/10] COPY fuzz ./fuzz
#24 CACHED

#25 [e2e  3/11] RUN apt-get update -qq && apt-get install -y -qq --no-install-recommends git     && rm -rf /var/lib/apt/lists/*
#25 CACHED

#26 [bin 1/1] RUN cargo build --locked -p gripsack
#26 CACHED

#27 [builder  6/10] COPY crates ./crates
#27 CACHED

#28 [builder 10/10] COPY scripts ./scripts
#28 CACHED

#29 [e2e  9/11] RUN cd e2e && uv sync --locked
#29 CACHED

#30 [e2e  2/11] WORKDIR /app
#30 CACHED

#31 [e2e 11/11] WORKDIR /app/e2e
#31 CACHED

#32 exporting to image
#32 exporting layers done
#32 exporting manifest sha256:577753a227e7ea81a05553b2221924ba56a54734e494fe8bde187051b5afd62b done
#32 exporting config sha256:6fb475c04df75ded8f1bcdff16b02e5ad5c62715633826ed958c1d6568dc9d29 done
#32 exporting attestation manifest sha256:2932170bff8a92a6431d2e4c5555354e549f2380bdcc601160696bd0fbba2ee7 0.0s done
#32 exporting manifest list sha256:262be1cad6bb10e70fc7d5228c06860e40e3d623ba5458152de9dc1f3298591c 0.0s done
#32 naming to docker.io/library/gripsack-e2e:latest done
#32 unpacking to docker.io/library/gripsack-e2e:latest 0.0s done
#32 DONE 0.1s

#33 resolving provenance for metadata file
#33 DONE 0.0s
 Image gripsack-e2e Built 
 Container gripsack-e2e-run-71d092643bcc Creating 
 Container gripsack-e2e-run-71d092643bcc Created 
============================= test session starts ==============================
platform linux -- Python 3.13.15, pytest-9.1.1, pluggy-1.6.0 -- /app/e2e/.venv/bin/python
cachedir: .pytest_cache
rootdir: /app/e2e
configfile: pyproject.toml
collecting ... collected 17 items / 14 deselected / 3 selected

test_workspace_diagnostics.py::test_unavailable_capability_names_first_declared_output_and_owner[image-worker] PASSED [ 33%]
test_workspace_diagnostics.py::test_unavailable_capability_names_first_declared_output_and_owner[environment-invocation] PASSED [ 66%]
test_workspace_diagnostics.py::test_unavailable_capability_names_first_declared_output_and_owner[check-owner-before-subject] PASSED [100%]

======================= 3 passed, 14 deselected in 0.13s =======================
A1_CAPABILITY_OWNERS=3 (three named real CLI E124 cases passed; 14 deselected cases were not run, not skipped)
