RUNNER_SOURCE_COMMIT=17ed1f0dae5c827d638537fd6efba3623da156f4
RUNNER_SOURCE_ROOTS_DIRTY=clean (git status --porcelain -- tracked SOURCE_ROOTS before and after both commands: empty)
RUNNER_COMMANDS=docker compose run --build --rm test cargo test --locked -p gripsack-ir sema::workspace::policy::tests; docker compose run --build --rm e2e uv run --locked --no-sync pytest -vv test_workspace_contract.py
RUNNER_TOOL_VERSIONS=Docker Compose v5.5.0; Rust 1.98.0 in pinned test image; Python 3.13.15; pytest 9.1.1
RUNNER_INPUTS=committed Rust graph source-reference span adapter regressions, catalog/index/projection checks and 23 sandboxed-HOME real CLI workspace fixtures; policy scope 8 distinct cases, CLI scope 23 distinct cases

17ed1f0dae5c827d638537fd6efba3623da156f4
 Image gripsack-test Building 
#1 [internal] load local bake definitions
#1 reading from stdin 530B done
#1 DONE 0.0s

#2 [internal] load build definition from Dockerfile
#2 transferring dockerfile: 10.04kB done
#2 DONE 0.0s

#3 resolve image config for docker-image://docker.io/docker/dockerfile:1
#3 DONE 0.4s

#4 docker-image://docker.io/docker/dockerfile:1@sha256:ecfaec9ed6d810b56388c508f4121597bfbba70d41a6dfeee4d8cad5f295fc32
#4 resolve docker.io/docker/dockerfile:1@sha256:ecfaec9ed6d810b56388c508f4121597bfbba70d41a6dfeee4d8cad5f295fc32 0.0s done
#4 CACHED

#5 [internal] load metadata for docker.io/library/rust:alpine@sha256:a10e64dd139b7387337c7fbe8aca31b959b57b2fd4c8ae20a02cf1d6ea424dce
#5 DONE 0.0s

#6 [internal] load .dockerignore
#6 transferring context: 139B done
#6 DONE 0.0s

#7 [builder  1/10] FROM docker.io/library/rust:alpine@sha256:a10e64dd139b7387337c7fbe8aca31b959b57b2fd4c8ae20a02cf1d6ea424dce
#7 resolve docker.io/library/rust:alpine@sha256:a10e64dd139b7387337c7fbe8aca31b959b57b2fd4c8ae20a02cf1d6ea424dce 0.0s done
#7 DONE 0.0s

#8 [internal] load build context
#8 transferring context: 86.16kB 0.1s done
#8 DONE 0.1s

#9 [builder  2/10] RUN apk add --no-cache musl-dev git curl xz     && rustup component add clippy rustfmt
#9 CACHED

#10 [builder  3/10] RUN set -e;     arch="$(uname -m)";     case "$arch" in       x86_64)  sha=3374daaf153e6f82028add5e4bf7cc2deab46537dee24f20be80df831193aeb4 ;;       aarch64) sha=35d90cee9648037eaa4c1a2649fdca9d1b9a9997b972d37be7f8629139ba1294 ;;       *) echo "unsupported arch: $arch" >&2; exit 1 ;;     esac;     curl -fsSL -o /tmp/ca.tar.xz "https://github.com/rust-secure-code/cargo-auditable/releases/download/v0.7.5/cargo-auditable-${arch}-unknown-linux-musl.tar.xz";     echo "$sha  /tmp/ca.tar.xz" | sha256sum -c -;     mkdir -p /tmp/ca && tar -xJf /tmp/ca.tar.xz -C /tmp/ca;     mv /tmp/ca/*/cargo-auditable /usr/local/bin/cargo-auditable;     rm -rf /tmp/ca /tmp/ca.tar.xz
#10 CACHED

#11 [builder  4/10] WORKDIR /app
#11 CACHED

#12 [builder  5/10] COPY Cargo.toml Cargo.lock ./
#12 CACHED

#13 [builder  6/10] COPY crates ./crates
#13 DONE 0.2s

#14 [builder  7/10] COPY fuzz ./fuzz
#14 DONE 0.1s

#15 [builder  8/10] COPY schema ./schema
#15 DONE 0.0s

#16 [builder  9/10] COPY typescript ./typescript
#16 DONE 0.2s

#17 [builder 10/10] COPY scripts ./scripts
#17 DONE 0.1s

#18 [test 1/2] RUN cargo fmt --check     && cargo clippy --locked --workspace --all-targets -- -D warnings     && cargo test --locked
#18 1.087     Updating crates.io index
#18 3.763  Downloading crates ...
#18 3.844   Downloaded adler2 v2.0.1
#18 3.857   Downloaded ahash v0.8.12
#18 3.862   Downloaded idna_adapter v1.2.2
#18 3.864   Downloaded ambient-authority v0.0.2
#18 3.866   Downloaded heck v0.5.0
#18 3.869   Downloaded num-cmp v0.1.0
#18 3.871   Downloaded digest v0.11.3
#18 3.876   Downloaded zmij v1.0.23
#18 3.880   Downloaded equivalent v1.0.2
#18 3.884   Downloaded borrow-or-share v0.2.4
#18 3.887   Downloaded nu-ansi-term v0.50.3
#18 3.892   Downloaded percent-encoding v2.3.2
#18 3.894   Downloaded dialoguer v0.12.0
#18 3.901   Downloaded clap_lex v1.1.0
#18 3.903   Downloaded anstyle-query v1.1.5
#18 3.906   Downloaded errno v0.3.14
#18 3.909   Downloaded crypto-common v0.2.2
#18 3.912   Downloaded jsonschema-value v0.55.0
#18 3.915   Downloaded anstyle v1.0.14
#18 3.918   Downloaded console v0.16.4
#18 3.921   Downloaded openssl-probe v0.2.1
#18 3.925   Downloaded potential_utf v0.1.6
#18 3.927   Downloaded cfg-if v1.0.4
#18 3.931   Downloaded cpufeatures v0.3.0
#18 3.934   Downloaded jsonschema-regex v0.55.0
#18 3.935   Downloaded outref v0.5.2
#18 3.938   Downloaded data-encoding v2.11.1
#18 3.940   Downloaded colorchoice v1.0.5
#18 3.942   Downloaded httpdate v1.0.3
#18 3.946   Downloaded allocator-api2 v0.2.21
#18 3.951   Downloaded foldhash v0.2.0
#18 3.953   Downloaded form_urlencoded v1.2.2
#18 3.955   Downloaded fs-set-times v0.20.3
#18 3.957   Downloaded ref-cast-impl v1.0.27
#18 3.959   Downloaded ref-cast v1.0.27
#18 3.964   Downloaded block-buffer v0.12.1
#18 3.966   Downloaded num-iter v0.1.46
#18 3.968   Downloaded lazy_static v1.5.0
#18 3.971   Downloaded convert_case v0.4.0
#18 3.973   Downloaded zstd v0.13.3
#18 3.980   Downloaded num v0.4.3
#18 3.981   Downloaded zstd-safe v7.2.4
#18 3.984   Downloaded itoa v1.0.18
#18 3.987   Downloaded is_terminal_polyfill v1.70.2
#18 3.989   Downloaded matchers v0.2.0
#18 3.991   Downloaded bit-set v0.8.0
#18 3.995   Downloaded scopeguard v1.2.0
#18 3.997   Downloaded thread_local v1.1.10
#18 4.000   Downloaded stable_deref_trait v1.2.1
#18 4.002   Downloaded maybe-owned v0.3.4
#18 4.004   Downloaded yoke-derive v0.8.2
#18 4.007   Downloaded subtle v2.6.1
#18 4.010   Downloaded strsim v0.11.1
#18 4.013   Downloaded untrusted v0.9.0
#18 4.017   Downloaded email_address v0.2.9
#18 4.021   Downloaded filetime v0.2.29
#18 4.025   Downloaded strum v0.28.0
#18 4.027   Downloaded find-msvc-tools v0.1.11
#18 4.029   Downloaded icu_collections v2.3.0
#18 4.040   Downloaded serde_spanned v1.1.1
#18 4.042   Downloaded num-integer v0.1.47
#18 4.046   Downloaded io-lifetimes v2.0.4
#18 4.049   Downloaded bytecount v0.6.9
#18 4.054   Downloaded displaydoc v0.2.7
#18 4.057   Downloaded zerofrom-derive v0.1.7
#18 4.059   Downloaded autocfg v1.5.1
#18 4.063   Downloaded zerofrom v0.1.8
#18 4.065   Downloaded clap_derive v4.6.4
#18 4.069   Downloaded fastrand v2.5.0
#18 4.073   Downloaded num-complex v0.4.6
#18 4.075   Downloaded webpki-roots v0.26.11
#18 4.078   Downloaded bit-vec v0.8.0
#18 4.082   Downloaded jobserver v0.1.35
#18 4.085   Downloaded pin-project-lite v0.2.17
#18 4.098   Downloaded ipnet v2.12.1
#18 4.100   Downloaded anstyle-parse v1.0.0
#18 4.103   Downloaded pkg-config v0.3.34
#18 4.107   Downloaded owo-colors v4.3.0
#18 4.110   Downloaded parking_lot_core v0.9.12
#18 4.113   Downloaded xz2 v0.1.7
#18 4.117   Downloaded lock_api v0.4.14
#18 4.119   Downloaded crc32fast v1.5.1
#18 4.124   Downloaded getrandom v0.2.17
#18 4.128   Downloaded anstream v1.0.0
#18 4.132   Downloaded bzip2 v0.6.1
#18 4.136   Downloaded hybrid-array v0.4.14
#18 4.140   Downloaded io-lifetimes v3.0.1
#18 4.142   Downloaded const-oid v0.10.2
#18 4.146   Downloaded litemap v0.8.3
#18 4.150   Downloaded version_check v0.9.5
#18 4.153   Downloaded io-extras v0.19.0
#18 4.157   Downloaded cap-std v4.0.3
#18 4.163   Downloaded utf8_iter v1.0.4
#18 4.165   Downloaded num-rational v0.4.2
#18 4.167   Downloaded shell-words v1.1.1
#18 4.169   Downloaded bitflags v2.13.1
#18 4.175   Downloaded getrandom v0.3.4
#18 4.181   Downloaded zerovec-derive v0.11.6
#18 4.184   Downloaded utf8parse v0.2.2
#18 4.186   Downloaded getrandom v0.4.3
#18 4.194   Downloaded bumpalo v3.20.3
#18 4.199   Downloaded clap v4.6.6
#18 4.213   Downloaded log v0.4.34
#18 4.218   Downloaded verus_builtin v0.0.0-2026-09-06-0133
#18 4.221   Downloaded micromap v0.3.0
#18 4.230   Downloaded tracing-serde v0.2.0
#18 4.233   Downloaded xattr v1.6.1
#18 4.238   Downloaded fluent-uri v0.4.1
#18 4.243   Downloaded rustls-native-certs v0.8.4
#18 4.245   Downloaded rustix-linux-procfs v0.1.1
#18 4.248   Downloaded thiserror v2.0.20
#18 4.258   Downloaded synstructure v0.13.2
#18 4.260   Downloaded toml_datetime v1.1.1+spec-1.1.0
#18 4.262   Downloaded uuid-simd v0.8.0
#18 4.265   Downloaded flate2 v1.1.9
#18 4.274   Downloaded icu_normalizer_data v2.3.0
#18 4.278   Downloaded aho-corasick v1.1.5
#18 4.286   Downloaded libbz2-rs-sys v0.2.5
#18 4.289   Downloaded miniz_oxide v0.8.9
#18 4.294   Downloaded icu_provider v2.3.1
#18 4.300   Downloaded base64 v0.22.1
#18 4.309   Downloaded indicatif v0.18.6
#18 4.315   Downloaded thiserror-impl v2.0.20
#18 4.318   Downloaded strum_macros v0.28.0
#18 4.323   Downloaded cap-primitives v4.0.3
#18 4.344   Downloaded once_cell v1.21.4
#18 4.350   Downloaded icu_locale_core v2.3.0
#18 4.365   Downloaded quote v1.0.47
#18 4.372   Downloaded zerotrie v0.2.5
#18 4.380   Downloaded parking_lot v0.12.5
#18 4.384   Downloaded cc v1.4.4
#18 4.389   Downloaded num-traits v0.2.19
#18 4.393   Downloaded indexmap v2.14.0
#18 4.401   Downloaded toml_writer v1.1.2+spec-1.1.0
#18 4.404   Downloaded tracing-log v0.2.0
#18 4.406   Downloaded icu_properties v2.3.0
#18 4.412   Downloaded toml_datetime v0.7.5+spec-1.1.0
#18 4.414   Downloaded fraction v0.17.0
#18 4.423   Downloaded icu_properties_data v2.3.0
#18 4.437   Downloaded memchr v2.8.3
#18 4.450   Downloaded num-bigint v0.4.8
#18 4.460   Downloaded vsimd v0.8.0
#18 4.464   Downloaded unit-prefix v0.5.2
#18 4.467   Downloaded simd-adler32 v0.3.10
#18 4.471   Downloaded zerovec v0.11.8
#18 4.482   Downloaded writeable v0.6.4
#18 4.487   Downloaded zeroize v1.9.0
#18 4.491   Downloaded idna v1.1.0
#18 4.497   Downloaded clap_builder v4.6.6
#18 4.507   Downloaded hashbrown v0.17.1
#18 4.516   Downloaded rustls-pki-types v1.15.1
#18 4.521   Downloaded zip v8.6.0
#18 4.529   Downloaded smallvec v1.15.2
#18 4.532   Downloaded tinystr v0.8.4
#18 4.536   Downloaded serde_derive v1.0.229
#18 4.543   Downloaded proc-macro2 v1.0.107
#18 4.549   Downloaded fancy-regex v0.19.1
#18 4.560   Downloaded zopfli v0.8.3
#18 4.564   Downloaded unicode-general-category v1.1.0
#18 4.567   Downloaded zlib-rs v0.6.7
#18 4.575   Downloaded shlex v2.0.1
#18 4.578   Downloaded toml_parser v1.1.3+spec-1.1.0
#18 4.583   Downloaded tracing-attributes v0.1.31
#18 4.589   Downloaded yoke v0.8.3
#18 4.592   Downloaded zerocopy v0.8.56
#18 4.621   Downloaded sha2 v0.11.0
#18 4.631   Downloaded ryu v1.0.23
#18 4.638   Downloaded toml v1.1.4+spec-1.1.0
#18 4.646   Downloaded referencing v0.55.0
#18 4.656   Downloaded tempfile v3.27.0
#18 4.662   Downloaded serde_yaml v0.9.34+deprecated
#18 4.668   Downloaded tracing-core v0.1.36
#18 4.672   Downloaded unsafe-libyaml v0.2.11
#18 4.680   Downloaded serde_core v1.0.229
#18 4.685   Downloaded icu_normalizer v2.3.0
#18 4.696   Downloaded toml v0.9.12+spec-1.1.0
#18 4.704   Downloaded unicode-ident v1.0.24
#18 4.711   Downloaded verus_prettyplease v0.0.0-2026-09-06-0133
#18 4.717   Downloaded sharded-slab v0.1.7
#18 4.724   Downloaded toml_edit v0.25.13+spec-1.1.0
#18 4.731   Downloaded jsonschema v0.55.0
#18 4.756   Downloaded lzma-sys v0.1.20
#18 4.803   Downloaded tar v0.4.46
#18 4.808   Downloaded libc v0.2.189
#18 4.919   Downloaded rustls-webpki v0.103.15
#18 4.924   Downloaded verus_state_machines_macros v0.0.0-2026-09-06-0133
#18 4.927   Downloaded url v2.5.8
#18 4.930   Downloaded serde v1.0.229
#18 4.936   Downloaded ureq v2.12.1
#18 4.944   Downloaded verus_builtin_macros v0.0.0-2026-09-06-0133
#18 4.948   Downloaded typed-path v0.12.3
#18 4.964   Downloaded typenum v1.20.1
#18 4.968   Downloaded regex v1.13.1
#18 4.976   Downloaded linux-raw-sys v0.12.1
#18 5.040   Downloaded serde_json v1.0.151
#18 5.051   Downloaded winnow v0.7.15
#18 5.069   Downloaded portable-atomic v1.15.0
#18 5.081   Downloaded winnow v1.0.4
#18 5.099   Downloaded tracing-subscriber v0.3.23
#18 5.113   Downloaded webpki-roots v1.0.9
#18 5.117   Downloaded unicode-width v0.2.2
#18 5.124   Downloaded syn v3.0.4
#18 5.138   Downloaded syn v2.0.119
#18 5.153   Downloaded vstd v0.0.0-2026-09-06-0133
#18 5.169   Downloaded verus_syn v0.0.0-2026-09-06-0133
#18 5.185   Downloaded rustls v0.23.43
#18 5.203   Downloaded regex-syntax v0.8.11
#18 5.212   Downloaded rustix v1.1.4
#18 5.266   Downloaded tracing v0.1.44
#18 5.284   Downloaded regex-automata v0.4.18
#18 5.305   Downloaded zstd-sys v2.0.16+zstd.1.5.7
#18 5.325   Downloaded ring v0.17.14
#18 5.627    Compiling proc-macro2 v1.0.107
#18 5.627    Compiling quote v1.0.47
#18 5.627    Compiling unicode-ident v1.0.24
#18 5.627    Compiling libc v0.2.189
#18 5.631    Compiling serde_core v1.0.229
#18 5.631     Checking cfg-if v1.0.4
#18 5.636     Checking once_cell v1.21.4
#18 5.640     Checking memchr v2.8.3
#18 5.642    Compiling serde v1.0.229
#18 5.645     Checking foldhash v0.2.0
#18 5.646     Checking allocator-api2 v0.2.21
#18 5.646     Checking equivalent v1.0.2
#18 5.651    Compiling zmij v1.0.23
#18 5.652    Compiling verus_prettyplease v0.0.0-2026-09-06-0133
#18 5.652    Compiling hashbrown v0.17.1
#18 5.658    Compiling serde_json v1.0.151
#18 5.658     Checking itoa v1.0.18
#18 5.665    Compiling vstd v0.0.0-2026-09-06-0133
#18 5.669    Compiling convert_case v0.4.0
#18 5.669    Compiling shlex v2.0.1
#18 5.669    Compiling find-msvc-tools v0.1.11
#18 5.680     Checking verus_builtin v0.0.0-2026-09-06-0133
#18 5.680     Checking smallvec v1.15.2
#18 5.681    Compiling rustix v1.1.4
#18 5.681    Compiling thiserror v2.0.20
#18 5.681     Checking bitflags v2.13.1
#18 5.686     Checking linux-raw-sys v0.12.1
#18 5.687     Checking stable_deref_trait v1.2.1
#18 5.690     Checking winnow v1.0.4
#18 5.690    Compiling pkg-config v0.3.34
#18 5.690     Checking toml_writer v1.1.2+spec-1.1.0
#18 5.692    Compiling io-lifetimes v3.0.1
#18 5.707    Compiling io-lifetimes v2.0.4
#18 5.709     Checking percent-encoding v2.3.2
#18 5.752    Compiling io-extras v0.19.0
#18 5.802    Compiling getrandom v0.4.3
#18 5.842    Compiling cap-primitives v4.0.3
#18 5.842     Checking typenum v1.20.1
#18 5.850     Checking maybe-owned v0.3.4
#18 5.887     Checking writeable v0.6.4
#18 5.894     Checking ipnet v2.12.1
#18 5.942     Checking litemap v0.8.3
#18 5.999    Compiling cap-std v4.0.3
#18 6.001     Checking log v0.4.34
#18 6.012     Checking zeroize v1.9.0
#18 6.012     Checking ambient-authority v0.0.2
#18 6.076     Checking utf8_iter v1.0.4
#18 6.094    Compiling icu_normalizer_data v2.3.0
#18 6.118     Checking winnow v0.7.15
#18 6.126     Checking fastrand v2.5.0
#18 6.148    Compiling icu_properties_data v2.3.0
#18 6.148     Checking tracing-core v0.1.36
#18 6.175     Checking const-oid v0.10.2
#18 6.224     Checking rustls-pki-types v1.15.1
#18 6.227     Checking cpufeatures v0.3.0
#18 6.249    Compiling crc32fast v1.5.1
#18 6.257     Checking pin-project-lite v0.2.17
#18 6.263     Checking simd-adler32 v0.3.10
#18 6.266    Compiling zstd-safe v7.2.4
#18 6.275     Checking untrusted v0.9.0
#18 6.305    Compiling autocfg v1.5.1
#18 6.354     Checking adler2 v2.0.1
#18 6.359    Compiling rustls v0.23.43
#18 6.360     Checking regex-syntax v0.8.11
#18 6.376     Checking aho-corasick v1.1.5
#18 6.397     Checking form_urlencoded v1.2.2
#18 6.415     Checking bumpalo v3.20.3
#18 6.426     Checking libbz2-rs-sys v0.2.5
#18 6.439     Checking subtle v2.6.1
#18 6.471     Checking zlib-rs v0.6.7
#18 6.493     Checking typed-path v0.12.3
#18 6.493     Checking openssl-probe v0.2.1
#18 6.493     Checking base64 v0.22.1
#18 6.540     Checking miniz_oxide v0.8.9
#18 6.570     Checking httpdate v1.0.3
#18 6.580    Compiling heck v0.5.0
#18 6.607    Compiling getrandom v0.3.4
#18 6.616    Compiling parking_lot_core v0.9.12
#18 6.626    Compiling zerocopy v0.8.56
#18 6.638    Compiling version_check v0.9.5
#18 6.649    Compiling ref-cast v1.0.27
#18 6.742     Checking scopeguard v1.2.0
#18 6.751    Compiling unicode-general-category v1.1.0
#18 6.779     Checking borrow-or-share v0.2.4
#18 6.789     Checking bit-vec v0.8.0
#18 6.791     Checking bytecount v0.6.9
#18 6.792     Checking webpki-roots v1.0.9
#18 6.823    Compiling indexmap v2.14.0
#18 6.857     Checking rustls-native-certs v0.8.4
#18 6.886     Checking lock_api v0.4.14
#18 6.892     Checking micromap v0.3.0
#18 6.921    Compiling num-traits v0.2.19
#18 6.930     Checking webpki-roots v0.26.11
#18 6.931     Checking vsimd v0.8.0
#18 6.958     Checking ryu v1.0.23
#18 6.997     Checking outref v0.5.2
#18 7.016     Checking unsafe-libyaml v0.2.11
#18 7.025     Checking num-cmp v0.1.0
#18 7.030     Checking zopfli v0.8.3
#18 7.044     Checking data-encoding v2.11.1
#18 7.085     Checking lazy_static v1.5.0
#18 7.116    Compiling ahash v0.8.12
#18 7.125     Checking bit-set v0.8.0
#18 7.126     Checking utf8parse v0.2.2
#18 7.134     Checking tracing-log v0.2.0
#18 7.159     Checking sharded-slab v0.1.7
#18 7.159     Checking thread_local v1.1.10
#18 7.179     Checking bzip2 v0.6.1
#18 7.180     Checking is_terminal_polyfill v1.70.2
#18 7.209     Checking unicode-width v0.2.2
#18 7.235     Checking anstyle-parse v1.0.0
#18 7.259     Checking anstyle v1.0.14
#18 7.320     Checking nu-ansi-term v0.50.3
#18 7.322     Checking anstyle-query v1.1.5
#18 7.323     Checking colorchoice v1.0.5
#18 7.345     Checking hybrid-array v0.4.14
#18 7.398    Compiling portable-atomic v1.15.0
#18 7.420    Compiling owo-colors v4.3.0
#18 7.455     Checking clap_lex v1.1.0
#18 7.464     Checking strsim v0.11.1
#18 7.466     Checking unit-prefix v0.5.2
#18 7.490     Checking shell-words v1.1.1
#18 7.514     Checking anstream v1.0.0
#18 7.629     Checking uuid-simd v0.8.0
#18 7.678     Checking toml_parser v1.1.3+spec-1.1.0
#18 7.742     Checking getrandom v0.2.17
#18 7.743     Checking filetime v0.2.29
#18 7.743     Checking gripsack-process v0.42.0 (/app/crates/gripsack-process)
#18 7.744     Checking console v0.16.4
#18 7.803    Compiling syn v3.0.4
#18 7.833    Compiling syn v2.0.119
#18 7.836    Compiling verus_syn v0.0.0-2026-09-06-0133
#18 7.889     Checking clap_builder v4.6.6
#18 8.061     Checking parking_lot v0.12.5
#18 8.084    Compiling jobserver v0.1.35
#18 8.104     Checking flate2 v1.1.9
#18 8.302     Checking block-buffer v0.12.1
#18 8.302     Checking crypto-common v0.2.2
#18 8.364    Compiling cc v1.4.4
#18 8.519     Checking num-integer v0.1.47
#18 8.519     Checking num-complex v0.4.6
#18 8.736     Checking num-bigint v0.4.8
#18 8.736     Checking num-iter v0.1.46
#18 8.816     Checking regex-automata v0.4.18
#18 8.816     Checking jsonschema-regex v0.55.0
#18 8.878     Checking indicatif v0.18.6
#18 9.037     Checking digest v0.11.3
#18 9.132     Checking sha2 v0.11.0
#18 9.358     Checking serde_spanned v1.1.1
#18 9.358     Checking toml_datetime v0.7.5+spec-1.1.0
#18 9.358     Checking toml_datetime v1.1.1+spec-1.1.0
#18 9.534     Checking toml v1.1.4+spec-1.1.0
#18 9.534     Checking toml_edit v0.25.13+spec-1.1.0
#18 9.580     Checking toml v0.9.12+spec-1.1.0
#18 9.936    Compiling zstd-sys v2.0.16+zstd.1.5.7
#18 9.936    Compiling ring v0.17.14
#18 9.936    Compiling lzma-sys v0.1.20
#18 9.948     Checking num-rational v0.4.2
#18 10.27     Checking num v0.4.3
#18 10.32     Checking fraction v0.17.0
#18 10.78     Checking fs-set-times v0.20.3
#18 10.78     Checking rustix-linux-procfs v0.1.1
#18 10.78     Checking tempfile v3.27.0
#18 10.78     Checking xattr v1.6.1
#18 10.91     Checking tar v0.4.46
#18 11.02     Checking dialoguer v0.12.0
#18 11.03     Checking xz2 v0.1.7
#18 11.58     Checking gripsack-fs v0.42.0 (/app/crates/gripsack-fs)
#18 11.65     Checking fancy-regex v0.19.1
#18 11.65     Checking regex v1.13.1
#18 11.65     Checking matchers v0.2.0
#18 12.55    Compiling synstructure v0.13.2
#18 12.71     Checking zstd v0.13.3
#18 12.87     Checking zip v8.6.0
#18 12.89     Checking rustls-webpki v0.103.15
#18 13.12    Compiling serde_derive v1.0.229
#18 13.12    Compiling thiserror-impl v2.0.20
#18 13.12    Compiling zerovec-derive v0.11.6
#18 13.12    Compiling displaydoc v0.2.7
#18 13.12    Compiling ref-cast-impl v1.0.27
#18 13.12    Compiling clap_derive v4.6.4
#18 13.98    Compiling zerofrom-derive v0.1.7
#18 13.98    Compiling yoke-derive v0.8.2
#18 13.98    Compiling tracing-attributes v0.1.31
#18 13.98    Compiling strum_macros v0.28.0
#18 15.36     Checking clap v4.6.6
#18 15.56     Checking zerofrom v0.1.8
#18 15.60     Checking tracing v0.1.44
#18 15.64     Checking yoke v0.8.3
#18 15.69    Compiling verus_builtin_macros v0.0.0-2026-09-06-0133
#18 15.69    Compiling verus_state_machines_macros v0.0.0-2026-09-06-0133
#18 15.81     Checking zerovec v0.11.8
#18 15.81     Checking zerotrie v0.2.5
#18 16.30     Checking strum v0.28.0
#18 16.35     Checking tinystr v0.8.4
#18 16.35     Checking potential_utf v0.1.6
#18 16.43     Checking icu_collections v2.3.0
#18 16.48     Checking icu_locale_core v2.3.0
#18 16.90     Checking fluent-uri v0.4.1
#18 16.90     Checking serde_yaml v0.9.34+deprecated
#18 16.90     Checking email_address v0.2.9
#18 16.90     Checking tracing-serde v0.2.0
#18 17.00     Checking tracing-subscriber v0.3.23
#18 17.08     Checking jsonschema-value v0.55.0
#18 17.19     Checking icu_provider v2.3.1
#18 17.38     Checking icu_normalizer v2.3.0
#18 17.38     Checking icu_properties v2.3.0
#18 17.43     Checking referencing v0.55.0
#18 17.85     Checking jsonschema v0.55.0
#18 18.33     Checking idna_adapter v1.2.2
#18 18.39     Checking idna v1.1.0
#18 18.58     Checking url v2.5.8
#18 19.00     Checking ureq v2.12.1
#18 23.90     Checking gripsack-policy v0.42.0 (/app/crates/gripsack-policy)
#18 24.12     Checking gripsack-ir v0.42.0 (/app/crates/gripsack-ir)
#18 26.30     Checking gripsack-store v0.42.0 (/app/crates/gripsack-store)
#18 26.30     Checking gripsack-config v0.42.0 (/app/crates/gripsack-config)
#18 26.30     Checking griplint v0.42.0 (/app/crates/griplint)
#18 27.02     Checking gripsack-fetch v0.42.0 (/app/crates/gripsack-fetch)
#18 27.02     Checking gripsack-trace v0.42.0 (/app/crates/gripsack-trace)
#18 27.97     Checking gripsack-exec v0.42.0 (/app/crates/gripsack-exec)
#18 27.97     Checking gripsack-lint v0.42.0 (/app/crates/gripsack-lint)
#18 29.02     Checking gripsack-fuzz v0.0.0 (/app/fuzz)
#18 29.02     Checking gripsack v0.42.0 (/app/crates/gripsack)
#18 29.99     Finished `dev` profile [unoptimized + debuginfo] target(s) in 29.00s
#18 30.41    Compiling equivalent v1.0.2
#18 30.41    Compiling cfg-if v1.0.4
#18 30.41    Compiling once_cell v1.21.4
#18 30.41    Compiling memchr v2.8.3
#18 30.41    Compiling allocator-api2 v0.2.21
#18 30.41    Compiling foldhash v0.2.0
#18 30.42    Compiling itoa v1.0.18
#18 30.42    Compiling verus_builtin v0.0.0-2026-09-06-0133
#18 30.42    Compiling smallvec v1.15.2
#18 30.42    Compiling linux-raw-sys v0.12.1
#18 30.42    Compiling bitflags v2.13.1
#18 30.42    Compiling winnow v1.0.4
#18 30.42    Compiling toml_writer v1.1.2+spec-1.1.0
#18 30.42    Compiling stable_deref_trait v1.2.1
#18 30.43    Compiling percent-encoding v2.3.2
#18 30.43    Compiling maybe-owned v0.3.4
#18 30.44    Compiling libc v0.2.189
#18 30.44    Compiling serde_core v1.0.229
#18 30.44    Compiling zmij v1.0.23
#18 30.44    Compiling io-lifetimes v3.0.1
#18 30.44    Compiling io-lifetimes v2.0.4
#18 30.44    Compiling typenum v1.20.1
#18 30.45    Compiling ambient-authority v0.0.2
#18 30.45    Compiling ipnet v2.12.1
#18 30.46    Compiling fastrand v2.5.0
#18 30.46    Compiling winnow v0.7.15
#18 30.46    Compiling indexmap v2.14.0
#18 30.46    Compiling log v0.4.34
#18 30.46    Compiling zeroize v1.9.0
#18 30.46    Compiling thiserror v2.0.20
#18 30.46    Compiling zerofrom v0.1.8
#18 30.46    Compiling writeable v0.6.4
#18 30.46    Compiling litemap v0.8.3
#18 30.46    Compiling const-oid v0.10.2
#18 30.47    Compiling cpufeatures v0.3.0
#18 30.55    Compiling io-extras v0.19.0
#18 30.56    Compiling utf8_iter v1.0.4
#18 30.57    Compiling icu_normalizer_data v2.3.0
#18 30.58    Compiling icu_properties_data v2.3.0
#18 30.59    Compiling pin-project-lite v0.2.17
#18 30.59    Compiling untrusted v0.9.0
#18 30.62    Compiling tracing-core v0.1.36
#18 30.64    Compiling simd-adler32 v0.3.10
#18 30.65    Compiling crc32fast v1.5.1
#18 30.67    Compiling adler2 v2.0.1
#18 30.68    Compiling form_urlencoded v1.2.2
#18 30.68    Compiling bumpalo v3.20.3
#18 30.69    Compiling libbz2-rs-sys v0.2.5
#18 30.72    Compiling yoke v0.8.3
#18 30.73    Compiling rustls-pki-types v1.15.1
#18 30.73    Compiling zlib-rs v0.6.7
#18 30.75    Compiling regex-syntax v0.8.11
#18 30.75    Compiling subtle v2.6.1
#18 30.75    Compiling openssl-probe v0.2.1
#18 30.77    Compiling typed-path v0.12.3
#18 30.80    Compiling base64 v0.22.1
#18 30.81    Compiling num-traits v0.2.19
#18 30.82    Compiling httpdate v1.0.3
#18 30.88    Compiling hashbrown v0.17.1
#18 30.89    Compiling scopeguard v1.2.0
#18 30.89    Compiling zerocopy v0.8.56
#18 30.90    Compiling ref-cast v1.0.27
#18 30.90    Compiling borrow-or-share v0.2.4
#18 30.94    Compiling rustix v1.1.4
#18 30.95    Compiling zerovec v0.11.8
#18 30.95    Compiling zerotrie v0.2.5
#18 30.97    Compiling miniz_oxide v0.8.9
#18 31.00    Compiling lock_api v0.4.14
#18 31.00    Compiling bit-vec v0.8.0
#18 31.00    Compiling micromap v0.3.0
#18 31.00    Compiling bytecount v0.6.9
#18 31.01    Compiling ryu v1.0.23
#18 31.04    Compiling unsafe-libyaml v0.2.11
#18 31.04    Compiling outref v0.5.2
#18 31.09    Compiling zopfli v0.8.3
#18 31.15    Compiling vsimd v0.8.0
#18 31.17    Compiling num-cmp v0.1.0
#18 31.24    Compiling strum v0.28.0
#18 31.34    Compiling tracing v0.1.44
#18 31.36    Compiling webpki-roots v1.0.9
#18 31.36    Compiling aho-corasick v1.1.5
#18 31.43    Compiling rustls-native-certs v0.8.4
#18 31.46    Compiling bit-set v0.8.0
#18 31.46    Compiling unicode-general-category v1.1.0
#18 31.47    Compiling webpki-roots v0.26.11
#18 31.48    Compiling data-encoding v2.11.1
#18 31.49    Compiling bzip2 v0.6.1
#18 31.55    Compiling lazy_static v1.5.0
#18 31.58    Compiling tracing-log v0.2.0
#18 31.67    Compiling sharded-slab v0.1.7
#18 31.67    Compiling thread_local v1.1.10
#18 31.68    Compiling nu-ansi-term v0.50.3
#18 31.69    Compiling utf8parse v0.2.2
#18 31.74    Compiling anstyle v1.0.14
#18 31.80    Compiling anstyle-parse v1.0.0
#18 31.82    Compiling verus_state_machines_macros v0.0.0-2026-09-06-0133
#18 31.84    Compiling is_terminal_polyfill v1.70.2
#18 31.93    Compiling anstyle-query v1.1.5
#18 31.94    Compiling colorchoice v1.0.5
#18 31.95    Compiling hybrid-array v0.4.14
#18 31.97    Compiling uuid-simd v0.8.0
#18 32.01    Compiling tinystr v0.8.4
#18 32.04    Compiling potential_utf v0.1.6
#18 32.06    Compiling unicode-width v0.2.2
#18 32.08    Compiling anstream v1.0.0
#18 32.11    Compiling jobserver v0.1.35
#18 32.12    Compiling getrandom v0.4.3
#18 32.12    Compiling getrandom v0.2.17
#18 32.13    Compiling gripsack-process v0.42.0 (/app/crates/gripsack-process)
#18 32.14    Compiling filetime v0.2.29
#18 32.17    Compiling parking_lot_core v0.9.12
#18 32.23    Compiling icu_collections v2.3.0
#18 32.25    Compiling num-integer v0.1.47
#18 32.28    Compiling icu_locale_core v2.3.0
#18 32.31    Compiling num-complex v0.4.6
#18 32.34    Compiling toml_parser v1.1.3+spec-1.1.0
#18 32.34    Compiling getrandom v0.3.4
#18 32.40    Compiling console v0.16.4
#18 32.41    Compiling strsim v0.11.1
#18 32.41    Compiling clap_lex v1.1.0
#18 32.41    Compiling portable-atomic v1.15.0
#18 32.46    Compiling cc v1.4.4
#18 32.51    Compiling parking_lot v0.12.5
#18 32.60    Compiling unit-prefix v0.5.2
#18 32.62    Compiling shell-words v1.1.1
#18 32.63    Compiling owo-colors v4.3.0
#18 32.71    Compiling num-bigint v0.4.8
#18 32.73    Compiling num-iter v0.1.46
#18 32.78    Compiling clap_builder v4.6.6
#18 32.86    Compiling crypto-common v0.2.2
#18 32.86    Compiling block-buffer v0.12.1
#18 33.36    Compiling indicatif v0.18.6
#18 33.71    Compiling regex-automata v0.4.18
#18 33.71    Compiling jsonschema-regex v0.55.0
#18 33.75    Compiling icu_provider v2.3.1
#18 34.04    Compiling icu_normalizer v2.3.0
#18 34.04    Compiling icu_properties v2.3.0
#18 34.10    Compiling serde v1.0.229
#18 34.12    Compiling serde_json v1.0.151
#18 34.13    Compiling serde_spanned v1.1.1
#18 34.15    Compiling toml_datetime v0.7.5+spec-1.1.0
#18 34.16    Compiling digest v0.11.3
#18 34.18    Compiling toml_datetime v1.1.1+spec-1.1.0
#18 34.37    Compiling sha2 v0.11.0
#18 34.46    Compiling toml v0.9.12+spec-1.1.0
#18 34.48    Compiling toml v1.1.4+spec-1.1.0
#18 34.48    Compiling toml_edit v0.25.13+spec-1.1.0
#18 34.53    Compiling ring v0.17.14
#18 34.53    Compiling zstd-sys v2.0.16+zstd.1.5.7
#18 34.53    Compiling lzma-sys v0.1.20
#18 34.61    Compiling flate2 v1.1.9
#18 34.70    Compiling num-rational v0.4.2
#18 35.03    Compiling fluent-uri v0.4.1
#18 35.03    Compiling serde_yaml v0.9.34+deprecated
#18 35.03    Compiling email_address v0.2.9
#18 35.03    Compiling tracing-serde v0.2.0
#18 35.27    Compiling num v0.4.3
#18 35.31    Compiling fraction v0.17.0
#18 35.92    Compiling idna_adapter v1.2.2
#18 36.02    Compiling idna v1.1.0
#18 36.05    Compiling rustix-linux-procfs v0.1.1
#18 36.05    Compiling fs-set-times v0.20.3
#18 36.05    Compiling tempfile v3.27.0
#18 36.05    Compiling xattr v1.6.1
#18 36.06    Compiling clap v4.6.6
#18 36.16    Compiling xz2 v0.1.7
#18 36.23    Compiling tar v0.4.46
#18 36.26    Compiling cap-primitives v4.0.3
#18 36.43    Compiling dialoguer v0.12.0
#18 36.49    Compiling url v2.5.8
#18 37.09    Compiling cap-std v4.0.3
#18 37.44    Compiling gripsack-fs v0.42.0 (/app/crates/gripsack-fs)
#18 37.62    Compiling rustls v0.23.43
#18 37.75    Compiling ahash v0.8.12
#18 38.00    Compiling jsonschema-value v0.55.0
#18 38.00    Compiling referencing v0.55.0
#18 38.50    Compiling fancy-regex v0.19.1
#18 38.50    Compiling regex v1.13.1
#18 38.50    Compiling matchers v0.2.0
#18 38.51    Compiling vstd v0.0.0-2026-09-06-0133
#18 38.58    Compiling tracing-subscriber v0.3.23
#18 39.23    Compiling zstd-safe v7.2.4
#18 39.28    Compiling rustls-webpki v0.103.15
#18 39.43    Compiling zstd v0.13.3
#18 39.48    Compiling jsonschema v0.55.0
#18 39.67    Compiling zip v8.6.0
#18 41.08    Compiling gripsack-policy v0.42.0 (/app/crates/gripsack-policy)
#18 41.32    Compiling gripsack-ir v0.42.0 (/app/crates/gripsack-ir)
#18 43.33    Compiling ureq v2.12.1
#18 45.06    Compiling gripsack-store v0.42.0 (/app/crates/gripsack-store)
#18 45.06    Compiling gripsack-config v0.42.0 (/app/crates/gripsack-config)
#18 45.06    Compiling griplint v0.42.0 (/app/crates/griplint)
#18 46.39    Compiling gripsack-fetch v0.42.0 (/app/crates/gripsack-fetch)
#18 46.39    Compiling gripsack-trace v0.42.0 (/app/crates/gripsack-trace)
#18 48.44    Compiling gripsack-exec v0.42.0 (/app/crates/gripsack-exec)
#18 48.44    Compiling gripsack-lint v0.42.0 (/app/crates/gripsack-lint)
#18 50.68    Compiling gripsack-fuzz v0.0.0 (/app/fuzz)
#18 53.78    Compiling gripsack v0.42.0 (/app/crates/gripsack)
#18 62.00     Finished `test` profile [unoptimized + debuginfo] target(s) in 31.95s
#18 62.04      Running unittests src/lib.rs (target/debug/deps/griplint-649ce6e1a3a65ac3)
#18 62.04 
#18 62.04 running 19 tests
#18 62.05 test admission::tests::file_loader_has_the_same_admission_boundary ... ok
#18 62.05 test admission::tests::explicit_no_table_preserves_coverage_without_parsing ... ok
#18 62.05 test document::tests::error_spans_map_bytes_to_code_point_columns ... ok
#18 62.05 test document::tests::indented_multichar_keys_get_real_columns ... ok
#18 62.05 test golden::severity_serializes_lowercase ... ok
#18 62.05 test value::tests::numbers_compare_across_int_and_float ... ok
#18 62.05 test checks::tests::version_coverage_is_numeric_not_textual ... ok
#18 62.05 test value::tests::typed_matching_keeps_null_and_boolean_distinct ... ok
#18 62.05 test document::tests::json_and_yaml_null_stay_null ... ok
#18 62.05 test difflib::tests::the_fixture_suggestions_hold ... ok
#18 62.05 test admission::tests::formats_dispatch_without_extension_assumptions ... ok
#18 62.05 test admission::tests::free_keys_and_sections_preserve_arbitrary_descendants ... ok
#18 62.05 test admission::tests::key_diagnostics_and_leniency_survive_admission ... ok
#18 62.05 test admission::tests::whole_rules_check_sections_without_checking_their_members ... ok
#18 62.06 test admission::tests::markers_are_typed_and_exclusive ... ok
#18 62.06 test admission::tests::malformed_key_rules_never_turn_sections_free ... ok
#18 62.06 test admission::tests::metadata_and_dispatch_must_be_actionable ... ok
#18 62.11 test admission::tests::every_embedded_pack_is_admitted ... ok
#18 62.24 test golden::golden_corpus_replays ... ok
#18 62.24 
#18 62.24 test result: ok. 19 passed; 0 failed; 0 ignored; 0 measured; 0 filtered out; finished in 0.20s
#18 62.24 
#18 62.24      Running unittests src/main.rs (target/debug/deps/grip-cbad5dbf9152979c)
#18 62.24 
#18 62.24 running 21 tests
#18 62.24 test commands::adopt::generate::tests::ident_is_always_a_valid_ts_identifier ... ok
#18 62.24 test commands::adopt::generate::tests::module_source_escapes_hostile_strings ... ok
#18 62.24 test commands::adopt::generate::tests::module_source_shapes ... ok
#18 62.24 test commands::adopt::generate::tests::names_and_idents ... ok
#18 62.24 test commands::adopt::generate::tests::update_host_bails_on_unexpected_shape ... ok
#18 62.24 test commands::adopt::generate::tests::update_host_ignores_the_template_header_comment ... ok
#18 62.24 test commands::adopt::generate::tests::update_host_multiline_array ... ok
#18 62.24 test commands::adopt::generate::tests::update_host_single_line_arrays ... ok
#18 62.24 test render::tests::missing_file_degrades_gracefully ... ok
#18 62.24 test render::tests::renders_header_and_help_without_color ... ok
#18 62.25 test commands::self_update::installation::tests::deleted_suffix_is_only_stripped_for_a_missing_original ... ok
#18 62.25 test commands::self_update::installation::tests::replacement_invalidates_installed_version_evidence ... ok
#18 62.25 test commands::self_update::installation::tests::parent_drift_does_not_redirect_publication ... ok
#18 62.25 test commands::self_update::payload::tests::root_and_nested_candidates_are_ambiguous ... ok
#18 62.25 test commands::self_update::payload::tests::probe_requires_success_and_a_single_grip_version ... ok
#18 62.25 test render::tests::invalid_diagnostic_coordinates_never_read_a_source_snippet ... ok
#18 62.25 test render::tests::renders_snippet_when_file_exists ... ok
#18 62.25 test commands::self_update::payload::tests::symlink_files_and_symlink_directories_are_not_candidates ... ok
#18 62.25 test render::tests::source_snippets_cannot_escape_the_repo_capability ... ok
#18 62.26 test commands::self_update::installation::tests::symlink_install_keeps_target_semantics ... ok
#18 62.26 test commands::self_update::payload::tests::flooding_version_peer_is_rejected ... ok
#18 62.26 
#18 62.26 test result: ok. 21 passed; 0 failed; 0 ignored; 0 measured; 0 filtered out; finished in 0.02s
#18 62.26 
#18 62.26      Running unittests src/lib.rs (target/debug/deps/gripsack_config-98cadf244e260699)
#18 62.26 
#18 62.26 running 11 tests
#18 62.26 test tests::defaults_are_sane ... ok
#18 62.26 test tests::eval_deps_is_gone ... ok
#18 62.26 test tests::parses_throttle_table ... ok
#18 62.26 test tests::python_frontend_is_a_migration_error ... ok
#18 62.26 test tests::repo_wins_user_fills_gaps ... ok
#18 62.26 test tests::parses_env_toml ... ok
#18 62.26 test tests::typescript_frontend_declaration_is_tolerated ... ok
#18 62.26 test tests::typo_key_is_a_span_labeled_diagnostic ... ok
#18 62.26 test tests::unknown_frontend_value_errors_the_same_way ... ok
#18 62.26 test tests::unknown_top_level_key_is_an_error ... ok
#18 62.26 test tests::user_value_used_when_repo_silent ... ok
#18 62.26 
#18 62.26 test result: ok. 11 passed; 0 failed; 0 ignored; 0 measured; 0 filtered out; finished in 0.00s
#18 62.26 
#18 62.26      Running unittests src/lib.rs (target/debug/deps/gripsack_exec-6cb5e4477367be3e)
#18 62.26 
#18 62.26 running 49 tests
#18 62.26 test facts::tests::facts_match_the_running_host ... ok
#18 62.26 test facts::tests::glibc_version_parses_both_ldd_wordings ... ok
#18 62.26 test frontend::tests::path_deno_version_gate_matches_major ... ok
#18 62.26 test lineage_model::a_mid_apply_external_write_is_aborted_never_clobbered ... ok
#18 62.26 test lineage_model::chmod_only_drift_is_preserved_never_silently_reverted ... ok
#18 62.26 test lineage_model::preserved_drift_never_authorizes_an_update ... ok
#18 62.26 test managed_blocks::tests::later_hand_edits_are_classified_and_other_modules_stay_untouched ... ok
#18 62.26 test managed_blocks::tests::malformed_markers_never_grant_splice_ranges ... ok
#18 62.26 test managed_blocks::tests::foreign_bytes_survive_reconcile_and_removal ... ok
#18 62.26 test managed_blocks::tests::markers_roundtrip_across_comment_styles_and_legacy_metadata ... ok
#18 62.27 test deploy::tests::restore_never_writes_a_dangling_owned_link ... ok
#18 62.27 test deploy::tests::symlinked_ancestor_into_repo_is_detected ... ok
#18 62.27 test report::update_model::every_survey_order_preserves_error_over_change_precedence ... ok
#18 62.27 test template::tests::template_substitutes_and_escapes ... ok
#18 62.27 test template::tests::template_unbalanced_braces_error ... ok
#18 62.27 test resolve::identity_tests::provenance_differences_hash_identically ... ok
#18 62.27 test template::tests::template_undefined_variable_is_a_loud_error ... ok
#18 62.27 test tests::build_edges_constrain_order_too ... ok
#18 62.27 test tests::cycles_are_named ... ok
#18 62.27 test tests::dependencies_come_first ... ok
#18 62.27 test tests::diamond_is_deterministic ... ok
#18 62.27 test tests::waves_levelize_the_dag ... ok
#18 62.27 test managed_blocks::tests::every_mode_record_participates_independently_of_order ... ok
#18 62.27 test source::overlay::tests::fetched_link_ancestor_cannot_redirect_an_overlay ... ok
#18 62.27 test source::overlay::tests::leaf_link_is_replaced_without_writing_its_target ... ok
#18 62.27 test source::overlay::tests::overlay_pin_and_bytes_belong_to_the_same_snapshot ... ok
#18 62.28 test lineage_model::ownership_lineage_holds_over_every_sequence ... ok
#18 62.28 test ops::model::tests::a_build_only_dep_plans_zero_destination_ops ... ok
#18 62.28 test source::overlay::tests::top_level_links_have_the_same_preview_and_staged_identity ... ok
#18 62.29 test deploy::tests::journaled_mutation_must_reach_its_intended_state ... ok
#18 62.29 test env::tests::empty_contributions_remove_the_file ... ok
#18 62.29 test env::tests::duplicate_contributions_render_once ... ok
#18 62.30 test lockfile::tests::roundtrip ... ok
#18 62.30 test env::tests::renders_set_prepend_append_with_store_resolution ... ok
#18 62.30 test ops::model::tests::a_spelling_change_plans_no_op ... ok
#18 62.34 test gc::tests::why_owns_finds_the_owner ... ok
#18 62.34 test gc::tests::collects_only_unreferenced_store_paths ... ok
#18 62.34 test gc::tests::keep_generations_prunes_oldest_and_their_paths ... ok
#18 62.34 test gc::tests::never_prunes_the_current_generation ... ok
#18 62.34 test mode_model::links_carry_the_payload_mode_without_normalizing_it ... ok
#18 62.37 test gc::tests::a_session_for_another_home_authorizes_nothing_here ... ok
#18 62.38 test gc::tests::unfinished_recovery_blocks_collection ... ok
#18 62.39 test gc::tests::reconciled_journal_unblocks_collection ... ok
#18 62.39 test gc::tests::quarantined_entries_block_collection ... ok
#18 62.50 test mode_model::merge_host_modes_are_planned_and_drift_never_authorizes_prune ... ok
#18 62.55 test frontend::tests::embed_materializes_tree_and_marker ... ok
#18 62.79 test frontend::tests::materialize_flips_the_stable_current_link ... ok
#18 63.66 test ops::model::tests::the_planned_op_matches_the_algebra_and_executes_to_its_intent ... ok
#18 64.03 test mode_model::whole_file_modes_survive_update_restore_drift_and_prune ... ok
#18 64.03 
#18 64.03 test result: ok. 49 passed; 0 failed; 0 ignored; 0 measured; 0 filtered out; finished in 1.77s
#18 64.03 
#18 64.03      Running tests/workspace_execution_gate.rs (target/debug/deps/workspace_execution_gate-7d9cf650dc067800)
#18 64.03 
#18 64.03 running 1 test
#18 64.04 test every_direct_executor_entry_rejects_before_home_mutation ... ok
#18 64.04 
#18 64.04 test result: ok. 1 passed; 0 failed; 0 ignored; 0 measured; 0 filtered out; finished in 0.00s
#18 64.04 
#18 64.04      Running unittests src/lib.rs (target/debug/deps/gripsack_fetch-2b9ac72ec00022b4)
#18 64.04 
#18 64.04 running 61 tests
#18 64.04 test bottle::tests::apple_silicon_orders_by_chronology_not_spelling ... ok
#18 64.04 test bottle::tests::all_is_a_last_resort_under_a_validated_policy ... ok
#18 64.04 test bottle::tests::future_macos_major_admits_its_own_codename ... ok
#18 64.04 test bottle::tests::intel_mac_never_takes_the_linux_bottle ... ok
#18 64.04 test bottle::tests::arm64_linux_is_not_a_mac_bottle ... ok
#18 64.04 test bottle::tests::intel_mac_takes_the_newest_bottle_the_host_can_run ... ok
#18 64.04 test bottle::tests::linux_matches_exact_architecture ... ok
#18 64.04 test bottle::tests::older_macos_refuses_newer_bottle_with_the_requirement ... ok
#18 64.04 test bottle::tests::missing_macos_version_fact_refuses_rather_than_guessing ... ok
#18 64.04 test bottle::tests::unsupported_architecture_fails_clearly ... ok
#18 64.04 test bottle::tests::unknown_tags_are_reported_not_matched ... ok
#18 64.04 test bottle::tests::version_parsing_is_componentwise ... ok
#18 64.04 test host::tests::bundled_releases_have_full_platform_tables ... ok
#18 64.04 test host::tests::deno_urls_use_the_glibc_linux_assets ... ok
#18 64.04 test host::tests::placeholder_table_covers_every_convention ... ok
#18 64.04 test host::tests::resolves_the_host_asset ... ok
#18 64.05 test http::body::tests::a_new_attempt_cannot_reset_consumed_transfer_bytes ... ok
#18 64.05 test http::failure::tests::certificate_failures_are_not_transient_connections ... ok
#18 64.05 test http::retry::tests::real_retry_policy_has_fixed_deadline_and_bounded_attempts ... ok
#18 64.05 test http::failure::tests::rate_limit_advice_is_evidence_based_and_locations_are_redacted ... ok
#18 64.05 test http::tests::host_binding_survives_url_normalization ... ok
#18 64.05 test http::retry::tests::terminal_classes_and_upstream_cooldowns_never_get_fast_replays ... ok
#18 64.05 test http::tests::proxy_bypass_preserves_domain_and_port_boundaries ... ok
#18 64.05 test plugins::segment_tests::traversal_tags_are_refused ... ok
#18 64.05 test placeholders::tests::missing_empty_or_escaping_expansions_never_become_paths ... ok
#18 64.05 test placeholders::tests::explicit_bare_version_is_shared_without_changing_legacy_asset_precedence ... ok
#18 64.05 test plugins::tests::parse_ref_shapes ... ok
#18 64.05 test http::tests::credential_routing_model_uses_actual_host_selector ... ok
#18 64.05 test resolve::atom_tests::no_core_tag_is_none_and_malformed_versions_skip ... ok
#18 64.05 test resolve::atom_tests::picks_the_newest_core_tag_among_mixed_namespaces ... ok
#18 64.05 test resolve::base_url_tests::bare_ghe_host_gets_api_v3 ... ok
#18 64.05 test resolve::tests::missing_asset_lists_available ... ok
#18 64.05 test resolve::tests::picks_expanded_asset ... ok
#18 64.05 test resolve::tests::v_prefix_variants_match ... ok
#18 64.05 test tests::exe_naming ... ok
#18 64.05 test throttle::tests::parses_budget_syntax ... ok
#18 64.05 test throttle::tests::plugin_declaration_replaces_builtin_default ... ok
#18 64.05 test throttle::tests::unknown_domains_pass_through ... ok
#18 64.05 test throttle::tests::url_host_extraction ... ok
#18 64.05 test throttle::tests::user_override_beats_plugin_declaration ... ok
#18 64.05 test fetch::archive::tests::traversal_is_rejected_before_tar_materialization ... ok
#18 64.05 test fetch::archive::tests::zip_entry_budget_precedes_directory_allocation ... ok
#18 64.05 test fetch::archive::tests::aggregate_tar_path_metadata_is_bounded_before_extraction ... ok
#18 64.05 test fetch::plugin::tests::bounded_tree_is_checked_before_hash ... ok
#18 64.05 test fetch::archive::tests::a_symlink_destination_cannot_redirect_acquisition ... ok
#18 64.05 test tests::discovers_executable_on_path ... ok
#18 64.05 test fetch::archive::tests::zip_crc_cannot_be_bypassed_by_raw_stream_decoding ... ok
#18 64.05 test fetch::archive::tests::decompressed_limit_is_checked_on_actual_bytes ... ok
#18 64.05 test fetch::tarball::tests::transport_mismatch_never_extracts_payload ... ok
#18 64.05 test fetch::archive::tests::bare_and_compressed_binaries_preserve_executability ... ok
#18 64.05 test fetch::archive::tests::xz_tar_extracts_without_a_payload_buffer ... ok
#18 64.05 test fetch::plugin::tests::round_trip_and_reported_hash_verification ... ok
#18 64.05 test fetch::plugin::tests::no_response_or_nonzero_exit_is_not_a_fetch ... ok
#18 64.05 test plugins::tests::receipt_roundtrips_and_current_resolves ... ok
#18 64.05 test fetch::file::tests::file_fetch_extracts_tarball ... ok
#18 64.06 test fetch::plugin::tests::simultaneous_pipe_pressure_and_early_response ... ok
#18 64.06 test fetch::plugin::tests::response_does_not_hide_output_failure ... ok
#18 64.11 test fetch::git::tests::git_fetch_clones_at_rev ... ok
#18 64.30 test throttle::tests::bucket_enforces_the_budget ... ok
#18 68.57 test fetch::plugin::tests::silent_and_response_then_linger_both_fail ... ok
#18 68.58 test fetch::plugin::tests::capability_results_require_a_clean_exit ... ok
#18 68.58 
#18 68.58 test result: ok. 61 passed; 0 failed; 0 ignored; 0 measured; 0 filtered out; finished in 4.54s
#18 68.58 
#18 68.58      Running unittests src/lib.rs (target/debug/deps/gripsack_fs-269bf90eee70c137)
#18 68.59 
#18 68.59 running 14 tests
#18 68.60 test tests::copy_dir_preserves_symlinks_and_merges ... ok
#18 68.60 test streamed::tests::failed_stream_keeps_old_destination_and_cleans_private_temp ... ok
#18 68.61 test streamed::tests::publishes_complete_bytes_and_exact_mode_in_real_operation_order ... ok
#18 68.61 test tests::symlink_replace_flips_atomically ... ok
#18 68.61 test tests::atomic_write_creates_parent_dirs ... ok
#18 68.61 test persistence_model::streamed_executable_publication_is_ordered_at_every_cut ... ok
#18 68.61 test tests::atomic_write_lands_content_without_leftovers ... ok
#18 68.61 test tests::publish_lands_files_read_only ... ok
#18 68.62 test tests::atomic_write_preserves_the_destinations_mode ... ok
#18 68.62 test tests::atomic_write_with_mode_lands_exact_permissions ... ok
#18 68.62 test tests::publish_refuses_an_existing_dest ... ok
#18 68.62 test tests::publish_cross_filesystem_preserves_modes ... ok
#18 68.68 test persistence_model::atomic_file_link_and_tree_publication_are_ordered_at_every_cut ... ok
#18 69.55 test tests::writes_stay_on_the_pinned_inode_under_parent_swap ... ok
#18 69.55 
#18 69.55 test result: ok. 14 passed; 0 failed; 0 ignored; 0 measured; 0 filtered out; finished in 0.95s
#18 69.55 
#18 69.55      Running unittests src/lib.rs (target/debug/deps/gripsack_fuzz-52dc0c8d70c978ff)
#18 69.55 
#18 69.55 running 0 tests
#18 69.55 
#18 69.55 test result: ok. 0 passed; 0 failed; 0 ignored; 0 measured; 0 filtered out; finished in 0.00s
#18 69.55 
#18 69.55      Running unittests src/bin/replay.rs (target/debug/deps/replay-df42e37a883b52aa)
#18 69.55 
#18 69.55 running 0 tests
#18 69.55 
#18 69.55 test result: ok. 0 passed; 0 failed; 0 ignored; 0 measured; 0 filtered out; finished in 0.00s
#18 69.55 
#18 69.55      Running unittests src/lib.rs (target/debug/deps/gripsack_ir-3b19633ffcb5d796)
#18 69.55 
#18 69.55 running 59 tests
#18 69.55 test sema::contract_tests::unknown_fields_are_parse_errors_now ... ok
#18 69.55 test sema::destinations::tests::step_entries_obey_destination_rules ... ok
#18 69.55 test sema::destinations::case_tests::case_variant_destinations_fold_on_every_host ... ok
#18 69.55 test sema::steps::tests::single_fetch_step_pins_multiple_refused ... ok
#18 69.55 test sema::placeholders::tests::the_known_set_passes_clean ... ok
#18 69.56 test sema::tests::malformed_json_is_e000 ... ok
#18 69.56 test sema::tests::dotfiles_only_module_needs_no_source ... ok
#18 69.56 test sema::placeholders::tests::a_typo_is_an_error_with_a_span_and_a_suggestion ... ok
#18 69.56 test sema::tests::spanless_nodes_still_render ... ok
#18 69.56 test sema::tests::destination_shaped_verify_path_is_e109 ... ok
#18 69.56 test sema::tests::legacy_ir_is_rejected_before_decoding_renamed_fields ... ok
#18 69.56 test sema::tests::rejects_wrong_version ... ok
#18 69.56 test sema::tests::declared_and_builtin_resources_pass ... ok
#18 69.56 test sema::tests::unknown_edge_kind_is_span_labeled_e122 ... ok
#18 69.56 test sema::tests::merge_and_template_modes_pass_sema_with_vars_and_marker ... ok
#18 69.56 test sema::tests::explicit_steps_validate ... ok
#18 69.56 test sema::tests::undeclared_resource_is_e107 ... ok
#18 69.56 test sema::tests::run_action_parses_with_outputs ... ok
#18 69.56 test sema::tests::collects_multiple_diagnostics ... ok
#18 69.56 test sema::tests::steps_plus_declarative_fields_is_e103 ... ok
#18 69.56 test sema::workspace::names::tests::duplicate_output_names_label_both_spans ... ok
#18 69.56 test sema::tests::duplicate_and_reserved_step_ids_are_e106 ... ok
#18 69.56 test sema::tests::unknown_dependency_carries_span_and_code ... ok
#18 69.56 test sema::tests::cross_module_ref_into_declarative_module ... ok
#18 69.56 test sema::tests::external_done_barrier_is_valid_but_self_barrier_is_rejected ... ok
#18 69.56 test sema::workspace::cycles::tests::production_cycles_label_every_member ... ok
#18 69.56 test sema::workspace::cycles::tests::validation_edges_never_close_a_cycle ... ok
#18 69.56 test sema::workspace::cycles::tests::task_dependency_cycles_are_rejected ... ok
#18 69.56 test sema::workspace::policy::tests::omitted_required_validation_and_producer_fail_closed_with_both_sites ... ok
#18 69.56 test sema::workspace::policy::tests::omitted_build_input_and_runtime_edges_fail_admission ... ok
#18 69.56 test sema::tests::parses_and_validates_example ... ok
#18 69.56 test sema::workspace::refs::tests::check_subject_must_resolve_to_an_output ... ok
#18 69.56 test sema::workspace::policy::tests::catalog_index_corruption_rejects_before_closure ... ok
#18 69.57 test sema::workspace::policy::tests::production_closure_excludes_runtime_and_preserves_validation ... ok
#18 69.57 test sema::workspace::refs::tests::selection_target_mismatch_labels_both_sites ... ok
#18 69.57 test sema::workspace::tests::envelope_shape_is_version_dispatched ... ok
#18 69.57 test sema::workspace::policy::tests::projected_kind_or_binding_reclassification_fails_closed ... ok
#18 69.57 test sema::workspace::tests::profile_with_literal_file_needs_no_synthetic_package ... ok
#18 69.57 test workspace::platform::tests::target_floor_and_abi_admit_only_compatible_consumers ... ok
#18 69.57 test sema::workspace::span_value::tests::decoded_bash_interpolation_rejects_at_original_script_line ... ok
#18 69.57 test sema::workspace::tests::provider_backed_package_needs_no_recipe_output ... ok
#18 69.57 test sema::workspace::tests::package_and_recipe_workspace_admits ... ok
#18 69.57 test sema::workspace::refs::tests::producer_target_mismatch_labels_both_sites ... ok
#18 69.57 test sema::workspace::policy::tests::adjacent_local_steps_lower_to_ordering_not_build_edges ... ok
#18 69.57 test sema::workspace::tests::unknown_workspace_fields_label_the_declaring_span ... ok
#18 69.57 test sema::workspace::span_value::tests::file_content_requires_source_unless_literal ... ok
#18 69.57 test sema::paths::tests::path_shape_rules ... ok
#18 69.57 test sema::workspace::refs::tests::artifact_references_reject_non_artifact_kinds ... ok
#18 69.57 test sema::workspace::span_value::tests::incompatible_abi_and_unsafe_prefix_label_the_declaration ... ok
#18 69.57 test sema::workspace::policy::tests::projected_reference_site_substitution_fails_closed ... ok
#18 69.57 test sema::workspace::refs::tests::invalid_references_are_rejected ... ok
#18 69.57 test sema::workspace::span_value::tests::degenerate_spans_and_values_are_rejected ... ok
#18 69.57 test sema::workspace::tests::provider_fetch_fields_never_drop_silently ... ok
#18 69.57 test sema::workspace::tests::unknown_workspace_fields_never_drop_silently ... ok
#18 69.57 test sema::workspace::policy::tests::substituted_graph_references_fail_closed_at_declaration ... ok
#18 69.57 test sema::workspace::refs::tests::fixed_prefix_packages_cannot_be_selected_without_prefix ... ok
#18 69.57 test sema::workspace::refs::tests::task_schedule_profile_image_refs_are_typed ... ok
#18 69.57 test sema::workspace::context::tests::command_references_and_contexts_are_admitted ... ok
#18 69.57 test sema::workspace::refs::tests::artifact_selectors_must_be_normalized_relative_paths ... ok
#18 69.57 
#18 69.57 test result: ok. 59 passed; 0 failed; 0 ignored; 0 measured; 0 filtered out; finished in 0.02s
#18 69.57 
#18 69.57      Running tests/schema_acceptance.rs (target/debug/deps/schema_acceptance-1a169573e71c6ca0)
#18 69.57 
#18 69.57 running 3 tests
#18 69.61 test schema_pattern_assertions_execute ... ok
#18 69.61 test valid_documents_are_admitted_by_both_sides ... ok
#18 69.61 test rejected_documents_fail_both_sides ... ok
#18 69.61 
#18 69.61 test result: ok. 3 passed; 0 failed; 0 ignored; 0 measured; 0 filtered out; finished in 0.04s
#18 69.61 
#18 69.61      Running tests/workspace_admission.rs (target/debug/deps/workspace_admission-69161928380216ad)
#18 69.61 
#18 69.61 running 3 tests
#18 69.62 test provider_backed_package_lists_as_single_output ... ok
#18 69.62 test admitted_workspace_exposes_named_outputs ... ok
#18 69.62 test serialization_preserves_each_version_envelope ... ok
#18 69.62 
#18 69.62 test result: ok. 3 passed; 0 failed; 0 ignored; 0 measured; 0 filtered out; finished in 0.00s
#18 69.62 
#18 69.62      Running tests/workspace_v4_compat.rs (target/debug/deps/workspace_v4_compat-b35fac2a52f57c5d)
#18 69.62 
#18 69.62 running 3 tests
#18 69.62 test versions_reject_each_others_fields_and_bad_refs ... ok
#18 69.65 test historical_schema_and_reader_preserve_opaque_platform_strings ... ok
#18 69.65 test historical_recipe_execution_and_fixed_layout_never_gain_new_policy ... ok
#18 69.65 
#18 69.65 test result: ok. 3 passed; 0 failed; 0 ignored; 0 measured; 0 filtered out; finished in 0.04s
#18 69.65 
#18 69.65      Running tests/workspace_v5_acceptance.rs (target/debug/deps/workspace_v5_acceptance-33fcbef4cdc72330)
#18 69.65 
#18 69.65 running 5 tests
#18 69.74 test version_dispatch_asymmetry ... ok
#18 69.75 test schema_authored_constraints_execute ... ok
#18 69.75 test valid_documents_are_admitted_by_both_sides ... ok
#18 69.75 test rejected_documents_fail_both_sides ... ok
#18 69.76 test each_output_kind_rejects_undeclared_authority_with_its_own_span ... ok
#18 69.76 
#18 69.76 test result: ok. 5 passed; 0 failed; 0 ignored; 0 measured; 0 filtered out; finished in 0.10s
#18 69.76 
#18 69.76      Running unittests src/lib.rs (target/debug/deps/gripsack_lint-82a26c28fd41521b)
#18 69.76 
#18 69.76 running 8 tests
#18 69.76 test exchange::tests::severity_coercion_and_crash_codes ... ok
#18 69.76 test exchange::tests::spawn_failure_is_e01 ... ok
#18 69.76 test exchange::tests::missing_response_retains_only_last_three_stderr_lines ... ok
#18 69.76 test exchange::tests::valid_diagnostics_survive_nonzero_exit ... ok
#18 69.77 test exchange::tests::pressure_before_input_and_response_before_input_completion ... ok
#18 69.78 test exchange::tests::output_failure_after_response_keeps_diagnostics_and_adds_e02 ... ok
#18 69.82 test exchange::tests::input_limit_is_not_a_success ... ok
#18 74.24 test exchange::tests::silence_and_response_then_linger_are_deadline_failures ... ok
#18 74.24 
#18 74.24 test result: ok. 8 passed; 0 failed; 0 ignored; 0 measured; 0 filtered out; finished in 4.52s
#18 74.24 
#18 74.24      Running unittests src/lib.rs (target/debug/deps/gripsack_policy-6fb76687af620f0e)
#18 74.25 
#18 74.25 running 0 tests
#18 74.25 
#18 74.25 test result: ok. 0 passed; 0 failed; 0 ignored; 0 measured; 0 filtered out; finished in 0.00s
#18 74.25 
#18 74.25      Running tests/name_index.rs (target/debug/deps/name_index-b8d7482da2a86275)
#18 74.25 
#18 74.25 running 1 test
#18 74.25 test catalog_indices_cannot_bind_another_name_or_escape_the_catalog ... ok
#18 74.25 
#18 74.25 test result: ok. 1 passed; 0 failed; 0 ignored; 0 measured; 0 filtered out; finished in 0.00s
#18 74.25 
#18 74.25      Running tests/schedule_smoke.rs (target/debug/deps/schedule_smoke-94fdc3e3d650f21b)
#18 74.26 
#18 74.26 running 2 tests
#18 74.26 test pure_scheduler_latches_on_failure ... ok
#18 74.26 test pure_scheduler_runs_a_diamond ... ok
#18 74.26 
#18 74.26 test result: ok. 2 passed; 0 failed; 0 ignored; 0 measured; 0 filtered out; finished in 0.00s
#18 74.26 
#18 74.26      Running unittests src/lib.rs (target/debug/deps/gripsack_process-1808502d2508137d)
#18 74.26 
#18 74.26 running 19 tests
#18 74.26 test tests::defaults_match_contract ... ok
#18 74.26 test tests::input_rejected_before_spawn ... ok
#18 74.26 test tests::empty_input_is_closed_immediately ... ok
#18 74.26 test tests::lifecycle::no_response_is_a_normal_exit ... ok
#18 74.26 test tests::framing_and_input_eof ... ok
#18 74.26 test tests::exact_line_limit_and_empty_lines ... ok
#18 74.26 test tests::lifecycle::exit_and_signal_status_are_not_routing_policy ... ok
#18 74.26 test tests::spawn_error_and_zero_budget ... ok
#18 74.26 test tests::pressure::response_still_sends_input_and_preserves_exit_failure ... ok
#18 74.26 test tests::tail_is_exact_and_can_be_disabled ... ok
#18 74.27 test tests::lifecycle::callback_panic_kills_and_reaps_the_leader ... ok
#18 74.27 test tests::pressure::huge_unterminated_line_is_stopped_incrementally ... ok
#18 74.27 test tests::lifecycle::inherited_pipes_are_killed_on_leader_exit_not_after_a_linger ... ok
#18 74.27 test tests::pressure::simultaneous_input_and_output_pressure ... ok
#18 74.29 test tests::pressure::stdout_and_stderr_floods_are_cumulative ... ok
#18 74.30 test tests::pressure::response_does_not_disable_any_output_bound ... ok
#18 74.36 test tests::pressure::early_stdin_close_is_not_an_io_error ... ok
#18 77.27 test tests::lifecycle::silent_process_with_closed_pipes_still_has_a_deadline ... ok
#18 77.27 test tests::pressure::blocked_input_does_not_block_response_or_deadline ... ok
#18 77.27 
#18 77.27 test result: ok. 19 passed; 0 failed; 0 ignored; 0 measured; 0 filtered out; finished in 3.01s
#18 77.27 
#18 77.27      Running unittests src/lib.rs (target/debug/deps/gripsack_store-565ba7d1566be399)
#18 77.27 
#18 77.27 running 58 tests
#18 77.28 test hash::tests::the_two_identity_domains_never_collide ... ok
#18 77.28 test journal::marker::repeated_model::ambiguous_current_retains_partial_journal_without_touching_destinations ... ok
#18 77.28 test journal::marker::repeated_model::partial_restore_then_second_crash_keeps_new_edit_and_restores_other_dest ... ok
#18 77.28 test journal::tests::cross_variant_identities_never_compare_equal ... ok
#18 77.28 test journal::tests::marker_null_previous_generation_is_a_fresh_machine ... ok
#18 77.28 test journal::tests::marker_missing_previous_generation_is_rejected ... ok
#18 77.28 test journal::tests::marker_round_trips_through_the_wire ... ok
#18 77.28 test journal::tests::marker_rejects_duplicates_wrong_types_and_overflow ... ok
#18 77.28 test journal::model::tests::every_schedule_satisfies_the_oracle ... ok
#18 77.28 test journal::tests::wire_admission_rejects_legacy_versions_and_malformed ... ok
#18 77.28 test activation::tests::a_corrupt_record_fails_closed ... ok
#18 77.29 test paths::tests::canonical_dest_refuses_parent_traversal ... ok
#18 77.29 test hash::tests::canonical_hash_covers_symlink_target ... ok
#18 77.29 test paths::tests::generation_layout ... ok
#18 77.29 test paths::tests::hash_is_stable_and_input_sensitive ... ok
#18 77.29 test hash::tests::canonical_hash_ignores_mtime_but_not_exec_bit ... ok
#18 77.29 test hash::reference_vector::pinned_tree_vector ... ok
#18 77.29 test paths::tests::home_resolution ... ok
#18 77.29 test paths::tests::store_path_format ... ok
#18 77.29 test trust::tests::canonical_key_falls_back_to_absolute ... ok
#18 77.29 test trust::tests::only_an_explicit_y_trusts ... ok
#18 77.29 test trust::tests::prompt_values_with_control_chars_are_escaped ... ok
#18 77.29 test journal::marker::repeated_model::numeric_commit_mutant_fails_the_identical_oracle ... ok
#18 77.29 test trust::tests::rfc3339_known_instants ... ok
#18 77.29 test trust::tests::sandbox_summary_survives_wrapping_intact ... ok
#18 77.29 test hash::tests::tree_hash_is_deterministic_and_content_sensitive ... ok
#18 77.29 test hash::tests::overlay_hash_matches_materialized_staging ... ok
#18 77.29 test hash::tests::overlay_hash_of_dir_source_matches_staged_tree ... ok
#18 77.30 test journal::tests::non_utf8_destinations_are_refused_at_record ... ok
#18 77.30 test journal::tests::non_utf8_link_targets_are_refused_not_lossy_compared ... ok
#18 77.30 test journal::tests::malformed_entries_fail_closed_into_quarantine ... ok
#18 77.30 test journal::tests::legacy_untagged_entries_fail_closed_with_evidence_kept ... ok
#18 77.31 test activation::tests::pending_record_round_trips_and_clears ... ok
#18 77.31 test generations::tests::manifests_are_strictly_validated ... ok
#18 77.33 test journal::tests::crash_after_write_restores_prior_bytes ... ok
#18 77.33 test paths::tests::canonical_dest_resolves_a_symlinked_ancestor ... ok
#18 77.33 test paths::tests::canonical_dest_collapses_spelling_aliases ... ok
#18 77.33 test trust::tests::gate_blocks_untrusted_repos_without_a_tty ... ok
#18 77.33 test journal::tests::crash_between_record_and_write_restores_prior ... ok
#18 77.34 test trust::tests::trust_is_keyed_on_canonical_path ... ok
#18 77.34 test trust::tests::trust_toml_round_trip ... ok
#18 77.35 test trust::tests::remove_forgets_the_repo ... ok
#18 77.35 test generations::tests::manifest_roundtrip_and_listing ... ok
#18 77.35 test trust::tests::concurrent_adds_keep_both_entries ... ok
#18 77.36 test generations::tests::flip_and_current ... ok
#18 77.36 test journal::tests::user_edit_after_crash_wins ... ok
#18 77.36 test journal::tests::absent_prior_and_symlink_prior_recover ... ok
#18 77.36 test journal::tests::post_crash_sentinel_symlink_is_kept ... ok
#18 77.36 test journal::tests::tagged_entries_round_trip_through_the_wire ... ok
#18 77.36 test journal::tests::commit_run_clears_the_window ... ok
#18 77.36 test journal::tests::post_crash_edit_beats_the_landed_mutation ... ok
#18 77.37 test journal::tests::recovery_restores_the_exact_mode ... ok
#18 77.37 test journal::tests::crash_before_flip_restores ... ok
#18 77.38 test journal::tests::completed_rollback_reads_committed ... ok
#18 77.39 test journal::tests::crash_after_flip_but_before_cleanup_reads_committed ... ok
#18 77.40 test journal::marker::repeated_model::exhaustive_independent_destinations_and_two_crashes ... ok
#18 77.40 test generations::tests::publish_is_atomic_and_allocation_monotonic ... ok
#18 77.41 test journal::tests::crashed_rollback_restores_priors ... ok
#18 77.41 
#18 77.41 test result: ok. 58 passed; 0 failed; 0 ignored; 0 measured; 0 filtered out; finished in 0.14s
#18 77.41 
#18 77.41      Running unittests src/lib.rs (target/debug/deps/gripsack_trace-5f9edfcb191b89c2)
#18 77.41 
#18 77.41 running 0 tests
#18 77.41 
#18 77.41 test result: ok. 0 passed; 0 failed; 0 ignored; 0 measured; 0 filtered out; finished in 0.00s
#18 77.41 
#18 77.41    Doc-tests griplint
#18 77.49 
#18 77.49 running 0 tests
#18 77.49 
#18 77.49 test result: ok. 0 passed; 0 failed; 0 ignored; 0 measured; 0 filtered out; finished in 0.00s
#18 77.49 
#18 77.49    Doc-tests gripsack_config
#18 77.55 
#18 77.55 running 0 tests
#18 77.55 
#18 77.55 test result: ok. 0 passed; 0 failed; 0 ignored; 0 measured; 0 filtered out; finished in 0.00s
#18 77.55 
#18 77.55    Doc-tests gripsack_exec
#18 77.69 
#18 77.69 running 0 tests
#18 77.69 
#18 77.69 test result: ok. 0 passed; 0 failed; 0 ignored; 0 measured; 0 filtered out; finished in 0.00s
#18 77.69 
#18 77.70    Doc-tests gripsack_fetch
#18 77.84 
#18 77.84 running 0 tests
#18 77.84 
#18 77.84 test result: ok. 0 passed; 0 failed; 0 ignored; 0 measured; 0 filtered out; finished in 0.00s
#18 77.84 
#18 77.84    Doc-tests gripsack_fs
#18 77.88 
#18 77.88 running 0 tests
#18 77.88 
#18 77.88 test result: ok. 0 passed; 0 failed; 0 ignored; 0 measured; 0 filtered out; finished in 0.00s
#18 77.88 
#18 77.89    Doc-tests gripsack_fuzz
#18 77.93 
#18 77.93 running 0 tests
#18 77.93 
#18 77.93 test result: ok. 0 passed; 0 failed; 0 ignored; 0 measured; 0 filtered out; finished in 0.00s
#18 77.93 
#18 77.94    Doc-tests gripsack_ir
#18 78.31 
#18 78.31 running 0 tests
#18 78.31 
#18 78.31 test result: ok. 0 passed; 0 failed; 0 ignored; 0 measured; 0 filtered out; finished in 0.00s
#18 78.31 
#18 78.32    Doc-tests gripsack_lint
#18 78.36 
#18 78.36 running 0 tests
#18 78.36 
#18 78.36 test result: ok. 0 passed; 0 failed; 0 ignored; 0 measured; 0 filtered out; finished in 0.00s
#18 78.36 
#18 78.37    Doc-tests gripsack_policy
#18 78.50 
#18 78.50 running 0 tests
#18 78.50 
#18 78.50 test result: ok. 0 passed; 0 failed; 0 ignored; 0 measured; 0 filtered out; finished in 0.00s
#18 78.50 
#18 78.51    Doc-tests gripsack_process
#18 78.55 
#18 78.55 running 0 tests
#18 78.55 
#18 78.55 test result: ok. 0 passed; 0 failed; 0 ignored; 0 measured; 0 filtered out; finished in 0.00s
#18 78.55 
#18 78.55    Doc-tests gripsack_store
#18 78.66 
#18 78.66 running 0 tests
#18 78.66 
#18 78.66 test result: ok. 0 passed; 0 failed; 0 ignored; 0 measured; 0 filtered out; finished in 0.00s
#18 78.66 
#18 78.67    Doc-tests gripsack_trace
#18 78.70 
#18 78.70 running 0 tests
#18 78.70 
#18 78.70 test result: ok. 0 passed; 0 failed; 0 ignored; 0 measured; 0 filtered out; finished in 0.00s
#18 78.70 
#18 DONE 79.1s

#19 [test 2/2] RUN apk add --no-cache python3     && cargo package --list -p gripsack-exec | grep -q "embedded_frontend.rs"     && python3 scripts/gen_diagnostic_registry.py --check     && python3 scripts/gen_diagnostic_registry.py --self-check     && python3 scripts/gen_frontend_embed.py --check
#19 0.679 ( 1/13) Installing libbz2 (1.0.8-r6)
#19 0.698 ( 2/13) Installing libffi (3.5.2-r1)
#19 0.707 ( 3/13) Installing gdbm (1.26-r0)
#19 0.718 ( 4/13) Installing mpdecimal (4.0.1-r0)
#19 0.732 ( 5/13) Installing ncurses-terminfo-base (6.6_p20260516-r0)
#19 0.751 ( 6/13) Installing libncursesw (6.6_p20260516-r0)
#19 0.768 ( 7/13) Installing libpanelw (6.6_p20260516-r0)
#19 0.775 ( 8/13) Installing readline (8.3.3-r1)
#19 0.790 ( 9/13) Installing sqlite-libs (3.53.4-r0)
#19 0.843 (10/13) Installing python3 (3.14.7-r1)
#19 1.303 (11/13) Installing python3-pycache-pyc0 (3.14.7-r1)
#19 1.612 (12/13) Installing pyc (3.14.7-r1)
#19 1.612 (13/13) Installing python3-pyc (3.14.7-r1)
#19 1.612 Executing busybox-1.37.0-r31.trigger
#19 1.630 OK: 246.6 MiB in 58 packages
#19 1.815 diagnostic registry: 36 unique core codes, 5 frontend allocations; generated files fresh
#19 1.838 calibration: invalid registry version rejected on its named property
#19 1.838 calibration: duplicate diagnostic code rejected on its named property
#19 1.838 calibration: duplicate frontend diagnostic name rejected on its named property
#19 1.838 diagnostic registry calibration: 3 named mutants rejected
#19 1.867 embedded_frontend.rs: fresh (30 files)
#19 DONE 1.9s

#20 exporting to image
#20 exporting layers
#20 exporting layers 54.8s done
#20 exporting manifest sha256:a0d4a9ea96aeb1bc018649e17fe6dfbfc608548fd1a0337d241583797140ca56 0.0s done
#20 exporting config sha256:cdb5d7eb9209e5da19c2fe9a2369c63e6d790aea8ba9ef756d1f247439d351c2 0.0s done
#20 exporting attestation manifest sha256:774af94e44878908350035a98d64a150237fec38831cbd9fee0423ef62740608 0.0s done
#20 exporting manifest list sha256:b0f73fddae1e1e25f42001bea4f20681efdf373b14dd763ecfeb8de97f2600b0 0.0s done
#20 naming to docker.io/library/gripsack-test:latest done
#20 unpacking to docker.io/library/gripsack-test:latest
#20 unpacking to docker.io/library/gripsack-test:latest 13.0s done
#20 DONE 67.9s

#21 resolving provenance for metadata file
#21 DONE 0.0s
 Image gripsack-test Built 
 Container gripsack-test-run-739b70240a40 Creating 
 Container gripsack-test-run-739b70240a40 Created 
   Compiling memchr v2.8.3
   Compiling serde_json v1.0.151
   Compiling smallvec v1.15.2
   Compiling once_cell v1.21.4
   Compiling indexmap v2.14.0
   Compiling syn v3.0.4
   Compiling syn v2.0.119
   Compiling parking_lot_core v0.9.12
   Compiling parking_lot v0.12.5
   Compiling aho-corasick v1.1.5
   Compiling verus_state_machines_macros v0.0.0-2026-09-06-0133
   Compiling regex-automata v0.4.18
   Compiling serde_derive v1.0.229
   Compiling ref-cast-impl v1.0.27
   Compiling thiserror-impl v2.0.20
   Compiling ref-cast v1.0.27
   Compiling thiserror v2.0.20
   Compiling synstructure v0.13.2
   Compiling fancy-regex v0.19.1
   Compiling regex v1.13.1
   Compiling verus_builtin_macros v0.0.0-2026-09-06-0133
   Compiling strum_macros v0.28.0
   Compiling serde v1.0.229
   Compiling ahash v0.8.12
   Compiling fluent-uri v0.4.1
   Compiling email_address v0.2.9
   Compiling jsonschema-value v0.55.0
   Compiling referencing v0.55.0
   Compiling strum v0.28.0
   Compiling jsonschema v0.55.0
   Compiling vstd v0.0.0-2026-09-06-0133
   Compiling gripsack-policy v0.42.0 (/app/crates/gripsack-policy)
   Compiling gripsack-ir v0.42.0 (/app/crates/gripsack-ir)
    Finished `test` profile [unoptimized + debuginfo] target(s) in 26.27s
     Running unittests src/lib.rs (target/debug/deps/gripsack_ir-eab45e62e10ebf28)

running 8 tests
test sema::workspace::policy::tests::omitted_build_input_and_runtime_edges_fail_admission ... ok
test sema::workspace::policy::tests::omitted_required_validation_and_producer_fail_closed_with_both_sites ... ok
test sema::workspace::policy::tests::production_closure_excludes_runtime_and_preserves_validation ... ok
test sema::workspace::policy::tests::catalog_index_corruption_rejects_before_closure ... ok
test sema::workspace::policy::tests::projected_kind_or_binding_reclassification_fails_closed ... ok
test sema::workspace::policy::tests::adjacent_local_steps_lower_to_ordering_not_build_edges ... ok
test sema::workspace::policy::tests::projected_reference_site_substitution_fails_closed ... ok
test sema::workspace::policy::tests::substituted_graph_references_fail_closed_at_declaration ... ok

test result: ok. 8 passed; 0 failed; 0 ignored; 0 measured; 51 filtered out; finished in 0.01s

     Running tests/schema_acceptance.rs (target/debug/deps/schema_acceptance-e26e17c43a31f47c)

running 0 tests

test result: ok. 0 passed; 0 failed; 0 ignored; 0 measured; 3 filtered out; finished in 0.00s

     Running tests/workspace_admission.rs (target/debug/deps/workspace_admission-7e484dace91cfc16)

running 0 tests

test result: ok. 0 passed; 0 failed; 0 ignored; 0 measured; 3 filtered out; finished in 0.00s

     Running tests/workspace_v4_compat.rs (target/debug/deps/workspace_v4_compat-c35c9f811f359518)

running 0 tests

test result: ok. 0 passed; 0 failed; 0 ignored; 0 measured; 3 filtered out; finished in 0.00s

     Running tests/workspace_v5_acceptance.rs (target/debug/deps/workspace_v5_acceptance-72a6444be37192ed)

running 0 tests

test result: ok. 0 passed; 0 failed; 0 ignored; 0 measured; 5 filtered out; finished in 0.00s

 Image gripsack-e2e Building 
#1 [internal] load local bake definitions
#1 reading from stdin 525B done
#1 DONE 0.0s

#2 [internal] load build definition from Dockerfile
#2 transferring dockerfile: 10.04kB done
#2 DONE 0.0s

#3 resolve image config for docker-image://docker.io/docker/dockerfile:1
#3 DONE 0.7s

#4 docker-image://docker.io/docker/dockerfile:1@sha256:ecfaec9ed6d810b56388c508f4121597bfbba70d41a6dfeee4d8cad5f295fc32
#4 resolve docker.io/docker/dockerfile:1@sha256:ecfaec9ed6d810b56388c508f4121597bfbba70d41a6dfeee4d8cad5f295fc32 0.0s done
#4 CACHED

#5 [internal] load metadata for docker.io/library/rust:alpine@sha256:a10e64dd139b7387337c7fbe8aca31b959b57b2fd4c8ae20a02cf1d6ea424dce
#5 DONE 0.0s

#6 [internal] load metadata for docker.io/library/python:3.13-slim@sha256:9d2e5553305c7c7b0097999bb17187c69b921ccd6bc9d40e4bb5ebe652c00285
#6 DONE 0.8s

#7 [internal] load .dockerignore
#7 transferring context: 139B done
#7 DONE 0.0s

#8 [e2e  4/12] ADD --checksum=sha256:394f07f4da2bebe6ce6f1e7ce0fa16429b29b08c35e3fac3fe25972676dff4b2 https://github.com/denoland/deno/releases/download/v2.9.6/deno-x86_64-unknown-linux-gnu.zip /tmp/deno.zip
#8 DONE 0.0s

#9 [builder  1/10] FROM docker.io/library/rust:alpine@sha256:a10e64dd139b7387337c7fbe8aca31b959b57b2fd4c8ae20a02cf1d6ea424dce
#9 resolve docker.io/library/rust:alpine@sha256:a10e64dd139b7387337c7fbe8aca31b959b57b2fd4c8ae20a02cf1d6ea424dce 0.0s done
#9 DONE 0.0s

#10 [e2e  1/12] FROM docker.io/library/python:3.13-slim@sha256:9d2e5553305c7c7b0097999bb17187c69b921ccd6bc9d40e4bb5ebe652c00285
#10 resolve docker.io/library/python:3.13-slim@sha256:9d2e5553305c7c7b0097999bb17187c69b921ccd6bc9d40e4bb5ebe652c00285 0.0s done
#10 DONE 0.0s

#11 [internal] load build context
#11 transferring context: 542.33kB 0.1s done
#11 DONE 0.1s

#12 [builder  2/10] RUN apk add --no-cache musl-dev git curl xz     && rustup component add clippy rustfmt
#12 CACHED

#13 [builder  3/10] RUN set -e;     arch="$(uname -m)";     case "$arch" in       x86_64)  sha=3374daaf153e6f82028add5e4bf7cc2deab46537dee24f20be80df831193aeb4 ;;       aarch64) sha=35d90cee9648037eaa4c1a2649fdca9d1b9a9997b972d37be7f8629139ba1294 ;;       *) echo "unsupported arch: $arch" >&2; exit 1 ;;     esac;     curl -fsSL -o /tmp/ca.tar.xz "https://github.com/rust-secure-code/cargo-auditable/releases/download/v0.7.5/cargo-auditable-${arch}-unknown-linux-musl.tar.xz";     echo "$sha  /tmp/ca.tar.xz" | sha256sum -c -;     mkdir -p /tmp/ca && tar -xJf /tmp/ca.tar.xz -C /tmp/ca;     mv /tmp/ca/*/cargo-auditable /usr/local/bin/cargo-auditable;     rm -rf /tmp/ca /tmp/ca.tar.xz
#13 CACHED

#14 [builder  6/10] COPY crates ./crates
#14 CACHED

#15 [builder  4/10] WORKDIR /app
#15 CACHED

#16 [builder  7/10] COPY fuzz ./fuzz
#16 CACHED

#17 [builder  8/10] COPY schema ./schema
#17 CACHED

#18 [builder  5/10] COPY Cargo.toml Cargo.lock ./
#18 CACHED

#19 [builder  9/10] COPY typescript ./typescript
#19 CACHED

#20 [builder 10/10] COPY scripts ./scripts
#20 CACHED

#21 [bin 1/1] RUN cargo build --locked -p gripsack
#21 0.245     Updating crates.io index
#21 3.518  Downloading crates ...
#21 3.603   Downloaded heck v0.5.0
#21 3.607   Downloaded adler2 v2.0.1
#21 3.610   Downloaded anstyle-parse v1.0.0
#21 3.613   Downloaded getrandom v0.4.3
#21 3.621   Downloaded fs-set-times v0.20.3
#21 3.623   Downloaded convert_case v0.4.0
#21 3.625   Downloaded httpdate v1.0.3
#21 3.628   Downloaded ambient-authority v0.0.2
#21 3.630   Downloaded anstyle-query v1.1.5
#21 3.636   Downloaded form_urlencoded v1.2.2
#21 3.636   Downloaded anstream v1.0.0
#21 3.639   Downloaded sha2 v0.11.0
#21 3.647   Downloaded maybe-owned v0.3.4
#21 3.649   Downloaded colorchoice v1.0.5
#21 3.651   Downloaded percent-encoding v2.3.2
#21 3.653   Downloaded thiserror v2.0.20
#21 3.662   Downloaded cpufeatures v0.3.0
#21 3.665   Downloaded clap_lex v1.1.0
#21 3.667   Downloaded equivalent v1.0.2
#21 3.670   Downloaded potential_utf v0.1.6
#21 3.671   Downloaded cfg-if v1.0.4
#21 3.674   Downloaded lazy_static v1.5.0
#21 3.678   Downloaded openssl-probe v0.2.1
#21 3.681   Downloaded synstructure v0.13.2
#21 3.682   Downloaded tempfile v3.27.0
#21 3.687   Downloaded itoa v1.0.18
#21 3.691   Downloaded tracing-serde v0.2.0
#21 3.693   Downloaded unit-prefix v0.5.2
#21 3.696   Downloaded is_terminal_polyfill v1.70.2
#21 3.697   Downloaded serde_spanned v1.1.1
#21 3.699   Downloaded utf8_iter v1.0.4
#21 3.701   Downloaded subtle v2.6.1
#21 3.704   Downloaded block-buffer v0.12.1
#21 3.706   Downloaded idna_adapter v1.2.2
#21 3.708   Downloaded errno v0.3.14
#21 3.711   Downloaded matchers v0.2.0
#21 3.713   Downloaded crypto-common v0.2.2
#21 3.716   Downloaded anstyle v1.0.14
#21 3.718   Downloaded dialoguer v0.12.0
#21 3.725   Downloaded fastrand v2.5.0
#21 3.728   Downloaded filetime v0.2.29
#21 3.731   Downloaded find-msvc-tools v0.1.11
#21 3.734   Downloaded digest v0.11.3
#21 3.738   Downloaded quote v1.0.47
#21 3.743   Downloaded jobserver v0.1.35
#21 3.746   Downloaded rustix-linux-procfs v0.1.1
#21 3.748   Downloaded owo-colors v4.3.0
#21 3.751   Downloaded untrusted v0.9.0
#21 3.755   Downloaded nu-ansi-term v0.50.3
#21 3.760   Downloaded ipnet v2.12.1
#21 3.763   Downloaded pin-project-lite v0.2.17
#21 3.775   Downloaded utf8parse v0.2.2
#21 3.777   Downloaded io-lifetimes v3.0.1
#21 3.779   Downloaded pkg-config v0.3.34
#21 3.782   Downloaded displaydoc v0.2.7
#21 3.785   Downloaded io-lifetimes v2.0.4
#21 3.788   Downloaded shell-words v1.1.1
#21 3.789   Downloaded getrandom v0.2.17
#21 3.794   Downloaded litemap v0.8.3
#21 3.799   Downloaded strsim v0.11.1
#21 3.802   Downloaded crc32fast v1.5.1
#21 3.806   Downloaded once_cell v1.21.4
#21 3.811   Downloaded rustls-native-certs v0.8.4
#21 3.813   Downloaded thread_local v1.1.10
#21 3.815   Downloaded rustls-pki-types v1.15.1
#21 3.819   Downloaded clap_derive v4.6.4
#21 3.823   Downloaded cap-std v4.0.3
#21 3.828   Downloaded io-extras v0.19.0
#21 3.832   Downloaded hybrid-array v0.4.14
#21 3.837   Downloaded console v0.16.4
#21 3.839   Downloaded stable_deref_trait v1.2.1
#21 3.841   Downloaded zerofrom v0.1.8
#21 3.843   Downloaded yoke-derive v0.8.2
#21 3.845   Downloaded proc-macro2 v1.0.107
#21 3.850   Downloaded webpki-roots v0.26.11
#21 3.853   Downloaded serde_core v1.0.229
#21 3.858   Downloaded libbz2-rs-sys v0.2.5
#21 3.861   Downloaded serde_derive v1.0.229
#21 3.865   Downloaded bzip2 v0.6.1
#21 3.869   Downloaded zerofrom-derive v0.1.7
#21 3.871   Downloaded const-oid v0.10.2
#21 3.874   Downloaded flate2 v1.1.9
#21 3.882   Downloaded log v0.4.34
#21 3.887   Downloaded bitflags v2.13.1
#21 3.893   Downloaded clap v4.6.6
#21 3.907   Downloaded indicatif v0.18.6
#21 3.914   Downloaded serde_yaml v0.9.34+deprecated
#21 3.919   Downloaded ryu v1.0.23
#21 3.928   Downloaded icu_locale_core v2.3.0
#21 3.942   Downloaded icu_collections v2.3.0
#21 3.952   Downloaded icu_normalizer_data v2.3.0
#21 3.955   Downloaded base64 v0.22.1
#21 3.963   Downloaded shlex v2.0.1
#21 3.966   Downloaded thiserror-impl v2.0.20
#21 3.968   Downloaded serde v1.0.229
#21 3.974   Downloaded icu_provider v2.3.1
#21 3.979   Downloaded miniz_oxide v0.8.9
#21 3.983   Downloaded rustls-webpki v0.103.15
#21 3.988   Downloaded toml_datetime v1.1.1+spec-1.1.0
#21 3.990   Downloaded cap-primitives v4.0.3
#21 4.008   Downloaded toml_writer v1.1.2+spec-1.1.0
#21 4.010   Downloaded tracing-log v0.2.0
#21 4.013   Downloaded verus_builtin v0.0.0-2026-09-06-0133
#21 4.015   Downloaded memchr v2.8.3
#21 4.027   Downloaded bumpalo v3.20.3
#21 4.031   Downloaded cc v1.4.4
#21 4.035   Downloaded icu_properties v2.3.0
#21 4.041   Downloaded indexmap v2.14.0
#21 4.048   Downloaded zmij v1.0.23
#21 4.052   Downloaded hashbrown v0.17.1
#21 4.061   Downloaded idna v1.1.0
#21 4.066   Downloaded zeroize v1.9.0
#21 4.069   Downloaded serde_json v1.0.151
#21 4.081   Downloaded clap_builder v4.6.6
#21 4.091   Downloaded zstd v0.13.3
#21 4.098   Downloaded zerovec-derive v0.11.6
#21 4.101   Downloaded icu_properties_data v2.3.0
#21 4.113   Downloaded aho-corasick v1.1.5
#21 4.121   Downloaded simd-adler32 v0.3.10
#21 4.125   Downloaded portable-atomic v1.15.0
#21 4.138   Downloaded writeable v0.6.4
#21 4.142   Downloaded tinystr v0.8.4
#21 4.147   Downloaded xattr v1.6.1
#21 4.151   Downloaded zstd-safe v7.2.4
#21 4.153   Downloaded xz2 v0.1.7
#21 4.158   Downloaded tracing-attributes v0.1.31
#21 4.163   Downloaded toml_datetime v0.7.5+spec-1.1.0
#21 4.165   Downloaded smallvec v1.15.2
#21 4.168   Downloaded regex-syntax v0.8.11
#21 4.176   Downloaded rustls v0.23.43
#21 4.194   Downloaded rustix v1.1.4
#21 4.258   Downloaded toml_parser v1.1.3+spec-1.1.0
#21 4.262   Downloaded icu_normalizer v2.3.0
#21 4.273   Downloaded regex-automata v0.4.18
#21 4.296   Downloaded unsafe-libyaml v0.2.11
#21 4.302   Downloaded sharded-slab v0.1.7
#21 4.309   Downloaded tar v0.4.46
#21 4.315   Downloaded toml v1.1.4+spec-1.1.0
#21 4.323   Downloaded lzma-sys v0.1.20
#21 4.369   Downloaded libc v0.2.189
#21 4.486   Downloaded tracing-core v0.1.36
#21 4.491   Downloaded yoke v0.8.3
#21 4.494   Downloaded unicode-ident v1.0.24
#21 4.500   Downloaded toml v0.9.12+spec-1.1.0
#21 4.508   Downloaded ring v0.17.14
#21 4.569   Downloaded zopfli v0.8.3
#21 4.572   Downloaded toml_edit v0.25.13+spec-1.1.0
#21 4.579   Downloaded url v2.5.8
#21 4.583   Downloaded linux-raw-sys v0.12.1
#21 4.647   Downloaded zerotrie v0.2.5
#21 4.654   Downloaded verus_state_machines_macros v0.0.0-2026-09-06-0133
#21 4.658   Downloaded verus_prettyplease v0.0.0-2026-09-06-0133
#21 4.664   Downloaded typenum v1.20.1
#21 4.669   Downloaded typed-path v0.12.3
#21 4.686   Downloaded ureq v2.12.1
#21 4.695   Downloaded verus_builtin_macros v0.0.0-2026-09-06-0133
#21 4.701   Downloaded zip v8.6.0
#21 4.707   Downloaded zerovec v0.11.8
#21 4.717   Downloaded winnow v0.7.15
#21 4.734   Downloaded winnow v1.0.4
#21 4.751   Downloaded tracing-subscriber v0.3.23
#21 4.765   Downloaded zlib-rs v0.6.7
#21 4.773   Downloaded webpki-roots v1.0.9
#21 4.777   Downloaded syn v2.0.119
#21 4.791   Downloaded unicode-width v0.2.2
#21 4.798   Downloaded syn v3.0.4
#21 4.812   Downloaded vstd v0.0.0-2026-09-06-0133
#21 4.828   Downloaded verus_syn v0.0.0-2026-09-06-0133
#21 4.843   Downloaded tracing v0.1.44
#21 4.860   Downloaded zstd-sys v2.0.16+zstd.1.5.7
#21 5.066    Compiling proc-macro2 v1.0.107
#21 5.066    Compiling unicode-ident v1.0.24
#21 5.066    Compiling quote v1.0.47
#21 5.066    Compiling libc v0.2.189
#21 5.073    Compiling serde_core v1.0.229
#21 5.075    Compiling shlex v2.0.1
#21 5.075    Compiling cfg-if v1.0.4
#21 5.078    Compiling find-msvc-tools v0.1.11
#21 5.081    Compiling hashbrown v0.17.1
#21 5.081    Compiling once_cell v1.21.4
#21 5.084    Compiling equivalent v1.0.2
#21 5.084    Compiling stable_deref_trait v1.2.1
#21 5.084    Compiling rustix v1.1.4
#21 5.084    Compiling linux-raw-sys v0.12.1
#21 5.087    Compiling bitflags v2.13.1
#21 5.087    Compiling pkg-config v0.3.34
#21 5.088    Compiling serde v1.0.229
#21 5.088    Compiling zmij v1.0.23
#21 5.095    Compiling verus_prettyplease v0.0.0-2026-09-06-0133
#21 5.095    Compiling itoa v1.0.18
#21 5.101    Compiling memchr v2.8.3
#21 5.102    Compiling serde_json v1.0.151
#21 5.102    Compiling io-lifetimes v3.0.1
#21 5.111    Compiling zeroize v1.9.0
#21 5.124    Compiling convert_case v0.4.0
#21 5.124    Compiling writeable v0.6.4
#21 5.133    Compiling vstd v0.0.0-2026-09-06-0133
#21 5.133    Compiling litemap v0.8.3
#21 5.138    Compiling winnow v1.0.4
#21 5.142    Compiling io-lifetimes v2.0.4
#21 5.143    Compiling log v0.4.34
#21 5.144    Compiling typenum v1.20.1
#21 5.160    Compiling utf8_iter v1.0.4
#21 5.228    Compiling verus_builtin v0.0.0-2026-09-06-0133
#21 5.238    Compiling icu_properties_data v2.3.0
#21 5.244    Compiling smallvec v1.15.2
#21 5.246    Compiling toml_writer v1.1.2+spec-1.1.0
#21 5.347    Compiling icu_normalizer_data v2.3.0
#21 5.355    Compiling thiserror v2.0.20
#21 5.386    Compiling io-extras v0.19.0
#21 5.441    Compiling rustls-pki-types v1.15.1
#21 5.453    Compiling getrandom v0.4.3
#21 5.459    Compiling cap-primitives v4.0.3
#21 5.459    Compiling tracing-core v0.1.36
#21 5.507    Compiling crc32fast v1.5.1
#21 5.522    Compiling ipnet v2.12.1
#21 5.523    Compiling cap-std v4.0.3
#21 5.540    Compiling ambient-authority v0.0.2
#21 5.608    Compiling maybe-owned v0.3.4
#21 5.608    Compiling simd-adler32 v0.3.10
#21 5.611    Compiling const-oid v0.10.2
#21 5.652    Compiling untrusted v0.9.0
#21 5.659    Compiling winnow v0.7.15
#21 5.665    Compiling fastrand v2.5.0
#21 5.672    Compiling zstd-safe v7.2.4
#21 5.697    Compiling rustls v0.23.43
#21 5.736    Compiling cpufeatures v0.3.0
#21 5.769    Compiling adler2 v2.0.1
#21 5.815    Compiling percent-encoding v2.3.2
#21 5.815    Compiling pin-project-lite v0.2.17
#21 5.826    Compiling bumpalo v3.20.3
#21 5.839    Compiling zlib-rs v0.6.7
#21 5.853    Compiling libbz2-rs-sys v0.2.5
#21 5.858    Compiling subtle v2.6.1
#21 5.903    Compiling base64 v0.22.1
#21 5.911    Compiling miniz_oxide v0.8.9
#21 5.941    Compiling openssl-probe v0.2.1
#21 5.950    Compiling utf8parse v0.2.2
#21 5.978    Compiling webpki-roots v1.0.9
#21 5.994    Compiling form_urlencoded v1.2.2
#21 6.011    Compiling regex-syntax v0.8.11
#21 6.016    Compiling typed-path v0.12.3
#21 6.016    Compiling unicode-width v0.2.2
#21 6.016    Compiling ryu v1.0.23
#21 6.069    Compiling rustls-native-certs v0.8.4
#21 6.077    Compiling anstyle-parse v1.0.0
#21 6.092    Compiling webpki-roots v0.26.11
#21 6.102    Compiling colorchoice v1.0.5
#21 6.125    Compiling lazy_static v1.5.0
#21 6.162    Compiling anstyle-query v1.1.5
#21 6.173    Compiling indexmap v2.14.0
#21 6.208    Compiling portable-atomic v1.15.0
#21 6.227    Compiling zopfli v0.8.3
#21 6.227    Compiling anstyle v1.0.14
#21 6.250    Compiling unsafe-libyaml v0.2.11
#21 6.264    Compiling is_terminal_polyfill v1.70.2
#21 6.276    Compiling httpdate v1.0.3
#21 6.276    Compiling sharded-slab v0.1.7
#21 6.284    Compiling tracing-log v0.2.0
#21 6.305    Compiling thread_local v1.1.10
#21 6.322    Compiling heck v0.5.0
#21 6.323    Compiling clap_lex v1.1.0
#21 6.329    Compiling owo-colors v4.3.0
#21 6.363    Compiling strsim v0.11.1
#21 6.371    Compiling nu-ansi-term v0.50.3
#21 6.386    Compiling unit-prefix v0.5.2
#21 6.507    Compiling anstream v1.0.0
#21 6.520    Compiling shell-words v1.1.1
#21 6.631    Compiling bzip2 v0.6.1
#21 6.789    Compiling hybrid-array v0.4.14
#21 6.857    Compiling syn v3.0.4
#21 6.858    Compiling syn v2.0.119
#21 6.865    Compiling verus_syn v0.0.0-2026-09-06-0133
#21 6.889    Compiling clap_builder v4.6.6
#21 7.106    Compiling toml_parser v1.1.3+spec-1.1.0
#21 7.254    Compiling jobserver v0.1.35
#21 7.255    Compiling getrandom v0.2.17
#21 7.263    Compiling filetime v0.2.29
#21 7.263    Compiling gripsack-process v0.42.0 (/app/crates/gripsack-process)
#21 7.263    Compiling console v0.16.4
#21 7.542    Compiling cc v1.4.4
#21 7.585    Compiling block-buffer v0.12.1
#21 7.585    Compiling crypto-common v0.2.2
#21 7.793    Compiling indicatif v0.18.6
#21 7.845    Compiling regex-automata v0.4.18
#21 8.624    Compiling digest v0.11.3
#21 8.790    Compiling sha2 v0.11.0
#21 9.026    Compiling serde_spanned v1.1.1
#21 9.026    Compiling toml_datetime v0.7.5+spec-1.1.0
#21 9.026    Compiling toml_datetime v1.1.1+spec-1.1.0
#21 9.209    Compiling zstd-sys v2.0.16+zstd.1.5.7
#21 9.209    Compiling ring v0.17.14
#21 9.209    Compiling lzma-sys v0.1.20
#21 9.262    Compiling toml v0.9.12+spec-1.1.0
#21 9.293    Compiling toml v1.1.4+spec-1.1.0
#21 9.293    Compiling toml_edit v0.25.13+spec-1.1.0
#21 9.368    Compiling flate2 v1.1.9
#21 10.33    Compiling rustix-linux-procfs v0.1.1
#21 10.33    Compiling fs-set-times v0.20.3
#21 10.33    Compiling tempfile v3.27.0
#21 10.33    Compiling xattr v1.6.1
#21 10.53    Compiling tar v0.4.46
#21 10.56    Compiling matchers v0.2.0
#21 10.63    Compiling xz2 v0.1.7
#21 10.75    Compiling dialoguer v0.12.0
#21 11.71    Compiling gripsack-fs v0.42.0 (/app/crates/gripsack-fs)
#21 12.40    Compiling synstructure v0.13.2
#21 12.67    Compiling zerovec-derive v0.11.6
#21 12.67    Compiling displaydoc v0.2.7
#21 12.67    Compiling serde_derive v1.0.229
#21 12.67    Compiling thiserror-impl v2.0.20
#21 12.67    Compiling clap_derive v4.6.4
#21 13.00    Compiling zstd v0.13.3
#21 13.19    Compiling zip v8.6.0
#21 13.77    Compiling zerofrom-derive v0.1.7
#21 13.77    Compiling yoke-derive v0.8.2
#21 13.77    Compiling tracing-attributes v0.1.31
#21 13.92    Compiling rustls-webpki v0.103.15
#21 14.95    Compiling clap v4.6.6
#21 15.27    Compiling zerofrom v0.1.8
#21 15.36    Compiling yoke v0.8.3
#21 15.41    Compiling tracing v0.1.44
#21 15.50    Compiling zerovec v0.11.8
#21 15.50    Compiling zerotrie v0.2.5
#21 15.70    Compiling verus_state_machines_macros v0.0.0-2026-09-06-0133
#21 15.70    Compiling verus_builtin_macros v0.0.0-2026-09-06-0133
#21 16.03    Compiling tinystr v0.8.4
#21 16.03    Compiling potential_utf v0.1.6
#21 16.10    Compiling icu_collections v2.3.0
#21 16.15    Compiling icu_locale_core v2.3.0
#21 16.65    Compiling serde_yaml v0.9.34+deprecated
#21 16.65    Compiling tracing-serde v0.2.0
#21 16.74    Compiling tracing-subscriber v0.3.23
#21 16.96    Compiling icu_provider v2.3.1
#21 17.16    Compiling icu_normalizer v2.3.0
#21 17.16    Compiling icu_properties v2.3.0
#21 18.20    Compiling idna_adapter v1.2.2
#21 18.29    Compiling idna v1.1.0
#21 18.67    Compiling url v2.5.8
#21 19.25    Compiling ureq v2.12.1
#21 24.45    Compiling gripsack-policy v0.42.0 (/app/crates/gripsack-policy)
#21 24.67    Compiling gripsack-ir v0.42.0 (/app/crates/gripsack-ir)
#21 27.56    Compiling gripsack-store v0.42.0 (/app/crates/gripsack-store)
#21 27.56    Compiling gripsack-config v0.42.0 (/app/crates/gripsack-config)
#21 27.56    Compiling griplint v0.42.0 (/app/crates/griplint)
#21 28.56    Compiling gripsack-fetch v0.42.0 (/app/crates/gripsack-fetch)
#21 28.56    Compiling gripsack-trace v0.42.0 (/app/crates/gripsack-trace)
#21 30.30    Compiling gripsack-exec v0.42.0 (/app/crates/gripsack-exec)
#21 30.30    Compiling gripsack-lint v0.42.0 (/app/crates/gripsack-lint)
#21 34.32    Compiling gripsack v0.42.0 (/app/crates/gripsack)
#21 39.78     Finished `dev` profile [unoptimized + debuginfo] target(s) in 39.63s
#21 DONE 40.1s

#22 [e2e  9/12] RUN cd e2e && uv sync --locked
#22 CACHED

#23 [e2e  6/12] RUN printf 'uv==%s --hash=sha256:f7d6248ad9f2d282fea795f248da8fa666ab382df50d8385bd98e01049440a0c --hash=sha256:bd0afae6918795c6a61a649e64d735e339f3d62f8310235da6f19eb3f66f323b\n' "0.12.10" > /tmp/uv.req     && pip install --no-cache-dir --no-deps --require-hashes -r /tmp/uv.req     && uv --version     && rm -f /tmp/uv.req
#23 CACHED

#24 [e2e 11/12] COPY examples ./examples
#24 CACHED

#25 [e2e  4/12] ADD --checksum=sha256:394f07f4da2bebe6ce6f1e7ce0fa16429b29b08c35e3fac3fe25972676dff4b2 https://github.com/denoland/deno/releases/download/v2.9.6/deno-x86_64-unknown-linux-gnu.zip /tmp/deno.zip
#25 CACHED

#26 [e2e  5/12] RUN python3 -m zipfile -e /tmp/deno.zip /tmp/deno     && mkdir -p /root/.local/share/gripsack/tools/deno-2.9.6     && mv /tmp/deno/deno /root/.local/share/gripsack/tools/deno-2.9.6/deno     && chmod 755 /root/.local/share/gripsack/tools/deno-2.9.6/deno     && rm -rf /tmp/deno.zip /tmp/deno
#26 CACHED

#27 [e2e 10/12] COPY e2e ./e2e
#27 CACHED

#28 [e2e  2/12] WORKDIR /app
#28 CACHED

#29 [e2e  3/12] RUN apt-get update -qq && apt-get install -y -qq --no-install-recommends git     && rm -rf /var/lib/apt/lists/*
#29 CACHED

#30 [e2e  7/12] COPY --from=bin /app/target/debug/grip /usr/local/bin/grip
#30 CACHED

#31 [e2e  8/12] COPY e2e/pyproject.toml e2e/uv.lock ./e2e/
#31 CACHED

#32 [e2e 12/12] WORKDIR /app/e2e
#32 CACHED

#33 exporting to image
#33 exporting layers done
#33 exporting manifest sha256:f3ac3788c87c563267e033f06225c391f658adcf0da646f67889d64312f2c9c7 done
#33 exporting config sha256:945f49641063db65769fd0c158d067a91f098a3648dd5d1afbbdd504dd4d0f11 done
#33 exporting attestation manifest sha256:9d6edd603663235af255a86e087de90b067815360cf978d0d425f2d90275b273 0.0s done
#33 exporting manifest list sha256:1a9d3fc14e5753b4bd3e337258d46e23f567218b74d5503f0ce121136842e66c 0.0s done
#33 naming to docker.io/library/gripsack-e2e:latest done
#33 unpacking to docker.io/library/gripsack-e2e:latest 0.0s done
#33 DONE 0.1s

#34 resolving provenance for metadata file
#34 DONE 0.0s
 Image gripsack-e2e Built 
 Container gripsack-e2e-run-eb7d0c2de1e5 Creating 
 Container gripsack-e2e-run-eb7d0c2de1e5 Created 
============================= test session starts ==============================
platform linux -- Python 3.13.15, pytest-9.1.1, pluggy-1.6.0 -- /app/e2e/.venv/bin/python
cachedir: .pytest_cache
rootdir: /app/e2e
configfile: pyproject.toml
collecting ... collected 23 items

test_workspace_contract.py::test_project_workspace_check_is_read_only_and_consumers_fail PASSED [  4%]
test_workspace_contract.py::test_all_nine_output_kinds_admit_from_one_offline_workspace PASSED [  8%]
test_workspace_contract.py::test_graduated_examples_admit_without_an_executor[dotfiles-only] PASSED [ 13%]
test_workspace_contract.py::test_graduated_examples_admit_without_an_executor[native-tool-and-profile] PASSED [ 17%]
test_workspace_contract.py::test_graduated_examples_admit_without_an_executor[source-recipe-and-command-consumer] PASSED [ 21%]
test_workspace_contract.py::test_graduated_examples_admit_without_an_executor[manual-and-scheduled-task] PASSED [ 26%]
test_workspace_contract.py::test_fluent_commands_cross_the_sandbox_without_executing PASSED [ 30%]
test_workspace_contract.py::test_bash_interpolation_rejected_by_frontend_and_decoded_ir PASSED [ 34%]
test_workspace_contract.py::test_workspace_plan_refuses_instead_of_planning_empty_legacy_profile PASSED [ 39%]
test_workspace_contract.py::test_historical_v4_workspace_cannot_become_empty_module_apply PASSED [ 43%]
test_workspace_contract.py::test_provider_package_needs_no_synthetic_recipe_or_host_entry PASSED [ 47%]
test_workspace_contract.py::test_decoded_workspace_rejects_unknown_field_with_provenance PASSED [ 52%]
test_workspace_contract.py::test_duplicate_named_outputs_report_both_declaration_sites PASSED [ 56%]
test_workspace_contract.py::test_decoded_artifact_reference_rejects_non_artifact_with_both_sites PASSED [ 60%]
test_workspace_contract.py::test_decoded_check_subject_must_exist_before_execution PASSED [ 65%]
test_workspace_contract.py::test_decoded_recipe_tool_cycle_is_rejected_before_execution PASSED [ 69%]
test_workspace_contract.py::test_decoded_artifact_selector_rejects_parent_escape PASSED [ 73%]
test_workspace_contract.py::test_decoded_package_target_mismatch_rejects_with_both_sites PASSED [ 78%]
test_workspace_contract.py::test_decoded_fixed_prefix_package_cannot_enter_prefixless_environment PASSED [ 82%]
test_workspace_contract.py::test_publication_check_cycle_is_admitted_without_pruning_or_execution PASSED [ 86%]
test_workspace_contract.py::test_tagged_execution_and_layout_fields_are_closed_with_output_spans PASSED [ 91%]
test_workspace_contract.py::test_minimum_os_and_abi_compare_declared_targets_not_checking_host PASSED [ 95%]
test_workspace_contract.py::test_fixed_prefix_selection_requires_exact_declared_environment_path PASSED [100%]

============================== 23 passed in 2.92s ==============================
A1_SOURCE_SITE=31 (8 production adapter cases + 23 real CLI workspace cases)
