RUNNER_SOURCE_COMMIT=2699d79342da7c70136840828ae3455b0e3eb257
RUNNER_SOURCE_ROOTS_DIRTY=clean (git status --porcelain -- SOURCE_ROOTS before and after direct runner: empty)
RUNNER_COMMAND=docker compose run --build --rm e2e uv run --locked --no-sync pytest -vv test_workspace_diagnostics.py -k unavailable_capability_names_first_declared_output_and_owner
RUNNER_TOOL_VERSIONS=Docker Compose v5.5.0; pytest 9.1.1
RUNNER_INPUTS=committed first-declared image B4, environment A2-P and check A2/E1 real E124 CLI fixtures under sandboxed HOME

2699d79342da7c70136840828ae3455b0e3eb257
 Image gripsack-e2e Building 
#1 [internal] load local bake definitions
#1 reading from stdin 525B done
#1 DONE 0.0s

#2 [internal] load build definition from Dockerfile
#2 transferring dockerfile: 10.04kB done
#2 DONE 0.0s

#3 resolve image config for docker-image://docker.io/docker/dockerfile:1
#3 DONE 0.5s

#4 docker-image://docker.io/docker/dockerfile:1@sha256:ecfaec9ed6d810b56388c508f4121597bfbba70d41a6dfeee4d8cad5f295fc32
#4 resolve docker.io/docker/dockerfile:1@sha256:ecfaec9ed6d810b56388c508f4121597bfbba70d41a6dfeee4d8cad5f295fc32 0.0s done
#4 CACHED

#5 [internal] load metadata for docker.io/library/rust:alpine@sha256:a10e64dd139b7387337c7fbe8aca31b959b57b2fd4c8ae20a02cf1d6ea424dce
#5 DONE 0.7s

#6 [internal] load metadata for docker.io/library/python:3.13-slim@sha256:9d2e5553305c7c7b0097999bb17187c69b921ccd6bc9d40e4bb5ebe652c00285
#6 DONE 1.0s

#7 [builder  1/10] FROM docker.io/library/rust:alpine@sha256:a10e64dd139b7387337c7fbe8aca31b959b57b2fd4c8ae20a02cf1d6ea424dce
#7 resolve docker.io/library/rust:alpine@sha256:a10e64dd139b7387337c7fbe8aca31b959b57b2fd4c8ae20a02cf1d6ea424dce 0.1s done
#7 DONE 0.1s

#8 [internal] load .dockerignore
#8 transferring context: 139B done
#8 DONE 0.0s

#9 [e2e  4/12] ADD --checksum=sha256:394f07f4da2bebe6ce6f1e7ce0fa16429b29b08c35e3fac3fe25972676dff4b2 https://github.com/denoland/deno/releases/download/v2.9.6/deno-x86_64-unknown-linux-gnu.zip /tmp/deno.zip
#9 DONE 0.0s

#10 [e2e  1/12] FROM docker.io/library/python:3.13-slim@sha256:9d2e5553305c7c7b0097999bb17187c69b921ccd6bc9d40e4bb5ebe652c00285
#10 resolve docker.io/library/python:3.13-slim@sha256:9d2e5553305c7c7b0097999bb17187c69b921ccd6bc9d40e4bb5ebe652c00285
#10 resolve docker.io/library/python:3.13-slim@sha256:9d2e5553305c7c7b0097999bb17187c69b921ccd6bc9d40e4bb5ebe652c00285 0.1s done
#10 DONE 0.1s

#11 [internal] load build context
#11 transferring context: 126.69kB 0.1s done
#11 DONE 0.1s

#12 [builder  5/10] COPY Cargo.toml Cargo.lock ./
#12 CACHED

#13 [e2e  4/12] ADD --checksum=sha256:394f07f4da2bebe6ce6f1e7ce0fa16429b29b08c35e3fac3fe25972676dff4b2 https://github.com/denoland/deno/releases/download/v2.9.6/deno-x86_64-unknown-linux-gnu.zip /tmp/deno.zip
#13 CACHED

#14 [e2e  6/12] RUN printf 'uv==%s --hash=sha256:f7d6248ad9f2d282fea795f248da8fa666ab382df50d8385bd98e01049440a0c --hash=sha256:bd0afae6918795c6a61a649e64d735e339f3d62f8310235da6f19eb3f66f323b\n' "0.12.10" > /tmp/uv.req     && pip install --no-cache-dir --no-deps --require-hashes -r /tmp/uv.req     && uv --version     && rm -f /tmp/uv.req
#14 CACHED

#15 [e2e 10/12] COPY e2e ./e2e
#15 CACHED

#16 [e2e  5/12] RUN python3 -m zipfile -e /tmp/deno.zip /tmp/deno     && mkdir -p /root/.local/share/gripsack/tools/deno-2.9.6     && mv /tmp/deno/deno /root/.local/share/gripsack/tools/deno-2.9.6/deno     && chmod 755 /root/.local/share/gripsack/tools/deno-2.9.6/deno     && rm -rf /tmp/deno.zip /tmp/deno
#16 CACHED

#17 [builder 10/10] COPY scripts ./scripts
#17 CACHED

#18 [e2e  2/12] WORKDIR /app
#18 CACHED

#19 [builder  6/10] COPY crates ./crates
#19 CACHED

#20 [e2e  9/12] RUN cd e2e && uv sync --locked
#20 CACHED

#21 [bin 1/1] RUN cargo build --locked -p gripsack
#21 CACHED

#22 [builder  8/10] COPY schema ./schema
#22 CACHED

#23 [builder  4/10] WORKDIR /app
#23 CACHED

#24 [e2e  7/12] COPY --from=bin /app/target/debug/grip /usr/local/bin/grip
#24 CACHED

#25 [e2e 11/12] COPY examples ./examples
#25 CACHED

#26 [e2e  3/12] RUN apt-get update -qq && apt-get install -y -qq --no-install-recommends git     && rm -rf /var/lib/apt/lists/*
#26 CACHED

#27 [builder  3/10] RUN set -e;     arch="$(uname -m)";     case "$arch" in       x86_64)  sha=3374daaf153e6f82028add5e4bf7cc2deab46537dee24f20be80df831193aeb4 ;;       aarch64) sha=35d90cee9648037eaa4c1a2649fdca9d1b9a9997b972d37be7f8629139ba1294 ;;       *) echo "unsupported arch: $arch" >&2; exit 1 ;;     esac;     curl -fsSL -o /tmp/ca.tar.xz "https://github.com/rust-secure-code/cargo-auditable/releases/download/v0.7.5/cargo-auditable-${arch}-unknown-linux-musl.tar.xz";     echo "$sha  /tmp/ca.tar.xz" | sha256sum -c -;     mkdir -p /tmp/ca && tar -xJf /tmp/ca.tar.xz -C /tmp/ca;     mv /tmp/ca/*/cargo-auditable /usr/local/bin/cargo-auditable;     rm -rf /tmp/ca /tmp/ca.tar.xz
#27 CACHED

#28 [e2e  8/12] COPY e2e/pyproject.toml e2e/uv.lock ./e2e/
#28 CACHED

#29 [builder  7/10] COPY fuzz ./fuzz
#29 CACHED

#30 [builder  2/10] RUN apk add --no-cache musl-dev git curl xz     && rustup component add clippy rustfmt
#30 CACHED

#31 [builder  9/10] COPY typescript ./typescript
#31 CACHED

#32 [e2e 12/12] WORKDIR /app/e2e
#32 CACHED

#33 exporting to image
#33 exporting layers done
#33 exporting manifest sha256:51d00681231105d39d838d6420487e42bf6fb6e38a24e33c54caf23d1568523e 0.0s done
#33 exporting config sha256:eb42cabdeb4a586c0f99d89b5ae7111ce1a4fb95db7886d19ed899cfa404e764 0.0s done
#33 exporting attestation manifest sha256:fe971ca4233e610bd6ca1596f7cd9890ceae7b1b835c49f11b395c0154e2ab4b 0.1s done
#33 exporting manifest list sha256:c0603f23fb29c4b829a5cb83a5e81bd227790375f1b281917cdf58d4ce3b29f7
#33 exporting manifest list sha256:c0603f23fb29c4b829a5cb83a5e81bd227790375f1b281917cdf58d4ce3b29f7 0.0s done
#33 naming to docker.io/library/gripsack-e2e:latest 0.0s done
#33 unpacking to docker.io/library/gripsack-e2e:latest 0.0s done
#33 DONE 0.3s

#34 resolving provenance for metadata file
#34 DONE 0.0s
 Image gripsack-e2e Built 
 Container gripsack-e2e-run-cb66fbedf22f Creating 
 Container gripsack-e2e-run-cb66fbedf22f Created 
============================= test session starts ==============================
platform linux -- Python 3.13.15, pytest-9.1.1, pluggy-1.6.0 -- /app/e2e/.venv/bin/python
cachedir: .pytest_cache
rootdir: /app/e2e
configfile: pyproject.toml
collecting ... collected 17 items / 14 deselected / 3 selected

test_workspace_diagnostics.py::test_unavailable_capability_names_first_declared_output_and_owner[image-worker] PASSED [ 33%]
test_workspace_diagnostics.py::test_unavailable_capability_names_first_declared_output_and_owner[environment-invocation] PASSED [ 66%]
test_workspace_diagnostics.py::test_unavailable_capability_names_first_declared_output_and_owner[check-owner-before-subject] PASSED [100%]

======================= 3 passed, 14 deselected in 0.15s =======================
A1_CAPABILITY_OWNERS=3
