GITHUB_RUN=https://github.com/gripsack-dev/gripsack/actions/runs/36239162419/job/108396317702
GITHUB_SOURCE_COMMIT=ce3c7e062335e4749b5da7e60fc7bfe8b8d5d58c
GITHUB_PLATFORM=macos-14-arm64 (native hosted Mac; virtualization capability NOT established)
GITHUB_RESULT=319 passed, zero failed/skipped in real compiled grip + sandboxed Deno frontend e2e
LOG_PROVENANCE=actual GitHub native Mac job log bytes from authenticated job endpoint. Not a Lima/BuildKit Mac-VM worker, launchd E0/E3 qualification or complete H0 semantic review.

﻿2026-09-26T11:32:55.4218410Z Current runner version: '2.337.0'
2026-09-26T11:32:55.4235340Z ##[group]Runner Image Provisioner
2026-09-26T11:32:55.4235880Z Hosted Compute Agent
2026-09-26T11:32:55.4236310Z Version: 20260828.587
2026-09-26T11:32:55.4236810Z Commit: abac92662cab4cc7352de4f9f9d2e2419aad9c29
2026-09-26T11:32:55.4237400Z Build Date: 2026-08-28T16:44:25Z
2026-09-26T11:32:55.4237840Z Worker ID: {446c2046-6327-481e-bea0-925a44c8596c}
2026-09-26T11:32:55.4238300Z Azure Region: westus
2026-09-26T11:32:55.4238910Z ##[endgroup]
2026-09-26T11:32:55.4239880Z ##[group]Operating System
2026-09-26T11:32:55.4240270Z macOS
2026-09-26T11:32:55.4240600Z 14.8.9
2026-09-26T11:32:55.4241010Z 23J631
2026-09-26T11:32:55.4241340Z ##[endgroup]
2026-09-26T11:32:55.4241780Z ##[group]Runner Image
2026-09-26T11:32:55.4242160Z Image: macos-14-arm64
2026-09-26T11:32:55.4242610Z Version: 20260831.0302.1
2026-09-26T11:32:55.4243470Z Included Software: https://github.com/actions/runner-images/blob/macos-14-arm64/20260831.0302/images/macos/macos-14-arm64-Readme.md
2026-09-26T11:32:55.4244590Z Image Release: https://github.com/actions/runner-images/releases/tag/macos-14-arm64%2F20260831.0302
2026-09-26T11:32:55.4245250Z ##[endgroup]
2026-09-26T11:32:55.4246230Z ##[group]GITHUB_TOKEN Permissions
2026-09-26T11:32:55.4247350Z Contents: read
2026-09-26T11:32:55.4247750Z Metadata: read
2026-09-26T11:32:55.4248110Z Packages: read
2026-09-26T11:32:55.4248480Z ##[endgroup]
2026-09-26T11:32:55.4249830Z Secret source: Actions
2026-09-26T11:32:55.4250470Z Cache mode: write
2026-09-26T11:32:55.4251110Z Prepare workflow directory
2026-09-26T11:32:55.4515920Z Prepare all required actions
2026-09-26T11:32:55.4550550Z Getting action download info
2026-09-26T11:32:55.6004260Z Download action repository 'actions/checkout@3d3c42e5aac5ba805825da76410c181273ba90b1' (SHA:3d3c42e5aac5ba805825da76410c181273ba90b1)
2026-09-26T11:32:55.9540950Z Download action repository 'dtolnay/rust-toolchain@6bed0761d98439e5a578e2877258200ad565ba87' (SHA:6bed0761d98439e5a578e2877258200ad565ba87)
2026-09-26T11:32:56.3213170Z Download action repository 'actions/setup-python@a26af69be951a213d495a4c3e4e4022e16d87065' (SHA:a26af69be951a213d495a4c3e4e4022e16d87065)
2026-09-26T11:32:56.4782940Z Complete job name: e2e-macos
2026-09-26T11:32:56.5162920Z ##[group]Run actions/checkout@3d3c42e5aac5ba805825da76410c181273ba90b1
2026-09-26T11:32:56.5163530Z with:
2026-09-26T11:32:56.5163840Z   repository: gripsack-dev/gripsack
2026-09-26T11:32:56.5166250Z   token: ***
2026-09-26T11:32:56.5166530Z   ssh-strict: true
2026-09-26T11:32:56.5166820Z   ssh-user: git
2026-09-26T11:32:56.5167120Z   persist-credentials: true
2026-09-26T11:32:56.5167440Z   clean: true
2026-09-26T11:32:56.5167740Z   sparse-checkout-cone-mode: true
2026-09-26T11:32:56.5168080Z   fetch-depth: 1
2026-09-26T11:32:56.5168380Z   fetch-tags: false
2026-09-26T11:32:56.5168670Z   show-progress: true
2026-09-26T11:32:56.5168970Z   lfs: false
2026-09-26T11:32:56.5169250Z   submodules: false
2026-09-26T11:32:56.5169580Z   set-safe-directory: true
2026-09-26T11:32:56.5169940Z   allow-unsafe-pr-checkout: false
2026-09-26T11:32:56.5170390Z ##[endgroup]
2026-09-26T11:32:56.7233160Z Syncing repository: gripsack-dev/gripsack
2026-09-26T11:32:56.7234670Z ##[group]Getting Git version info
2026-09-26T11:32:56.7235200Z Working directory is '/Users/runner/work/gripsack/gripsack'
2026-09-26T11:32:56.7235940Z [command]/opt/homebrew/bin/git version
2026-09-26T11:32:56.7418900Z git version 2.55.0
2026-09-26T11:32:56.7429200Z ##[endgroup]
2026-09-26T11:32:56.7434190Z Copying '/Users/runner/.gitconfig' to '/Users/runner/work/_temp/1129d066-16ea-442d-938a-4d6e956b1fbd/.gitconfig'
2026-09-26T11:32:56.7438590Z Temporarily overriding HOME='/Users/runner/work/_temp/1129d066-16ea-442d-938a-4d6e956b1fbd' before making global git config changes
2026-09-26T11:32:56.7439710Z Adding repository directory to the temporary git global config as a safe directory
2026-09-26T11:32:56.7441780Z [command]/opt/homebrew/bin/git config --global --add safe.directory /Users/runner/work/gripsack/gripsack
2026-09-26T11:32:56.7522200Z Deleting the contents of '/Users/runner/work/gripsack/gripsack'
2026-09-26T11:32:56.7524110Z ##[group]Determining repository object format
2026-09-26T11:32:56.7525020Z ##[endgroup]
2026-09-26T11:32:56.7525890Z ##[group]Initializing the repository
2026-09-26T11:32:56.7528630Z [command]/opt/homebrew/bin/git init /Users/runner/work/gripsack/gripsack
2026-09-26T11:32:56.7685270Z hint: Using 'master' as the name for the initial branch. This default branch name
2026-09-26T11:32:56.7686310Z hint: will change to "main" in Git 3.0. To configure the initial branch name
2026-09-26T11:32:56.7687060Z hint: to use in all of your new repositories, which will suppress this warning,
2026-09-26T11:32:56.7687620Z hint: call:
2026-09-26T11:32:56.7687970Z hint:
2026-09-26T11:32:56.7688420Z hint: 	git config --global init.defaultBranch <name>
2026-09-26T11:32:56.7688860Z hint:
2026-09-26T11:32:56.7689290Z hint: Names commonly chosen instead of 'master' are 'main', 'trunk' and
2026-09-26T11:32:56.7689950Z hint: 'development'. The just-created branch can be renamed via this command:
2026-09-26T11:32:56.7690520Z hint:
2026-09-26T11:32:56.7690840Z hint: 	git branch -m <name>
2026-09-26T11:32:56.7691200Z hint:
2026-09-26T11:32:56.7691670Z hint: Disable this message with "git config set advice.defaultBranchName false"
2026-09-26T11:32:56.7692450Z Initialized empty Git repository in /Users/runner/work/gripsack/gripsack/.git/
2026-09-26T11:32:56.7693840Z [command]/opt/homebrew/bin/git remote add origin https://github.com/gripsack-dev/gripsack
2026-09-26T11:32:56.7744200Z ##[endgroup]
2026-09-26T11:32:56.7744950Z ##[group]Disabling automatic garbage collection
2026-09-26T11:32:56.7746630Z [command]/opt/homebrew/bin/git config --local gc.auto 0
2026-09-26T11:32:56.7787800Z ##[endgroup]
2026-09-26T11:32:56.7788420Z ##[group]Setting up auth
2026-09-26T11:32:56.7788830Z Removing SSH command configuration
2026-09-26T11:32:56.7791600Z [command]/opt/homebrew/bin/git config --local --name-only --get-regexp core\.sshCommand
2026-09-26T11:32:56.7829060Z [command]/opt/homebrew/bin/git submodule foreach --recursive sh -c "git config --local --name-only --get-regexp 'core\.sshCommand' && git config --local --unset-all 'core.sshCommand' || :"
2026-09-26T11:32:56.8490580Z Removing HTTP extra header
2026-09-26T11:32:56.8496790Z [command]/opt/homebrew/bin/git config --local --name-only --get-regexp http\.https\:\/\/github\.com\/\.extraheader
2026-09-26T11:32:56.8537670Z [command]/opt/homebrew/bin/git submodule foreach --recursive sh -c "git config --local --name-only --get-regexp 'http\.https\:\/\/github\.com\/\.extraheader' && git config --local --unset-all 'http.https://github.com/.extraheader' || :"
2026-09-26T11:32:56.8975270Z Removing includeIf entries pointing to credentials config files
2026-09-26T11:32:56.8978130Z [command]/opt/homebrew/bin/git config --local --name-only --get-regexp ^includeIf\.gitdir:
2026-09-26T11:32:56.9013920Z [command]/opt/homebrew/bin/git submodule foreach --recursive git config --local --show-origin --name-only --get-regexp remote.origin.url
2026-09-26T11:32:56.9460720Z [command]/opt/homebrew/bin/git config --file /Users/runner/work/_temp/git-credentials-cee33f53-1c28-4ea5-b1b6-fcb1fb0e1ca2.config http.https://github.com/.extraheader AUTHORIZATION: basic ***
2026-09-26T11:32:56.9501060Z [command]/opt/homebrew/bin/git config --local includeIf.gitdir:/Users/runner/work/gripsack/gripsack/.git.path /Users/runner/work/_temp/git-credentials-cee33f53-1c28-4ea5-b1b6-fcb1fb0e1ca2.config
2026-09-26T11:32:56.9543190Z [command]/opt/homebrew/bin/git config --local includeIf.gitdir:/Users/runner/work/gripsack/gripsack/.git/worktrees/*.path /Users/runner/work/_temp/git-credentials-cee33f53-1c28-4ea5-b1b6-fcb1fb0e1ca2.config
2026-09-26T11:32:56.9580070Z [command]/opt/homebrew/bin/git config --local includeIf.gitdir:/github/workspace/.git.path /github/runner_temp/git-credentials-cee33f53-1c28-4ea5-b1b6-fcb1fb0e1ca2.config
2026-09-26T11:32:56.9619520Z [command]/opt/homebrew/bin/git config --local includeIf.gitdir:/github/workspace/.git/worktrees/*.path /github/runner_temp/git-credentials-cee33f53-1c28-4ea5-b1b6-fcb1fb0e1ca2.config
2026-09-26T11:32:56.9661520Z ##[endgroup]
2026-09-26T11:32:56.9662080Z ##[group]Fetching the repository
2026-09-26T11:32:56.9663470Z [command]/opt/homebrew/bin/git -c protocol.version=2 fetch --no-tags --prune --no-recurse-submodules --depth=1 origin +36f4ca6c1828e61dd941634348c2b499636efe10:refs/remotes/pull/164/merge
2026-09-26T11:32:59.9195150Z From https://github.com/gripsack-dev/gripsack
2026-09-26T11:32:59.9232060Z  * [new ref]         36f4ca6c1828e61dd941634348c2b499636efe10 -> pull/164/merge
2026-09-26T11:32:59.9278770Z ##[endgroup]
2026-09-26T11:32:59.9288880Z ##[group]Determining the checkout info
2026-09-26T11:32:59.9289920Z ##[endgroup]
2026-09-26T11:32:59.9290520Z [command]/opt/homebrew/bin/git sparse-checkout disable
2026-09-26T11:32:59.9292100Z [command]/opt/homebrew/bin/git config --local --unset-all extensions.worktreeConfig
2026-09-26T11:32:59.9312320Z ##[group]Checking out the ref
2026-09-26T11:32:59.9315440Z [command]/opt/homebrew/bin/git checkout --progress --force refs/remotes/pull/164/merge
2026-09-26T11:33:00.4491500Z HEAD is now at 36f4ca6 Merge ce3c7e062335e4749b5da7e60fc7bfe8b8d5d58c into db32f2050d19d1d55504f27e7a753432b9ca61e9
2026-09-26T11:33:00.4502380Z ##[endgroup]
2026-09-26T11:33:00.4580350Z [command]/opt/homebrew/bin/git log -1 --format=%H
2026-09-26T11:33:00.4625850Z 36f4ca6c1828e61dd941634348c2b499636efe10
2026-09-26T11:33:00.4859130Z ##[group]Run dtolnay/rust-toolchain@6bed0761d98439e5a578e2877258200ad565ba87
2026-09-26T11:33:00.4859510Z with:
2026-09-26T11:33:00.4859670Z   toolchain: 1.98.0
2026-09-26T11:33:00.4859840Z ##[endgroup]
2026-09-26T11:33:00.4905420Z ##[start-action display=Parse toolchain version;id=__dtolnay_rust-toolchain.parse]
2026-09-26T11:33:00.4947460Z ##[group]Run if [[ -z $toolchain ]]; then
2026-09-26T11:33:00.4947810Z [36;1mif [[ -z $toolchain ]]; then[0m
2026-09-26T11:33:00.4948240Z [36;1m  # GitHub does not enforce `required: true` inputs itself. https://github.com/actions/runner/issues/1070[0m
2026-09-26T11:33:00.4948740Z [36;1m  echo "'toolchain' is a required input" >&2[0m
2026-09-26T11:33:00.4948990Z [36;1m  exit 1[0m
2026-09-26T11:33:00.4949280Z [36;1melif [[ $toolchain =~ ^stable' '[0-9]+' '(year|month|week|day)s?' 'ago$ ]]; then[0m
2026-09-26T11:33:00.4949630Z [36;1m  if [[ macOS == macOS ]]; then[0m
2026-09-26T11:33:00.4950110Z [36;1m    echo "toolchain=1.$((($(date -v-$(sed 's/stable \([0-9]*\) \(.\).*/\1\2/' <<< $toolchain) +%s)/60/60/24-16569)/7/6))" >> $GITHUB_OUTPUT[0m
2026-09-26T11:33:00.4964590Z [36;1m  else[0m
2026-09-26T11:33:00.4964960Z [36;1m    echo "toolchain=1.$((($(date --date "${toolchain#stable }" +%s)/60/60/24-16569)/7/6))" >> $GITHUB_OUTPUT[0m
2026-09-26T11:33:00.4965350Z [36;1m  fi[0m
2026-09-26T11:33:00.4965610Z [36;1melif [[ $toolchain =~ ^stable' 'minus' '[0-9]+' 'releases?$ ]]; then[0m
2026-09-26T11:33:00.4966070Z [36;1m  echo "toolchain=1.$((($(date +%s)/60/60/24-16569)/7/6-${toolchain//[^0-9]/}))" >> $GITHUB_OUTPUT[0m
2026-09-26T11:33:00.4966470Z [36;1melif [[ $toolchain =~ ^1\.[0-9]+$ ]]; then[0m
2026-09-26T11:33:00.4966990Z [36;1m  echo "toolchain=1.$((i=${toolchain#1.}, c=($(date +%s)/60/60/24-16569)/7/6, i+9*i*(10*i<=c)+90*i*(100*i<=c)))" >> $GITHUB_OUTPUT[0m
2026-09-26T11:33:00.4967390Z [36;1melse[0m
2026-09-26T11:33:00.4967590Z [36;1m  echo "toolchain=$toolchain" >> $GITHUB_OUTPUT[0m
2026-09-26T11:33:00.4967840Z [36;1mfi[0m
2026-09-26T11:33:00.5025170Z shell: /bin/bash --noprofile --norc -e -o pipefail {0}
2026-09-26T11:33:00.5025470Z env:
2026-09-26T11:33:00.5025640Z   toolchain: 1.98.0
2026-09-26T11:33:00.5025810Z ##[endgroup]
2026-09-26T11:33:00.5298510Z ##[end-action id=__dtolnay_rust-toolchain.parse;outcome=success;conclusion=success;duration_ms=39]
2026-09-26T11:33:00.5306820Z ##[start-action display=Construct rustup command line;id=__dtolnay_rust-toolchain.flags]
2026-09-26T11:33:00.5334020Z ##[group]Run echo "targets=$(for t in ${targets//,/ }; do echo -n ' --target' $t; done)" >> $GITHUB_OUTPUT
2026-09-26T11:33:00.5334760Z [36;1mecho "targets=$(for t in ${targets//,/ }; do echo -n ' --target' $t; done)" >> $GITHUB_OUTPUT[0m
2026-09-26T11:33:00.5335280Z [36;1mecho "components=$(for c in ${components//,/ }; do echo -n ' --component' $c; done)" >> $GITHUB_OUTPUT[0m
2026-09-26T11:33:00.5335680Z [36;1mecho "downgrade=" >> $GITHUB_OUTPUT[0m
2026-09-26T11:33:00.5383490Z shell: /bin/bash --noprofile --norc -e -o pipefail {0}
2026-09-26T11:33:00.5383760Z env:
2026-09-26T11:33:00.5383920Z   targets: 
2026-09-26T11:33:00.5384080Z   components: 
2026-09-26T11:33:00.5384240Z ##[endgroup]
2026-09-26T11:33:00.5621320Z ##[end-action id=__dtolnay_rust-toolchain.flags;outcome=success;conclusion=success;duration_ms=31]
2026-09-26T11:33:00.5623720Z ##[start-action display=Set $CARGO_HOME;id=__dtolnay_rust-toolchain.__run]
2026-09-26T11:33:00.5645590Z ##[group]Run echo CARGO_HOME=${CARGO_HOME:-"$HOME/.cargo"} >> $GITHUB_ENV
2026-09-26T11:33:00.5646000Z [36;1mecho CARGO_HOME=${CARGO_HOME:-"$HOME/.cargo"} >> $GITHUB_ENV[0m
2026-09-26T11:33:00.5694220Z shell: /bin/bash --noprofile --norc -e -o pipefail {0}
2026-09-26T11:33:00.5694500Z ##[endgroup]
2026-09-26T11:33:00.5931290Z ##[end-action id=__dtolnay_rust-toolchain.__run;outcome=success;conclusion=success;duration_ms=30]
2026-09-26T11:33:00.5933870Z ##[start-action display=Install rustup if needed;id=__dtolnay_rust-toolchain.__run_2]
2026-09-26T11:33:00.5964740Z ##[group]Run if ! command -v rustup &>/dev/null; then
2026-09-26T11:33:00.5965140Z [36;1mif ! command -v rustup &>/dev/null; then[0m
2026-09-26T11:33:00.5965950Z [36;1m  curl --proto '=https' --tlsv1.2 --retry 10 --retry-connrefused --location --silent --show-error --fail https://sh.rustup.rs | sh -s -- --default-toolchain none -y[0m
2026-09-26T11:33:00.5966630Z [36;1m  echo "$CARGO_HOME/bin" >> $GITHUB_PATH[0m
2026-09-26T11:33:00.5966910Z [36;1mfi[0m
2026-09-26T11:33:00.6016950Z shell: /bin/bash --noprofile --norc -e -o pipefail {0}
2026-09-26T11:33:00.6017260Z env:
2026-09-26T11:33:00.6017460Z   CARGO_HOME: /Users/runner/.cargo
2026-09-26T11:33:00.6017680Z ##[endgroup]
2026-09-26T11:33:00.6250370Z ##[end-action id=__dtolnay_rust-toolchain.__run_2;outcome=success;conclusion=success;duration_ms=31]
2026-09-26T11:33:00.6252980Z ##[start-action display=Install rustup if needed on windows;id=__dtolnay_rust-toolchain.__run_3]
2026-09-26T11:33:00.6259550Z ##[end-action id=__dtolnay_rust-toolchain.__run_3;outcome=skipped;conclusion=skipped;duration_ms=0]
2026-09-26T11:33:00.6266920Z ##[start-action display=rustup toolchain install 1.98.0;id=__dtolnay_rust-toolchain.__run_4]
2026-09-26T11:33:00.6353430Z ##[group]Run rustup toolchain install 1.98.0 --profile minimal --no-self-update
2026-09-26T11:33:00.6353890Z [36;1mrustup toolchain install 1.98.0 --profile minimal --no-self-update[0m
2026-09-26T11:33:00.6403940Z shell: /bin/bash --noprofile --norc -e -o pipefail {0}
2026-09-26T11:33:00.6404240Z env:
2026-09-26T11:33:00.6404410Z   CARGO_HOME: /Users/runner/.cargo
2026-09-26T11:33:00.6404670Z   RUSTUP_PERMIT_COPY_RENAME: 1
2026-09-26T11:33:00.6404870Z ##[endgroup]
2026-09-26T11:33:00.6970930Z info: syncing channel updates for 1.98.0-aarch64-apple-darwin
2026-09-26T11:33:00.7897320Z info: latest update on 2026-08-20 for version 1.98.0 (88d9e12ae 2026-08-18)
2026-09-26T11:33:00.7901210Z info: downloading 3 components
2026-09-26T11:33:06.1769010Z 
2026-09-26T11:33:06.2072250Z   1.98.0-aarch64-apple-darwin installed - rustc 1.98.0 (88d9e12ae 2026-08-18)
2026-09-26T11:33:06.2073490Z info: self-update is disabled for this build of rustup
2026-09-26T11:33:06.2073960Z info: any updates to rustup will need to be fetched with your system package manager
2026-09-26T11:33:06.2074260Z 
2026-09-26T11:33:06.2141780Z ##[end-action id=__dtolnay_rust-toolchain.__run_4;outcome=success;conclusion=success;duration_ms=5584]
2026-09-26T11:33:06.2149470Z ##[start-action display=rustup default 1.98.0;id=__dtolnay_rust-toolchain.__run_5]
2026-09-26T11:33:06.2219910Z ##[group]Run rustup default 1.98.0
2026-09-26T11:33:06.2223470Z [36;1mrustup default 1.98.0[0m
2026-09-26T11:33:06.2286670Z shell: /bin/bash --noprofile --norc -e -o pipefail {0}
2026-09-26T11:33:06.2286980Z env:
2026-09-26T11:33:06.2287170Z   CARGO_HOME: /Users/runner/.cargo
2026-09-26T11:33:06.2287380Z ##[endgroup]
2026-09-26T11:33:06.2681040Z info: using existing install for 1.98.0-aarch64-apple-darwin
2026-09-26T11:33:06.2705590Z info: default toolchain set to 1.98.0-aarch64-apple-darwin
2026-09-26T11:33:06.2706020Z 
2026-09-26T11:33:06.2834500Z   1.98.0-aarch64-apple-darwin unchanged - rustc 1.98.0 (88d9e12ae 2026-08-18)
2026-09-26T11:33:06.2837130Z 
2026-09-26T11:33:06.2847700Z ##[end-action id=__dtolnay_rust-toolchain.__run_5;outcome=success;conclusion=success;duration_ms=69]
2026-09-26T11:33:06.2850680Z ##[start-action display=Create cachekey;id=__dtolnay_rust-toolchain.rustc-version]
2026-09-26T11:33:06.2891930Z ##[group]Run DATE=$(rustc +1.98.0 --version --verbose | sed -ne 's/^commit-date: \(20[0-9][0-9]\)-\([01][0-9]\)-\([0-3][0-9]\)$/\1\2\3/p')
2026-09-26T11:33:06.2892720Z [36;1mDATE=$(rustc +1.98.0 --version --verbose | sed -ne 's/^commit-date: \(20[0-9][0-9]\)-\([01][0-9]\)-\([0-3][0-9]\)$/\1\2\3/p')[0m
2026-09-26T11:33:06.2893260Z [36;1mHASH=$(rustc +1.98.0 --version --verbose | sed -ne 's/^commit-hash: //p')[0m
2026-09-26T11:33:06.2893670Z [36;1mecho "cachekey=$(echo $DATE$HASH | head -c12)" >> $GITHUB_OUTPUT[0m
2026-09-26T11:33:06.2955630Z shell: /bin/bash --noprofile --norc -e -o pipefail {0}
2026-09-26T11:33:06.2956010Z env:
2026-09-26T11:33:06.2956170Z   CARGO_HOME: /Users/runner/.cargo
2026-09-26T11:33:06.2956370Z ##[endgroup]
2026-09-26T11:33:06.3707770Z ##[end-action id=__dtolnay_rust-toolchain.rustc-version;outcome=success;conclusion=success;duration_ms=85]
2026-09-26T11:33:06.3710650Z ##[start-action display=Disable incremental compilation;id=__dtolnay_rust-toolchain.__run_6]
2026-09-26T11:33:06.3737070Z ##[group]Run if [ -z "${CARGO_INCREMENTAL+set}" ]; then
2026-09-26T11:33:06.3737440Z [36;1mif [ -z "${CARGO_INCREMENTAL+set}" ]; then[0m
2026-09-26T11:33:06.3737770Z [36;1m  echo CARGO_INCREMENTAL=0 >> $GITHUB_ENV[0m
2026-09-26T11:33:06.3737990Z [36;1mfi[0m
2026-09-26T11:33:06.3791590Z shell: /bin/bash --noprofile --norc -e -o pipefail {0}
2026-09-26T11:33:06.3791870Z env:
2026-09-26T11:33:06.3792160Z   CARGO_HOME: /Users/runner/.cargo
2026-09-26T11:33:06.3792400Z ##[endgroup]
2026-09-26T11:33:06.4048940Z ##[end-action id=__dtolnay_rust-toolchain.__run_6;outcome=success;conclusion=success;duration_ms=33]
2026-09-26T11:33:06.4051330Z ##[start-action display=Enable colors in Cargo output;id=__dtolnay_rust-toolchain.__run_7]
2026-09-26T11:33:06.4073870Z ##[group]Run if [ -z "${CARGO_TERM_COLOR+set}" ]; then
2026-09-26T11:33:06.4074170Z [36;1mif [ -z "${CARGO_TERM_COLOR+set}" ]; then[0m
2026-09-26T11:33:06.4074440Z [36;1m  echo CARGO_TERM_COLOR=always >> $GITHUB_ENV[0m
2026-09-26T11:33:06.4074660Z [36;1mfi[0m
2026-09-26T11:33:06.4122900Z shell: /bin/bash --noprofile --norc -e -o pipefail {0}
2026-09-26T11:33:06.4123160Z env:
2026-09-26T11:33:06.4123340Z   CARGO_HOME: /Users/runner/.cargo
2026-09-26T11:33:06.4123540Z   CARGO_INCREMENTAL: 0
2026-09-26T11:33:06.4123690Z ##[endgroup]
2026-09-26T11:33:06.4355970Z ##[end-action id=__dtolnay_rust-toolchain.__run_7;outcome=success;conclusion=success;duration_ms=30]
2026-09-26T11:33:06.4358380Z ##[start-action display=Enable Cargo sparse registry;id=__dtolnay_rust-toolchain.__run_8]
2026-09-26T11:33:06.4383690Z ##[group]Run # implemented in 1.66, stabilized in 1.68, made default in 1.70
2026-09-26T11:33:06.4384090Z [36;1m# implemented in 1.66, stabilized in 1.68, made default in 1.70[0m
2026-09-26T11:33:06.4384630Z [36;1mif [ -z "${CARGO_REGISTRIES_CRATES_IO_PROTOCOL+set}" -o -f "/Users/runner/work/_temp"/.implicit_cargo_registries_crates_io_protocol ]; then[0m
2026-09-26T11:33:06.4385190Z [36;1m  if rustc +1.98.0 --version --verbose | grep -q '^release: 1\.6[89]\.'; then[0m
2026-09-26T11:33:06.4385640Z [36;1m    touch "/Users/runner/work/_temp"/.implicit_cargo_registries_crates_io_protocol || true[0m
2026-09-26T11:33:06.4386290Z [36;1m    echo CARGO_REGISTRIES_CRATES_IO_PROTOCOL=sparse >> $GITHUB_ENV[0m
2026-09-26T11:33:06.4386670Z [36;1m  elif rustc +1.98.0 --version --verbose | grep -q '^release: 1\.6[67]\.'; then[0m
2026-09-26T11:33:06.4387110Z [36;1m    touch "/Users/runner/work/_temp"/.implicit_cargo_registries_crates_io_protocol || true[0m
2026-09-26T11:33:06.4387530Z [36;1m    echo CARGO_REGISTRIES_CRATES_IO_PROTOCOL=git >> $GITHUB_ENV[0m
2026-09-26T11:33:06.4387790Z [36;1m  fi[0m
2026-09-26T11:33:06.4387930Z [36;1mfi[0m
2026-09-26T11:33:06.4435620Z shell: /bin/bash --noprofile --norc -e -o pipefail {0}
2026-09-26T11:33:06.4435880Z env:
2026-09-26T11:33:06.4436030Z   CARGO_HOME: /Users/runner/.cargo
2026-09-26T11:33:06.4436340Z   CARGO_INCREMENTAL: 0
2026-09-26T11:33:06.4436520Z   CARGO_TERM_COLOR: always
2026-09-26T11:33:06.4436720Z ##[endgroup]
2026-09-26T11:33:06.5060750Z ##[end-action id=__dtolnay_rust-toolchain.__run_8;outcome=success;conclusion=success;duration_ms=70]
2026-09-26T11:33:06.5063420Z ##[start-action display=Work around spurious network errors in curl 8.0;id=__dtolnay_rust-toolchain.__run_9]
2026-09-26T11:33:06.5088520Z ##[group]Run # https://rust-lang.zulipchat.com/#narrow/stream/246057-t-cargo/topic/timeout.20investigation
2026-09-26T11:33:06.5089180Z [36;1m# https://rust-lang.zulipchat.com/#narrow/stream/246057-t-cargo/topic/timeout.20investigation[0m
2026-09-26T11:33:06.5089980Z [36;1mif rustc +1.98.0 --version --verbose | grep -q '^release: 1\.7[01]\.'; then[0m
2026-09-26T11:33:06.5090380Z [36;1m  echo CARGO_HTTP_MULTIPLEXING=false >> $GITHUB_ENV[0m
2026-09-26T11:33:06.5090640Z [36;1mfi[0m
2026-09-26T11:33:06.5143750Z shell: /bin/bash --noprofile --norc -e -o pipefail {0}
2026-09-26T11:33:06.5144040Z env:
2026-09-26T11:33:06.5144190Z   CARGO_HOME: /Users/runner/.cargo
2026-09-26T11:33:06.5144400Z   CARGO_INCREMENTAL: 0
2026-09-26T11:33:06.5144590Z   CARGO_TERM_COLOR: always
2026-09-26T11:33:06.5144780Z ##[endgroup]
2026-09-26T11:33:06.5560350Z ##[end-action id=__dtolnay_rust-toolchain.__run_9;outcome=success;conclusion=success;duration_ms=49]
2026-09-26T11:33:06.5563980Z ##[start-action display=rustc +1.98.0 --version --verbose;id=__dtolnay_rust-toolchain.__run_10]
2026-09-26T11:33:06.5583950Z ##[group]Run rustc +1.98.0 --version --verbose
2026-09-26T11:33:06.5584220Z [36;1mrustc +1.98.0 --version --verbose[0m
2026-09-26T11:33:06.5634020Z shell: /bin/bash --noprofile --norc -e -o pipefail {0}
2026-09-26T11:33:06.5634260Z env:
2026-09-26T11:33:06.5634420Z   CARGO_HOME: /Users/runner/.cargo
2026-09-26T11:33:06.5634620Z   CARGO_INCREMENTAL: 0
2026-09-26T11:33:06.5634840Z   CARGO_TERM_COLOR: always
2026-09-26T11:33:06.5635100Z ##[endgroup]
2026-09-26T11:33:06.6029170Z rustc 1.98.0 (88d9e12ae 2026-08-18)
2026-09-26T11:33:06.6029550Z binary: rustc
2026-09-26T11:33:06.6029770Z commit-hash: 88d9e12ae178fab0fb5cc050a94da85685d449ea
2026-09-26T11:33:06.6030060Z commit-date: 2026-08-18
2026-09-26T11:33:06.6030460Z host: aarch64-apple-darwin
2026-09-26T11:33:06.6030710Z release: 1.98.0
2026-09-26T11:33:06.6031220Z LLVM version: 22.1.8
2026-09-26T11:33:06.6043680Z ##[end-action id=__dtolnay_rust-toolchain.__run_10;outcome=success;conclusion=success;duration_ms=47]
2026-09-26T11:33:06.6144600Z ##[group]Run actions/setup-python@a26af69be951a213d495a4c3e4e4022e16d87065
2026-09-26T11:33:06.6144930Z with:
2026-09-26T11:33:06.6145130Z   python-version: 3.12
2026-09-26T11:33:06.6145350Z   check-latest: false
2026-09-26T11:33:06.6147220Z   token: ***
2026-09-26T11:33:06.6147380Z   update-environment: true
2026-09-26T11:33:06.6147580Z   allow-prereleases: false
2026-09-26T11:33:06.6147770Z   freethreaded: false
2026-09-26T11:33:06.6147920Z env:
2026-09-26T11:33:06.6148090Z   CARGO_HOME: /Users/runner/.cargo
2026-09-26T11:33:06.6148290Z   CARGO_INCREMENTAL: 0
2026-09-26T11:33:06.6148450Z   CARGO_TERM_COLOR: always
2026-09-26T11:33:06.6148630Z ##[endgroup]
2026-09-26T11:33:06.7235500Z ##[group]Installed versions
2026-09-26T11:33:06.7293890Z (node:3110) [DEP0040] DeprecationWarning: The `punycode` module is deprecated. Please use a userland alternative instead.
2026-09-26T11:33:06.7294890Z (Use `node --trace-deprecation ...` to show where the warning was created)
2026-09-26T11:33:06.7295240Z Successfully set up CPython (3.12.10)
2026-09-26T11:33:06.7295600Z ##[endgroup]
2026-09-26T11:33:06.7363570Z ##[group]Run cargo build
2026-09-26T11:33:06.7363770Z [36;1mcargo build[0m
2026-09-26T11:33:06.7420030Z shell: /bin/bash -e {0}
2026-09-26T11:33:06.7420220Z env:
2026-09-26T11:33:06.7420370Z   CARGO_HOME: /Users/runner/.cargo
2026-09-26T11:33:06.7420570Z   CARGO_INCREMENTAL: 0
2026-09-26T11:33:06.7420730Z   CARGO_TERM_COLOR: always
2026-09-26T11:33:06.7421010Z   pythonLocation: /Users/runner/hostedtoolcache/Python/3.12.10/arm64
2026-09-26T11:33:06.7421410Z   PKG_CONFIG_PATH: /Users/runner/hostedtoolcache/Python/3.12.10/arm64/lib/pkgconfig
2026-09-26T11:33:06.7421800Z   Python_ROOT_DIR: /Users/runner/hostedtoolcache/Python/3.12.10/arm64
2026-09-26T11:33:06.7422150Z   Python2_ROOT_DIR: /Users/runner/hostedtoolcache/Python/3.12.10/arm64
2026-09-26T11:33:06.7422510Z   Python3_ROOT_DIR: /Users/runner/hostedtoolcache/Python/3.12.10/arm64
2026-09-26T11:33:06.7422780Z ##[endgroup]
2026-09-26T11:33:06.8567560Z [1m[92m    Updating[0m crates.io index
2026-09-26T11:33:07.1609780Z [1m[92m Downloading[0m crates ...
2026-09-26T11:33:07.1887780Z [1m[92m  Downloaded[0m adler2 v2.0.1
2026-09-26T11:33:07.1947320Z [1m[92m  Downloaded[0m find-msvc-tools v0.1.11
2026-09-26T11:33:07.1959310Z [1m[92m  Downloaded[0m httpdate v1.0.3
2026-09-26T11:33:07.2065500Z [1m[92m  Downloaded[0m ambient-authority v0.0.2
2026-09-26T11:33:07.2113670Z [1m[92m  Downloaded[0m block-buffer v0.12.1
2026-09-26T11:33:07.2114140Z [1m[92m  Downloaded[0m form_urlencoded v1.2.2
2026-09-26T11:33:07.2114760Z [1m[92m  Downloaded[0m heck v0.5.0
2026-09-26T11:33:07.2115240Z [1m[92m  Downloaded[0m unit-prefix v0.5.2
2026-09-26T11:33:07.2150910Z [1m[92m  Downloaded[0m fs-set-times v0.20.3
2026-09-26T11:33:07.2155220Z [1m[92m  Downloaded[0m getrandom v0.2.17
2026-09-26T11:33:07.2505220Z [1m[92m  Downloaded[0m hybrid-array v0.4.14
2026-09-26T11:33:07.2581590Z [1m[92m  Downloaded[0m quote v1.0.47
2026-09-26T11:33:07.2650780Z [1m[92m  Downloaded[0m toml_datetime v1.1.1+spec-1.1.0
2026-09-26T11:33:07.2686260Z [1m[92m  Downloaded[0m toml_writer v1.1.2+spec-1.1.0
2026-09-26T11:33:07.2722000Z [1m[92m  Downloaded[0m tracing-subscriber v0.3.23
2026-09-26T11:33:07.2856270Z [1m[92m  Downloaded[0m utf8parse v0.2.2
2026-09-26T11:33:07.2889080Z [1m[92m  Downloaded[0m aho-corasick v1.1.5
2026-09-26T11:33:07.3247900Z [1m[92m  Downloaded[0m allocator-api2 v0.2.21
2026-09-26T11:33:07.3284320Z [1m[92m  Downloaded[0m anstyle-parse v1.0.0
2026-09-26T11:33:07.3305520Z [1m[92m  Downloaded[0m base64 v0.22.1
2026-09-26T11:33:07.3353780Z [1m[92m  Downloaded[0m bzip2 v0.6.1
2026-09-26T11:33:07.3378590Z [1m[92m  Downloaded[0m cc v1.4.4
2026-09-26T11:33:07.3428590Z [1m[92m  Downloaded[0m convert_case v0.4.0
2026-09-26T11:33:07.3438880Z [1m[92m  Downloaded[0m displaydoc v0.2.7
2026-09-26T11:33:07.3466470Z [1m[92m  Downloaded[0m getrandom v0.4.3
2026-09-26T11:33:07.3519730Z [1m[92m  Downloaded[0m hashbrown v0.17.1
2026-09-26T11:33:07.3890600Z [1m[92m  Downloaded[0m icu_collections v2.3.0
2026-09-26T11:33:07.3996890Z [1m[92m  Downloaded[0m icu_locale_core v2.3.0
2026-09-26T11:33:07.4095910Z [1m[92m  Downloaded[0m icu_normalizer v2.3.0
2026-09-26T11:33:07.4196210Z [1m[92m  Downloaded[0m icu_normalizer_data v2.3.0
2026-09-26T11:33:07.4540610Z [1m[92m  Downloaded[0m icu_properties v2.3.0
2026-09-26T11:33:07.4593440Z [1m[92m  Downloaded[0m icu_properties_data v2.3.0
2026-09-26T11:33:07.4776550Z [1m[92m  Downloaded[0m io-extras v0.19.0
2026-09-26T11:33:07.4822900Z [1m[92m  Downloaded[0m libbz2-rs-sys v0.2.5
2026-09-26T11:33:07.4840970Z [1m[92m  Downloaded[0m log v0.4.34
2026-09-26T11:33:07.4886500Z [1m[92m  Downloaded[0m matchers v0.2.0
2026-09-26T11:33:07.4900010Z [1m[92m  Downloaded[0m serde_json v1.0.151
2026-09-26T11:33:07.5337850Z [1m[92m  Downloaded[0m strsim v0.11.1
2026-09-26T11:33:07.5430820Z [1m[92m  Downloaded[0m subtle v2.6.1
2026-09-26T11:33:07.5513330Z [1m[92m  Downloaded[0m synstructure v0.13.2
2026-09-26T11:33:07.5517020Z [1m[92m  Downloaded[0m tar v0.4.46
2026-09-26T11:33:07.5521710Z [1m[92m  Downloaded[0m tempfile v3.27.0
2026-09-26T11:33:07.5530970Z [1m[92m  Downloaded[0m tracing-serde v0.2.0
2026-09-26T11:33:07.5540490Z [1m[92m  Downloaded[0m vstd v0.0.0-2026-09-06-0133
2026-09-26T11:33:07.5875700Z [1m[92m  Downloaded[0m webpki-roots v0.26.11
2026-09-26T11:33:07.5891350Z [1m[92m  Downloaded[0m zmij v1.0.23
2026-09-26T11:33:07.5926150Z [1m[92m  Downloaded[0m zstd-safe v7.2.4
2026-09-26T11:33:07.5945690Z [1m[92m  Downloaded[0m anstream v1.0.0
2026-09-26T11:33:07.5976550Z [1m[92m  Downloaded[0m anstyle v1.0.14
2026-09-26T11:33:07.6016610Z [1m[92m  Downloaded[0m anstyle-query v1.1.5
2026-09-26T11:33:07.6031580Z [1m[92m  Downloaded[0m bitflags v2.13.1
2026-09-26T11:33:07.6103590Z [1m[92m  Downloaded[0m bumpalo v3.20.3
2026-09-26T11:33:07.6138780Z [1m[92m  Downloaded[0m cap-primitives v4.0.3
2026-09-26T11:33:07.6624210Z [1m[92m  Downloaded[0m cap-std v4.0.3
2026-09-26T11:33:07.6735980Z [1m[92m  Downloaded[0m cfg-if v1.0.4
2026-09-26T11:33:07.6755240Z [1m[92m  Downloaded[0m clap v4.6.6
2026-09-26T11:33:07.7183670Z [1m[92m  Downloaded[0m clap_derive v4.6.4
2026-09-26T11:33:07.7284810Z [1m[92m  Downloaded[0m colorchoice v1.0.5
2026-09-26T11:33:07.7312890Z [1m[92m  Downloaded[0m console v0.16.4
2026-09-26T11:33:07.7349530Z [1m[92m  Downloaded[0m core-foundation v0.10.1
2026-09-26T11:33:07.7392210Z [1m[92m  Downloaded[0m cpufeatures v0.3.0
2026-09-26T11:33:07.7426610Z [1m[92m  Downloaded[0m crc32fast v1.5.1
2026-09-26T11:33:07.7440710Z [1m[92m  Downloaded[0m crypto-common v0.2.2
2026-09-26T11:33:07.7441180Z [1m[92m  Downloaded[0m equivalent v1.0.2
2026-09-26T11:33:07.7441570Z [1m[92m  Downloaded[0m errno v0.3.14
2026-09-26T11:33:07.7596740Z [1m[92m  Downloaded[0m filetime v0.2.29
2026-09-26T11:33:07.7629630Z [1m[92m  Downloaded[0m idna_adapter v1.2.2
2026-09-26T11:33:07.7642650Z [1m[92m  Downloaded[0m indicatif v0.18.6
2026-09-26T11:33:07.7697320Z [1m[92m  Downloaded[0m ipnet v2.12.1
2026-09-26T11:33:07.7722590Z [1m[92m  Downloaded[0m is_terminal_polyfill v1.70.2
2026-09-26T11:33:07.7746490Z [1m[92m  Downloaded[0m itoa v1.0.18
2026-09-26T11:33:07.7764160Z [1m[92m  Downloaded[0m jobserver v0.1.35
2026-09-26T11:33:07.7816930Z [1m[92m  Downloaded[0m maybe-owned v0.3.4
2026-09-26T11:33:07.7817580Z [1m[92m  Downloaded[0m percent-encoding v2.3.2
2026-09-26T11:33:07.7821890Z [1m[92m  Downloaded[0m pin-project-lite v0.2.17
2026-09-26T11:33:07.8223360Z [1m[92m  Downloaded[0m potential_utf v0.1.6
2026-09-26T11:33:07.8323810Z [1m[92m  Downloaded[0m security-framework-sys v2.17.0
2026-09-26T11:33:07.8424890Z [1m[92m  Downloaded[0m serde_spanned v1.1.1
2026-09-26T11:33:07.8525700Z [1m[92m  Downloaded[0m shell-words v1.1.1
2026-09-26T11:33:07.8559810Z [1m[92m  Downloaded[0m stable_deref_trait v1.2.1
2026-09-26T11:33:07.8612300Z [1m[92m  Downloaded[0m toml v1.1.4+spec-1.1.0
2026-09-26T11:33:07.8613280Z [1m[92m  Downloaded[0m toml_edit v0.25.13+spec-1.1.0
2026-09-26T11:33:07.8614990Z [1m[92m  Downloaded[0m tracing-log v0.2.0
2026-09-26T11:33:07.8615410Z [1m[92m  Downloaded[0m typed-path v0.12.3
2026-09-26T11:33:07.8835790Z [1m[92m  Downloaded[0m untrusted v0.9.0
2026-09-26T11:33:07.8888510Z [1m[92m  Downloaded[0m utf8_iter v1.0.4
2026-09-26T11:33:07.8945790Z [1m[92m  Downloaded[0m xattr v1.6.1
2026-09-26T11:33:07.8979310Z [1m[92m  Downloaded[0m xz2 v0.1.7
2026-09-26T11:33:07.8985270Z [1m[92m  Downloaded[0m yoke-derive v0.8.2
2026-09-26T11:33:07.8985700Z [1m[92m  Downloaded[0m zerofrom v0.1.8
2026-09-26T11:33:07.8986090Z [1m[92m  Downloaded[0m zerofrom-derive v0.1.7
2026-09-26T11:33:07.8986620Z [1m[92m  Downloaded[0m clap_lex v1.1.0
2026-09-26T11:33:07.8988220Z [1m[92m  Downloaded[0m digest v0.11.3
2026-09-26T11:33:07.9028520Z [1m[92m  Downloaded[0m fastrand v2.5.0
2026-09-26T11:33:07.9041580Z [1m[92m  Downloaded[0m icu_provider v2.3.1
2026-09-26T11:33:07.9077900Z [1m[92m  Downloaded[0m io-lifetimes v3.0.1
2026-09-26T11:33:07.9102100Z [1m[92m  Downloaded[0m lazy_static v1.5.0
2026-09-26T11:33:07.9445160Z [1m[92m  Downloaded[0m nu-ansi-term v0.50.3
2026-09-26T11:33:07.9481960Z [1m[92m  Downloaded[0m owo-colors v4.3.0
2026-09-26T11:33:07.9516560Z [1m[92m  Downloaded[0m rustls-native-certs v0.8.4
2026-09-26T11:33:07.9533480Z [1m[92m  Downloaded[0m rustls-webpki v0.103.15
2026-09-26T11:33:07.9576700Z [1m[92m  Downloaded[0m shlex v2.0.1
2026-09-26T11:33:07.9607880Z [1m[92m  Downloaded[0m simd-adler32 v0.3.10
2026-09-26T11:33:07.9635310Z [1m[92m  Downloaded[0m smallvec v1.15.2
2026-09-26T11:33:07.9653860Z [1m[92m  Downloaded[0m thiserror v2.0.20
2026-09-26T11:33:08.0069560Z [1m[92m  Downloaded[0m thiserror-impl v2.0.20
2026-09-26T11:33:08.0093690Z [1m[92m  Downloaded[0m thread_local v1.1.10
2026-09-26T11:33:08.0111690Z [1m[92m  Downloaded[0m tinystr v0.8.4
2026-09-26T11:33:08.0150110Z [1m[92m  Downloaded[0m tracing-core v0.1.36
2026-09-26T11:33:08.0187940Z [1m[92m  Downloaded[0m yoke v0.8.3
2026-09-26T11:33:08.0210080Z [1m[92m  Downloaded[0m zeroize v1.9.0
2026-09-26T11:33:08.0229910Z [1m[92m  Downloaded[0m zstd v0.13.3
2026-09-26T11:33:08.0269550Z [1m[92m  Downloaded[0m dialoguer v0.12.0
2026-09-26T11:33:08.0321980Z [1m[92m  Downloaded[0m foldhash v0.2.0
2026-09-26T11:33:08.0339040Z [1m[92m  Downloaded[0m io-lifetimes v2.0.4
2026-09-26T11:33:08.0371610Z [1m[92m  Downloaded[0m once_cell v1.21.4
2026-09-26T11:33:08.0404990Z [1m[92m  Downloaded[0m pkg-config v0.3.34
2026-09-26T11:33:08.0423630Z [1m[92m  Downloaded[0m proc-macro2 v1.0.107
2026-09-26T11:33:08.0461650Z [1m[92m  Downloaded[0m rustls-pki-types v1.15.1
2026-09-26T11:33:08.0498910Z [1m[92m  Downloaded[0m serde_yaml v0.9.34+deprecated
2026-09-26T11:33:08.0545730Z [1m[92m  Downloaded[0m sharded-slab v0.1.7
2026-09-26T11:33:08.0602050Z [1m[92m  Downloaded[0m syn v2.0.119
2026-09-26T11:33:08.1053870Z [1m[92m  Downloaded[0m syn v3.0.4
2026-09-26T11:33:08.1233870Z [1m[92m  Downloaded[0m toml v0.9.12+spec-1.1.0
2026-09-26T11:33:08.1292620Z [1m[92m  Downloaded[0m toml_parser v1.1.3+spec-1.1.0
2026-09-26T11:33:08.1322730Z [1m[92m  Downloaded[0m tracing-attributes v0.1.31
2026-09-26T11:33:08.1358580Z [1m[92m  Downloaded[0m unsafe-libyaml v0.2.11
2026-09-26T11:33:08.1718780Z [1m[92m  Downloaded[0m verus_builtin v0.0.0-2026-09-06-0133
2026-09-26T11:33:08.1729540Z [1m[92m  Downloaded[0m verus_prettyplease v0.0.0-2026-09-06-0133
2026-09-26T11:33:08.1791110Z [1m[92m  Downloaded[0m writeable v0.6.4
2026-09-26T11:33:08.1817310Z [1m[92m  Downloaded[0m zopfli v0.8.3
2026-09-26T11:33:08.1847760Z [1m[92m  Downloaded[0m litemap v0.8.3
2026-09-26T11:33:08.1877570Z [1m[92m  Downloaded[0m ryu v1.0.23
2026-09-26T11:33:08.1922770Z [1m[92m  Downloaded[0m serde_core v1.0.229
2026-09-26T11:33:08.1957170Z [1m[92m  Downloaded[0m serde_derive v1.0.229
2026-09-26T11:33:08.2252680Z [1m[92m  Downloaded[0m toml_datetime v0.7.5+spec-1.1.0
2026-09-26T11:33:08.2268590Z [1m[92m  Downloaded[0m unicode-ident v1.0.24
2026-09-26T11:33:08.2305070Z [1m[92m  Downloaded[0m url v2.5.8
2026-09-26T11:33:08.2336340Z [1m[92m  Downloaded[0m zerotrie v0.2.5
2026-09-26T11:33:08.2393520Z [1m[92m  Downloaded[0m const-oid v0.10.2
2026-09-26T11:33:08.2429600Z [1m[92m  Downloaded[0m core-foundation-sys v0.8.7
2026-09-26T11:33:08.2481650Z [1m[92m  Downloaded[0m serde v1.0.229
2026-09-26T11:33:08.2542490Z [1m[92m  Downloaded[0m sha2 v0.11.0
2026-09-26T11:33:08.2603250Z [1m[92m  Downloaded[0m verus_state_machines_macros v0.0.0-2026-09-06-0133
2026-09-26T11:33:08.2646730Z [1m[92m  Downloaded[0m zerovec-derive v0.11.6
2026-09-26T11:33:08.2673360Z [1m[92m  Downloaded[0m flate2 v1.1.9
2026-09-26T11:33:08.2743670Z [1m[92m  Downloaded[0m indexmap v2.14.0
2026-09-26T11:33:08.2810870Z [1m[92m  Downloaded[0m memchr v2.8.3
2026-09-26T11:33:08.2885690Z [1m[92m  Downloaded[0m miniz_oxide v0.8.9
2026-09-26T11:33:08.3228990Z [1m[92m  Downloaded[0m security-framework v3.7.0
2026-09-26T11:33:08.3287260Z [1m[92m  Downloaded[0m typenum v1.20.1
2026-09-26T11:33:08.3340600Z [1m[92m  Downloaded[0m zlib-rs v0.6.7
2026-09-26T11:33:08.3418110Z [1m[92m  Downloaded[0m verus_builtin_macros v0.0.0-2026-09-06-0133
2026-09-26T11:33:08.3463520Z [1m[92m  Downloaded[0m zerovec v0.11.8
2026-09-26T11:33:08.3547840Z [1m[92m  Downloaded[0m zip v8.6.0
2026-09-26T11:33:08.3874260Z [1m[92m  Downloaded[0m idna v1.1.0
2026-09-26T11:33:08.3914490Z [1m[92m  Downloaded[0m winnow v0.7.15
2026-09-26T11:33:08.4044540Z [1m[92m  Downloaded[0m winnow v1.0.4
2026-09-26T11:33:08.4589710Z [1m[92m  Downloaded[0m ureq v2.12.1
2026-09-26T11:33:08.4794170Z [1m[92m  Downloaded[0m webpki-roots v1.0.9
2026-09-26T11:33:08.4832370Z [1m[92m  Downloaded[0m clap_builder v4.6.6
2026-09-26T11:33:08.4928440Z [1m[92m  Downloaded[0m portable-atomic v1.15.0
2026-09-26T11:33:08.5025830Z [1m[92m  Downloaded[0m unicode-width v0.2.2
2026-09-26T11:33:08.5082950Z [1m[92m  Downloaded[0m rustls v0.23.45
2026-09-26T11:33:08.5574140Z [1m[92m  Downloaded[0m verus_syn v0.0.0-2026-09-06-0133
2026-09-26T11:33:08.5728250Z [1m[92m  Downloaded[0m regex-syntax v0.8.11
2026-09-26T11:33:08.5806720Z [1m[92m  Downloaded[0m rustix v1.1.4
2026-09-26T11:33:08.7081050Z [1m[92m  Downloaded[0m tracing v0.1.44
2026-09-26T11:33:08.7297440Z [1m[92m  Downloaded[0m regex-automata v0.4.18
2026-09-26T11:33:08.7752840Z [1m[92m  Downloaded[0m lzma-sys v0.1.20
2026-09-26T11:33:08.8627150Z [1m[92m  Downloaded[0m zstd-sys v2.0.16+zstd.1.5.7
2026-09-26T11:33:08.9162350Z [1m[92m  Downloaded[0m libc v0.2.189
2026-09-26T11:33:09.0289090Z [1m[92m  Downloaded[0m ring v0.17.14
2026-09-26T11:33:09.3963140Z [1m[92m   Compiling[0m proc-macro2 v1.0.107
2026-09-26T11:33:09.3963710Z [1m[92m   Compiling[0m quote v1.0.47
2026-09-26T11:33:09.3964010Z [1m[92m   Compiling[0m unicode-ident v1.0.24
2026-09-26T11:33:09.5522470Z [1m[92m   Compiling[0m libc v0.2.189
2026-09-26T11:33:11.7186320Z [1m[92m   Compiling[0m find-msvc-tools v0.1.11
2026-09-26T11:33:11.8820640Z [1m[92m   Compiling[0m cfg-if v1.0.4
2026-09-26T11:33:11.9059410Z [1m[92m   Compiling[0m shlex v2.0.1
2026-09-26T11:33:11.9790800Z [1m[92m   Compiling[0m serde_core v1.0.229
2026-09-26T11:33:12.0315000Z [1m[92m   Compiling[0m jobserver v0.1.35
2026-09-26T11:33:12.2494290Z [1m[92m   Compiling[0m syn v2.0.119
2026-09-26T11:33:12.2628500Z [1m[92m   Compiling[0m syn v3.0.4
2026-09-26T11:33:12.2721720Z [1m[92m   Compiling[0m cc v1.4.4
2026-09-26T11:33:14.7925390Z [1m[92m   Compiling[0m synstructure v0.13.2
2026-09-26T11:33:15.1020220Z [1m[92m   Compiling[0m hashbrown v0.17.1
2026-09-26T11:33:15.1143420Z [1m[92m   Compiling[0m equivalent v1.0.2
2026-09-26T11:33:15.1394840Z [1m[92m   Compiling[0m stable_deref_trait v1.2.1
2026-09-26T11:33:15.1674040Z [1m[92m   Compiling[0m bitflags v2.13.1
2026-09-26T11:33:15.2805960Z [1m[92m   Compiling[0m zerovec-derive v0.11.6
2026-09-26T11:33:15.3893930Z [1m[92m   Compiling[0m zerofrom-derive v0.1.7
2026-09-26T11:33:15.4351480Z [1m[92m   Compiling[0m indexmap v2.14.0
2026-09-26T11:33:15.8027400Z [1m[92m   Compiling[0m yoke-derive v0.8.2
2026-09-26T11:33:15.8412910Z [1m[92m   Compiling[0m rustix v1.1.4
2026-09-26T11:33:16.0729080Z [1m[92m   Compiling[0m zerofrom v0.1.8
2026-09-26T11:33:16.0830330Z [1m[92m   Compiling[0m displaydoc v0.2.7
2026-09-26T11:33:16.1163690Z [1m[92m   Compiling[0m errno v0.3.14
2026-09-26T11:33:16.1704900Z [1m[92m   Compiling[0m pkg-config v0.3.34
2026-09-26T11:33:16.3923280Z [1m[92m   Compiling[0m yoke v0.8.3
2026-09-26T11:33:16.4680490Z [1m[92m   Compiling[0m once_cell v1.21.4
2026-09-26T11:33:16.4831450Z [1m[92m   Compiling[0m serde v1.0.229
2026-09-26T11:33:16.5414520Z [1m[92m   Compiling[0m zerovec v0.11.8
2026-09-26T11:33:16.6768720Z [1m[92m   Compiling[0m serde_derive v1.0.229
2026-09-26T11:33:17.0044980Z [1m[92m   Compiling[0m verus_syn v0.0.0-2026-09-06-0133
2026-09-26T11:33:17.7907740Z [1m[92m   Compiling[0m verus_prettyplease v0.0.0-2026-09-06-0133
2026-09-26T11:33:17.8748370Z [1m[92m   Compiling[0m zmij v1.0.23
2026-09-26T11:33:18.0197530Z [1m[92m   Compiling[0m memchr v2.8.3
2026-09-26T11:33:18.3277300Z [1m[92m   Compiling[0m itoa v1.0.18
2026-09-26T11:33:18.4056980Z [1m[92m   Compiling[0m serde_json v1.0.151
2026-09-26T11:33:18.6067850Z [1m[92m   Compiling[0m tinystr v0.8.4
2026-09-26T11:33:18.6901770Z [1m[92m   Compiling[0m convert_case v0.4.0
2026-09-26T11:33:18.6943820Z [1m[92m   Compiling[0m vstd v0.0.0-2026-09-06-0133
2026-09-26T11:33:18.8707570Z [1m[92m   Compiling[0m io-lifetimes v2.0.4
2026-09-26T11:33:18.9798990Z [1m[92m   Compiling[0m writeable v0.6.4
2026-09-26T11:33:19.1408230Z [1m[92m   Compiling[0m litemap v0.8.3
2026-09-26T11:33:19.1705320Z [1m[92m   Compiling[0m zeroize v1.9.0
2026-09-26T11:33:19.2757510Z [1m[92m   Compiling[0m winnow v1.0.4
2026-09-26T11:33:19.3028500Z [1m[92m   Compiling[0m io-lifetimes v3.0.1
2026-09-26T11:33:19.4320040Z [1m[92m   Compiling[0m icu_locale_core v2.3.0
2026-09-26T11:33:20.1116830Z [1m[92m   Compiling[0m toml_parser v1.1.3+spec-1.1.0
2026-09-26T11:33:20.5138610Z [1m[92m   Compiling[0m potential_utf v0.1.6
2026-09-26T11:33:20.5783150Z [1m[92m   Compiling[0m zerotrie v0.2.5
2026-09-26T11:33:20.7325870Z [1m[92m   Compiling[0m io-extras v0.19.0
2026-09-26T11:33:20.8462610Z [1m[92m   Compiling[0m verus_state_machines_macros v0.0.0-2026-09-06-0133
2026-09-26T11:33:20.8564080Z [1m[92m   Compiling[0m verus_builtin_macros v0.0.0-2026-09-06-0133
2026-09-26T11:33:21.3088160Z [1m[92m   Compiling[0m thiserror v2.0.20
2026-09-26T11:33:21.4648560Z [1m[92m   Compiling[0m icu_properties_data v2.3.0
2026-09-26T11:33:21.5418080Z [1m[92m   Compiling[0m log v0.4.34
2026-09-26T11:33:21.6304070Z [1m[92m   Compiling[0m utf8_iter v1.0.4
2026-09-26T11:33:21.7000780Z [1m[92m   Compiling[0m typenum v1.20.1
2026-09-26T11:33:22.1826030Z [1m[92m   Compiling[0m verus_builtin v0.0.0-2026-09-06-0133
2026-09-26T11:33:22.2477470Z [1m[92m   Compiling[0m toml_writer v1.1.2+spec-1.1.0
2026-09-26T11:33:22.3513330Z [1m[92m   Compiling[0m smallvec v1.15.2
2026-09-26T11:33:22.4512430Z [1m[92m   Compiling[0m icu_normalizer_data v2.3.0
2026-09-26T11:33:22.5708710Z [1m[92m   Compiling[0m hybrid-array v0.4.14
2026-09-26T11:33:22.8808110Z [1m[92m   Compiling[0m icu_collections v2.3.0
2026-09-26T11:33:23.2516060Z [1m[92m   Compiling[0m icu_provider v2.3.1
2026-09-26T11:33:23.5029120Z [1m[92m   Compiling[0m rustls-pki-types v1.15.1
2026-09-26T11:33:23.5183780Z [1m[92m   Compiling[0m zstd-sys v2.0.16+zstd.1.5.7
2026-09-26T11:33:23.6847830Z [1m[92m   Compiling[0m thiserror-impl v2.0.20
2026-09-26T11:33:23.7941100Z [1m[92m   Compiling[0m serde_spanned v1.1.1
2026-09-26T11:33:23.8436440Z [1m[92m   Compiling[0m ring v0.17.14
2026-09-26T11:33:24.0725000Z [1m[92m   Compiling[0m getrandom v0.4.3
2026-09-26T11:33:24.1739320Z [1m[92m   Compiling[0m cap-primitives v4.0.3
2026-09-26T11:33:26.4560010Z [1m[92m   Compiling[0m gripsack-policy v0.42.0 (/Users/runner/work/gripsack/gripsack/crates/gripsack-policy)
2026-09-26T11:33:26.6795030Z [1m[92m   Compiling[0m fs-set-times v0.20.3
2026-09-26T11:33:26.8710780Z [1m[92m   Compiling[0m tracing-core v0.1.36
2026-09-26T11:33:27.2744390Z [1m[92m   Compiling[0m ambient-authority v0.0.2
2026-09-26T11:33:27.3050600Z [1m[92m   Compiling[0m crc32fast v1.5.1
2026-09-26T11:33:27.4380360Z [1m[92m   Compiling[0m cap-std v4.0.3
2026-09-26T11:33:27.5739230Z [1m[92m   Compiling[0m maybe-owned v0.3.4
2026-09-26T11:33:27.6492470Z [1m[92m   Compiling[0m ipnet v2.12.1
2026-09-26T11:33:28.4395520Z [1m[92m   Compiling[0m icu_normalizer v2.3.0
2026-09-26T11:33:28.7833310Z [1m[92m   Compiling[0m icu_properties v2.3.0
2026-09-26T11:33:29.2217980Z [1m[92m   Compiling[0m gripsack-ir v0.42.0 (/Users/runner/work/gripsack/gripsack/crates/gripsack-ir)
2026-09-26T11:33:29.6351220Z [1m[92m   Compiling[0m crypto-common v0.2.2
2026-09-26T11:33:30.2732780Z [1m[92m   Compiling[0m block-buffer v0.12.1
2026-09-26T11:33:30.3302780Z [1m[92m   Compiling[0m toml_datetime v0.7.5+spec-1.1.0
2026-09-26T11:33:30.4974960Z [1m[92m   Compiling[0m getrandom v0.2.17
2026-09-26T11:33:30.5692270Z [1m[92m   Compiling[0m untrusted v0.9.0
2026-09-26T11:33:30.6151130Z [1m[92m   Compiling[0m fastrand v2.5.0
2026-09-26T11:33:30.7239430Z [1m[92m   Compiling[0m core-foundation-sys v0.8.7
2026-09-26T11:33:30.8344150Z [1m[92m   Compiling[0m const-oid v0.10.2
2026-09-26T11:33:30.9378360Z [1m[92m   Compiling[0m zstd-safe v7.2.4
2026-09-26T11:33:31.0197480Z [1m[92m   Compiling[0m winnow v0.7.15
2026-09-26T11:33:31.9061890Z [1m[92m   Compiling[0m simd-adler32 v0.3.10
2026-09-26T11:33:32.0152520Z [1m[92m   Compiling[0m toml v0.9.12+spec-1.1.0
2026-09-26T11:33:32.9534290Z [1m[92m   Compiling[0m digest v0.11.3
2026-09-26T11:33:33.0180290Z [1m[92m   Compiling[0m tempfile v3.27.0
2026-09-26T11:33:33.2849180Z [1m[92m   Compiling[0m idna_adapter v1.2.2
2026-09-26T11:33:33.5947220Z [1m[92m   Compiling[0m lzma-sys v0.1.20
2026-09-26T11:33:33.7617100Z [1m[92m   Compiling[0m tracing-attributes v0.1.31
2026-09-26T11:33:33.8559500Z [1m[92m   Compiling[0m toml_datetime v1.1.1+spec-1.1.0
2026-09-26T11:33:34.0144390Z [1m[92m   Compiling[0m cpufeatures v0.3.0
2026-09-26T11:33:34.0522310Z [1m[92m   Compiling[0m percent-encoding v2.3.2
2026-09-26T11:33:34.1323220Z [1m[92m   Compiling[0m adler2 v2.0.1
2026-09-26T11:33:34.1775840Z [1m[92m   Compiling[0m rustls v0.23.45
2026-09-26T11:33:34.2597150Z [1m[92m   Compiling[0m pin-project-lite v0.2.17
2026-09-26T11:33:34.2927720Z [1m[92m   Compiling[0m miniz_oxide v0.8.9
2026-09-26T11:33:34.4226130Z [1m[92m   Compiling[0m tracing v0.1.44
2026-09-26T11:33:34.5272750Z [1m[92m   Compiling[0m form_urlencoded v1.2.2
2026-09-26T11:33:34.5960970Z [1m[92m   Compiling[0m rustls-webpki v0.103.15
2026-09-26T11:33:34.6531370Z [1m[92m   Compiling[0m sha2 v0.11.0
2026-09-26T11:33:34.7764070Z [1m[92m   Compiling[0m gripsack-fs v0.42.0 (/Users/runner/work/gripsack/gripsack/crates/gripsack-fs)
2026-09-26T11:33:35.0034370Z [1m[92m   Compiling[0m idna v1.1.0
2026-09-26T11:33:35.2939880Z [1m[92m   Compiling[0m core-foundation v0.10.1
2026-09-26T11:33:35.2956180Z [1m[92m   Compiling[0m security-framework-sys v2.17.0
2026-09-26T11:33:35.3754680Z [1m[92m   Compiling[0m webpki-roots v1.0.9
2026-09-26T11:33:35.4182710Z [1m[92m   Compiling[0m subtle v2.6.1
2026-09-26T11:33:35.4741580Z [1m[92m   Compiling[0m bumpalo v3.20.3
2026-09-26T11:33:35.4969500Z [1m[92m   Compiling[0m libbz2-rs-sys v0.2.5
2026-09-26T11:33:35.5532070Z [1m[92m   Compiling[0m zlib-rs v0.6.7
2026-09-26T11:33:35.5993510Z [1m[92m   Compiling[0m zopfli v0.8.3
2026-09-26T11:33:35.9710160Z [1m[92m   Compiling[0m bzip2 v0.6.1
2026-09-26T11:33:36.0608060Z [1m[92m   Compiling[0m security-framework v3.7.0
2026-09-26T11:33:37.0636910Z [1m[92m   Compiling[0m webpki-roots v0.26.11
2026-09-26T11:33:37.1097120Z [1m[92m   Compiling[0m zstd v0.13.3
2026-09-26T11:33:37.2504610Z [1m[92m   Compiling[0m url v2.5.8
2026-09-26T11:33:37.7755800Z [1m[92m   Compiling[0m gripsack-store v0.42.0 (/Users/runner/work/gripsack/gripsack/crates/gripsack-store)
2026-09-26T11:33:38.5785910Z [1m[92m   Compiling[0m flate2 v1.1.9
2026-09-26T11:33:38.8316280Z [1m[92m   Compiling[0m xattr v1.6.1
2026-09-26T11:33:38.9786360Z [1m[92m   Compiling[0m filetime v0.2.29
2026-09-26T11:33:39.0640130Z [1m[92m   Compiling[0m typed-path v0.12.3
2026-09-26T11:33:39.1909070Z [1m[92m   Compiling[0m base64 v0.22.1
2026-09-26T11:33:39.3639920Z [1m[92m   Compiling[0m ureq v2.12.1
2026-09-26T11:33:39.8756610Z [1m[92m   Compiling[0m zip v8.6.0
2026-09-26T11:33:40.0808430Z [1m[92m   Compiling[0m tar v0.4.46
2026-09-26T11:33:40.2650750Z [1m[92m   Compiling[0m xz2 v0.1.7
2026-09-26T11:33:40.3687000Z [1m[92m   Compiling[0m rustls-native-certs v0.8.4
2026-09-26T11:33:40.5837250Z [1m[92m   Compiling[0m toml v1.1.4+spec-1.1.0
2026-09-26T11:33:40.6501100Z [1m[92m   Compiling[0m gripsack-process v0.42.0 (/Users/runner/work/gripsack/gripsack/crates/gripsack-process)
2026-09-26T11:33:40.7028260Z [1m[92m   Compiling[0m httpdate v1.0.3
2026-09-26T11:33:40.8096850Z [1m[92m   Compiling[0m gripsack-fetch v0.42.0 (/Users/runner/work/gripsack/gripsack/crates/gripsack-fetch)
2026-09-26T11:33:40.8351210Z [1m[92m   Compiling[0m utf8parse v0.2.2
2026-09-26T11:33:40.8696250Z [1m[92m   Compiling[0m regex-syntax v0.8.11
2026-09-26T11:33:41.5474030Z [1m[92m   Compiling[0m gripsack-config v0.42.0 (/Users/runner/work/gripsack/gripsack/crates/gripsack-config)
2026-09-26T11:33:42.0959970Z [1m[92m   Compiling[0m regex-automata v0.4.18
2026-09-26T11:33:42.2251240Z [1m[92m   Compiling[0m anstyle-parse v1.0.0
2026-09-26T11:33:42.3097210Z [1m[92m   Compiling[0m is_terminal_polyfill v1.70.2
2026-09-26T11:33:42.3375540Z [1m[92m   Compiling[0m anstyle-query v1.1.5
2026-09-26T11:33:42.3697210Z [1m[92m   Compiling[0m portable-atomic v1.15.0
2026-09-26T11:33:42.5854670Z [1m[92m   Compiling[0m anstyle v1.0.14
2026-09-26T11:33:42.6779050Z [1m[92m   Compiling[0m colorchoice v1.0.5
2026-09-26T11:33:42.7133570Z [1m[92m   Compiling[0m ryu v1.0.23
2026-09-26T11:33:42.7990380Z [1m[92m   Compiling[0m lazy_static v1.5.0
2026-09-26T11:33:42.8310320Z [1m[92m   Compiling[0m unicode-width v0.2.2
2026-09-26T11:33:42.9484690Z [1m[92m   Compiling[0m unsafe-libyaml v0.2.11
2026-09-26T11:33:43.1520340Z [1m[92m   Compiling[0m matchers v0.2.0
2026-09-26T11:33:43.1986840Z [1m[92m   Compiling[0m console v0.16.4
2026-09-26T11:33:43.5076840Z [1m[92m   Compiling[0m serde_yaml v0.9.34+deprecated
2026-09-26T11:33:43.5671210Z [1m[92m   Compiling[0m sharded-slab v0.1.7
2026-09-26T11:33:43.8349440Z [1m[92m   Compiling[0m anstream v1.0.0
2026-09-26T11:33:44.0018090Z [1m[92m   Compiling[0m gripsack-exec v0.42.0 (/Users/runner/work/gripsack/gripsack/crates/gripsack-exec)
2026-09-26T11:33:44.3248610Z [1m[92m   Compiling[0m toml_edit v0.25.13+spec-1.1.0
2026-09-26T11:33:44.5559500Z [1m[92m   Compiling[0m tracing-log v0.2.0
2026-09-26T11:33:44.6669230Z [1m[92m   Compiling[0m tracing-serde v0.2.0
2026-09-26T11:33:44.7236540Z [1m[92m   Compiling[0m thread_local v1.1.10
2026-09-26T11:33:44.8402820Z [1m[92m   Compiling[0m clap_lex v1.1.0
2026-09-26T11:33:44.9447970Z [1m[92m   Compiling[0m heck v0.5.0
2026-09-26T11:33:45.0355600Z [1m[92m   Compiling[0m owo-colors v4.3.0
2026-09-26T11:33:45.1725640Z [1m[92m   Compiling[0m nu-ansi-term v0.50.3
2026-09-26T11:33:45.2252100Z [1m[92m   Compiling[0m strsim v0.11.1
2026-09-26T11:33:45.3378280Z [1m[92m   Compiling[0m clap_builder v4.6.6
2026-09-26T11:33:45.4437690Z [1m[92m   Compiling[0m tracing-subscriber v0.3.23
2026-09-26T11:33:46.9311160Z [1m[92m   Compiling[0m clap_derive v4.6.4
2026-09-26T11:33:47.0764960Z [1m[92m   Compiling[0m griplint v0.42.0 (/Users/runner/work/gripsack/gripsack/crates/griplint)
2026-09-26T11:33:48.0036840Z [1m[92m   Compiling[0m unit-prefix v0.5.2
2026-09-26T11:33:48.0656210Z [1m[92m   Compiling[0m shell-words v1.1.1
2026-09-26T11:33:48.1381020Z [1m[92m   Compiling[0m indicatif v0.18.6
2026-09-26T11:33:48.1443260Z [1m[92m   Compiling[0m dialoguer v0.12.0
2026-09-26T11:33:48.2566520Z [1m[92m   Compiling[0m clap v4.6.6
2026-09-26T11:33:48.2902780Z [1m[92m   Compiling[0m gripsack-lint v0.42.0 (/Users/runner/work/gripsack/gripsack/crates/gripsack-lint)
2026-09-26T11:33:48.7543630Z [1m[92m   Compiling[0m gripsack-trace v0.42.0 (/Users/runner/work/gripsack/gripsack/crates/gripsack-trace)
2026-09-26T11:33:48.9524040Z [1m[92m   Compiling[0m gripsack-fuzz v0.0.0 (/Users/runner/work/gripsack/gripsack/fuzz)
2026-09-26T11:33:49.0793600Z [1m[92m   Compiling[0m gripsack v0.42.0 (/Users/runner/work/gripsack/gripsack/crates/gripsack)
2026-09-26T11:33:50.6404560Z [1m[92m    Finished[0m `dev` profile [unoptimized + debuginfo] target(s) in 43.83s
2026-09-26T11:33:50.6895130Z ##[group]Run curl -fsSL https://github.com/denoland/deno/releases/download/v2.9.6/deno-aarch64-apple-darwin.zip -o /tmp/deno.zip
2026-09-26T11:33:50.6896000Z [36;1mcurl -fsSL https://github.com/denoland/deno/releases/download/v2.9.6/deno-aarch64-apple-darwin.zip -o /tmp/deno.zip[0m
2026-09-26T11:33:50.6896650Z [36;1mecho "213a2f304f04d3c9cb5220669afad138f60a5aab1fe80962abdeb8f35807a472  /tmp/deno.zip" | shasum -a 256 --check[0m
2026-09-26T11:33:50.6897090Z [36;1munzip -q /tmp/deno.zip -d "$HOME/.deno-bin"[0m
2026-09-26T11:33:50.6897340Z [36;1mecho "$HOME/.deno-bin" >> "$GITHUB_PATH"[0m
2026-09-26T11:33:50.6897620Z [36;1mecho "GRIPSACK_DENO=$HOME/.deno-bin/deno" >> "$GITHUB_ENV"[0m
2026-09-26T11:33:50.6950590Z shell: /bin/bash -e {0}
2026-09-26T11:33:50.6950740Z env:
2026-09-26T11:33:50.6950870Z   CARGO_HOME: /Users/runner/.cargo
2026-09-26T11:33:50.6951070Z   CARGO_INCREMENTAL: 0
2026-09-26T11:33:50.6951220Z   CARGO_TERM_COLOR: always
2026-09-26T11:33:50.6951490Z   pythonLocation: /Users/runner/hostedtoolcache/Python/3.12.10/arm64
2026-09-26T11:33:50.6951870Z   PKG_CONFIG_PATH: /Users/runner/hostedtoolcache/Python/3.12.10/arm64/lib/pkgconfig
2026-09-26T11:33:50.6952250Z   Python_ROOT_DIR: /Users/runner/hostedtoolcache/Python/3.12.10/arm64
2026-09-26T11:33:50.6952580Z   Python2_ROOT_DIR: /Users/runner/hostedtoolcache/Python/3.12.10/arm64
2026-09-26T11:33:50.6952920Z   Python3_ROOT_DIR: /Users/runner/hostedtoolcache/Python/3.12.10/arm64
2026-09-26T11:33:50.6953170Z ##[endgroup]
2026-09-26T11:33:51.5407980Z /tmp/deno.zip: OK
2026-09-26T11:33:52.1617180Z ##[group]Run python -m pip install pytest
2026-09-26T11:33:52.1617450Z [36;1mpython -m pip install pytest[0m
2026-09-26T11:33:52.1617650Z [36;1mpython -m pytest -q[0m
2026-09-26T11:33:52.1667000Z shell: /bin/bash -e {0}
2026-09-26T11:33:52.1667170Z env:
2026-09-26T11:33:52.1667390Z   CARGO_HOME: /Users/runner/.cargo
2026-09-26T11:33:52.1667590Z   CARGO_INCREMENTAL: 0
2026-09-26T11:33:52.1667740Z   CARGO_TERM_COLOR: always
2026-09-26T11:33:52.1668080Z   pythonLocation: /Users/runner/hostedtoolcache/Python/3.12.10/arm64
2026-09-26T11:33:52.1668480Z   PKG_CONFIG_PATH: /Users/runner/hostedtoolcache/Python/3.12.10/arm64/lib/pkgconfig
2026-09-26T11:33:52.1669010Z   Python_ROOT_DIR: /Users/runner/hostedtoolcache/Python/3.12.10/arm64
2026-09-26T11:33:52.1669380Z   Python2_ROOT_DIR: /Users/runner/hostedtoolcache/Python/3.12.10/arm64
2026-09-26T11:33:52.1669790Z   Python3_ROOT_DIR: /Users/runner/hostedtoolcache/Python/3.12.10/arm64
2026-09-26T11:33:52.1670220Z   GRIPSACK_DENO: /Users/runner/.deno-bin/deno
2026-09-26T11:33:52.1670450Z ##[endgroup]
2026-09-26T11:33:53.0597810Z Collecting pytest
2026-09-26T11:33:53.1000770Z   Downloading pytest-9.1.1-py3-none-any.whl.metadata (7.6 kB)
2026-09-26T11:33:53.1102970Z Collecting iniconfig>=1.0.1 (from pytest)
2026-09-26T11:33:53.1133920Z   Downloading iniconfig-2.3.0-py3-none-any.whl.metadata (2.5 kB)
2026-09-26T11:33:53.1246240Z Collecting packaging>=22 (from pytest)
2026-09-26T11:33:53.1275000Z   Downloading packaging-26.3-py3-none-any.whl.metadata (3.5 kB)
2026-09-26T11:33:53.1372330Z Collecting pluggy<2,>=1.5 (from pytest)
2026-09-26T11:33:53.1400540Z   Downloading pluggy-1.6.0-py3-none-any.whl.metadata (4.8 kB)
2026-09-26T11:33:53.1544120Z Collecting pygments>=2.7.2 (from pytest)
2026-09-26T11:33:53.1573180Z   Downloading pygments-2.21.0-py3-none-any.whl.metadata (2.5 kB)
2026-09-26T11:33:53.1638840Z Downloading pytest-9.1.1-py3-none-any.whl (386 kB)
2026-09-26T11:33:53.1801810Z Downloading pluggy-1.6.0-py3-none-any.whl (20 kB)
2026-09-26T11:33:53.1852200Z Downloading iniconfig-2.3.0-py3-none-any.whl (7.5 kB)
2026-09-26T11:33:53.1898260Z Downloading packaging-26.3-py3-none-any.whl (129 kB)
2026-09-26T11:33:53.1953780Z Downloading pygments-2.21.0-py3-none-any.whl (1.3 MB)
2026-09-26T11:33:53.2030120Z    ━━━━━━━━━━━━━━━━━━━━━━━━━━━━━━━━━━━━━━━━ 1.3/1.3 MB 165.2 MB/s  0:00:00
2026-09-26T11:33:53.2564010Z Installing collected packages: pygments, pluggy, packaging, iniconfig, pytest
2026-09-26T11:33:53.9833220Z 
2026-09-26T11:33:53.9840280Z Successfully installed iniconfig-2.3.0 packaging-26.3 pluggy-1.6.0 pygments-2.21.0 pytest-9.1.1
2026-09-26T11:34:24.5048220Z ........................................................................ [ 22%]
2026-09-26T11:34:57.5211070Z ........................................................................ [ 45%]
2026-09-26T11:36:07.8168650Z ........................................................................ [ 67%]
2026-09-26T11:52:04.7932830Z ........................................................................ [ 90%]
2026-09-26T11:52:08.7446470Z ...............................                                          [100%]
2026-09-26T11:52:08.7447560Z 319 passed in 1094.05s (0:18:14)
2026-09-26T11:52:08.7921680Z Post job cleanup.
2026-09-26T11:52:09.2436420Z (node:77840) [DEP0040] DeprecationWarning: The `punycode` module is deprecated. Please use a userland alternative instead.
2026-09-26T11:52:09.2439180Z (Use `node --trace-deprecation ...` to show where the warning was created)
2026-09-26T11:52:09.2645730Z Post job cleanup.
2026-09-26T11:52:09.3690050Z [command]/opt/homebrew/bin/git version
2026-09-26T11:52:09.3907250Z git version 2.55.0
2026-09-26T11:52:09.3928990Z Copying '/Users/runner/.gitconfig' to '/Users/runner/work/_temp/78997b46-fa30-4692-a854-1bc0d076ecc9/.gitconfig'
2026-09-26T11:52:09.3937190Z Temporarily overriding HOME='/Users/runner/work/_temp/78997b46-fa30-4692-a854-1bc0d076ecc9' before making global git config changes
2026-09-26T11:52:09.3937890Z Adding repository directory to the temporary git global config as a safe directory
2026-09-26T11:52:09.3940770Z [command]/opt/homebrew/bin/git config --global --add safe.directory /Users/runner/work/gripsack/gripsack
2026-09-26T11:52:09.4025840Z Removing SSH command configuration
2026-09-26T11:52:09.4030820Z [command]/opt/homebrew/bin/git config --local --name-only --get-regexp core\.sshCommand
2026-09-26T11:52:09.4083470Z [command]/opt/homebrew/bin/git submodule foreach --recursive sh -c "git config --local --name-only --get-regexp 'core\.sshCommand' && git config --local --unset-all 'core.sshCommand' || :"
2026-09-26T11:52:09.4765200Z Removing HTTP extra header
2026-09-26T11:52:09.4769210Z [command]/opt/homebrew/bin/git config --local --name-only --get-regexp http\.https\:\/\/github\.com\/\.extraheader
2026-09-26T11:52:09.4813850Z [command]/opt/homebrew/bin/git submodule foreach --recursive sh -c "git config --local --name-only --get-regexp 'http\.https\:\/\/github\.com\/\.extraheader' && git config --local --unset-all 'http.https://github.com/.extraheader' || :"
2026-09-26T11:52:09.5359810Z Removing includeIf entries pointing to credentials config files
2026-09-26T11:52:09.5364070Z [command]/opt/homebrew/bin/git config --local --name-only --get-regexp ^includeIf\.gitdir:
2026-09-26T11:52:09.5403670Z includeif.gitdir:/Users/runner/work/gripsack/gripsack/.git.path
2026-09-26T11:52:09.5404150Z includeif.gitdir:/Users/runner/work/gripsack/gripsack/.git/worktrees/*.path
2026-09-26T11:52:09.5404600Z includeif.gitdir:/github/workspace/.git.path
2026-09-26T11:52:09.5404910Z includeif.gitdir:/github/workspace/.git/worktrees/*.path
2026-09-26T11:52:09.5410280Z [command]/opt/homebrew/bin/git config --local --get-all includeif.gitdir:/Users/runner/work/gripsack/gripsack/.git.path
2026-09-26T11:52:09.5453680Z /Users/runner/work/_temp/git-credentials-cee33f53-1c28-4ea5-b1b6-fcb1fb0e1ca2.config
2026-09-26T11:52:09.5461560Z [command]/opt/homebrew/bin/git config --local --unset includeif.gitdir:/Users/runner/work/gripsack/gripsack/.git.path \/Users\/runner\/work\/_temp\/git\-credentials\-cee33f53\-1c28\-4ea5\-b1b6\-fcb1fb0e1ca2\.config
2026-09-26T11:52:09.5519570Z [command]/opt/homebrew/bin/git config --local --get-all includeif.gitdir:/Users/runner/work/gripsack/gripsack/.git/worktrees/*.path
2026-09-26T11:52:09.5554770Z /Users/runner/work/_temp/git-credentials-cee33f53-1c28-4ea5-b1b6-fcb1fb0e1ca2.config
2026-09-26T11:52:09.5561740Z [command]/opt/homebrew/bin/git config --local --unset includeif.gitdir:/Users/runner/work/gripsack/gripsack/.git/worktrees/*.path \/Users\/runner\/work\/_temp\/git\-credentials\-cee33f53\-1c28\-4ea5\-b1b6\-fcb1fb0e1ca2\.config
2026-09-26T11:52:09.5605930Z [command]/opt/homebrew/bin/git config --local --get-all includeif.gitdir:/github/workspace/.git.path
2026-09-26T11:52:09.5652820Z /github/runner_temp/git-credentials-cee33f53-1c28-4ea5-b1b6-fcb1fb0e1ca2.config
2026-09-26T11:52:09.5658410Z [command]/opt/homebrew/bin/git config --local --unset includeif.gitdir:/github/workspace/.git.path \/github\/runner_temp\/git\-credentials\-cee33f53\-1c28\-4ea5\-b1b6\-fcb1fb0e1ca2\.config
2026-09-26T11:52:09.5703170Z [command]/opt/homebrew/bin/git config --local --get-all includeif.gitdir:/github/workspace/.git/worktrees/*.path
2026-09-26T11:52:09.5737180Z /github/runner_temp/git-credentials-cee33f53-1c28-4ea5-b1b6-fcb1fb0e1ca2.config
2026-09-26T11:52:09.5744440Z [command]/opt/homebrew/bin/git config --local --unset includeif.gitdir:/github/workspace/.git/worktrees/*.path \/github\/runner_temp\/git\-credentials\-cee33f53\-1c28\-4ea5\-b1b6\-fcb1fb0e1ca2\.config
2026-09-26T11:52:09.5798210Z [command]/opt/homebrew/bin/git submodule foreach --recursive git config --local --show-origin --name-only --get-regexp remote.origin.url
2026-09-26T11:52:09.6350470Z Removing credentials config '/Users/runner/work/_temp/git-credentials-cee33f53-1c28-4ea5-b1b6-fcb1fb0e1ca2.config'
2026-09-26T11:52:09.6451150Z Cleaning up orphan processes
2026-09-26T11:52:11.7950400Z ##[warning]Node.js 20 is deprecated. The following actions target Node.js 20 but are being forced to run on Node.js 24: actions/setup-python@a26af69be951a213d495a4c3e4e4022e16d87065. For more information see: https://github.blog/changelog/2025-09-19-deprecation-of-node-20-on-github-actions-runners/
