RUNNER_SOURCE_COMMIT=d946d30140b97be3348367ad4120b99a74ed393c
RUNNER_SOURCE_FINGERPRINT=a1a6118ad7c98555ce998234aa5932ba63aa0dad3dd23d88f96500a260cce31e
RUNNER_SOURCE_ROOTS_DIRTY=clean before and after direct runner
RUNNER_INPUTS=exact d946d30 source on pinned Docker Compose Rust/Deno/real CLI images (content-key CACHED after the preceding five fresh sourcechanged image builds); old v5 repo_file ../outside previously admitted until unrelated E124 in real grip plan --ir, now reject as E130 before any workspace effect. Valid .config/tool, cfg/vimrc and pkg/a..b still admitted by Rust; rejects absolute, parent, dot, empty, trailing, ambiguous backslash and NUL. This proves lexical origin admission only, not root-pinned tree selection or workspace deployment.


RUNNER_COMMAND=docker compose run --build --rm test cargo test --locked -p gripsack-ir decoded_repo_file_origin_rejects_paths_outside_the_captured_repository
RUNNER_CASE=RUST_REAL_CHECK
RUNNER_OUTPUT_BEGIN
#1 [internal] load local bake definitions
#1 reading from stdin 530B done
#1 DONE 0.0s

#2 [internal] load build definition from Dockerfile
#2 transferring dockerfile: 10.04kB done
#2 DONE 0.0s

#3 resolve image config for docker-image://docker.io/docker/dockerfile:1
#3 DONE 0.7s

#4 docker-image://docker.io/docker/dockerfile:1@sha256:ecfaec9ed6d810b56388c508f4121597bfbba70d41a6dfeee4d8cad5f295fc32
#4 resolve docker.io/docker/dockerfile:1@sha256:ecfaec9ed6d810b56388c508f4121597bfbba70d41a6dfeee4d8cad5f295fc32 0.0s done
#4 CACHED

#5 [internal] load metadata for docker.io/library/rust:alpine@sha256:a10e64dd139b7387337c7fbe8aca31b959b57b2fd4c8ae20a02cf1d6ea424dce
#5 DONE 0.6s

#6 [internal] load .dockerignore
#6 transferring context: 139B done
#6 DONE 0.0s

#7 [builder  1/10] FROM docker.io/library/rust:alpine@sha256:a10e64dd139b7387337c7fbe8aca31b959b57b2fd4c8ae20a02cf1d6ea424dce
#7 resolve docker.io/library/rust:alpine@sha256:a10e64dd139b7387337c7fbe8aca31b959b57b2fd4c8ae20a02cf1d6ea424dce 0.0s done
#7 DONE 0.0s

#8 [internal] load build context
#8 transferring context: 75.75kB 0.1s done
#8 DONE 0.1s

#9 [test 1/2] RUN cargo fmt --check     && cargo clippy --locked --workspace --all-targets -- -D warnings     && cargo test --locked
#9 CACHED

#10 [builder  4/10] WORKDIR /app
#10 CACHED

#11 [builder  5/10] COPY Cargo.toml Cargo.lock ./
#11 CACHED

#12 [builder 10/10] COPY scripts ./scripts
#12 CACHED

#13 [builder  7/10] COPY fuzz ./fuzz
#13 CACHED

#14 [builder  9/10] COPY typescript ./typescript
#14 CACHED

#15 [builder  2/10] RUN apk add --no-cache musl-dev git curl xz     && rustup component add clippy rustfmt
#15 CACHED

#16 [builder  3/10] RUN set -e;     arch="$(uname -m)";     case "$arch" in       x86_64)  sha=3374daaf153e6f82028add5e4bf7cc2deab46537dee24f20be80df831193aeb4 ;;       aarch64) sha=35d90cee9648037eaa4c1a2649fdca9d1b9a9997b972d37be7f8629139ba1294 ;;       *) echo "unsupported arch: $arch" >&2; exit 1 ;;     esac;     curl -fsSL -o /tmp/ca.tar.xz "https://github.com/rust-secure-code/cargo-auditable/releases/download/v0.7.5/cargo-auditable-${arch}-unknown-linux-musl.tar.xz";     echo "$sha  /tmp/ca.tar.xz" | sha256sum -c -;     mkdir -p /tmp/ca && tar -xJf /tmp/ca.tar.xz -C /tmp/ca;     mv /tmp/ca/*/cargo-auditable /usr/local/bin/cargo-auditable;     rm -rf /tmp/ca /tmp/ca.tar.xz
#16 CACHED

#17 [builder  6/10] COPY crates ./crates
#17 CACHED

#18 [builder  8/10] COPY schema ./schema
#18 CACHED

#19 [test 2/2] RUN apk add --no-cache python3     && cargo package --list -p gripsack-exec | grep -q "embedded_frontend.rs"     && python3 scripts/gen_diagnostic_registry.py --check     && python3 scripts/gen_diagnostic_registry.py --self-check     && python3 scripts/gen_frontend_embed.py --check
#19 CACHED

#20 exporting to image
#20 exporting layers done
#20 exporting manifest sha256:661ff5fa57a0472b3b74aed3006b293c5e6abda5a1cc54a7cc1ff7abea9d9454 done
#20 exporting config sha256:78aa71447a9de0e5ea2088a2a352b3b926a0c39c7f688f1a7a197e7d610cd8a3 done
#20 exporting attestation manifest sha256:ca713ca398006f3feb4adf1830360f3a030252786a4d4df10765c3b9caedd2f1 0.0s done
#20 exporting manifest list sha256:5aac707899dcb164dc69cce750aa87d15773d63269730ec5d4b21ca17156af79 0.0s done
#20 naming to docker.io/library/gripsack-test:latest
#20 naming to docker.io/library/gripsack-test:latest done
#20 unpacking to docker.io/library/gripsack-test:latest 0.0s done
#20 DONE 0.1s

#21 resolving provenance for metadata file
#21 DONE 0.0s

running 1 test
test sema::workspace::span_value::tests::decoded_repo_file_origin_rejects_paths_outside_the_captured_repository ... ok

test result: ok. 1 passed; 0 failed; 0 ignored; 0 measured; 65 filtered out; finished in 0.00s


running 0 tests

test result: ok. 0 passed; 0 failed; 0 ignored; 0 measured; 3 filtered out; finished in 0.00s


running 0 tests

test result: ok. 0 passed; 0 failed; 0 ignored; 0 measured; 3 filtered out; finished in 0.00s


running 0 tests

test result: ok. 0 passed; 0 failed; 0 ignored; 0 measured; 3 filtered out; finished in 0.00s


running 0 tests

test result: ok. 0 passed; 0 failed; 0 ignored; 0 measured; 5 filtered out; finished in 0.00s


 Image gripsack-test Building 
 Image gripsack-test Built 
 Container gripsack-test-run-c0fe717a2cd4 Creating 
 Container gripsack-test-run-c0fe717a2cd4 Created 
   Compiling memchr v2.8.3
   Compiling serde_json v1.0.151
   Compiling smallvec v1.15.2
   Compiling once_cell v1.21.4
   Compiling indexmap v2.14.0
   Compiling syn v3.0.4
   Compiling syn v2.0.119
   Compiling parking_lot_core v0.9.12
   Compiling parking_lot v0.12.5
   Compiling aho-corasick v1.1.5
   Compiling verus_state_machines_macros v0.0.0-2026-09-06-0133
   Compiling regex-automata v0.4.18
   Compiling serde_derive v1.0.229
   Compiling ref-cast-impl v1.0.27
   Compiling thiserror-impl v2.0.20
   Compiling ref-cast v1.0.27
   Compiling synstructure v0.13.2
   Compiling thiserror v2.0.20
   Compiling regex v1.13.1
   Compiling fancy-regex v0.19.1
   Compiling verus_builtin_macros v0.0.0-2026-09-06-0133
   Compiling strum_macros v0.28.0
   Compiling serde v1.0.229
   Compiling ahash v0.8.12
   Compiling fluent-uri v0.4.1
   Compiling email_address v0.2.9
   Compiling jsonschema-value v0.55.0
   Compiling referencing v0.55.0
   Compiling strum v0.28.0
   Compiling jsonschema v0.55.0
   Compiling vstd v0.0.0-2026-09-06-0133
   Compiling gripsack-policy v0.42.0 (/app/crates/gripsack-policy)
   Compiling gripsack-ir v0.42.0 (/app/crates/gripsack-ir)
    Finished `test` profile [unoptimized + debuginfo] target(s) in 24.86s
     Running unittests src/lib.rs (target/debug/deps/gripsack_ir-eab45e62e10ebf28)
     Running tests/schema_acceptance.rs (target/debug/deps/schema_acceptance-e26e17c43a31f47c)
     Running tests/workspace_admission.rs (target/debug/deps/workspace_admission-7e484dace91cfc16)
     Running tests/workspace_v4_compat.rs (target/debug/deps/workspace_v4_compat-c35c9f811f359518)
     Running tests/workspace_v5_acceptance.rs (target/debug/deps/workspace_v5_acceptance-72a6444be37192ed)

RUNNER_OUTPUT_END
RUNNER_EXIT=0


RUNNER_COMMAND=docker compose run --build --rm ts-test sh -c cd typescript && deno test --allow-read --allow-write --allow-run --allow-env test/workspace.test.ts
RUNNER_CASE=TS_REAL_AUTHORING
RUNNER_OUTPUT_BEGIN
#1 [internal] load local bake definitions
#1 reading from stdin 545B done
#1 DONE 0.0s

#2 [internal] load build definition from Dockerfile
#2 transferring dockerfile: 10.04kB done
#2 DONE 0.0s

#3 resolve image config for docker-image://docker.io/docker/dockerfile:1
#3 DONE 0.2s

#4 docker-image://docker.io/docker/dockerfile:1@sha256:ecfaec9ed6d810b56388c508f4121597bfbba70d41a6dfeee4d8cad5f295fc32
#4 resolve docker.io/docker/dockerfile:1@sha256:ecfaec9ed6d810b56388c508f4121597bfbba70d41a6dfeee4d8cad5f295fc32 0.0s done
#4 CACHED

#5 [internal] load metadata for docker.io/denoland/deno:2.9.6@sha256:2014dc167ece617ef7e7ba40631ac2234c59e75ce693e7cc2dc2602b3c87859d
#5 DONE 0.7s

#6 [internal] load .dockerignore
#6 transferring context: 139B done
#6 DONE 0.0s

#7 [ts-test 1/5] FROM docker.io/denoland/deno:2.9.6@sha256:2014dc167ece617ef7e7ba40631ac2234c59e75ce693e7cc2dc2602b3c87859d
#7 resolve docker.io/denoland/deno:2.9.6@sha256:2014dc167ece617ef7e7ba40631ac2234c59e75ce693e7cc2dc2602b3c87859d 0.0s done
#7 DONE 0.0s

#8 [internal] load build context
#8 transferring context: 8.13kB 0.0s done
#8 DONE 0.0s

#9 [ts-test 2/5] WORKDIR /app
#9 CACHED

#10 [ts-test 3/5] COPY typescript ./typescript
#10 CACHED

#11 [ts-test 4/5] COPY examples ./examples
#11 CACHED

#12 [ts-test 5/5] RUN cd typescript && deno install && deno task test     && deno run --cached-only --no-remote --allow-all node_modules/typescript/bin/tsc        --project tsconfig.examples.json --noEmit
#12 CACHED

#13 exporting to image
#13 exporting layers done
#13 exporting manifest sha256:4c4384908584cbea32f7ba1450ec4ab810da8ee69ca159137bff48a575ab3ecf done
#13 exporting config sha256:edca6b77bb32ad8d4f7fb877ebb9f40018d0b2ed3eb3d6e812e7fde905f1c770 done
#13 exporting attestation manifest sha256:12e6028d7ebac7e6d1441410a93d221fb9b337d70c7620d29726a00322de5108 0.0s done
#13 exporting manifest list sha256:bc8129808d5338ce3e73916e5f415d3a705cfc543cf9a1e32383637c4148f100 0.0s done
#13 naming to docker.io/library/gripsack-ts-test:latest done
#13 unpacking to docker.io/library/gripsack-ts-test:latest 0.0s done
#13 DONE 0.1s

#14 resolving provenance for metadata file
#14 DONE 0.0s
running 24 tests from ./test/workspace.test.ts
emitWorkspaceIr emits the v5 workspace envelope ... ok (8ms)
emitIr legacy path emits the v5 modules envelope, never a workspace ... ok (287µs)
duplicate output names throw at declaration with both sites ... ok (461µs)
duplicate output names throw at emit for hand-built values ... ok (354µs)
Bash body interpolation rejects the literal at its source line ... ok (1ms)
run_bash requires a declared package interpreter ... ok (620µs)
run_bash maps dedented lines to the original template, not the call ... ok (1ms)
Bash fluent and object forms normalize without sharing mutable state ... ok (483µs)
fluent exec and object form emit the same command, preserving branches ... ok (533µs)
environment names survive cloning even when shadowing a prototype key ... ok (236µs)
file origin is optional only for literal content ... ok (473µs)
repository file origins reject path escapes before file admission ... ok (759µs)
file destinations reject escapes at authoring, not just in decoded IR ... ok (480µs)
emit rejects unknown output references with the reference span ... ok (371µs)
emit rejects wrong-kind references naming both sites ... ok (310µs)
emit rejects package_command refs to unknown commands ... ok (473µs)
emit rejects task dependency cycles ... ok (485µs)
emit rejects producer/artifact cycles but admits validation loops ... ok (741µs)
a provider-backed package needs no synthetic recipe ... ok (274µs)
no import-order registry: repeated evals in one process emit identical IR ... ok (1ms)
constructed values are deeply frozen ... ok (1ms)
stray objects and empty catalogs are rejected ... ok (357µs)
spans are mandatory: hand-built nodes without one are rejected ... ok (212µs)
enum and calendar boundaries reject out-of-grammar values ... ok (415µs)

ok | 24 passed | 0 failed (32ms)


 Image gripsack-ts-test Building 
 Image gripsack-ts-test Built 
 Container gripsack-ts-test-run-be9af189cebb Creating 
 Container gripsack-ts-test-run-be9af189cebb Created 
Check test/workspace.test.ts

RUNNER_OUTPUT_END
RUNNER_EXIT=0


RUNNER_COMMAND=docker compose run --build --rm e2e sh -c uv run --locked --no-sync pytest -q test_workspace_diagnostics.py -k escaped_repository_file_origin_rejects_before_executor
RUNNER_CASE=REAL_CLI_E130
RUNNER_OUTPUT_BEGIN
#1 [internal] load local bake definitions
#1 reading from stdin 525B done
#1 DONE 0.0s

#2 [internal] load build definition from Dockerfile
#2 transferring dockerfile: 10.04kB done
#2 DONE 0.0s

#3 resolve image config for docker-image://docker.io/docker/dockerfile:1
#3 DONE 0.3s

#4 docker-image://docker.io/docker/dockerfile:1@sha256:ecfaec9ed6d810b56388c508f4121597bfbba70d41a6dfeee4d8cad5f295fc32
#4 resolve docker.io/docker/dockerfile:1@sha256:ecfaec9ed6d810b56388c508f4121597bfbba70d41a6dfeee4d8cad5f295fc32 0.0s done
#4 CACHED

#5 [internal] load metadata for docker.io/library/python:3.13-slim@sha256:9d2e5553305c7c7b0097999bb17187c69b921ccd6bc9d40e4bb5ebe652c00285
#5 ...

#6 [internal] load metadata for docker.io/library/rust:alpine@sha256:a10e64dd139b7387337c7fbe8aca31b959b57b2fd4c8ae20a02cf1d6ea424dce
#6 DONE 0.0s

#5 [internal] load metadata for docker.io/library/python:3.13-slim@sha256:9d2e5553305c7c7b0097999bb17187c69b921ccd6bc9d40e4bb5ebe652c00285
#5 DONE 0.8s

#7 [internal] load .dockerignore
#7 transferring context: 139B done
#7 DONE 0.0s

#8 [e2e  4/12] ADD --checksum=sha256:394f07f4da2bebe6ce6f1e7ce0fa16429b29b08c35e3fac3fe25972676dff4b2 https://github.com/denoland/deno/releases/download/v2.9.6/deno-x86_64-unknown-linux-gnu.zip /tmp/deno.zip
#8 DONE 0.0s

#9 [e2e  1/12] FROM docker.io/library/python:3.13-slim@sha256:9d2e5553305c7c7b0097999bb17187c69b921ccd6bc9d40e4bb5ebe652c00285
#9 resolve docker.io/library/python:3.13-slim@sha256:9d2e5553305c7c7b0097999bb17187c69b921ccd6bc9d40e4bb5ebe652c00285 0.0s done
#9 DONE 0.0s

#10 [builder  1/10] FROM docker.io/library/rust:alpine@sha256:a10e64dd139b7387337c7fbe8aca31b959b57b2fd4c8ae20a02cf1d6ea424dce
#10 resolve docker.io/library/rust:alpine@sha256:a10e64dd139b7387337c7fbe8aca31b959b57b2fd4c8ae20a02cf1d6ea424dce 0.0s done
#10 DONE 0.0s

#11 [internal] load build context
#11 transferring context: 3.07MB 0.2s done
#11 DONE 0.2s

#12 [builder  9/10] COPY typescript ./typescript
#12 CACHED

#13 [e2e  8/12] COPY e2e/pyproject.toml e2e/uv.lock ./e2e/
#13 CACHED

#14 [e2e 10/12] COPY e2e ./e2e
#14 CACHED

#15 [bin 1/1] RUN cargo build --locked -p gripsack
#15 CACHED

#16 [e2e  3/12] RUN apt-get update -qq && apt-get install -y -qq --no-install-recommends git     && rm -rf /var/lib/apt/lists/*
#16 CACHED

#17 [e2e  5/12] RUN python3 -m zipfile -e /tmp/deno.zip /tmp/deno     && mkdir -p /root/.local/share/gripsack/tools/deno-2.9.6     && mv /tmp/deno/deno /root/.local/share/gripsack/tools/deno-2.9.6/deno     && chmod 755 /root/.local/share/gripsack/tools/deno-2.9.6/deno     && rm -rf /tmp/deno.zip /tmp/deno
#17 CACHED

#18 [builder  3/10] RUN set -e;     arch="$(uname -m)";     case "$arch" in       x86_64)  sha=3374daaf153e6f82028add5e4bf7cc2deab46537dee24f20be80df831193aeb4 ;;       aarch64) sha=35d90cee9648037eaa4c1a2649fdca9d1b9a9997b972d37be7f8629139ba1294 ;;       *) echo "unsupported arch: $arch" >&2; exit 1 ;;     esac;     curl -fsSL -o /tmp/ca.tar.xz "https://github.com/rust-secure-code/cargo-auditable/releases/download/v0.7.5/cargo-auditable-${arch}-unknown-linux-musl.tar.xz";     echo "$sha  /tmp/ca.tar.xz" | sha256sum -c -;     mkdir -p /tmp/ca && tar -xJf /tmp/ca.tar.xz -C /tmp/ca;     mv /tmp/ca/*/cargo-auditable /usr/local/bin/cargo-auditable;     rm -rf /tmp/ca /tmp/ca.tar.xz
#18 CACHED

#19 [e2e 11/12] COPY examples ./examples
#19 CACHED

#20 [builder  5/10] COPY Cargo.toml Cargo.lock ./
#20 CACHED

#21 [e2e  4/12] ADD --checksum=sha256:394f07f4da2bebe6ce6f1e7ce0fa16429b29b08c35e3fac3fe25972676dff4b2 https://github.com/denoland/deno/releases/download/v2.9.6/deno-x86_64-unknown-linux-gnu.zip /tmp/deno.zip
#21 CACHED

#22 [builder  2/10] RUN apk add --no-cache musl-dev git curl xz     && rustup component add clippy rustfmt
#22 CACHED

#23 [e2e  6/12] RUN printf 'uv==%s --hash=sha256:f7d6248ad9f2d282fea795f248da8fa666ab382df50d8385bd98e01049440a0c --hash=sha256:bd0afae6918795c6a61a649e64d735e339f3d62f8310235da6f19eb3f66f323b\n' "0.12.10" > /tmp/uv.req     && pip install --no-cache-dir --no-deps --require-hashes -r /tmp/uv.req     && uv --version     && rm -f /tmp/uv.req
#23 CACHED

#24 [e2e  2/12] WORKDIR /app
#24 CACHED

#25 [builder  4/10] WORKDIR /app
#25 CACHED

#26 [builder  7/10] COPY fuzz ./fuzz
#26 CACHED

#27 [builder  8/10] COPY schema ./schema
#27 CACHED

#28 [builder 10/10] COPY scripts ./scripts
#28 CACHED

#29 [e2e  7/12] COPY --from=bin /app/target/debug/grip /usr/local/bin/grip
#29 CACHED

#30 [e2e  9/12] RUN cd e2e && uv sync --locked
#30 CACHED

#31 [builder  6/10] COPY crates ./crates
#31 CACHED

#32 [e2e 12/12] WORKDIR /app/e2e
#32 CACHED

#33 exporting to image
#33 exporting layers done
#33 exporting manifest sha256:0e22fffc637de5132c17670a7ee600810186ed478e397f98a91551ec7991578d done
#33 exporting config sha256:93abd91ca6fa9eb9125d624cc46bf2cb42722d0cde069ae8d324076add4aa0a4 done
#33 exporting attestation manifest sha256:8acd0f44006725109bff7c7d8489e85b52f30572736e32e90e69ead8e55f6aa0 0.0s done
#33 exporting manifest list sha256:6472eddc0957e441ef53f478de7e15e70a6dd9b6326ca2e45aa23c2ba249c621 0.0s done
#33 naming to docker.io/library/gripsack-e2e:latest done
#33 unpacking to docker.io/library/gripsack-e2e:latest 0.0s done
#33 DONE 0.1s

#34 resolving provenance for metadata file
#34 DONE 0.0s
.                                                                        [100%]
1 passed, 27 deselected in 0.07s

 Image gripsack-e2e Building 
 Image gripsack-e2e Built 
 Container gripsack-e2e-run-ba299944255c Creating 
 Container gripsack-e2e-run-ba299944255c Created 

RUNNER_OUTPUT_END
RUNNER_EXIT=0


RUNNER_COMMAND=docker compose run --build --rm test cargo test --locked -p gripsack-ir artifact_selectors_must_be_normalized_relative_paths
RUNNER_CASE=RUST_ARTIFACT_SELECTOR
RUNNER_OUTPUT_BEGIN
#1 [internal] load local bake definitions
#1 reading from stdin 530B done
#1 DONE 0.0s

#2 [internal] load build definition from Dockerfile
#2 transferring dockerfile: 10.04kB done
#2 DONE 0.0s

#3 resolve image config for docker-image://docker.io/docker/dockerfile:1
#3 DONE 0.4s

#4 docker-image://docker.io/docker/dockerfile:1@sha256:ecfaec9ed6d810b56388c508f4121597bfbba70d41a6dfeee4d8cad5f295fc32
#4 resolve docker.io/docker/dockerfile:1@sha256:ecfaec9ed6d810b56388c508f4121597bfbba70d41a6dfeee4d8cad5f295fc32 0.0s done
#4 CACHED

#5 [internal] load metadata for docker.io/library/rust:alpine@sha256:a10e64dd139b7387337c7fbe8aca31b959b57b2fd4c8ae20a02cf1d6ea424dce
#5 DONE 0.0s

#6 [internal] load .dockerignore
#6 transferring context: 139B done
#6 DONE 0.0s

#7 [builder  1/10] FROM docker.io/library/rust:alpine@sha256:a10e64dd139b7387337c7fbe8aca31b959b57b2fd4c8ae20a02cf1d6ea424dce
#7 resolve docker.io/library/rust:alpine@sha256:a10e64dd139b7387337c7fbe8aca31b959b57b2fd4c8ae20a02cf1d6ea424dce 0.0s done
#7 DONE 0.0s

#8 [internal] load build context
#8 transferring context: 75.75kB 0.1s done
#8 DONE 0.1s

#9 [builder 10/10] COPY scripts ./scripts
#9 CACHED

#10 [builder  2/10] RUN apk add --no-cache musl-dev git curl xz     && rustup component add clippy rustfmt
#10 CACHED

#11 [builder  5/10] COPY Cargo.toml Cargo.lock ./
#11 CACHED

#12 [builder  3/10] RUN set -e;     arch="$(uname -m)";     case "$arch" in       x86_64)  sha=3374daaf153e6f82028add5e4bf7cc2deab46537dee24f20be80df831193aeb4 ;;       aarch64) sha=35d90cee9648037eaa4c1a2649fdca9d1b9a9997b972d37be7f8629139ba1294 ;;       *) echo "unsupported arch: $arch" >&2; exit 1 ;;     esac;     curl -fsSL -o /tmp/ca.tar.xz "https://github.com/rust-secure-code/cargo-auditable/releases/download/v0.7.5/cargo-auditable-${arch}-unknown-linux-musl.tar.xz";     echo "$sha  /tmp/ca.tar.xz" | sha256sum -c -;     mkdir -p /tmp/ca && tar -xJf /tmp/ca.tar.xz -C /tmp/ca;     mv /tmp/ca/*/cargo-auditable /usr/local/bin/cargo-auditable;     rm -rf /tmp/ca /tmp/ca.tar.xz
#12 CACHED

#13 [builder  6/10] COPY crates ./crates
#13 CACHED

#14 [builder  7/10] COPY fuzz ./fuzz
#14 CACHED

#15 [builder  8/10] COPY schema ./schema
#15 CACHED

#16 [builder  9/10] COPY typescript ./typescript
#16 CACHED

#17 [test 1/2] RUN cargo fmt --check     && cargo clippy --locked --workspace --all-targets -- -D warnings     && cargo test --locked
#17 CACHED

#18 [builder  4/10] WORKDIR /app
#18 CACHED

#19 [test 2/2] RUN apk add --no-cache python3     && cargo package --list -p gripsack-exec | grep -q "embedded_frontend.rs"     && python3 scripts/gen_diagnostic_registry.py --check     && python3 scripts/gen_diagnostic_registry.py --self-check     && python3 scripts/gen_frontend_embed.py --check
#19 CACHED

#20 exporting to image
#20 exporting layers done
#20 exporting manifest sha256:661ff5fa57a0472b3b74aed3006b293c5e6abda5a1cc54a7cc1ff7abea9d9454 done
#20 exporting config sha256:78aa71447a9de0e5ea2088a2a352b3b926a0c39c7f688f1a7a197e7d610cd8a3 done
#20 exporting attestation manifest sha256:b5484ccfc8b3b8ecd47efe2a1f2c7b6d7c0cc6a8c5c46a15be19f5c3555f7909 0.0s done
#20 exporting manifest list sha256:b713b08ec7d8beabb0ddda96a4fd16e668e552005f10262ccd05d98bf9334bb1 0.0s done
#20 naming to docker.io/library/gripsack-test:latest done
#20 unpacking to docker.io/library/gripsack-test:latest 0.0s done
#20 DONE 0.1s

#21 resolving provenance for metadata file
#21 DONE 0.0s

running 1 test
test sema::workspace::refs::tests::artifact_selectors_must_be_normalized_relative_paths ... ok

test result: ok. 1 passed; 0 failed; 0 ignored; 0 measured; 65 filtered out; finished in 0.00s


running 0 tests

test result: ok. 0 passed; 0 failed; 0 ignored; 0 measured; 3 filtered out; finished in 0.00s


running 0 tests

test result: ok. 0 passed; 0 failed; 0 ignored; 0 measured; 3 filtered out; finished in 0.00s


running 0 tests

test result: ok. 0 passed; 0 failed; 0 ignored; 0 measured; 3 filtered out; finished in 0.00s


running 0 tests

test result: ok. 0 passed; 0 failed; 0 ignored; 0 measured; 5 filtered out; finished in 0.00s


 Image gripsack-test Building 
 Image gripsack-test Built 
 Container gripsack-test-run-1a2e4c81c781 Creating 
 Container gripsack-test-run-1a2e4c81c781 Created 
   Compiling memchr v2.8.3
   Compiling serde_json v1.0.151
   Compiling once_cell v1.21.4
   Compiling smallvec v1.15.2
   Compiling indexmap v2.14.0
   Compiling syn v3.0.4
   Compiling syn v2.0.119
   Compiling parking_lot_core v0.9.12
   Compiling parking_lot v0.12.5
   Compiling aho-corasick v1.1.5
   Compiling verus_state_machines_macros v0.0.0-2026-09-06-0133
   Compiling regex-automata v0.4.18
   Compiling serde_derive v1.0.229
   Compiling ref-cast-impl v1.0.27
   Compiling thiserror-impl v2.0.20
   Compiling ref-cast v1.0.27
   Compiling synstructure v0.13.2
   Compiling thiserror v2.0.20
   Compiling regex v1.13.1
   Compiling fancy-regex v0.19.1
   Compiling verus_builtin_macros v0.0.0-2026-09-06-0133
   Compiling strum_macros v0.28.0
   Compiling serde v1.0.229
   Compiling ahash v0.8.12
   Compiling fluent-uri v0.4.1
   Compiling email_address v0.2.9
   Compiling jsonschema-value v0.55.0
   Compiling referencing v0.55.0
   Compiling strum v0.28.0
   Compiling jsonschema v0.55.0
   Compiling vstd v0.0.0-2026-09-06-0133
   Compiling gripsack-policy v0.42.0 (/app/crates/gripsack-policy)
   Compiling gripsack-ir v0.42.0 (/app/crates/gripsack-ir)
    Finished `test` profile [unoptimized + debuginfo] target(s) in 24.70s
     Running unittests src/lib.rs (target/debug/deps/gripsack_ir-eab45e62e10ebf28)
     Running tests/schema_acceptance.rs (target/debug/deps/schema_acceptance-e26e17c43a31f47c)
     Running tests/workspace_admission.rs (target/debug/deps/workspace_admission-7e484dace91cfc16)
     Running tests/workspace_v4_compat.rs (target/debug/deps/workspace_v4_compat-c35c9f811f359518)
     Running tests/workspace_v5_acceptance.rs (target/debug/deps/workspace_v5_acceptance-72a6444be37192ed)

RUNNER_OUTPUT_END
RUNNER_EXIT=0


RUNNER_COMMAND=docker compose run --build --rm ts-test sh -c cd typescript && deno test --allow-read --allow-write --allow-run --allow-env test/workspace_graph.test.ts
RUNNER_CASE=TS_ARTIFACT_SELECTOR
RUNNER_OUTPUT_BEGIN
#1 [internal] load local bake definitions
#1 reading from stdin 545B done
#1 DONE 0.0s

#2 [internal] load build definition from Dockerfile
#2 transferring dockerfile: 10.04kB done
#2 DONE 0.0s

#3 resolve image config for docker-image://docker.io/docker/dockerfile:1
#3 DONE 0.2s

#4 docker-image://docker.io/docker/dockerfile:1@sha256:ecfaec9ed6d810b56388c508f4121597bfbba70d41a6dfeee4d8cad5f295fc32
#4 resolve docker.io/docker/dockerfile:1@sha256:ecfaec9ed6d810b56388c508f4121597bfbba70d41a6dfeee4d8cad5f295fc32 0.0s done
#4 CACHED

#5 [internal] load metadata for docker.io/denoland/deno:2.9.6@sha256:2014dc167ece617ef7e7ba40631ac2234c59e75ce693e7cc2dc2602b3c87859d
#5 DONE 0.0s

#6 [internal] load .dockerignore
#6 transferring context: 139B done
#6 DONE 0.0s

#7 [ts-test 1/5] FROM docker.io/denoland/deno:2.9.6@sha256:2014dc167ece617ef7e7ba40631ac2234c59e75ce693e7cc2dc2602b3c87859d
#7 resolve docker.io/denoland/deno:2.9.6@sha256:2014dc167ece617ef7e7ba40631ac2234c59e75ce693e7cc2dc2602b3c87859d 0.0s done
#7 DONE 0.0s

#8 [internal] load build context
#8 transferring context: 8.13kB 0.0s done
#8 DONE 0.0s

#9 [ts-test 3/5] COPY typescript ./typescript
#9 CACHED

#10 [ts-test 4/5] COPY examples ./examples
#10 CACHED

#11 [ts-test 2/5] WORKDIR /app
#11 CACHED

#12 [ts-test 5/5] RUN cd typescript && deno install && deno task test     && deno run --cached-only --no-remote --allow-all node_modules/typescript/bin/tsc        --project tsconfig.examples.json --noEmit
#12 CACHED

#13 exporting to image
#13 exporting layers done
#13 exporting manifest sha256:4c4384908584cbea32f7ba1450ec4ab810da8ee69ca159137bff48a575ab3ecf done
#13 exporting config sha256:edca6b77bb32ad8d4f7fb877ebb9f40018d0b2ed3eb3d6e812e7fde905f1c770 done
#13 exporting attestation manifest sha256:ed1539d0a94ca41f71acda9f3dd380763d0bed20f5534d279d3b1bbe4137d08a 0.0s done
#13 exporting manifest list sha256:54a84877661c86c149403222d07f37371ab32174a16575cd59cccdf1114ac480 0.0s done
#13 naming to docker.io/library/gripsack-ts-test:latest done
#13 unpacking to docker.io/library/gripsack-ts-test:latest 0.0s done
#13 DONE 0.1s

#14 resolving provenance for metadata file
#14 DONE 0.0s
running 8 tests from ./test/workspace_graph.test.ts
artifact refs require an actual artifact with both sites reported ... ok (3ms)
check subjects resolve rather than silently becoming opaque names ... ok (730µs)
artifact selectors cannot escape or use non-canonical path segments ... ok (1ms)
environment values are data, never package commands ... ok (377µs)
targets bind ABI and minimum OS requirements, not the current host ... ok (1ms)
fixed-prefix selection needs a matching environment location ... ok (1ms)
ABI mismatch and incompatible minimum OS reject with both declarations ... ok (1ms)
recipe command lists retain local order without task-prerequisite edges ... ok (485µs)

ok | 8 passed | 0 failed (19ms)


 Image gripsack-ts-test Building 
 Image gripsack-ts-test Built 
 Container gripsack-ts-test-run-51103bfd2511 Creating 
 Container gripsack-ts-test-run-51103bfd2511 Created 
Check test/workspace_graph.test.ts

RUNNER_OUTPUT_END
RUNNER_EXIT=0

A1_FILE_SOURCE_CASES=5 (two Rust source/selector admission groups, two TS source/selector authoring groups, one real CLI regression with two hostile repo origins; all passed. Rust fmt/clippy/full tests, TS 65/65, real CLI e2e 320/320, model and Verus gates separately observed at identical behavior source; TLC layer cached and Verus 72/0 plus seven mutants are not source/ownership proofs)
