RUNNER_SOURCE_COMMIT=6c759a597806ace3f963346701881c7ef7d0d7f3
RUNNER_SOURCE_ROOTS_DIRTY=clean (git status --porcelain -- SOURCE_ROOTS before/after each direct runner: empty)
RUNNER_COMMAND=docker compose run --build --rm e2e uv run --locked --no-sync pytest -vv test_workspace_diagnostics.py -k unavailable_capability_names_first_declared_output_and_owner
RUNNER_TOOL_VERSIONS=Docker Compose v5.5.0; pytest 9.1.1
RUNNER_INPUTS=committed decoded IR, first-declared image B4, environment A2-P and check A2/E1 with source spans

6c759a597806ace3f963346701881c7ef7d0d7f3
 Image gripsack-e2e Building 
#1 [internal] load local bake definitions
#1 reading from stdin 525B done
#1 DONE 0.0s

#2 [internal] load build definition from Dockerfile
#2 transferring dockerfile: 10.04kB done
#2 DONE 0.0s

#3 resolve image config for docker-image://docker.io/docker/dockerfile:1
#3 DONE 0.2s

#4 docker-image://docker.io/docker/dockerfile:1@sha256:ecfaec9ed6d810b56388c508f4121597bfbba70d41a6dfeee4d8cad5f295fc32
#4 resolve docker.io/docker/dockerfile:1@sha256:ecfaec9ed6d810b56388c508f4121597bfbba70d41a6dfeee4d8cad5f295fc32 0.0s done
#4 CACHED

#5 [internal] load metadata for docker.io/library/rust:alpine@sha256:a10e64dd139b7387337c7fbe8aca31b959b57b2fd4c8ae20a02cf1d6ea424dce
#5 DONE 0.1s

#6 [internal] load metadata for docker.io/library/python:3.13-slim@sha256:9d2e5553305c7c7b0097999bb17187c69b921ccd6bc9d40e4bb5ebe652c00285
#6 DONE 0.0s

#7 [internal] load .dockerignore
#7 transferring context: 139B done
#7 DONE 0.0s

#8 [builder  1/10] FROM docker.io/library/rust:alpine@sha256:a10e64dd139b7387337c7fbe8aca31b959b57b2fd4c8ae20a02cf1d6ea424dce
#8 resolve docker.io/library/rust:alpine@sha256:a10e64dd139b7387337c7fbe8aca31b959b57b2fd4c8ae20a02cf1d6ea424dce 0.1s done
#8 DONE 0.1s

#9 [builder  4/10] WORKDIR /app
#9 CACHED

#10 [builder  3/10] RUN set -e;     arch="$(uname -m)";     case "$arch" in       x86_64)  sha=3374daaf153e6f82028add5e4bf7cc2deab46537dee24f20be80df831193aeb4 ;;       aarch64) sha=35d90cee9648037eaa4c1a2649fdca9d1b9a9997b972d37be7f8629139ba1294 ;;       *) echo "unsupported arch: $arch" >&2; exit 1 ;;     esac;     curl -fsSL -o /tmp/ca.tar.xz "https://github.com/rust-secure-code/cargo-auditable/releases/download/v0.7.5/cargo-auditable-${arch}-unknown-linux-musl.tar.xz";     echo "$sha  /tmp/ca.tar.xz" | sha256sum -c -;     mkdir -p /tmp/ca && tar -xJf /tmp/ca.tar.xz -C /tmp/ca;     mv /tmp/ca/*/cargo-auditable /usr/local/bin/cargo-auditable;     rm -rf /tmp/ca /tmp/ca.tar.xz
#10 CACHED

#11 [builder  2/10] RUN apk add --no-cache musl-dev git curl xz     && rustup component add clippy rustfmt
#11 CACHED

#12 [builder  5/10] COPY Cargo.toml Cargo.lock ./
#12 CACHED

#13 [builder  6/10] COPY crates ./crates
#13 DONE 0.7s

#14 [builder  7/10] COPY fuzz ./fuzz
#14 DONE 0.1s

#15 [builder  8/10] COPY schema ./schema
#15 DONE 0.1s

#16 [builder  9/10] COPY typescript ./typescript
#16 DONE 0.1s

#17 [builder 10/10] COPY scripts ./scripts
#17 DONE 0.1s

#18 [e2e  4/12] ADD --checksum=sha256:394f07f4da2bebe6ce6f1e7ce0fa16429b29b08c35e3fac3fe25972676dff4b2 https://github.com/denoland/deno/releases/download/v2.9.6/deno-x86_64-unknown-linux-gnu.zip /tmp/deno.zip
#18 DONE 0.0s

#19 [e2e  1/12] FROM docker.io/library/python:3.13-slim@sha256:9d2e5553305c7c7b0097999bb17187c69b921ccd6bc9d40e4bb5ebe652c00285
#19 resolve docker.io/library/python:3.13-slim@sha256:9d2e5553305c7c7b0097999bb17187c69b921ccd6bc9d40e4bb5ebe652c00285 0.0s done
#19 DONE 0.0s

#20 [internal] load build context
#20 transferring context: 80.63kB 0.1s done
#20 DONE 0.1s

#21 [builder  7/10] COPY fuzz ./fuzz
#21 CACHED

#22 [builder 10/10] COPY scripts ./scripts
#22 CACHED

#23 [e2e  4/12] ADD --checksum=sha256:394f07f4da2bebe6ce6f1e7ce0fa16429b29b08c35e3fac3fe25972676dff4b2 https://github.com/denoland/deno/releases/download/v2.9.6/deno-x86_64-unknown-linux-gnu.zip /tmp/deno.zip
#23 CACHED

#24 [builder  6/10] COPY crates ./crates
#24 CACHED

#25 [e2e  7/12] COPY --from=bin /app/target/debug/grip /usr/local/bin/grip
#25 CACHED

#26 [e2e  8/12] COPY e2e/pyproject.toml e2e/uv.lock ./e2e/
#26 CACHED

#27 [e2e 10/12] COPY e2e ./e2e
#27 CACHED

#28 [builder  8/10] COPY schema ./schema
#28 CACHED

#29 [bin 1/1] RUN cargo build --locked -p gripsack
#29 CACHED

#30 [e2e  2/12] WORKDIR /app
#30 CACHED

#31 [e2e  3/12] RUN apt-get update -qq && apt-get install -y -qq --no-install-recommends git     && rm -rf /var/lib/apt/lists/*
#31 CACHED

#32 [e2e  6/12] RUN printf 'uv==%s --hash=sha256:f7d6248ad9f2d282fea795f248da8fa666ab382df50d8385bd98e01049440a0c --hash=sha256:bd0afae6918795c6a61a649e64d735e339f3d62f8310235da6f19eb3f66f323b\n' "0.12.10" > /tmp/uv.req     && pip install --no-cache-dir --no-deps --require-hashes -r /tmp/uv.req     && uv --version     && rm -f /tmp/uv.req
#32 CACHED

#33 [e2e 11/12] COPY examples ./examples
#33 CACHED

#34 [e2e  9/12] RUN cd e2e && uv sync --locked
#34 CACHED

#35 [e2e  5/12] RUN python3 -m zipfile -e /tmp/deno.zip /tmp/deno     && mkdir -p /root/.local/share/gripsack/tools/deno-2.9.6     && mv /tmp/deno/deno /root/.local/share/gripsack/tools/deno-2.9.6/deno     && chmod 755 /root/.local/share/gripsack/tools/deno-2.9.6/deno     && rm -rf /tmp/deno.zip /tmp/deno
#35 CACHED

#36 [builder  5/10] COPY Cargo.toml Cargo.lock ./
#36 CACHED

#37 [builder  9/10] COPY typescript ./typescript
#37 CACHED

#38 [e2e 12/12] WORKDIR /app/e2e
#38 CACHED

#39 exporting to image
#39 exporting layers done
#39 exporting manifest sha256:9f4c1f25db4929089882e92c20883261b067bbd52394740045b7fce3906eccec done
#39 exporting config sha256:80644c7f0279ecc658d568349348387cb1068d22991c94023bcdc3a6ab894373 done
#39 exporting attestation manifest sha256:65fae80f8e1db6fd1f723e78d2520d3ce9f8784beef08171b35009bf216ea4e9 0.0s done
#39 exporting manifest list sha256:6977afd349a9e2b38d9bca7d90fe71869ebb2e22693d430a036ccfb785d81770 0.0s done
#39 naming to docker.io/library/gripsack-e2e:latest done
#39 unpacking to docker.io/library/gripsack-e2e:latest 0.0s done
#39 DONE 0.2s

#40 resolving provenance for metadata file
#40 DONE 0.0s
 Image gripsack-e2e Built 
 Container gripsack-e2e-run-2c344f36aabb Creating 
 Container gripsack-e2e-run-2c344f36aabb Created 
============================= test session starts ==============================
platform linux -- Python 3.13.15, pytest-9.1.1, pluggy-1.6.0 -- /app/e2e/.venv/bin/python
cachedir: .pytest_cache
rootdir: /app/e2e
configfile: pyproject.toml
collecting ... collected 17 items / 14 deselected / 3 selected

test_workspace_diagnostics.py::test_unavailable_capability_names_first_declared_output_and_owner[image-worker] PASSED [ 33%]
test_workspace_diagnostics.py::test_unavailable_capability_names_first_declared_output_and_owner[environment-invocation] PASSED [ 66%]
test_workspace_diagnostics.py::test_unavailable_capability_names_first_declared_output_and_owner[check-owner-before-subject] PASSED [100%]

======================= 3 passed, 14 deselected in 0.14s =======================
A1_CAPABILITY_OWNERS=3 (named real CLI owner cases passed; 14 deselected nonrequired cases counted separately, 0 skipped)
