RUNNER_SOURCE_COMMIT=a754e048360a6146368fd58056f274a4e7f3c1a6
RUNNER_SOURCE_ROOTS_DIRTY=clean (git status --porcelain -- SOURCE_ROOTS before/after four independent direct commands: empty)
RUNNER_COMMANDS=docker compose run --build --rm test python3 scripts/gen_diagnostic_registry.py --check; docker compose run --build --rm test python3 scripts/gen_diagnostic_registry.py --self-check; docker compose run --build --rm -w /app/typescript ts-test deno task test; docker compose run --build --rm e2e uv run --locked --no-sync pytest -vv test_workspace_diagnostics.py
RUNNER_TOOL_VERSIONS=Docker Compose v5.5.0; Python 3.14.7 in Rust test image; Deno 2.9.6; TypeScript 7.0.2; pytest 9.1.1
RUNNER_INPUTS=committed diagnostic allocation manifest/generated Rust/TS code, three named registry mutants, sandboxed frontend tests and real terminal/JSON diagnostic fixtures

a754e048360a6146368fd58056f274a4e7f3c1a6
 Image gripsack-test Building 
#1 [internal] load local bake definitions
#1 reading from stdin 530B done
#1 DONE 0.0s

#2 [internal] load build definition from Dockerfile
#2 transferring dockerfile: 10.04kB done
#2 DONE 0.0s

#3 resolve image config for docker-image://docker.io/docker/dockerfile:1
#3 DONE 0.3s

#4 docker-image://docker.io/docker/dockerfile:1@sha256:ecfaec9ed6d810b56388c508f4121597bfbba70d41a6dfeee4d8cad5f295fc32
#4 resolve docker.io/docker/dockerfile:1@sha256:ecfaec9ed6d810b56388c508f4121597bfbba70d41a6dfeee4d8cad5f295fc32 0.0s done
#4 CACHED

#5 [internal] load metadata for docker.io/library/rust:alpine@sha256:a10e64dd139b7387337c7fbe8aca31b959b57b2fd4c8ae20a02cf1d6ea424dce
#5 DONE 0.6s

#6 [internal] load .dockerignore
#6 transferring context: 139B done
#6 DONE 0.0s

#7 [builder  1/10] FROM docker.io/library/rust:alpine@sha256:a10e64dd139b7387337c7fbe8aca31b959b57b2fd4c8ae20a02cf1d6ea424dce
#7 resolve docker.io/library/rust:alpine@sha256:a10e64dd139b7387337c7fbe8aca31b959b57b2fd4c8ae20a02cf1d6ea424dce 0.0s done
#7 DONE 0.0s

#8 [internal] load build context
#8 transferring context: 609.50kB 0.1s done
#8 DONE 0.1s

#9 [builder  3/10] RUN set -e;     arch="$(uname -m)";     case "$arch" in       x86_64)  sha=3374daaf153e6f82028add5e4bf7cc2deab46537dee24f20be80df831193aeb4 ;;       aarch64) sha=35d90cee9648037eaa4c1a2649fdca9d1b9a9997b972d37be7f8629139ba1294 ;;       *) echo "unsupported arch: $arch" >&2; exit 1 ;;     esac;     curl -fsSL -o /tmp/ca.tar.xz "https://github.com/rust-secure-code/cargo-auditable/releases/download/v0.7.5/cargo-auditable-${arch}-unknown-linux-musl.tar.xz";     echo "$sha  /tmp/ca.tar.xz" | sha256sum -c -;     mkdir -p /tmp/ca && tar -xJf /tmp/ca.tar.xz -C /tmp/ca;     mv /tmp/ca/*/cargo-auditable /usr/local/bin/cargo-auditable;     rm -rf /tmp/ca /tmp/ca.tar.xz
#9 CACHED

#10 [builder  4/10] WORKDIR /app
#10 CACHED

#11 [builder  5/10] COPY Cargo.toml Cargo.lock ./
#11 CACHED

#12 [builder 10/10] COPY scripts ./scripts
#12 CACHED

#13 [builder  2/10] RUN apk add --no-cache musl-dev git curl xz     && rustup component add clippy rustfmt
#13 CACHED

#14 [builder  8/10] COPY schema ./schema
#14 CACHED

#15 [builder  9/10] COPY typescript ./typescript
#15 CACHED

#16 [builder  6/10] COPY crates ./crates
#16 CACHED

#17 [builder  7/10] COPY fuzz ./fuzz
#17 CACHED

#18 [test 1/2] RUN cargo fmt --check     && cargo clippy --locked --workspace --all-targets -- -D warnings     && cargo test --locked
#18 CACHED

#19 [test 2/2] RUN apk add --no-cache python3     && cargo package --list -p gripsack-exec | grep -q "embedded_frontend.rs"     && python3 scripts/gen_diagnostic_registry.py --check     && python3 scripts/gen_diagnostic_registry.py --self-check     && python3 scripts/gen_frontend_embed.py --check
#19 CACHED

#20 exporting to image
#20 exporting layers done
#20 exporting manifest sha256:cca8c7b0ebbb1aa9e21703491edb1c110f323566fb24d7c6c2d49cf289e70498
#20 exporting manifest sha256:cca8c7b0ebbb1aa9e21703491edb1c110f323566fb24d7c6c2d49cf289e70498 done
#20 exporting config sha256:baffbca700e1e4cadd0818d98653dc8e5920bf9866e1de34c584e058572cf812 0.0s done
#20 exporting attestation manifest sha256:633c3db8ea45d954fb988ffabf0d01e1deb8524a114be96534646793037fe01d 0.1s done
#20 exporting manifest list sha256:10f4f8ebf482c0e62b1ecaef42702d8fb1edf93e25a0db693079c79f5c6a248e
#20 exporting manifest list sha256:10f4f8ebf482c0e62b1ecaef42702d8fb1edf93e25a0db693079c79f5c6a248e 0.0s done
#20 naming to docker.io/library/gripsack-test:latest 0.0s done
#20 unpacking to docker.io/library/gripsack-test:latest 0.0s done
#20 DONE 0.2s

#21 resolving provenance for metadata file
#21 DONE 0.0s
 Image gripsack-test Built 
 Container gripsack-test-run-3d5670c898ac Creating 
 Container gripsack-test-run-3d5670c898ac Created 
diagnostic registry: 36 unique core codes, 5 frontend allocations; generated files fresh

=== NAMED REGISTRY MUTANTS ===
time="2026-09-25T11:51:13+01:00" level=warning msg="Found orphan containers (gripsack-ts-test-run-2e514b289279) for this project. If you removed or renamed this service in your compose file, you can run this command with the --remove-orphans flag to clean it up."
 Image gripsack-test Building 
#1 [internal] load local bake definitions
#1 reading from stdin 530B done
#1 DONE 0.0s

#2 [internal] load build definition from Dockerfile
#2 transferring dockerfile:
#2 transferring dockerfile: 10.04kB done
#2 DONE 0.0s

#3 resolve image config for docker-image://docker.io/docker/dockerfile:1
#3 DONE 0.2s

#4 docker-image://docker.io/docker/dockerfile:1@sha256:ecfaec9ed6d810b56388c508f4121597bfbba70d41a6dfeee4d8cad5f295fc32
#4 resolve docker.io/docker/dockerfile:1@sha256:ecfaec9ed6d810b56388c508f4121597bfbba70d41a6dfeee4d8cad5f295fc32 0.0s done
#4 CACHED

#5 [internal] load metadata for docker.io/library/rust:alpine@sha256:a10e64dd139b7387337c7fbe8aca31b959b57b2fd4c8ae20a02cf1d6ea424dce
#5 DONE 0.0s

#6 [internal] load .dockerignore
#6 transferring context: 139B done
#6 DONE 0.0s

#7 [internal] load build context
#7 DONE 0.0s

#8 [builder  1/10] FROM docker.io/library/rust:alpine@sha256:a10e64dd139b7387337c7fbe8aca31b959b57b2fd4c8ae20a02cf1d6ea424dce
#8 resolve docker.io/library/rust:alpine@sha256:a10e64dd139b7387337c7fbe8aca31b959b57b2fd4c8ae20a02cf1d6ea424dce
#8 resolve docker.io/library/rust:alpine@sha256:a10e64dd139b7387337c7fbe8aca31b959b57b2fd4c8ae20a02cf1d6ea424dce 0.0s done
#8 DONE 0.0s

#7 [internal] load build context
#7 transferring context: 75.30kB 0.1s done
#7 DONE 0.1s

#9 [builder  7/10] COPY fuzz ./fuzz
#9 CACHED

#10 [builder  2/10] RUN apk add --no-cache musl-dev git curl xz     && rustup component add clippy rustfmt
#10 CACHED

#11 [builder  8/10] COPY schema ./schema
#11 CACHED

#12 [builder 10/10] COPY scripts ./scripts
#12 CACHED

#13 [test 1/2] RUN cargo fmt --check     && cargo clippy --locked --workspace --all-targets -- -D warnings     && cargo test --locked
#13 CACHED

#14 [builder  4/10] WORKDIR /app
#14 CACHED

#15 [builder  9/10] COPY typescript ./typescript
#15 CACHED

#16 [builder  3/10] RUN set -e;     arch="$(uname -m)";     case "$arch" in       x86_64)  sha=3374daaf153e6f82028add5e4bf7cc2deab46537dee24f20be80df831193aeb4 ;;       aarch64) sha=35d90cee9648037eaa4c1a2649fdca9d1b9a9997b972d37be7f8629139ba1294 ;;       *) echo "unsupported arch: $arch" >&2; exit 1 ;;     esac;     curl -fsSL -o /tmp/ca.tar.xz "https://github.com/rust-secure-code/cargo-auditable/releases/download/v0.7.5/cargo-auditable-${arch}-unknown-linux-musl.tar.xz";     echo "$sha  /tmp/ca.tar.xz" | sha256sum -c -;     mkdir -p /tmp/ca && tar -xJf /tmp/ca.tar.xz -C /tmp/ca;     mv /tmp/ca/*/cargo-auditable /usr/local/bin/cargo-auditable;     rm -rf /tmp/ca /tmp/ca.tar.xz
#16 CACHED

#17 [builder  5/10] COPY Cargo.toml Cargo.lock ./
#17 CACHED

#18 [builder  6/10] COPY crates ./crates
#18 CACHED

#19 [test 2/2] RUN apk add --no-cache python3     && cargo package --list -p gripsack-exec | grep -q "embedded_frontend.rs"     && python3 scripts/gen_diagnostic_registry.py --check     && python3 scripts/gen_diagnostic_registry.py --self-check     && python3 scripts/gen_frontend_embed.py --check
#19 CACHED

#20 exporting to image
#20 exporting layers done
#20 exporting manifest sha256:cca8c7b0ebbb1aa9e21703491edb1c110f323566fb24d7c6c2d49cf289e70498 done
#20 exporting config sha256:baffbca700e1e4cadd0818d98653dc8e5920bf9866e1de34c584e058572cf812 done
#20 exporting attestation manifest sha256:703bf13eb1b56a1b898ec8e7c6bdf36ea59acc6259dbcd6407aac960a410b0bf 0.0s done
#20 exporting manifest list sha256:b6b4361479df4f91b73c818446d7e0982f91c1ae93c56392aee69d6e5ed2c4cc
#20 exporting manifest list sha256:b6b4361479df4f91b73c818446d7e0982f91c1ae93c56392aee69d6e5ed2c4cc 0.0s done
#20 naming to docker.io/library/gripsack-test:latest 0.0s done
#20 unpacking to docker.io/library/gripsack-test:latest 0.0s done
#20 DONE 0.2s

#21 resolving provenance for metadata file
#21 DONE 0.0s
 Image gripsack-test Built 
 Container gripsack-test-run-62ab87a27204 Creating 
 Container gripsack-test-run-62ab87a27204 Created 
calibration: invalid registry version rejected on its named property
calibration: duplicate diagnostic code rejected on its named property
calibration: duplicate frontend diagnostic name rejected on its named property
diagnostic registry calibration: 3 named mutants rejected

=== FRESH FRONTEND TESTS ===
 Image gripsack-ts-test Building 
#1 [internal] load local bake definitions
#1 reading from stdin 545B done
#1 DONE 0.0s

#2 [internal] load build definition from Dockerfile
#2 transferring dockerfile: 10.04kB done
#2 DONE 0.0s

#3 resolve image config for docker-image://docker.io/docker/dockerfile:1
#3 DONE 0.2s

#4 docker-image://docker.io/docker/dockerfile:1@sha256:ecfaec9ed6d810b56388c508f4121597bfbba70d41a6dfeee4d8cad5f295fc32
#4 resolve docker.io/docker/dockerfile:1@sha256:ecfaec9ed6d810b56388c508f4121597bfbba70d41a6dfeee4d8cad5f295fc32 0.0s done
#4 CACHED

#5 [internal] load metadata for docker.io/denoland/deno:2.9.6@sha256:2014dc167ece617ef7e7ba40631ac2234c59e75ce693e7cc2dc2602b3c87859d
#5 DONE 0.0s

#6 [internal] load .dockerignore
#6 transferring context: 139B done
#6 DONE 0.0s

#7 [internal] load build context
#7 DONE 0.0s

#8 [ts-test 1/5] FROM docker.io/denoland/deno:2.9.6@sha256:2014dc167ece617ef7e7ba40631ac2234c59e75ce693e7cc2dc2602b3c87859d
#8 resolve docker.io/denoland/deno:2.9.6@sha256:2014dc167ece617ef7e7ba40631ac2234c59e75ce693e7cc2dc2602b3c87859d 0.0s done
#8 DONE 0.0s

#7 [internal] load build context
#7 transferring context: 3.29kB 0.0s done
#7 DONE 0.0s

#9 [ts-test 2/5] WORKDIR /app
#9 CACHED

#10 [ts-test 3/5] COPY typescript ./typescript
#10 CACHED

#11 [ts-test 4/5] COPY examples ./examples
#11 CACHED

#12 [ts-test 5/5] RUN cd typescript && deno install && deno task test     && deno run --cached-only --no-remote --allow-all node_modules/typescript/bin/tsc        --project tsconfig.examples.json --noEmit
#12 CACHED

#13 exporting to image
#13 exporting layers done
#13 exporting manifest sha256:43524cabf87000a5a7b5c1ab11cdaec73660c26b70d7df51e5d419a34f310442 done
#13 exporting config sha256:df5d780ca538e2f87dc9c19d5b93608fef06958ca798c734464dac36c0a885fc done
#13 exporting attestation manifest sha256:03db43750a06d0732f79559f82c333e56cbc2cc7a33b897513fc4672faaa75df
#13 exporting attestation manifest sha256:03db43750a06d0732f79559f82c333e56cbc2cc7a33b897513fc4672faaa75df 0.0s done
#13 exporting manifest list sha256:5619eccae064f1ea181159b123e10fc50c745ad2be67d8a21c6cf07fad435737 0.0s done
#13 naming to docker.io/library/gripsack-ts-test:latest done
#13 unpacking to docker.io/library/gripsack-ts-test:latest 0.0s done
#13 DONE 0.2s

#14 resolving provenance for metadata file
#14 DONE 0.0s
 Image gripsack-ts-test Built 
 Container gripsack-ts-test-run-ed96293b6c28 Creating 
 Container gripsack-ts-test-run-ed96293b6c28 Created 
[0m[32mTask[0m [0m[36mtest[0m deno test --allow-read --allow-write --allow-run --allow-env test/
[0m[32mCheck[0m test/driver.test.ts
[0m[32mCheck[0m test/index.test.ts
[0m[32mCheck[0m test/workspace.test.ts
[0m[32mCheck[0m test/workspace_graph.test.ts
[0m[38;5;245mrunning 12 tests from ./test/driver.test.ts[0m
driver evaluates a host into an envelope under the sandbox flags ... [0m[32mok[0m [0m[38;5;245m(71ms)[0m
bound probes answer without new requests (stage 2 fixpoint) ... [0m[32mok[0m [0m[38;5;245m(99ms)[0m
a missing host file lists the available hosts ... [0m[32mok[0m [0m[38;5;245m(49ms)[0m
a host without a defineEnv default export errors clearly ... [0m[32mok[0m [0m[38;5;245m(40ms)[0m
duplicate module names surface the frontend error ... [0m[32mok[0m [0m[38;5;245m(54ms)[0m
the repo's pinned @gripsack/core wins (deliberate pin) ... [0m[32mok[0m [0m[38;5;245m(67ms)[0m
a src-only pinned package resolves through its types entry (0.40 fallback) ... [0m[32mok[0m [0m[38;5;245m(67ms)[0m
a stale pin predating defineEnv errors with the fix ... [0m[32mok[0m [0m[38;5;245m(63ms)[0m
driver evaluates a root gripsack.ts workspace with no fake host ... [0m[32mok[0m [0m[38;5;245m(115ms)[0m
a root gripsack.ts wins over hosts/<host>.ts ... [0m[32mok[0m [0m[38;5;245m(52ms)[0m
a gripsack.ts without a defineWorkspace default export errors clearly ... [0m[32mok[0m [0m[38;5;245m(59ms)[0m
a syntax error in gripsack.ts stays a traceback ... [0m[32mok[0m [0m[38;5;245m(36ms)[0m
[0m[38;5;245mrunning 21 tests from ./test/index.test.ts[0m
emitIr emits the IR v5 legacy-modules contract ... [0m[32mok[0m [0m[38;5;245m(2ms)[0m
host facts keep their key order and never leak the hostname ... [0m[32mok[0m [0m[38;5;245m(467µs)[0m
undetectable libc is omitted from the IR host ... [0m[32mok[0m [0m[38;5;245m(360µs)[0m
module() captures spans pointing at this file ... [0m[32mok[0m [0m[38;5;245m(626µs)[0m
falsy module entries drop out of the environment ... [0m[32mok[0m [0m[38;5;245m(477µs)[0m
dotfiles-only modules emit no source ... [0m[32mok[0m [0m[38;5;245m(272µs)[0m
explicit steps emit verbatim ... [0m[32mok[0m [0m[38;5;245m(365µs)[0m
runStep emits structured argv actions with outputs ... [0m[32mok[0m [0m[38;5;245m(394µs)[0m
dep rejects legacy and misspelled option shapes ... [0m[32mok[0m [0m[38;5;245m(440µs)[0m
duplicate module names throw at emit with both sites ... [0m[32mok[0m [0m[38;5;245m(321µs)[0m
stray objects in modules throw with what they are ... [0m[32mok[0m [0m[38;5;245m(304µs)[0m
declared resources emit and validate ... [0m[32mok[0m [0m[38;5;245m(411µs)[0m
undeclared resources throw at eval ... [0m[32mok[0m [0m[38;5;245m(254µs)[0m
builtin resources pass eval ... [0m[32mok[0m [0m[38;5;245m(117µs)[0m
mergeTags unions entrypoint and CLI tags in order ... [0m[32mok[0m [0m[38;5;245m(140µs)[0m
when/hasTag evaluate the injected view ... [0m[32mok[0m [0m[38;5;245m(230µs)[0m
parseInputs accepts the version 1 envelope ... [0m[32mok[0m [0m[38;5;245m(327µs)[0m
parseInputs fills absent optionals and null libc ... [0m[32mok[0m [0m[38;5;245m(147µs)[0m
parseInputs rejects malformed envelopes ... [0m[32mok[0m [0m[38;5;245m(550µs)[0m
probes answer bound values and record unbound requests ... [0m[32mok[0m [0m[38;5;245m(719µs)[0m
module() rejects unknown fields — a typo never lowers to an empty desired state ... [0m[32mok[0m [0m[38;5;245m(473µs)[0m
[0m[38;5;245mrunning 22 tests from ./test/workspace.test.ts[0m
emitWorkspaceIr emits the v5 workspace envelope ... [0m[32mok[0m [0m[38;5;245m(10ms)[0m
emitIr legacy path emits the v5 modules envelope, never a workspace ... [0m[32mok[0m [0m[38;5;245m(428µs)[0m
duplicate output names throw at declaration with both sites ... [0m[32mok[0m [0m[38;5;245m(525µs)[0m
duplicate output names throw at emit for hand-built values ... [0m[32mok[0m [0m[38;5;245m(411µs)[0m
Bash body interpolation rejects the literal at its source line ... [0m[32mok[0m [0m[38;5;245m(1ms)[0m
run_bash requires a declared package interpreter ... [0m[32mok[0m [0m[38;5;245m(812µs)[0m
run_bash maps dedented lines to the original template, not the call ... [0m[32mok[0m [0m[38;5;245m(1ms)[0m
Bash fluent and object forms normalize without sharing mutable state ... [0m[32mok[0m [0m[38;5;245m(671µs)[0m
fluent exec and object form emit the same command, preserving branches ... [0m[32mok[0m [0m[38;5;245m(604µs)[0m
environment names survive cloning even when shadowing a prototype key ... [0m[32mok[0m [0m[38;5;245m(480µs)[0m
file origin is optional only for literal content ... [0m[32mok[0m [0m[38;5;245m(708µs)[0m
emit rejects unknown output references with the reference span ... [0m[32mok[0m [0m[38;5;245m(378µs)[0m
emit rejects wrong-kind references naming both sites ... [0m[32mok[0m [0m[38;5;245m(409µs)[0m
emit rejects package_command refs to unknown commands ... [0m[32mok[0m [0m[38;5;245m(489µs)[0m
emit rejects task dependency cycles ... [0m[32mok[0m [0m[38;5;245m(975µs)[0m
emit rejects producer/artifact cycles but admits validation loops ... [0m[32mok[0m [0m[38;5;245m(828µs)[0m
a provider-backed package needs no synthetic recipe ... [0m[32mok[0m [0m[38;5;245m(580µs)[0m
no import-order registry: repeated evals in one process emit identical IR ... [0m[32mok[0m [0m[38;5;245m(1ms)[0m
constructed values are deeply frozen ... [0m[32mok[0m [0m[38;5;245m(1ms)[0m
stray objects and empty catalogs are rejected ... [0m[32mok[0m [0m[38;5;245m(421µs)[0m
spans are mandatory: hand-built nodes without one are rejected ... [0m[32mok[0m [0m[38;5;245m(254µs)[0m
enum and calendar boundaries reject out-of-grammar values ... [0m[32mok[0m [0m[38;5;245m(529µs)[0m
[0m[38;5;245mrunning 8 tests from ./test/workspace_graph.test.ts[0m
artifact refs require an actual artifact with both sites reported ... [0m[32mok[0m [0m[38;5;245m(5ms)[0m
check subjects resolve rather than silently becoming opaque names ... [0m[32mok[0m [0m[38;5;245m(1ms)[0m
artifact selectors cannot escape or use non-canonical path segments ... [0m[32mok[0m [0m[38;5;245m(1ms)[0m
environment values are data, never package commands ... [0m[32mok[0m [0m[38;5;245m(621µs)[0m
targets bind ABI and minimum OS requirements, not the current host ... [0m[32mok[0m [0m[38;5;245m(1ms)[0m
fixed-prefix selection needs a matching environment location ... [0m[32mok[0m [0m[38;5;245m(1ms)[0m
ABI mismatch and incompatible minimum OS reject with both declarations ... [0m[32mok[0m [0m[38;5;245m(2ms)[0m
recipe command lists retain local order without task-prerequisite edges ... [0m[32mok[0m [0m[38;5;245m(632µs)[0m

[0m[32mok[0m | 63 passed | 0 failed [0m[38;5;245m(1s)[0m


=== REAL CLI DIAGNOSTIC MATRIX ===
 Image gripsack-e2e Building 
#1 [internal] load local bake definitions
#1 reading from stdin 525B done
#1 DONE 0.0s

#2 [internal] load build definition from Dockerfile
#2 transferring dockerfile: 10.04kB done
#2 DONE 0.0s

#3 resolve image config for docker-image://docker.io/docker/dockerfile:1
#3 DONE 0.2s

#4 docker-image://docker.io/docker/dockerfile:1@sha256:ecfaec9ed6d810b56388c508f4121597bfbba70d41a6dfeee4d8cad5f295fc32
#4 resolve docker.io/docker/dockerfile:1@sha256:ecfaec9ed6d810b56388c508f4121597bfbba70d41a6dfeee4d8cad5f295fc32 0.0s done
#4 CACHED

#5 [internal] load metadata for docker.io/library/python:3.13-slim@sha256:9d2e5553305c7c7b0097999bb17187c69b921ccd6bc9d40e4bb5ebe652c00285
#5 DONE 0.0s

#6 [internal] load metadata for docker.io/library/rust:alpine@sha256:a10e64dd139b7387337c7fbe8aca31b959b57b2fd4c8ae20a02cf1d6ea424dce
#6 DONE 0.0s

#7 [internal] load .dockerignore
#7 transferring context: 139B done
#7 DONE 0.0s

#8 [e2e  4/12] ADD --checksum=sha256:394f07f4da2bebe6ce6f1e7ce0fa16429b29b08c35e3fac3fe25972676dff4b2 https://github.com/denoland/deno/releases/download/v2.9.6/deno-x86_64-unknown-linux-gnu.zip /tmp/deno.zip
#8 DONE 0.0s

#9 [internal] load build context
#9 DONE 0.0s

#10 [builder  1/10] FROM docker.io/library/rust:alpine@sha256:a10e64dd139b7387337c7fbe8aca31b959b57b2fd4c8ae20a02cf1d6ea424dce
#10 resolve docker.io/library/rust:alpine@sha256:a10e64dd139b7387337c7fbe8aca31b959b57b2fd4c8ae20a02cf1d6ea424dce 0.0s done
#10 DONE 0.0s

#11 [e2e  1/12] FROM docker.io/library/python:3.13-slim@sha256:9d2e5553305c7c7b0097999bb17187c69b921ccd6bc9d40e4bb5ebe652c00285
#11 resolve docker.io/library/python:3.13-slim@sha256:9d2e5553305c7c7b0097999bb17187c69b921ccd6bc9d40e4bb5ebe652c00285 0.0s done
#11 DONE 0.0s

#9 [internal] load build context
#9 transferring context: 2.96MB 0.3s done
#9 DONE 0.3s

#12 [builder  3/10] RUN set -e;     arch="$(uname -m)";     case "$arch" in       x86_64)  sha=3374daaf153e6f82028add5e4bf7cc2deab46537dee24f20be80df831193aeb4 ;;       aarch64) sha=35d90cee9648037eaa4c1a2649fdca9d1b9a9997b972d37be7f8629139ba1294 ;;       *) echo "unsupported arch: $arch" >&2; exit 1 ;;     esac;     curl -fsSL -o /tmp/ca.tar.xz "https://github.com/rust-secure-code/cargo-auditable/releases/download/v0.7.5/cargo-auditable-${arch}-unknown-linux-musl.tar.xz";     echo "$sha  /tmp/ca.tar.xz" | sha256sum -c -;     mkdir -p /tmp/ca && tar -xJf /tmp/ca.tar.xz -C /tmp/ca;     mv /tmp/ca/*/cargo-auditable /usr/local/bin/cargo-auditable;     rm -rf /tmp/ca /tmp/ca.tar.xz
#12 CACHED

#13 [builder  5/10] COPY Cargo.toml Cargo.lock ./
#13 CACHED

#14 [e2e  5/12] RUN python3 -m zipfile -e /tmp/deno.zip /tmp/deno     && mkdir -p /root/.local/share/gripsack/tools/deno-2.9.6     && mv /tmp/deno/deno /root/.local/share/gripsack/tools/deno-2.9.6/deno     && chmod 755 /root/.local/share/gripsack/tools/deno-2.9.6/deno     && rm -rf /tmp/deno.zip /tmp/deno
#14 CACHED

#15 [e2e  6/12] RUN printf 'uv==%s --hash=sha256:f7d6248ad9f2d282fea795f248da8fa666ab382df50d8385bd98e01049440a0c --hash=sha256:bd0afae6918795c6a61a649e64d735e339f3d62f8310235da6f19eb3f66f323b\n' "0.12.10" > /tmp/uv.req     && pip install --no-cache-dir --no-deps --require-hashes -r /tmp/uv.req     && uv --version     && rm -f /tmp/uv.req
#15 CACHED

#16 [e2e  7/12] COPY --from=bin /app/target/debug/grip /usr/local/bin/grip
#16 CACHED

#17 [builder  7/10] COPY fuzz ./fuzz
#17 CACHED

#18 [builder  8/10] COPY schema ./schema
#18 CACHED

#19 [e2e  2/12] WORKDIR /app
#19 CACHED

#20 [bin 1/1] RUN cargo build --locked -p gripsack
#20 CACHED

#21 [builder 10/10] COPY scripts ./scripts
#21 CACHED

#22 [builder  2/10] RUN apk add --no-cache musl-dev git curl xz     && rustup component add clippy rustfmt
#22 CACHED

#23 [e2e  8/12] COPY e2e/pyproject.toml e2e/uv.lock ./e2e/
#23 CACHED

#24 [builder  9/10] COPY typescript ./typescript
#24 CACHED

#25 [e2e 10/12] COPY e2e ./e2e
#25 CACHED

#26 [e2e 11/12] COPY examples ./examples
#26 CACHED

#27 [builder  4/10] WORKDIR /app
#27 CACHED

#28 [builder  6/10] COPY crates ./crates
#28 CACHED

#29 [e2e  9/12] RUN cd e2e && uv sync --locked
#29 CACHED

#30 [e2e  3/12] RUN apt-get update -qq && apt-get install -y -qq --no-install-recommends git     && rm -rf /var/lib/apt/lists/*
#30 CACHED

#31 [e2e  4/12] ADD --checksum=sha256:394f07f4da2bebe6ce6f1e7ce0fa16429b29b08c35e3fac3fe25972676dff4b2 https://github.com/denoland/deno/releases/download/v2.9.6/deno-x86_64-unknown-linux-gnu.zip /tmp/deno.zip
#31 CACHED

#32 [e2e 12/12] WORKDIR /app/e2e
#32 CACHED

#33 exporting to image
#33 exporting layers done
#33 exporting manifest sha256:b257bde882e8497cbaa2bc175c67f85eb03375ab1f9a0f11306865e854155726 done
#33 exporting config sha256:fb98f8a1a40d528ecceda6f933156065b296d6852ee596feaadd463dea99bfb9 done
#33 exporting attestation manifest sha256:edc1f963c941fd3e7d7e277d9f6f4ebae2d225428ba6940a7c2d3656995ff7a4 0.0s done
#33 exporting manifest list sha256:1aec1d132ea40478b6834b1b0ecbd262c5d39bce76429dbe89ed702063374465 0.0s done
#33 naming to docker.io/library/gripsack-e2e:latest done
#33 unpacking to docker.io/library/gripsack-e2e:latest 0.0s done
#33 DONE 0.1s

#34 resolving provenance for metadata file
#34 DONE 0.0s
 Image gripsack-e2e Built 
 Container gripsack-e2e-run-593463ae1361 Creating 
 Container gripsack-e2e-run-593463ae1361 Created 
============================= test session starts ==============================
platform linux -- Python 3.13.15, pytest-9.1.1, pluggy-1.6.0 -- /app/e2e/.venv/bin/python
cachedir: .pytest_cache
rootdir: /app/e2e
configfile: pyproject.toml
collecting ... collected 17 items

test_workspace_diagnostics.py::test_typo_field_reports_declaration_site_on_both_surfaces PASSED [  5%]
test_workspace_diagnostics.py::test_wrong_kind_reference_reports_both_sites_on_both_surfaces PASSED [ 11%]
test_workspace_diagnostics.py::test_collision_reports_both_declaration_spans_on_both_surfaces PASSED [ 17%]
test_workspace_diagnostics.py::test_target_mismatch_reports_both_sites_on_both_surfaces PASSED [ 23%]
test_workspace_diagnostics.py::test_ambient_bash_interpreter_is_a_structured_capability_error PASSED [ 29%]
test_workspace_diagnostics.py::test_dedented_bash_interpolation_maps_to_the_original_source_line PASSED [ 35%]
test_workspace_diagnostics.py::test_core_line_map_renders_the_mapped_source_snippet PASSED [ 41%]
test_workspace_diagnostics.py::test_decoded_diagnostic_span_cannot_read_outside_repo PASSED [ 47%]
test_workspace_diagnostics.py::test_legacy_env_check_json_carries_modules_and_tags PASSED [ 52%]
test_workspace_diagnostics.py::test_check_success_json_lists_the_named_outputs PASSED [ 58%]
test_workspace_diagnostics.py::test_check_never_provisions_a_builder PASSED [ 64%]
test_workspace_diagnostics.py::test_schedule_and_task_prerequisite_capabilities_keep_their_owners PASSED [ 70%]
test_workspace_diagnostics.py::test_unavailable_capability_names_first_declared_output_and_owner[image-worker] PASSED [ 76%]
test_workspace_diagnostics.py::test_unavailable_capability_names_first_declared_output_and_owner[environment-invocation] PASSED [ 82%]
test_workspace_diagnostics.py::test_unavailable_capability_names_first_declared_output_and_owner[check-owner-before-subject] PASSED [ 88%]
test_workspace_diagnostics.py::test_user_exception_stays_a_traceback_on_both_surfaces PASSED [ 94%]
test_workspace_diagnostics.py::test_engine_error_stays_a_traceback_on_both_surfaces PASSED [100%]

============================== 17 passed in 4.18s ==============================
DIAGNOSTIC_REGISTRY_FRESH=1
CALIBRATED_DIAGNOSTIC_REGISTRY=3
A1_DIAGNOSTIC_BINDING=84 (1 fresh + 3 mutants + 63 Deno + 17 real CLI)
