RUNNER_SOURCE_COMMIT=0b929052974b63ed7283b086017bff369b9f1a57
RUNNER_SOURCE_ROOTS_DIRTY=clean (git status --porcelain --untracked-files=all -- tracked SOURCE_ROOTS before and after direct runners: empty)
RUNNER_SOURCE_FINGERPRINT=a53a49a4d505774fa43f1882515e4ceeb15890c3542c635deaaad1575c862b6b
RUNNER_TOOL_VERSIONS=Docker Compose v5.5.0; Rust 1.98.0; Python 3.13.15; pytest 9.1.1; Deno 2.9.6 in e2e image
RUNNER_INPUTS=Committed plan/0048 §1.3 typed host plus §1.4 bounded frontend and pretrust adoption; sandboxed HOME offline real binary, real Deno in the two positive CLI flows and adversarial fake Deno only for 16MiB+1 stdout/stderr resource-limit negatives. Original three host and three new §1.4 witnesses failed-before; no native Mac, VM, full M0 or public release is claimed. Original edition-5 all 178 IDs have registered lanes/cases, not verified evidence kinds/acceptance.

RUNNER_COMMAND=docker compose run --build --rm test cargo test --locked -p gripsack-ir host_name::tests
#1 [internal] load local bake definitions
#1 reading from stdin 530B done
#1 DONE 0.0s

#2 [internal] load build definition from Dockerfile
#2 transferring dockerfile: 10.04kB done
#2 DONE 0.0s

#3 resolve image config for docker-image://docker.io/docker/dockerfile:1
#3 DONE 0.5s

#4 docker-image://docker.io/docker/dockerfile:1@sha256:ecfaec9ed6d810b56388c508f4121597bfbba70d41a6dfeee4d8cad5f295fc32
#4 resolve docker.io/docker/dockerfile:1@sha256:ecfaec9ed6d810b56388c508f4121597bfbba70d41a6dfeee4d8cad5f295fc32 0.0s done
#4 CACHED

#5 [internal] load metadata for docker.io/library/rust:alpine@sha256:a10e64dd139b7387337c7fbe8aca31b959b57b2fd4c8ae20a02cf1d6ea424dce
#5 DONE 0.0s

#6 [internal] load .dockerignore
#6 transferring context: 139B done
#6 DONE 0.0s

#7 [builder  1/10] FROM docker.io/library/rust:alpine@sha256:a10e64dd139b7387337c7fbe8aca31b959b57b2fd4c8ae20a02cf1d6ea424dce
#7 resolve docker.io/library/rust:alpine@sha256:a10e64dd139b7387337c7fbe8aca31b959b57b2fd4c8ae20a02cf1d6ea424dce 0.0s done
#7 DONE 0.0s

#8 [internal] load build context
#8 transferring context: 612.81kB 0.1s done
#8 DONE 0.1s

#9 [builder  4/10] WORKDIR /app
#9 CACHED

#10 [builder  2/10] RUN apk add --no-cache musl-dev git curl xz     && rustup component add clippy rustfmt
#10 CACHED

#11 [builder  3/10] RUN set -e;     arch="$(uname -m)";     case "$arch" in       x86_64)  sha=3374daaf153e6f82028add5e4bf7cc2deab46537dee24f20be80df831193aeb4 ;;       aarch64) sha=35d90cee9648037eaa4c1a2649fdca9d1b9a9997b972d37be7f8629139ba1294 ;;       *) echo "unsupported arch: $arch" >&2; exit 1 ;;     esac;     curl -fsSL -o /tmp/ca.tar.xz "https://github.com/rust-secure-code/cargo-auditable/releases/download/v0.7.5/cargo-auditable-${arch}-unknown-linux-musl.tar.xz";     echo "$sha  /tmp/ca.tar.xz" | sha256sum -c -;     mkdir -p /tmp/ca && tar -xJf /tmp/ca.tar.xz -C /tmp/ca;     mv /tmp/ca/*/cargo-auditable /usr/local/bin/cargo-auditable;     rm -rf /tmp/ca /tmp/ca.tar.xz
#11 CACHED

#12 [builder  5/10] COPY Cargo.toml Cargo.lock ./
#12 CACHED

#13 [builder  6/10] COPY crates ./crates
#13 DONE 0.2s

#14 [builder  7/10] COPY fuzz ./fuzz
#14 DONE 0.1s

#15 [builder  8/10] COPY schema ./schema
#15 DONE 0.1s

#16 [builder  9/10] COPY typescript ./typescript
#16 DONE 0.1s

#17 [builder 10/10] COPY scripts ./scripts
#17 DONE 0.1s

#18 [test 1/2] RUN cargo fmt --check     && cargo clippy --locked --workspace --all-targets -- -D warnings     && cargo test --locked
#18 1.198     Updating crates.io index
#18 3.284  Downloading crates ...
#18 3.339   Downloaded block-buffer v0.12.1
#18 3.343   Downloaded ambient-authority v0.0.2
#18 3.358   Downloaded anstyle-query v1.1.5
#18 3.361   Downloaded bit-set v0.8.0
#18 3.364   Downloaded adler2 v2.0.1
#18 3.367   Downloaded borrow-or-share v0.2.4
#18 3.369   Downloaded form_urlencoded v1.2.2
#18 3.374   Downloaded num-traits v0.2.19
#18 3.378   Downloaded anstyle v1.0.14
#18 3.381   Downloaded anstyle-parse v1.0.0
#18 3.384   Downloaded parking_lot_core v0.9.12
#18 3.388   Downloaded equivalent v1.0.2
#18 3.391   Downloaded colorchoice v1.0.5
#18 3.393   Downloaded crypto-common v0.2.2
#18 3.395   Downloaded fs-set-times v0.20.3
#18 3.398   Downloaded pin-project-lite v0.2.17
#18 3.411   Downloaded is_terminal_polyfill v1.70.2
#18 3.413   Downloaded percent-encoding v2.3.2
#18 3.415   Downloaded num-iter v0.1.46
#18 3.417   Downloaded once_cell v1.21.4
#18 3.423   Downloaded outref v0.5.2
#18 3.426   Downloaded openssl-probe v0.2.1
#18 3.429   Downloaded idna_adapter v1.2.2
#18 3.431   Downloaded jsonschema-regex v0.55.0
#18 3.433   Downloaded errno v0.3.14
#18 3.436   Downloaded heck v0.5.0
#18 3.438   Downloaded potential_utf v0.1.6
#18 3.441   Downloaded httpdate v1.0.3
#18 3.445   Downloaded strum v0.28.0
#18 3.447   Downloaded matchers v0.2.0
#18 3.450   Downloaded itoa v1.0.18
#18 3.454   Downloaded parking_lot v0.12.5
#18 3.459   Downloaded lazy_static v1.5.0
#18 3.462   Downloaded ref-cast v1.0.27
#18 3.468   Downloaded maybe-owned v0.3.4
#18 3.471   Downloaded stable_deref_trait v1.2.1
#18 3.473   Downloaded thread_local v1.1.10
#18 3.475   Downloaded cpufeatures v0.3.0
#18 3.478   Downloaded ref-cast-impl v1.0.27
#18 3.480   Downloaded strsim v0.11.1
#18 3.483   Downloaded version_check v0.9.5
#18 3.486   Downloaded cfg-if v1.0.4
#18 3.489   Downloaded clap_lex v1.1.0
#18 3.491   Downloaded uuid-simd v0.8.0
#18 3.494   Downloaded subtle v2.6.1
#18 3.497   Downloaded utf8parse v0.2.2
#18 3.499   Downloaded zerofrom v0.1.8
#18 3.501   Downloaded shell-words v1.1.1
#18 3.503   Downloaded num-cmp v0.1.0
#18 3.505   Downloaded xattr v1.6.1
#18 3.511   Downloaded tracing-serde v0.2.0
#18 3.513   Downloaded owo-colors v4.3.0
#18 3.516   Downloaded pkg-config v0.3.34
#18 3.519   Downloaded anstream v1.0.0
#18 3.525   Downloaded scopeguard v1.2.0
#18 3.528   Downloaded bytecount v0.6.9
#18 3.533   Downloaded fastrand v2.5.0
#18 3.536   Downloaded zerofrom-derive v0.1.7
#18 3.538   Downloaded serde_spanned v1.1.1
#18 3.540   Downloaded autocfg v1.5.1
#18 3.544   Downloaded email_address v0.2.9
#18 3.547   Downloaded unit-prefix v0.5.2
#18 3.550   Downloaded convert_case v0.4.0
#18 3.552   Downloaded filetime v0.2.29
#18 3.556   Downloaded foldhash v0.2.0
#18 3.558   Downloaded data-encoding v2.11.1
#18 3.559   Downloaded num v0.4.3
#18 3.561   Downloaded webpki-roots v0.26.11
#18 3.564   Downloaded jobserver v0.1.35
#18 3.568   Downloaded utf8_iter v1.0.4
#18 3.570   Downloaded nu-ansi-term v0.50.3
#18 3.575   Downloaded verus_builtin v0.0.0-2026-09-06-0133
#18 3.577   Downloaded num-rational v0.4.2
#18 3.579   Downloaded yoke-derive v0.8.2
#18 3.581   Downloaded num-integer v0.1.47
#18 3.585   Downloaded untrusted v0.9.0
#18 3.589   Downloaded num-complex v0.4.6
#18 3.592   Downloaded bit-vec v0.8.0
#18 3.597   Downloaded dialoguer v0.12.0
#18 3.605   Downloaded digest v0.11.3
#18 3.610   Downloaded ipnet v2.12.1
#18 3.612   Downloaded lock_api v0.4.14
#18 3.614   Downloaded cap-std v4.0.3
#18 3.621   Downloaded ahash v0.8.12
#18 3.625   Downloaded synstructure v0.13.2
#18 3.627   Downloaded thiserror-impl v2.0.20
#18 3.630   Downloaded toml_datetime v0.7.5+spec-1.1.0
#18 3.632   Downloaded proc-macro2 v1.0.107
#18 3.637   Downloaded allocator-api2 v0.2.21
#18 3.642   Downloaded console v0.16.4
#18 3.645   Downloaded bitflags v2.13.1
#18 3.653   Downloaded quote v1.0.47
#18 3.658   Downloaded strum_macros v0.28.0
#18 3.662   Downloaded find-msvc-tools v0.1.11
#18 3.665   Downloaded zmij v1.0.23
#18 3.669   Downloaded zeroize v1.9.0
#18 3.671   Downloaded toml_writer v1.1.2+spec-1.1.0
#18 3.674   Downloaded displaydoc v0.2.7
#18 3.678   Downloaded getrandom v0.2.17
#18 3.682   Downloaded clap_derive v4.6.4
#18 3.689   Downloaded hybrid-array v0.4.14
#18 3.693   Downloaded simd-adler32 v0.3.10
#18 3.697   Downloaded toml_datetime v1.1.1+spec-1.1.0
#18 3.699   Downloaded vsimd v0.8.0
#18 3.703   Downloaded xz2 v0.1.7
#18 3.706   Downloaded io-lifetimes v2.0.4
#18 3.709   Downloaded io-extras v0.19.0
#18 3.712   Downloaded io-lifetimes v3.0.1
#18 3.715   Downloaded shlex v2.0.1
#18 3.717   Downloaded rustix-linux-procfs v0.1.1
#18 3.719   Downloaded litemap v0.8.3
#18 3.724   Downloaded zstd-safe v7.2.4
#18 3.727   Downloaded zerovec-derive v0.11.6
#18 3.730   Downloaded zstd v0.13.3
#18 3.737   Downloaded clap v4.6.6
#18 3.754   Downloaded bzip2 v0.6.1
#18 3.758   Downloaded rustls-native-certs v0.8.4
#18 3.761   Downloaded const-oid v0.10.2
#18 3.765   Downloaded sha2 v0.11.0
#18 3.773   Downloaded toml_parser v1.1.3+spec-1.1.0
#18 3.778   Downloaded crc32fast v1.5.1
#18 3.782   Downloaded getrandom v0.3.4
#18 3.788   Downloaded libbz2-rs-sys v0.2.5
#18 3.791   Downloaded writeable v0.6.4
#18 3.795   Downloaded serde_core v1.0.229
#18 3.800   Downloaded tempfile v3.27.0
#18 3.806   Downloaded tracing-attributes v0.1.31
#18 3.810   Downloaded getrandom v0.4.3
#18 3.816   Downloaded thiserror v2.0.20
#18 3.825   Downloaded fluent-uri v0.4.1
#18 3.831   Downloaded log v0.4.34
#18 3.836   Downloaded micromap v0.3.0
#18 3.846   Downloaded tracing-log v0.2.0
#18 3.849   Downloaded smallvec v1.15.2
#18 3.851   Downloaded unicode-general-category v1.1.0
#18 3.854   Downloaded yoke v0.8.3
#18 3.857   Downloaded zopfli v0.8.3
#18 3.861   Downloaded jsonschema-value v0.55.0
#18 3.864   Downloaded miniz_oxide v0.8.9
#18 3.869   Downloaded icu_normalizer_data v2.3.0
#18 3.872   Downloaded icu_provider v2.3.1
#18 3.877   Downloaded serde_derive v1.0.229
#18 3.882   Downloaded tracing-core v0.1.36
#18 3.887   Downloaded toml v1.1.4+spec-1.1.0
#18 3.895   Downloaded tinystr v0.8.4
#18 3.900   Downloaded base64 v0.22.1
#18 3.908   Downloaded icu_collections v2.3.0
#18 3.919   Downloaded flate2 v1.1.9
#18 3.927   Downloaded rustls-pki-types v1.15.1
#18 3.931   Downloaded unicode-ident v1.0.24
#18 3.938   Downloaded indicatif v0.18.6
#18 3.944   Downloaded toml v0.9.12+spec-1.1.0
#18 3.952   Downloaded serde_yaml v0.9.34+deprecated
#18 3.959   Downloaded icu_locale_core v2.3.0
#18 3.974   Downloaded sharded-slab v0.1.7
#18 3.980   Downloaded bumpalo v3.20.3
#18 3.984   Downloaded ryu v1.0.23
#18 3.991   Downloaded num-bigint v0.4.8
#18 3.999   Downloaded tar v0.4.46
#18 4.005   Downloaded serde v1.0.229
#18 4.012   Downloaded indexmap v2.14.0
#18 4.020   Downloaded cap-primitives v4.0.3
#18 4.037   Downloaded memchr v2.8.3
#18 4.049   Downloaded fraction v0.17.0
#18 4.059   Downloaded icu_properties v2.3.0
#18 4.064   Downloaded toml_edit v0.25.13+spec-1.1.0
#18 4.070   Downloaded unsafe-libyaml v0.2.11
#18 4.077   Downloaded referencing v0.55.0
#18 4.085   Downloaded cc v1.4.4
#18 4.090   Downloaded verus_prettyplease v0.0.0-2026-09-06-0133
#18 4.095   Downloaded zerovec v0.11.8
#18 4.108   Downloaded idna v1.1.0
#18 4.113   Downloaded url v2.5.8
#18 4.118   Downloaded zerotrie v0.2.5
#18 4.125   Downloaded verus_state_machines_macros v0.0.0-2026-09-06-0133
#18 4.128   Downloaded hashbrown v0.17.1
#18 4.136   Downloaded zip v8.6.0
#18 4.143   Downloaded clap_builder v4.6.6
#18 4.152   Downloaded aho-corasick v1.1.5
#18 4.160   Downloaded icu_properties_data v2.3.0
#18 4.172   Downloaded typenum v1.20.1
#18 4.176   Downloaded typed-path v0.12.3
#18 4.192   Downloaded rustls-webpki v0.103.15
#18 4.197   Downloaded ureq v2.12.1
#18 4.206   Downloaded fancy-regex v0.19.1
#18 4.215   Downloaded zlib-rs v0.6.7
#18 4.223   Downloaded verus_builtin_macros v0.0.0-2026-09-06-0133
#18 4.227   Downloaded serde_json v1.0.151
#18 4.239   Downloaded regex v1.13.1
#18 4.246   Downloaded winnow v1.0.4
#18 4.263   Downloaded winnow v0.7.15
#18 4.279   Downloaded portable-atomic v1.15.0
#18 4.291   Downloaded tracing-subscriber v0.3.23
#18 4.305   Downloaded icu_normalizer v2.3.0
#18 4.315   Downloaded webpki-roots v1.0.9
#18 4.320   Downloaded jsonschema v0.55.0
#18 4.344   Downloaded unicode-width v0.2.2
#18 4.350   Downloaded lzma-sys v0.1.20
#18 4.396   Downloaded zerocopy v0.8.56
#18 4.422   Downloaded zstd-sys v2.0.16+zstd.1.5.7
#18 4.442   Downloaded libc v0.2.189
#18 4.554   Downloaded vstd v0.0.0-2026-09-06-0133
#18 4.569   Downloaded syn v3.0.4
#18 4.583   Downloaded syn v2.0.119
#18 4.598   Downloaded verus_syn v0.0.0-2026-09-06-0133
#18 4.613   Downloaded regex-syntax v0.8.11
#18 4.622   Downloaded rustix v1.1.4
#18 4.676   Downloaded rustls v0.23.43
#18 4.695   Downloaded tracing v0.1.44
#18 4.712   Downloaded regex-automata v0.4.18
#18 4.734   Downloaded linux-raw-sys v0.12.1
#18 4.796   Downloaded ring v0.17.14
#18 5.097    Compiling proc-macro2 v1.0.107
#18 5.097    Compiling quote v1.0.47
#18 5.097    Compiling unicode-ident v1.0.24
#18 5.097    Compiling libc v0.2.189
#18 5.101     Checking cfg-if v1.0.4
#18 5.101    Compiling serde_core v1.0.229
#18 5.101     Checking once_cell v1.21.4
#18 5.105     Checking memchr v2.8.3
#18 5.105    Compiling serde v1.0.229
#18 5.108     Checking equivalent v1.0.2
#18 5.108     Checking foldhash v0.2.0
#18 5.108     Checking allocator-api2 v0.2.21
#18 5.117    Compiling zmij v1.0.23
#18 5.117    Compiling verus_prettyplease v0.0.0-2026-09-06-0133
#18 5.120     Checking itoa v1.0.18
#18 5.120    Compiling serde_json v1.0.151
#18 5.126    Compiling hashbrown v0.17.1
#18 5.129    Compiling convert_case v0.4.0
#18 5.136    Compiling vstd v0.0.0-2026-09-06-0133
#18 5.136    Compiling shlex v2.0.1
#18 5.156    Compiling find-msvc-tools v0.1.11
#18 5.157     Checking verus_builtin v0.0.0-2026-09-06-0133
#18 5.168     Checking smallvec v1.15.2
#18 5.173    Compiling thiserror v2.0.20
#18 5.174    Compiling rustix v1.1.4
#18 5.174     Checking bitflags v2.13.1
#18 5.174     Checking linux-raw-sys v0.12.1
#18 5.174     Checking stable_deref_trait v1.2.1
#18 5.175     Checking winnow v1.0.4
#18 5.175    Compiling io-lifetimes v3.0.1
#18 5.175     Checking toml_writer v1.1.2+spec-1.1.0
#18 5.183    Compiling io-lifetimes v2.0.4
#18 5.224    Compiling pkg-config v0.3.34
#18 5.259     Checking percent-encoding v2.3.2
#18 5.268    Compiling io-extras v0.19.0
#18 5.294     Checking typenum v1.20.1
#18 5.312    Compiling cap-primitives v4.0.3
#18 5.317    Compiling getrandom v0.4.3
#18 5.351     Checking ipnet v2.12.1
#18 5.405     Checking maybe-owned v0.3.4
#18 5.430     Checking litemap v0.8.3
#18 5.460     Checking zeroize v1.9.0
#18 5.523     Checking writeable v0.6.4
#18 5.537    Compiling cap-std v4.0.3
#18 5.544     Checking ambient-authority v0.0.2
#18 5.544     Checking log v0.4.34
#18 5.545    Compiling icu_properties_data v2.3.0
#18 5.550    Compiling icu_normalizer_data v2.3.0
#18 5.571     Checking utf8_iter v1.0.4
#18 5.584     Checking fastrand v2.5.0
#18 5.621     Checking winnow v0.7.15
#18 5.641     Checking tracing-core v0.1.36
#18 5.647     Checking const-oid v0.10.2
#18 5.670     Checking cpufeatures v0.3.0
#18 5.679     Checking rustls-pki-types v1.15.1
#18 5.713    Compiling crc32fast v1.5.1
#18 5.746    Compiling autocfg v1.5.1
#18 5.746     Checking simd-adler32 v0.3.10
#18 5.773     Checking pin-project-lite v0.2.17
#18 5.803    Compiling zstd-safe v7.2.4
#18 5.832     Checking untrusted v0.9.0
#18 5.868    Compiling rustls v0.23.43
#18 5.878     Checking regex-syntax v0.8.11
#18 5.888     Checking adler2 v2.0.1
#18 5.909     Checking form_urlencoded v1.2.2
#18 5.911     Checking zlib-rs v0.6.7
#18 5.915     Checking bumpalo v3.20.3
#18 5.924     Checking libbz2-rs-sys v0.2.5
#18 5.942     Checking subtle v2.6.1
#18 5.955     Checking typed-path v0.12.3
#18 5.972     Checking aho-corasick v1.1.5
#18 5.983     Checking openssl-probe v0.2.1
#18 6.038     Checking base64 v0.22.1
#18 6.060     Checking miniz_oxide v0.8.9
#18 6.094     Checking httpdate v1.0.3
#18 6.094    Compiling heck v0.5.0
#18 6.102    Compiling version_check v0.9.5
#18 6.122    Compiling getrandom v0.3.4
#18 6.123    Compiling parking_lot_core v0.9.12
#18 6.161    Compiling zerocopy v0.8.56
#18 6.161     Checking scopeguard v1.2.0
#18 6.186    Compiling ref-cast v1.0.27
#18 6.193     Checking webpki-roots v1.0.9
#18 6.225     Checking rustls-native-certs v0.8.4
#18 6.234     Checking bit-vec v0.8.0
#18 6.252    Compiling indexmap v2.14.0
#18 6.261     Checking lock_api v0.4.14
#18 6.300    Compiling unicode-general-category v1.1.0
#18 6.309     Checking borrow-or-share v0.2.4
#18 6.360     Checking unsafe-libyaml v0.2.11
#18 6.373     Checking vsimd v0.8.0
#18 6.386     Checking outref v0.5.2
#18 6.397     Checking webpki-roots v0.26.11
#18 6.399     Checking ryu v1.0.23
#18 6.425     Checking zopfli v0.8.3
#18 6.451    Compiling num-traits v0.2.19
#18 6.464     Checking bytecount v0.6.9
#18 6.472     Checking micromap v0.3.0
#18 6.493     Checking num-cmp v0.1.0
#18 6.505     Checking lazy_static v1.5.0
#18 6.539    Compiling ahash v0.8.12
#18 6.550     Checking bit-set v0.8.0
#18 6.609     Checking data-encoding v2.11.1
#18 6.617     Checking utf8parse v0.2.2
#18 6.633     Checking sharded-slab v0.1.7
#18 6.635     Checking tracing-log v0.2.0
#18 6.636     Checking thread_local v1.1.10
#18 6.749     Checking unicode-width v0.2.2
#18 6.750     Checking bzip2 v0.6.1
#18 6.781     Checking anstyle-parse v1.0.0
#18 6.781     Checking is_terminal_polyfill v1.70.2
#18 6.821    Compiling portable-atomic v1.15.0
#18 6.846     Checking hybrid-array v0.4.14
#18 6.886     Checking nu-ansi-term v0.50.3
#18 6.896     Checking colorchoice v1.0.5
#18 6.913     Checking anstyle-query v1.1.5
#18 6.949     Checking anstyle v1.0.14
#18 6.975     Checking strsim v0.11.1
#18 7.002    Compiling syn v3.0.4
#18 7.010    Compiling syn v2.0.119
#18 7.010    Compiling verus_syn v0.0.0-2026-09-06-0133
#18 7.015    Compiling owo-colors v4.3.0
#18 7.037     Checking clap_lex v1.1.0
#18 7.051     Checking unit-prefix v0.5.2
#18 7.069     Checking uuid-simd v0.8.0
#18 7.101     Checking shell-words v1.1.1
#18 7.142     Checking toml_parser v1.1.3+spec-1.1.0
#18 7.249     Checking anstream v1.0.0
#18 7.294    Compiling jobserver v0.1.35
#18 7.312     Checking getrandom v0.2.17
#18 7.312     Checking filetime v0.2.29
#18 7.312     Checking gripsack-process v0.42.0 (/app/crates/gripsack-process)
#18 7.313     Checking console v0.16.4
#18 7.463     Checking flate2 v1.1.9
#18 7.555     Checking clap_builder v4.6.6
#18 7.590     Checking parking_lot v0.12.5
#18 7.620    Compiling cc v1.4.4
#18 7.748     Checking crypto-common v0.2.2
#18 7.748     Checking block-buffer v0.12.1
#18 8.033     Checking num-integer v0.1.47
#18 8.033     Checking num-complex v0.4.6
#18 8.131     Checking indicatif v0.18.6
#18 8.256     Checking regex-automata v0.4.18
#18 8.256     Checking jsonschema-regex v0.55.0
#18 8.260     Checking num-bigint v0.4.8
#18 8.261     Checking num-iter v0.1.46
#18 8.528     Checking digest v0.11.3
#18 8.637     Checking sha2 v0.11.0
#18 9.151     Checking serde_spanned v1.1.1
#18 9.151     Checking toml_datetime v0.7.5+spec-1.1.0
#18 9.151     Checking toml_datetime v1.1.1+spec-1.1.0
#18 9.210    Compiling ring v0.17.14
#18 9.210    Compiling zstd-sys v2.0.16+zstd.1.5.7
#18 9.210    Compiling lzma-sys v0.1.20
#18 9.340     Checking toml v1.1.4+spec-1.1.0
#18 9.340     Checking toml_edit v0.25.13+spec-1.1.0
#18 9.377     Checking toml v0.9.12+spec-1.1.0
#18 9.718     Checking num-rational v0.4.2
#18 10.12     Checking num v0.4.3
#18 10.14     Checking rustix-linux-procfs v0.1.1
#18 10.16     Checking fs-set-times v0.20.3
#18 10.16     Checking tempfile v3.27.0
#18 10.16     Checking xattr v1.6.1
#18 10.18     Checking fraction v0.17.0
#18 10.31     Checking tar v0.4.46
#18 10.39     Checking dialoguer v0.12.0
#18 10.56     Checking xz2 v0.1.7
#18 11.07     Checking gripsack-fs v0.42.0 (/app/crates/gripsack-fs)
#18 11.29     Checking fancy-regex v0.19.1
#18 11.29     Checking regex v1.13.1
#18 11.29     Checking matchers v0.2.0
#18 11.81    Compiling synstructure v0.13.2
#18 11.99     Checking rustls-webpki v0.103.15
#18 12.39     Checking zstd v0.13.3
#18 12.58     Checking zip v8.6.0
#18 12.69    Compiling serde_derive v1.0.229
#18 12.69    Compiling thiserror-impl v2.0.20
#18 12.69    Compiling zerovec-derive v0.11.6
#18 12.69    Compiling displaydoc v0.2.7
#18 12.69    Compiling ref-cast-impl v1.0.27
#18 12.69    Compiling clap_derive v4.6.4
#18 13.20    Compiling zerofrom-derive v0.1.7
#18 13.20    Compiling yoke-derive v0.8.2
#18 13.20    Compiling tracing-attributes v0.1.31
#18 13.20    Compiling strum_macros v0.28.0
#18 14.73     Checking zerofrom v0.1.8
#18 14.78     Checking tracing v0.1.44
#18 14.83     Checking yoke v0.8.3
#18 14.86     Checking clap v4.6.6
#18 14.97     Checking zerovec v0.11.8
#18 14.97     Checking zerotrie v0.2.5
#18 15.31    Compiling verus_builtin_macros v0.0.0-2026-09-06-0133
#18 15.31    Compiling verus_state_machines_macros v0.0.0-2026-09-06-0133
#18 15.54     Checking tinystr v0.8.4
#18 15.54     Checking potential_utf v0.1.6
#18 15.63     Checking icu_collections v2.3.0
#18 15.68     Checking icu_locale_core v2.3.0
#18 15.70     Checking strum v0.28.0
#18 16.38     Checking icu_provider v2.3.1
#18 16.58     Checking icu_normalizer v2.3.0
#18 16.58     Checking icu_properties v2.3.0
#18 16.69     Checking fluent-uri v0.4.1
#18 16.69     Checking email_address v0.2.9
#18 16.69     Checking serde_yaml v0.9.34+deprecated
#18 16.70     Checking tracing-serde v0.2.0
#18 16.83     Checking tracing-subscriber v0.3.23
#18 16.89     Checking jsonschema-value v0.55.0
#18 17.21     Checking referencing v0.55.0
#18 17.67     Checking jsonschema v0.55.0
#18 17.80     Checking idna_adapter v1.2.2
#18 17.86     Checking idna v1.1.0
#18 18.06     Checking url v2.5.8
#18 18.49     Checking ureq v2.12.1
#18 23.53     Checking gripsack-policy v0.42.0 (/app/crates/gripsack-policy)
#18 23.76     Checking gripsack-ir v0.42.0 (/app/crates/gripsack-ir)
#18 25.96     Checking gripsack-store v0.42.0 (/app/crates/gripsack-store)
#18 25.96     Checking gripsack-config v0.42.0 (/app/crates/gripsack-config)
#18 25.96     Checking griplint v0.42.0 (/app/crates/griplint)
#18 26.73     Checking gripsack-fetch v0.42.0 (/app/crates/gripsack-fetch)
#18 26.73     Checking gripsack-trace v0.42.0 (/app/crates/gripsack-trace)
#18 27.72     Checking gripsack-exec v0.42.0 (/app/crates/gripsack-exec)
#18 27.72     Checking gripsack-lint v0.42.0 (/app/crates/gripsack-lint)
#18 28.87     Checking gripsack-fuzz v0.0.0 (/app/fuzz)
#18 28.87     Checking gripsack v0.42.0 (/app/crates/gripsack)
#18 29.92     Finished `dev` profile [unoptimized + debuginfo] target(s) in 28.83s
#18 30.47    Compiling equivalent v1.0.2
#18 30.47    Compiling cfg-if v1.0.4
#18 30.47    Compiling once_cell v1.21.4
#18 30.48    Compiling memchr v2.8.3
#18 30.48    Compiling allocator-api2 v0.2.21
#18 30.48    Compiling foldhash v0.2.0
#18 30.49    Compiling itoa v1.0.18
#18 30.49    Compiling verus_builtin v0.0.0-2026-09-06-0133
#18 30.49    Compiling smallvec v1.15.2
#18 30.49    Compiling bitflags v2.13.1
#18 30.49    Compiling linux-raw-sys v0.12.1
#18 30.49    Compiling winnow v1.0.4
#18 30.49    Compiling toml_writer v1.1.2+spec-1.1.0
#18 30.50    Compiling stable_deref_trait v1.2.1
#18 30.51    Compiling ambient-authority v0.0.2
#18 30.51    Compiling libc v0.2.189
#18 30.51    Compiling serde_core v1.0.229
#18 30.51    Compiling zmij v1.0.23
#18 30.51    Compiling io-lifetimes v3.0.1
#18 30.51    Compiling io-lifetimes v2.0.4
#18 30.51    Compiling ipnet v2.12.1
#18 30.52    Compiling maybe-owned v0.3.4
#18 30.52    Compiling typenum v1.20.1
#18 30.53    Compiling percent-encoding v2.3.2
#18 30.53    Compiling fastrand v2.5.0
#18 30.53    Compiling winnow v0.7.15
#18 30.54    Compiling log v0.4.34
#18 30.54    Compiling indexmap v2.14.0
#18 30.55    Compiling writeable v0.6.4
#18 30.55    Compiling litemap v0.8.3
#18 30.55    Compiling thiserror v2.0.20
#18 30.55    Compiling zerofrom v0.1.8
#18 30.55    Compiling zeroize v1.9.0
#18 30.55    Compiling const-oid v0.10.2
#18 30.56    Compiling cpufeatures v0.3.0
#18 30.57    Compiling utf8_iter v1.0.4
#18 30.64    Compiling io-extras v0.19.0
#18 30.65    Compiling icu_properties_data v2.3.0
#18 30.69    Compiling icu_normalizer_data v2.3.0
#18 30.69    Compiling pin-project-lite v0.2.17
#18 30.71    Compiling untrusted v0.9.0
#18 30.74    Compiling tracing-core v0.1.36
#18 30.76    Compiling simd-adler32 v0.3.10
#18 30.79    Compiling crc32fast v1.5.1
#18 30.79    Compiling adler2 v2.0.1
#18 30.81    Compiling yoke v0.8.3
#18 30.82    Compiling form_urlencoded v1.2.2
#18 30.84    Compiling subtle v2.6.1
#18 30.85    Compiling rustls-pki-types v1.15.1
#18 30.86    Compiling bumpalo v3.20.3
#18 30.86    Compiling zlib-rs v0.6.7
#18 30.87    Compiling libbz2-rs-sys v0.2.5
#18 30.88    Compiling regex-syntax v0.8.11
#18 30.90    Compiling openssl-probe v0.2.1
#18 30.93    Compiling typed-path v0.12.3
#18 30.94    Compiling base64 v0.22.1
#18 30.94    Compiling num-traits v0.2.19
#18 30.96    Compiling httpdate v1.0.3
#18 30.97    Compiling scopeguard v1.2.0
#18 30.98    Compiling hashbrown v0.17.1
#18 30.99    Compiling zerocopy v0.8.56
#18 31.02    Compiling ref-cast v1.0.27
#18 31.03    Compiling borrow-or-share v0.2.4
#18 31.04    Compiling lock_api v0.4.14
#18 31.07    Compiling miniz_oxide v0.8.9
#18 31.08    Compiling bit-vec v0.8.0
#18 31.09    Compiling rustix v1.1.4
#18 31.12    Compiling num-cmp v0.1.0
#18 31.16    Compiling outref v0.5.2
#18 31.17    Compiling ryu v1.0.23
#18 31.17    Compiling vsimd v0.8.0
#18 31.20    Compiling zopfli v0.8.3
#18 31.22    Compiling zerovec v0.11.8
#18 31.23    Compiling zerotrie v0.2.5
#18 31.26    Compiling unsafe-libyaml v0.2.11
#18 31.29    Compiling bytecount v0.6.9
#18 31.35    Compiling aho-corasick v1.1.5
#18 31.37    Compiling micromap v0.3.0
#18 31.43    Compiling strum v0.28.0
#18 31.51    Compiling tracing v0.1.44
#18 31.53    Compiling webpki-roots v1.0.9
#18 31.54    Compiling rustls-native-certs v0.8.4
#18 31.57    Compiling bit-set v0.8.0
#18 31.58    Compiling unicode-general-category v1.1.0
#18 31.62    Compiling data-encoding v2.11.1
#18 31.62    Compiling lazy_static v1.5.0
#18 31.65    Compiling webpki-roots v0.26.11
#18 31.72    Compiling bzip2 v0.6.1
#18 31.77    Compiling sharded-slab v0.1.7
#18 31.77    Compiling tracing-log v0.2.0
#18 31.79    Compiling thread_local v1.1.10
#18 31.84    Compiling nu-ansi-term v0.50.3
#18 31.85    Compiling utf8parse v0.2.2
#18 31.88    Compiling colorchoice v1.0.5
#18 31.90    Compiling is_terminal_polyfill v1.70.2
#18 31.96    Compiling uuid-simd v0.8.0
#18 32.00    Compiling anstyle-parse v1.0.0
#18 32.01    Compiling anstyle-query v1.1.5
#18 32.02    Compiling unicode-width v0.2.2
#18 32.05    Compiling verus_state_machines_macros v0.0.0-2026-09-06-0133
#18 32.11    Compiling jobserver v0.1.35
#18 32.12    Compiling getrandom v0.4.3
#18 32.13    Compiling getrandom v0.2.17
#18 32.16    Compiling hybrid-array v0.4.14
#18 32.18    Compiling filetime v0.2.29
#18 32.22    Compiling gripsack-process v0.42.0 (/app/crates/gripsack-process)
#18 32.24    Compiling parking_lot_core v0.9.12
#18 32.25    Compiling getrandom v0.3.4
#18 32.35    Compiling tinystr v0.8.4
#18 32.36    Compiling potential_utf v0.1.6
#18 32.38    Compiling num-integer v0.1.47
#18 32.39    Compiling num-complex v0.4.6
#18 32.41    Compiling anstyle v1.0.14
#18 32.43    Compiling console v0.16.4
#18 32.47    Compiling cc v1.4.4
#18 32.48    Compiling strsim v0.11.1
#18 32.52    Compiling icu_collections v2.3.0
#18 32.57    Compiling toml_parser v1.1.3+spec-1.1.0
#18 32.57    Compiling parking_lot v0.12.5
#18 32.59    Compiling clap_lex v1.1.0
#18 32.59    Compiling portable-atomic v1.15.0
#18 32.61    Compiling shell-words v1.1.1
#18 32.66    Compiling icu_locale_core v2.3.0
#18 32.67    Compiling unit-prefix v0.5.2
#18 32.70    Compiling anstream v1.0.0
#18 32.81    Compiling owo-colors v4.3.0
#18 32.85    Compiling num-bigint v0.4.8
#18 32.86    Compiling num-iter v0.1.46
#18 33.05    Compiling block-buffer v0.12.1
#18 33.11    Compiling crypto-common v0.2.2
#18 33.11    Compiling clap_builder v4.6.6
#18 33.64    Compiling indicatif v0.18.6
#18 33.87    Compiling regex-automata v0.4.18
#18 33.87    Compiling jsonschema-regex v0.55.0
#18 34.17    Compiling icu_provider v2.3.1
#18 34.40    Compiling digest v0.11.3
#18 34.56    Compiling icu_properties v2.3.0
#18 34.56    Compiling icu_normalizer v2.3.0
#18 34.57    Compiling zstd-sys v2.0.16+zstd.1.5.7
#18 34.57    Compiling ring v0.17.14
#18 34.57    Compiling lzma-sys v0.1.20
#18 34.61    Compiling sha2 v0.11.0
#18 34.79    Compiling flate2 v1.1.9
#18 34.89    Compiling serde v1.0.229
#18 34.89    Compiling serde_json v1.0.151
#18 34.89    Compiling serde_spanned v1.1.1
#18 34.89    Compiling toml_datetime v0.7.5+spec-1.1.0
#18 34.89    Compiling toml_datetime v1.1.1+spec-1.1.0
#18 34.94    Compiling num-rational v0.4.2
#18 35.19    Compiling toml v0.9.12+spec-1.1.0
#18 35.24    Compiling toml v1.1.4+spec-1.1.0
#18 35.25    Compiling toml_edit v0.25.13+spec-1.1.0
#18 35.56    Compiling num v0.4.3
#18 35.61    Compiling fraction v0.17.0
#18 35.82    Compiling fluent-uri v0.4.1
#18 35.86    Compiling email_address v0.2.9
#18 35.87    Compiling serde_yaml v0.9.34+deprecated
#18 35.88    Compiling tracing-serde v0.2.0
#18 36.34    Compiling clap v4.6.6
#18 36.39    Compiling idna_adapter v1.2.2
#18 36.43    Compiling rustix-linux-procfs v0.1.1
#18 36.49    Compiling fs-set-times v0.20.3
#18 36.50    Compiling tempfile v3.27.0
#18 36.54    Compiling idna v1.1.0
#18 36.62    Compiling cap-primitives v4.0.3
#18 36.64    Compiling xattr v1.6.1
#18 36.90    Compiling tar v0.4.46
#18 36.91    Compiling dialoguer v0.12.0
#18 37.04    Compiling url v2.5.8
#18 37.21    Compiling rustls v0.23.43
#18 37.43    Compiling cap-std v4.0.3
#18 37.94    Compiling gripsack-fs v0.42.0 (/app/crates/gripsack-fs)
#18 37.95    Compiling xz2 v0.1.7
#18 38.21    Compiling ahash v0.8.12
#18 38.54    Compiling referencing v0.55.0
#18 38.54    Compiling jsonschema-value v0.55.0
#18 38.60    Compiling zstd-safe v7.2.4
#18 38.76    Compiling fancy-regex v0.19.1
#18 38.76    Compiling regex v1.13.1
#18 38.76    Compiling matchers v0.2.0
#18 38.85    Compiling tracing-subscriber v0.3.23
#18 38.89    Compiling zstd v0.13.3
#18 38.99    Compiling vstd v0.0.0-2026-09-06-0133
#18 39.19    Compiling zip v8.6.0
#18 39.87    Compiling rustls-webpki v0.103.15
#18 40.47    Compiling jsonschema v0.55.0
#18 42.81    Compiling gripsack-policy v0.42.0 (/app/crates/gripsack-policy)
#18 43.31    Compiling gripsack-ir v0.42.0 (/app/crates/gripsack-ir)
#18 46.42    Compiling ureq v2.12.1
#18 49.77    Compiling gripsack-store v0.42.0 (/app/crates/gripsack-store)
#18 49.77    Compiling gripsack-config v0.42.0 (/app/crates/gripsack-config)
#18 49.77    Compiling griplint v0.42.0 (/app/crates/griplint)
#18 51.59    Compiling gripsack-fetch v0.42.0 (/app/crates/gripsack-fetch)
#18 51.59    Compiling gripsack-trace v0.42.0 (/app/crates/gripsack-trace)
#18 54.87    Compiling gripsack-exec v0.42.0 (/app/crates/gripsack-exec)
#18 54.88    Compiling gripsack-lint v0.42.0 (/app/crates/gripsack-lint)
#18 58.61    Compiling gripsack-fuzz v0.0.0 (/app/fuzz)
#18 62.90    Compiling gripsack v0.42.0 (/app/crates/gripsack)
#18 73.33     Finished `test` profile [unoptimized + debuginfo] target(s) in 43.34s
#18 73.36      Running unittests src/lib.rs (target/debug/deps/griplint-649ce6e1a3a65ac3)
#18 73.38 
#18 73.38 running 19 tests
#18 73.38 test admission::tests::file_loader_has_the_same_admission_boundary ... ok
#18 73.38 test admission::tests::explicit_no_table_preserves_coverage_without_parsing ... ok
#18 73.38 test document::tests::error_spans_map_bytes_to_code_point_columns ... ok
#18 73.38 test document::tests::indented_multichar_keys_get_real_columns ... ok
#18 73.38 test checks::tests::version_coverage_is_numeric_not_textual ... ok
#18 73.38 test golden::severity_serializes_lowercase ... ok
#18 73.38 test value::tests::numbers_compare_across_int_and_float ... ok
#18 73.38 test value::tests::typed_matching_keeps_null_and_boolean_distinct ... ok
#18 73.38 test document::tests::json_and_yaml_null_stay_null ... ok
#18 73.38 test difflib::tests::the_fixture_suggestions_hold ... ok
#18 73.38 test admission::tests::formats_dispatch_without_extension_assumptions ... ok
#18 73.38 test admission::tests::free_keys_and_sections_preserve_arbitrary_descendants ... ok
#18 73.38 test admission::tests::key_diagnostics_and_leniency_survive_admission ... ok
#18 73.38 test admission::tests::whole_rules_check_sections_without_checking_their_members ... ok
#18 73.39 test admission::tests::markers_are_typed_and_exclusive ... ok
#18 73.39 test admission::tests::metadata_and_dispatch_must_be_actionable ... ok
#18 73.39 test admission::tests::malformed_key_rules_never_turn_sections_free ... ok
#18 73.44 test admission::tests::every_embedded_pack_is_admitted ... ok
#18 73.59 test golden::golden_corpus_replays ... ok
#18 73.59 
#18 73.59 test result: ok. 19 passed; 0 failed; 0 ignored; 0 measured; 0 filtered out; finished in 0.22s
#18 73.59 
#18 73.59      Running unittests src/main.rs (target/debug/deps/grip-cbad5dbf9152979c)
#18 73.59 
#18 73.59 running 21 tests
#18 73.59 test commands::adopt::generate::tests::ident_is_always_a_valid_ts_identifier ... ok
#18 73.59 test commands::adopt::generate::tests::module_source_escapes_hostile_strings ... ok
#18 73.59 test commands::adopt::generate::tests::module_source_shapes ... ok
#18 73.59 test commands::adopt::generate::tests::names_and_idents ... ok
#18 73.59 test commands::adopt::generate::tests::update_host_bails_on_unexpected_shape ... ok
#18 73.59 test commands::adopt::generate::tests::update_host_multiline_array ... ok
#18 73.59 test commands::adopt::generate::tests::update_host_single_line_arrays ... ok
#18 73.59 test commands::adopt::generate::tests::update_host_ignores_the_template_header_comment ... ok
#18 73.59 test render::tests::missing_file_degrades_gracefully ... ok
#18 73.59 test render::tests::renders_header_and_help_without_color ... ok
#18 73.59 test commands::self_update::payload::tests::root_and_nested_candidates_are_ambiguous ... ok
#18 73.59 test commands::self_update::payload::tests::probe_requires_success_and_a_single_grip_version ... ok
#18 73.59 test render::tests::invalid_diagnostic_coordinates_never_read_a_source_snippet ... ok
#18 73.59 test commands::self_update::payload::tests::symlink_files_and_symlink_directories_are_not_candidates ... ok
#18 73.59 test render::tests::renders_snippet_when_file_exists ... ok
#18 73.60 test commands::self_update::installation::tests::deleted_suffix_is_only_stripped_for_a_missing_original ... ok
#18 73.60 test commands::self_update::installation::tests::parent_drift_does_not_redirect_publication ... ok
#18 73.60 test commands::self_update::installation::tests::replacement_invalidates_installed_version_evidence ... ok
#18 73.60 test render::tests::source_snippets_cannot_escape_the_repo_capability ... ok
#18 73.60 test commands::self_update::payload::tests::flooding_version_peer_is_rejected ... ok
#18 73.60 test commands::self_update::installation::tests::symlink_install_keeps_target_semantics ... ok
#18 73.60 
#18 73.60 test result: ok. 21 passed; 0 failed; 0 ignored; 0 measured; 0 filtered out; finished in 0.02s
#18 73.60 
#18 73.60      Running unittests src/lib.rs (target/debug/deps/gripsack_config-98cadf244e260699)
#18 73.61 
#18 73.61 running 11 tests
#18 73.61 test tests::defaults_are_sane ... ok
#18 73.61 test tests::eval_deps_is_gone ... ok
#18 73.61 test tests::python_frontend_is_a_migration_error ... ok
#18 73.61 test tests::parses_env_toml ... ok
#18 73.61 test tests::typescript_frontend_declaration_is_tolerated ... ok
#18 73.61 test tests::parses_throttle_table ... ok
#18 73.61 test tests::repo_wins_user_fills_gaps ... ok
#18 73.61 test tests::typo_key_is_a_span_labeled_diagnostic ... ok
#18 73.61 test tests::unknown_frontend_value_errors_the_same_way ... ok
#18 73.61 test tests::unknown_top_level_key_is_an_error ... ok
#18 73.61 test tests::user_value_used_when_repo_silent ... ok
#18 73.61 
#18 73.61 test result: ok. 11 passed; 0 failed; 0 ignored; 0 measured; 0 filtered out; finished in 0.00s
#18 73.61 
#18 73.61      Running unittests src/lib.rs (target/debug/deps/gripsack_exec-6cb5e4477367be3e)
#18 73.61 
#18 73.61 running 49 tests
#18 73.61 test facts::tests::glibc_version_parses_both_ldd_wordings ... ok
#18 73.61 test facts::tests::facts_match_the_running_host ... ok
#18 73.61 test frontend::tests::path_deno_version_gate_matches_major ... ok
#18 73.61 test lineage_model::a_mid_apply_external_write_is_aborted_never_clobbered ... ok
#18 73.61 test lineage_model::chmod_only_drift_is_preserved_never_silently_reverted ... ok
#18 73.61 test lineage_model::preserved_drift_never_authorizes_an_update ... ok
#18 73.62 test managed_blocks::tests::malformed_markers_never_grant_splice_ranges ... ok
#18 73.62 test managed_blocks::tests::later_hand_edits_are_classified_and_other_modules_stay_untouched ... ok
#18 73.62 test managed_blocks::tests::foreign_bytes_survive_reconcile_and_removal ... ok
#18 73.62 test managed_blocks::tests::markers_roundtrip_across_comment_styles_and_legacy_metadata ... ok
#18 73.62 test deploy::tests::restore_never_writes_a_dangling_owned_link ... ok
#18 73.62 test report::update_model::every_survey_order_preserves_error_over_change_precedence ... ok
#18 73.62 test template::tests::template_substitutes_and_escapes ... ok
#18 73.62 test resolve::identity_tests::provenance_differences_hash_identically ... ok
#18 73.62 test template::tests::template_unbalanced_braces_error ... ok
#18 73.62 test template::tests::template_undefined_variable_is_a_loud_error ... ok
#18 73.62 test tests::build_edges_constrain_order_too ... ok
#18 73.62 test tests::cycles_are_named ... ok
#18 73.62 test tests::dependencies_come_first ... ok
#18 73.62 test tests::diamond_is_deterministic ... ok
#18 73.62 test deploy::tests::symlinked_ancestor_into_repo_is_detected ... ok
#18 73.62 test tests::waves_levelize_the_dag ... ok
#18 73.62 test managed_blocks::tests::every_mode_record_participates_independently_of_order ... ok
#18 73.62 test source::overlay::tests::fetched_link_ancestor_cannot_redirect_an_overlay ... ok
#18 73.62 test source::overlay::tests::overlay_pin_and_bytes_belong_to_the_same_snapshot ... ok
#18 73.63 test source::overlay::tests::leaf_link_is_replaced_without_writing_its_target ... ok
#18 73.63 test ops::model::tests::a_build_only_dep_plans_zero_destination_ops ... ok
#18 73.63 test lineage_model::ownership_lineage_holds_over_every_sequence ... ok
#18 73.64 test source::overlay::tests::top_level_links_have_the_same_preview_and_staged_identity ... ok
#18 73.64 test deploy::tests::journaled_mutation_must_reach_its_intended_state ... ok
#18 73.65 test env::tests::duplicate_contributions_render_once ... ok
#18 73.65 test lockfile::tests::roundtrip ... ok
#18 73.65 test env::tests::empty_contributions_remove_the_file ... ok
#18 73.65 test env::tests::renders_set_prepend_append_with_store_resolution ... ok
#18 73.65 test ops::model::tests::a_spelling_change_plans_no_op ... ok
#18 73.69 test gc::tests::collects_only_unreferenced_store_paths ... ok
#18 73.69 test mode_model::links_carry_the_payload_mode_without_normalizing_it ... ok
#18 73.69 test gc::tests::keep_generations_prunes_oldest_and_their_paths ... ok
#18 73.69 test gc::tests::never_prunes_the_current_generation ... ok
#18 73.70 test gc::tests::why_owns_finds_the_owner ... ok
#18 73.72 test gc::tests::a_session_for_another_home_authorizes_nothing_here ... ok
#18 73.73 test gc::tests::unfinished_recovery_blocks_collection ... ok
#18 73.74 test gc::tests::quarantined_entries_block_collection ... ok
#18 73.74 test gc::tests::reconciled_journal_unblocks_collection ... ok
#18 73.86 test mode_model::merge_host_modes_are_planned_and_drift_never_authorizes_prune ... ok
#18 73.91 test frontend::tests::embed_materializes_tree_and_marker ... ok
#18 74.24 test frontend::tests::materialize_flips_the_stable_current_link ... ok
#18 75.23 test ops::model::tests::the_planned_op_matches_the_algebra_and_executes_to_its_intent ... ok
#18 75.66 test mode_model::whole_file_modes_survive_update_restore_drift_and_prune ... ok
#18 75.66 
#18 75.66 test result: ok. 49 passed; 0 failed; 0 ignored; 0 measured; 0 filtered out; finished in 2.05s
#18 75.66 
#18 75.66      Running tests/workspace_execution_gate.rs (target/debug/deps/workspace_execution_gate-7d9cf650dc067800)
#18 75.66 
#18 75.66 running 1 test
#18 75.66 test every_direct_executor_entry_rejects_before_home_mutation ... ok
#18 75.66 
#18 75.66 test result: ok. 1 passed; 0 failed; 0 ignored; 0 measured; 0 filtered out; finished in 0.00s
#18 75.66 
#18 75.66      Running unittests src/lib.rs (target/debug/deps/gripsack_fetch-2b9ac72ec00022b4)
#18 75.67 
#18 75.67 running 61 tests
#18 75.67 test bottle::tests::all_is_a_last_resort_under_a_validated_policy ... ok
#18 75.67 test bottle::tests::future_macos_major_admits_its_own_codename ... ok
#18 75.67 test bottle::tests::apple_silicon_orders_by_chronology_not_spelling ... ok
#18 75.67 test bottle::tests::intel_mac_never_takes_the_linux_bottle ... ok
#18 75.67 test bottle::tests::arm64_linux_is_not_a_mac_bottle ... ok
#18 75.67 test bottle::tests::intel_mac_takes_the_newest_bottle_the_host_can_run ... ok
#18 75.67 test bottle::tests::linux_matches_exact_architecture ... ok
#18 75.67 test bottle::tests::missing_macos_version_fact_refuses_rather_than_guessing ... ok
#18 75.67 test bottle::tests::older_macos_refuses_newer_bottle_with_the_requirement ... ok
#18 75.67 test bottle::tests::unknown_tags_are_reported_not_matched ... ok
#18 75.67 test bottle::tests::unsupported_architecture_fails_clearly ... ok
#18 75.67 test bottle::tests::version_parsing_is_componentwise ... ok
#18 75.67 test host::tests::bundled_releases_have_full_platform_tables ... ok
#18 75.67 test host::tests::deno_urls_use_the_glibc_linux_assets ... ok
#18 75.67 test host::tests::placeholder_table_covers_every_convention ... ok
#18 75.67 test host::tests::resolves_the_host_asset ... ok
#18 75.67 test http::body::tests::a_new_attempt_cannot_reset_consumed_transfer_bytes ... ok
#18 75.67 test http::failure::tests::certificate_failures_are_not_transient_connections ... ok
#18 75.67 test http::retry::tests::real_retry_policy_has_fixed_deadline_and_bounded_attempts ... ok
#18 75.67 test http::retry::tests::terminal_classes_and_upstream_cooldowns_never_get_fast_replays ... ok
#18 75.67 test http::failure::tests::rate_limit_advice_is_evidence_based_and_locations_are_redacted ... ok
#18 75.67 test http::tests::credential_routing_model_uses_actual_host_selector ... ok
#18 75.67 test http::tests::host_binding_survives_url_normalization ... ok
#18 75.67 test http::tests::proxy_bypass_preserves_domain_and_port_boundaries ... ok
#18 75.68 test plugins::segment_tests::traversal_tags_are_refused ... ok
#18 75.68 test placeholders::tests::missing_empty_or_escaping_expansions_never_become_paths ... ok
#18 75.68 test plugins::tests::parse_ref_shapes ... ok
#18 75.68 test resolve::atom_tests::picks_the_newest_core_tag_among_mixed_namespaces ... ok
#18 75.68 test resolve::base_url_tests::bare_ghe_host_gets_api_v3 ... ok
#18 75.68 test placeholders::tests::explicit_bare_version_is_shared_without_changing_legacy_asset_precedence ... ok
#18 75.68 test resolve::tests::missing_asset_lists_available ... ok
#18 75.68 test resolve::atom_tests::no_core_tag_is_none_and_malformed_versions_skip ... ok
#18 75.68 test resolve::tests::picks_expanded_asset ... ok
#18 75.68 test resolve::tests::v_prefix_variants_match ... ok
#18 75.68 test fetch::plugin::tests::round_trip_and_reported_hash_verification ... ok
#18 75.68 test tests::exe_naming ... ok
#18 75.68 test throttle::tests::parses_budget_syntax ... ok
#18 75.68 test fetch::archive::tests::aggregate_tar_path_metadata_is_bounded_before_extraction ... ok
#18 75.68 test throttle::tests::plugin_declaration_replaces_builtin_default ... ok
#18 75.68 test throttle::tests::unknown_domains_pass_through ... ok
#18 75.68 test throttle::tests::url_host_extraction ... ok
#18 75.68 test throttle::tests::user_override_beats_plugin_declaration ... ok
#18 75.68 test tests::discovers_executable_on_path ... ok
#18 75.68 test fetch::archive::tests::traversal_is_rejected_before_tar_materialization ... ok
#18 75.68 test fetch::archive::tests::zip_entry_budget_precedes_directory_allocation ... ok
#18 75.68 test fetch::archive::tests::decompressed_limit_is_checked_on_actual_bytes ... ok
#18 75.68 test fetch::archive::tests::zip_crc_cannot_be_bypassed_by_raw_stream_decoding ... ok
#18 75.68 test fetch::plugin::tests::bounded_tree_is_checked_before_hash ... ok
#18 75.68 test fetch::archive::tests::xz_tar_extracts_without_a_payload_buffer ... ok
#18 75.69 test fetch::plugin::tests::no_response_or_nonzero_exit_is_not_a_fetch ... ok
#18 75.69 test fetch::tarball::tests::transport_mismatch_never_extracts_payload ... ok
#18 75.69 test fetch::archive::tests::bare_and_compressed_binaries_preserve_executability ... ok
#18 75.69 test plugins::tests::receipt_roundtrips_and_current_resolves ... ok
#18 75.69 test fetch::archive::tests::a_symlink_destination_cannot_redirect_acquisition ... ok
#18 75.69 test fetch::file::tests::file_fetch_extracts_tarball ... ok
#18 75.69 test fetch::plugin::tests::simultaneous_pipe_pressure_and_early_response ... ok
#18 75.70 test fetch::plugin::tests::response_does_not_hide_output_failure ... ok
#18 75.76 test fetch::git::tests::git_fetch_clones_at_rev ... ok
#18 75.93 test throttle::tests::bucket_enforces_the_budget ... ok
#18 80.15 test fetch::plugin::tests::silent_and_response_then_linger_both_fail ... ok
#18 80.16 test fetch::plugin::tests::capability_results_require_a_clean_exit ... ok
#18 80.16 
#18 80.16 test result: ok. 61 passed; 0 failed; 0 ignored; 0 measured; 0 filtered out; finished in 4.54s
#18 80.16 
#18 80.16      Running unittests src/lib.rs (target/debug/deps/gripsack_fs-269bf90eee70c137)
#18 80.17 
#18 80.17 running 14 tests
#18 80.17 test streamed::tests::failed_stream_keeps_old_destination_and_cleans_private_temp ... ok
#18 80.18 test tests::copy_dir_preserves_symlinks_and_merges ... ok
#18 80.18 test streamed::tests::publishes_complete_bytes_and_exact_mode_in_real_operation_order ... ok
#18 80.19 test tests::symlink_replace_flips_atomically ... ok
#18 80.19 test tests::atomic_write_creates_parent_dirs ... ok
#18 80.19 test persistence_model::streamed_executable_publication_is_ordered_at_every_cut ... ok
#18 80.19 test tests::atomic_write_lands_content_without_leftovers ... ok
#18 80.19 test tests::atomic_write_preserves_the_destinations_mode ... ok
#18 80.19 test tests::publish_lands_files_read_only ... ok
#18 80.20 test tests::atomic_write_with_mode_lands_exact_permissions ... ok
#18 80.20 test tests::publish_refuses_an_existing_dest ... ok
#18 80.20 test tests::publish_cross_filesystem_preserves_modes ... ok
#18 80.26 test persistence_model::atomic_file_link_and_tree_publication_are_ordered_at_every_cut ... ok
#18 81.21 test tests::writes_stay_on_the_pinned_inode_under_parent_swap ... ok
#18 81.21 
#18 81.21 test result: ok. 14 passed; 0 failed; 0 ignored; 0 measured; 0 filtered out; finished in 1.04s
#18 81.21 
#18 81.21      Running unittests src/lib.rs (target/debug/deps/gripsack_fuzz-52dc0c8d70c978ff)
#18 81.22 
#18 81.22 running 0 tests
#18 81.22 
#18 81.22 test result: ok. 0 passed; 0 failed; 0 ignored; 0 measured; 0 filtered out; finished in 0.00s
#18 81.22 
#18 81.22      Running unittests src/bin/replay.rs (target/debug/deps/replay-df42e37a883b52aa)
#18 81.22 
#18 81.22 running 0 tests
#18 81.22 
#18 81.22 test result: ok. 0 passed; 0 failed; 0 ignored; 0 measured; 0 filtered out; finished in 0.00s
#18 81.22 
#18 81.22      Running unittests src/lib.rs (target/debug/deps/gripsack_ir-3b19633ffcb5d796)
#18 81.22 
#18 81.22 running 65 tests
#18 81.22 test host_name::tests::rejects_path_shaped_hosts_before_they_can_name_files ... ok
#18 81.23 test sema::contract_tests::unknown_fields_are_parse_errors_now ... ok
#18 81.23 test sema::destinations::tests::step_entries_obey_destination_rules ... ok
#18 81.23 test sema::destinations::case_tests::case_variant_destinations_fold_on_every_host ... ok
#18 81.23 test sema::steps::tests::single_fetch_step_pins_multiple_refused ... ok
#18 81.23 test sema::placeholders::tests::the_known_set_passes_clean ... ok
#18 81.23 test sema::tests::malformed_json_is_e000 ... ok
#18 81.23 test sema::placeholders::tests::a_typo_is_an_error_with_a_span_and_a_suggestion ... ok
#18 81.23 test sema::tests::spanless_nodes_still_render ... ok
#18 81.23 test sema::tests::legacy_ir_is_rejected_before_decoding_renamed_fields ... ok
#18 81.23 test sema::tests::destination_shaped_verify_path_is_e109 ... ok
#18 81.23 test sema::tests::dotfiles_only_module_needs_no_source ... ok
#18 81.23 test sema::tests::explicit_steps_validate ... ok
#18 81.23 test sema::tests::merge_and_template_modes_pass_sema_with_vars_and_marker ... ok
#18 81.23 test sema::tests::rejects_wrong_version ... ok
#18 81.23 test sema::tests::declared_and_builtin_resources_pass ... ok
#18 81.23 test sema::tests::collects_multiple_diagnostics ... ok
#18 81.23 test sema::tests::unknown_edge_kind_is_span_labeled_e122 ... ok
#18 81.23 test sema::tests::run_action_parses_with_outputs ... ok
#18 81.23 test sema::tests::undeclared_resource_is_e107 ... ok
#18 81.23 test sema::tests::steps_plus_declarative_fields_is_e103 ... ok
#18 81.23 test sema::tests::duplicate_and_reserved_step_ids_are_e106 ... ok
#18 81.23 test sema::tests::cross_module_ref_into_declarative_module ... ok
#18 81.23 test sema::tests::external_done_barrier_is_valid_but_self_barrier_is_rejected ... ok
#18 81.23 test sema::workspace::destinations::tests::duplicate_profile_destinations_label_every_declaration ... ok
#18 81.23 test sema::tests::unknown_dependency_carries_span_and_code ... ok
#18 81.23 test sema::workspace::cycles::tests::production_cycles_label_every_member ... ok
#18 81.24 test sema::workspace::destinations::tests::mixed_policies_over_one_path_still_collide ... ok
#18 81.24 test sema::workspace::cycles::tests::validation_edges_never_close_a_cycle ... ok
#18 81.24 test sema::workspace::names::tests::duplicate_output_names_label_both_spans ... ok
#18 81.24 test sema::workspace::cycles::tests::task_dependency_cycles_are_rejected ... ok
#18 81.24 test sema::tests::parses_and_validates_example ... ok
#18 81.24 test sema::workspace::policy::tests::omitted_required_validation_and_producer_fail_closed_with_both_sites ... ok
#18 81.24 test sema::workspace::refs::tests::check_subject_must_resolve_to_an_output ... ok
#18 81.24 test sema::workspace::destinations::tests::same_destination_across_profiles_rejects_and_equal_names_coexist ... ok
#18 81.24 test sema::workspace::policy::tests::omitted_build_input_and_runtime_edges_fail_admission ... ok
#18 81.24 test sema::workspace::policy::tests::catalog_index_corruption_rejects_before_closure ... ok
#18 81.24 test sema::workspace::tests::envelope_shape_is_version_dispatched ... ok
#18 81.24 test sema::workspace::policy::tests::production_closure_excludes_runtime_and_preserves_validation ... ok
#18 81.24 test sema::workspace::policy::tests::projected_kind_or_binding_reclassification_fails_closed ... ok
#18 81.24 test sema::workspace::refs::tests::selection_target_mismatch_labels_both_sites ... ok
#18 81.24 test sema::workspace::policy::tests::adjacent_local_steps_lower_to_ordering_not_build_edges ... ok
#18 81.24 test workspace::platform::tests::target_floor_and_abi_admit_only_compatible_consumers ... ok
#18 81.24 test sema::workspace::span_value::tests::decoded_bash_interpolation_rejects_at_original_script_line ... ok
#18 81.24 test sema::workspace::tests::profile_with_literal_file_needs_no_synthetic_package ... ok
#18 81.24 test sema::workspace::span_value::tests::invalid_nested_command_coordinates_remain_source_labeled ... ok
#18 81.24 test sema::workspace::tests::provider_backed_package_needs_no_recipe_output ... ok
#18 81.24 test sema::workspace::refs::tests::artifact_references_reject_non_artifact_kinds ... ok
#18 81.24 test sema::workspace::tests::unknown_workspace_fields_label_the_declaring_span ... ok
#18 81.24 test sema::workspace::tests::package_and_recipe_workspace_admits ... ok
#18 81.24 test sema::workspace::refs::tests::producer_target_mismatch_labels_both_sites ... ok
#18 81.24 test sema::paths::tests::path_shape_rules ... ok
#18 81.24 test sema::workspace::span_value::tests::file_content_requires_source_unless_literal ... ok
#18 81.24 test sema::workspace::span_value::tests::incompatible_abi_and_unsafe_prefix_label_the_declaration ... ok
#18 81.24 test sema::workspace::policy::tests::projected_reference_site_substitution_fails_closed ... ok
#18 81.24 test sema::workspace::refs::tests::invalid_references_are_rejected ... ok
#18 81.24 test sema::workspace::tests::provider_fetch_fields_never_drop_silently ... ok
#18 81.24 test sema::workspace::span_value::tests::degenerate_spans_and_values_are_rejected ... ok
#18 81.24 test sema::workspace::tests::unknown_workspace_fields_never_drop_silently ... ok
#18 81.24 test sema::workspace::policy::tests::substituted_graph_references_fail_closed_at_declaration ... ok
#18 81.24 test sema::workspace::context::tests::command_references_and_contexts_are_admitted ... ok
#18 81.24 test sema::workspace::refs::tests::task_schedule_profile_image_refs_are_typed ... ok
#18 81.24 test sema::workspace::refs::tests::fixed_prefix_packages_cannot_be_selected_without_prefix ... ok
#18 81.24 test sema::workspace::span_value::tests::escaping_profile_file_destinations_reject_at_the_declaration ... ok
#18 81.25 test sema::workspace::refs::tests::artifact_selectors_must_be_normalized_relative_paths ... ok
#18 81.25 
#18 81.25 test result: ok. 65 passed; 0 failed; 0 ignored; 0 measured; 0 filtered out; finished in 0.03s
#18 81.25 
#18 81.25      Running tests/schema_acceptance.rs (target/debug/deps/schema_acceptance-1a169573e71c6ca0)
#18 81.25 
#18 81.25 running 3 tests
#18 81.28 test schema_pattern_assertions_execute ... ok
#18 81.28 test valid_documents_are_admitted_by_both_sides ... ok
#18 81.29 test rejected_documents_fail_both_sides ... ok
#18 81.29 
#18 81.29 test result: ok. 3 passed; 0 failed; 0 ignored; 0 measured; 0 filtered out; finished in 0.04s
#18 81.29 
#18 81.29      Running tests/workspace_admission.rs (target/debug/deps/workspace_admission-69161928380216ad)
#18 81.29 
#18 81.29 running 3 tests
#18 81.30 test admitted_workspace_exposes_named_outputs ... ok
#18 81.30 test provider_backed_package_lists_as_single_output ... ok
#18 81.30 test serialization_preserves_each_version_envelope ... ok
#18 81.30 
#18 81.30 test result: ok. 3 passed; 0 failed; 0 ignored; 0 measured; 0 filtered out; finished in 0.00s
#18 81.30 
#18 81.30      Running tests/workspace_v4_compat.rs (target/debug/deps/workspace_v4_compat-b35fac2a52f57c5d)
#18 81.30 
#18 81.30 running 3 tests
#18 81.30 test versions_reject_each_others_fields_and_bad_refs ... ok
#18 81.33 test historical_schema_and_reader_preserve_opaque_platform_strings ... ok
#18 81.33 test historical_recipe_execution_and_fixed_layout_never_gain_new_policy ... ok
#18 81.33 
#18 81.33 test result: ok. 3 passed; 0 failed; 0 ignored; 0 measured; 0 filtered out; finished in 0.04s
#18 81.33 
#18 81.34      Running tests/workspace_v5_acceptance.rs (target/debug/deps/workspace_v5_acceptance-33fcbef4cdc72330)
#18 81.34 
#18 81.34 running 5 tests
#18 81.42 test version_dispatch_asymmetry ... ok
#18 81.43 test schema_authored_constraints_execute ... ok
#18 81.44 test valid_documents_are_admitted_by_both_sides ... ok
#18 81.44 test rejected_documents_fail_both_sides ... ok
#18 81.44 test each_output_kind_rejects_undeclared_authority_with_its_own_span ... ok
#18 81.44 
#18 81.44 test result: ok. 5 passed; 0 failed; 0 ignored; 0 measured; 0 filtered out; finished in 0.11s
#18 81.44 
#18 81.44      Running unittests src/lib.rs (target/debug/deps/gripsack_lint-82a26c28fd41521b)
#18 81.45 
#18 81.45 running 8 tests
#18 81.45 test exchange::tests::severity_coercion_and_crash_codes ... ok
#18 81.45 test exchange::tests::spawn_failure_is_e01 ... ok
#18 81.45 test exchange::tests::missing_response_retains_only_last_three_stderr_lines ... ok
#18 81.45 test exchange::tests::valid_diagnostics_survive_nonzero_exit ... ok
#18 81.46 test exchange::tests::pressure_before_input_and_response_before_input_completion ... ok
#18 81.46 test exchange::tests::output_failure_after_response_keeps_diagnostics_and_adds_e02 ... ok
#18 81.51 test exchange::tests::input_limit_is_not_a_success ... ok
#18 85.97 test exchange::tests::silence_and_response_then_linger_are_deadline_failures ... ok
#18 85.97 
#18 85.97 test result: ok. 8 passed; 0 failed; 0 ignored; 0 measured; 0 filtered out; finished in 4.52s
#18 85.97 
#18 85.97      Running unittests src/lib.rs (target/debug/deps/gripsack_policy-6fb76687af620f0e)
#18 85.98 
#18 85.98 running 0 tests
#18 85.98 
#18 85.98 test result: ok. 0 passed; 0 failed; 0 ignored; 0 measured; 0 filtered out; finished in 0.00s
#18 85.98 
#18 85.98      Running tests/name_index.rs (target/debug/deps/name_index-b8d7482da2a86275)
#18 85.99 
#18 85.99 running 1 test
#18 85.99 test catalog_indices_cannot_bind_another_name_or_escape_the_catalog ... ok
#18 85.99 
#18 85.99 test result: ok. 1 passed; 0 failed; 0 ignored; 0 measured; 0 filtered out; finished in 0.00s
#18 85.99 
#18 85.99      Running tests/schedule_smoke.rs (target/debug/deps/schedule_smoke-94fdc3e3d650f21b)
#18 85.99 
#18 85.99 running 2 tests
#18 85.99 test pure_scheduler_latches_on_failure ... ok
#18 85.99 test pure_scheduler_runs_a_diamond ... ok
#18 85.99 
#18 85.99 test result: ok. 2 passed; 0 failed; 0 ignored; 0 measured; 0 filtered out; finished in 0.00s
#18 85.99 
#18 85.99      Running unittests src/lib.rs (target/debug/deps/gripsack_process-1808502d2508137d)
#18 85.99 
#18 85.99 running 19 tests
#18 86.00 test tests::defaults_match_contract ... ok
#18 86.00 test tests::input_rejected_before_spawn ... ok
#18 86.00 test tests::empty_input_is_closed_immediately ... ok
#18 86.00 test tests::framing_and_input_eof ... ok
#18 86.00 test tests::lifecycle::no_response_is_a_normal_exit ... ok
#18 86.00 test tests::exact_line_limit_and_empty_lines ... ok
#18 86.00 test tests::lifecycle::inherited_pipes_are_killed_on_leader_exit_not_after_a_linger ... ok
#18 86.01 test tests::lifecycle::callback_panic_kills_and_reaps_the_leader ... ok
#18 86.01 test tests::pressure::huge_unterminated_line_is_stopped_incrementally ... ok
#18 86.02 test tests::pressure::stdout_and_stderr_floods_are_cumulative ... ok
#18 86.03 test tests::pressure::response_does_not_disable_any_output_bound ... ok
#18 86.03 test tests::lifecycle::exit_and_signal_status_are_not_routing_policy ... ok
#18 86.03 test tests::spawn_error_and_zero_budget ... ok
#18 86.03 test tests::tail_is_exact_and_can_be_disabled ... ok
#18 86.03 test tests::pressure::response_still_sends_input_and_preserves_exit_failure ... ok
#18 86.04 test tests::pressure::simultaneous_input_and_output_pressure ... ok
#18 86.10 test tests::pressure::early_stdin_close_is_not_an_io_error ... ok
#18 89.00 test tests::lifecycle::silent_process_with_closed_pipes_still_has_a_deadline ... ok
#18 89.01 test tests::pressure::blocked_input_does_not_block_response_or_deadline ... ok
#18 89.01 
#18 89.01 test result: ok. 19 passed; 0 failed; 0 ignored; 0 measured; 0 filtered out; finished in 3.01s
#18 89.01 
#18 89.01      Running unittests src/lib.rs (target/debug/deps/gripsack_store-565ba7d1566be399)
#18 89.01 
#18 89.01 running 58 tests
#18 89.01 test hash::tests::the_two_identity_domains_never_collide ... ok
#18 89.01 test journal::marker::repeated_model::ambiguous_current_retains_partial_journal_without_touching_destinations ... ok
#18 89.01 test journal::marker::repeated_model::partial_restore_then_second_crash_keeps_new_edit_and_restores_other_dest ... ok
#18 89.01 test journal::tests::cross_variant_identities_never_compare_equal ... ok
#18 89.01 test journal::tests::marker_null_previous_generation_is_a_fresh_machine ... ok
#18 89.01 test journal::tests::marker_missing_previous_generation_is_rejected ... ok
#18 89.01 test journal::tests::marker_rejects_duplicates_wrong_types_and_overflow ... ok
#18 89.01 test journal::tests::marker_round_trips_through_the_wire ... ok
#18 89.02 test journal::model::tests::every_schedule_satisfies_the_oracle ... ok
#18 89.02 test journal::tests::wire_admission_rejects_legacy_versions_and_malformed ... ok
#18 89.02 test hash::tests::canonical_hash_covers_symlink_target ... ok
#18 89.02 test paths::tests::canonical_dest_refuses_parent_traversal ... ok
#18 89.02 test hash::tests::canonical_hash_ignores_mtime_but_not_exec_bit ... ok
#18 89.02 test activation::tests::a_corrupt_record_fails_closed ... ok
#18 89.02 test paths::tests::generation_layout ... ok
#18 89.02 test hash::reference_vector::pinned_tree_vector ... ok
#18 89.02 test paths::tests::hash_is_stable_and_input_sensitive ... ok
#18 89.02 test paths::tests::store_path_format ... ok
#18 89.02 test paths::tests::home_resolution ... ok
#18 89.02 test trust::tests::canonical_key_falls_back_to_absolute ... ok
#18 89.02 test trust::tests::only_an_explicit_y_trusts ... ok
#18 89.02 test trust::tests::prompt_values_with_control_chars_are_escaped ... ok
#18 89.02 test journal::marker::repeated_model::numeric_commit_mutant_fails_the_identical_oracle ... ok
#18 89.02 test trust::tests::rfc3339_known_instants ... ok
#18 89.02 test trust::tests::sandbox_summary_survives_wrapping_intact ... ok
#18 89.03 test hash::tests::overlay_hash_matches_materialized_staging ... ok
#18 89.03 test journal::tests::non_utf8_destinations_are_refused_at_record ... ok
#18 89.03 test journal::tests::non_utf8_link_targets_are_refused_not_lossy_compared ... ok
#18 89.03 test hash::tests::tree_hash_is_deterministic_and_content_sensitive ... ok
#18 89.03 test hash::tests::overlay_hash_of_dir_source_matches_staged_tree ... ok
#18 89.04 test activation::tests::pending_record_round_trips_and_clears ... ok
#18 89.05 test generations::tests::manifests_are_strictly_validated ... ok
#18 89.07 test paths::tests::canonical_dest_collapses_spelling_aliases ... ok
#18 89.07 test paths::tests::canonical_dest_resolves_a_symlinked_ancestor ... ok
#18 89.07 test journal::tests::malformed_entries_fail_closed_into_quarantine ... ok
#18 89.07 test journal::tests::legacy_untagged_entries_fail_closed_with_evidence_kept ... ok
#18 89.07 test trust::tests::gate_blocks_untrusted_repos_without_a_tty ... ok
#18 89.07 test generations::tests::manifest_roundtrip_and_listing ... ok
#18 89.07 test journal::tests::crash_between_record_and_write_restores_prior ... ok
#18 89.08 test trust::tests::trust_is_keyed_on_canonical_path ... ok
#18 89.09 test trust::tests::trust_toml_round_trip ... ok
#18 89.09 test trust::tests::concurrent_adds_keep_both_entries ... ok
#18 89.09 test trust::tests::remove_forgets_the_repo ... ok
#18 89.09 test journal::tests::absent_prior_and_symlink_prior_recover ... ok
#18 89.09 test journal::tests::tagged_entries_round_trip_through_the_wire ... ok
#18 89.09 test journal::tests::commit_run_clears_the_window ... ok
#18 89.09 test journal::tests::post_crash_sentinel_symlink_is_kept ... ok
#18 89.09 test journal::tests::post_crash_edit_beats_the_landed_mutation ... ok
#18 89.09 test journal::tests::crash_after_flip_but_before_cleanup_reads_committed ... ok
#18 89.10 test generations::tests::flip_and_current ... ok
#18 89.10 test journal::tests::crash_after_write_restores_prior_bytes ... ok
#18 89.10 test journal::tests::user_edit_after_crash_wins ... ok
#18 89.11 test journal::tests::recovery_restores_the_exact_mode ... ok
#18 89.11 test journal::tests::crash_before_flip_restores ... ok
#18 89.12 test journal::tests::crashed_rollback_restores_priors ... ok
#18 89.12 test journal::tests::completed_rollback_reads_committed ... ok
#18 89.13 test generations::tests::publish_is_atomic_and_allocation_monotonic ... ok
#18 89.13 test journal::marker::repeated_model::exhaustive_independent_destinations_and_two_crashes ... ok
#18 89.13 
#18 89.13 test result: ok. 58 passed; 0 failed; 0 ignored; 0 measured; 0 filtered out; finished in 0.13s
#18 89.13 
#18 89.13      Running unittests src/lib.rs (target/debug/deps/gripsack_trace-5f9edfcb191b89c2)
#18 89.14 
#18 89.14 running 0 tests
#18 89.14 
#18 89.14 test result: ok. 0 passed; 0 failed; 0 ignored; 0 measured; 0 filtered out; finished in 0.00s
#18 89.14 
#18 89.14    Doc-tests griplint
#18 89.22 
#18 89.22 running 0 tests
#18 89.22 
#18 89.22 test result: ok. 0 passed; 0 failed; 0 ignored; 0 measured; 0 filtered out; finished in 0.00s
#18 89.22 
#18 89.22    Doc-tests gripsack_config
#18 89.28 
#18 89.28 running 0 tests
#18 89.28 
#18 89.28 test result: ok. 0 passed; 0 failed; 0 ignored; 0 measured; 0 filtered out; finished in 0.00s
#18 89.28 
#18 89.29    Doc-tests gripsack_exec
#18 89.44 
#18 89.44 running 0 tests
#18 89.44 
#18 89.44 test result: ok. 0 passed; 0 failed; 0 ignored; 0 measured; 0 filtered out; finished in 0.00s
#18 89.44 
#18 89.45    Doc-tests gripsack_fetch
#18 89.60 
#18 89.60 running 0 tests
#18 89.60 
#18 89.60 test result: ok. 0 passed; 0 failed; 0 ignored; 0 measured; 0 filtered out; finished in 0.00s
#18 89.60 
#18 89.61    Doc-tests gripsack_fs
#18 89.65 
#18 89.65 running 0 tests
#18 89.65 
#18 89.65 test result: ok. 0 passed; 0 failed; 0 ignored; 0 measured; 0 filtered out; finished in 0.00s
#18 89.65 
#18 89.66    Doc-tests gripsack_fuzz
#18 89.70 
#18 89.70 running 0 tests
#18 89.70 
#18 89.70 test result: ok. 0 passed; 0 failed; 0 ignored; 0 measured; 0 filtered out; finished in 0.00s
#18 89.70 
#18 89.71    Doc-tests gripsack_ir
#18 90.09 
#18 90.09 running 0 tests
#18 90.09 
#18 90.09 test result: ok. 0 passed; 0 failed; 0 ignored; 0 measured; 0 filtered out; finished in 0.00s
#18 90.09 
#18 90.10    Doc-tests gripsack_lint
#18 90.15 
#18 90.15 running 0 tests
#18 90.15 
#18 90.15 test result: ok. 0 passed; 0 failed; 0 ignored; 0 measured; 0 filtered out; finished in 0.00s
#18 90.15 
#18 90.15    Doc-tests gripsack_policy
#18 90.30 
#18 90.30 running 0 tests
#18 90.30 
#18 90.30 test result: ok. 0 passed; 0 failed; 0 ignored; 0 measured; 0 filtered out; finished in 0.00s
#18 90.30 
#18 90.31    Doc-tests gripsack_process
#18 90.35 
#18 90.35 running 0 tests
#18 90.35 
#18 90.35 test result: ok. 0 passed; 0 failed; 0 ignored; 0 measured; 0 filtered out; finished in 0.00s
#18 90.35 
#18 90.35    Doc-tests gripsack_store
#18 90.47 
#18 90.47 running 0 tests
#18 90.47 
#18 90.47 test result: ok. 0 passed; 0 failed; 0 ignored; 0 measured; 0 filtered out; finished in 0.00s
#18 90.47 
#18 90.48    Doc-tests gripsack_trace
#18 90.51 
#18 90.51 running 0 tests
#18 90.51 
#18 90.51 test result: ok. 0 passed; 0 failed; 0 ignored; 0 measured; 0 filtered out; finished in 0.00s
#18 90.51 
#18 DONE 90.7s

#19 [test 2/2] RUN apk add --no-cache python3     && cargo package --list -p gripsack-exec | grep -q "embedded_frontend.rs"     && python3 scripts/gen_diagnostic_registry.py --check     && python3 scripts/gen_diagnostic_registry.py --self-check     && python3 scripts/gen_frontend_embed.py --check
#19 0.878 ( 1/13) Installing libbz2 (1.0.8-r6)
#19 0.888 ( 2/13) Installing libffi (3.5.2-r1)
#19 0.896 ( 3/13) Installing gdbm (1.26-r0)
#19 0.906 ( 4/13) Installing mpdecimal (4.0.1-r0)
#19 0.919 ( 5/13) Installing ncurses-terminfo-base (6.6_p20260516-r0)
#19 0.935 ( 6/13) Installing libncursesw (6.6_p20260516-r0)
#19 0.953 ( 7/13) Installing libpanelw (6.6_p20260516-r0)
#19 0.960 ( 8/13) Installing readline (8.3.3-r1)
#19 0.979 ( 9/13) Installing sqlite-libs (3.53.4-r0)
#19 1.038 (10/13) Installing python3 (3.14.7-r1)
#19 1.521 (11/13) Installing python3-pycache-pyc0 (3.14.7-r1)
#19 1.823 (12/13) Installing pyc (3.14.7-r1)
#19 1.823 (13/13) Installing python3-pyc (3.14.7-r1)
#19 1.823 Executing busybox-1.37.0-r31.trigger
#19 1.842 OK: 246.6 MiB in 58 packages
#19 1.970 diagnostic registry: 37 unique core codes, 5 frontend allocations; generated files fresh
#19 1.993 calibration: invalid registry version rejected on its named property
#19 1.993 calibration: duplicate diagnostic code rejected on its named property
#19 1.993 calibration: duplicate frontend diagnostic name rejected on its named property
#19 1.993 diagnostic registry calibration: 3 named mutants rejected
#19 2.021 embedded_frontend.rs: fresh (30 files)
#19 DONE 2.1s

#20 exporting to image
#20 exporting layers
#20 exporting layers 64.6s done
#20 exporting manifest sha256:b99d027fa92235d6b0cc15e12824004d3d4093b25872d548ddbc00c93a6f465a 0.0s done
#20 exporting config sha256:8f50df346370a31a9ee6dd857d917b5fccbf266b1a83718257ba13f501bf2fb9 0.0s done
#20 exporting attestation manifest sha256:61022c92e2968778f21c7b3653f77640f10e941a5da2d91d2b8e77314410e86d 0.0s done
#20 exporting manifest list sha256:56b3492592d40dc45a5e170a7b8fcd563c526c6e9dd42b0d1e54232dfcbf5730 0.0s done
#20 naming to docker.io/library/gripsack-test:latest done
#20 unpacking to docker.io/library/gripsack-test:latest
#20 unpacking to docker.io/library/gripsack-test:latest 13.9s done
#20 DONE 78.7s

#21 resolving provenance for metadata file
#21 DONE 0.1s

running 1 test
test host_name::tests::rejects_path_shaped_hosts_before_they_can_name_files ... ok

test result: ok. 1 passed; 0 failed; 0 ignored; 0 measured; 64 filtered out; finished in 0.00s


running 0 tests

test result: ok. 0 passed; 0 failed; 0 ignored; 0 measured; 3 filtered out; finished in 0.00s


running 0 tests

test result: ok. 0 passed; 0 failed; 0 ignored; 0 measured; 3 filtered out; finished in 0.00s


running 0 tests

test result: ok. 0 passed; 0 failed; 0 ignored; 0 measured; 3 filtered out; finished in 0.00s


running 0 tests

test result: ok. 0 passed; 0 failed; 0 ignored; 0 measured; 5 filtered out; finished in 0.00s

 Image gripsack-test Building 
 Image gripsack-test Built 
 Container gripsack-test-run-4308a20ad8da Creating 
 Container gripsack-test-run-4308a20ad8da Created 
   Compiling memchr v2.8.3
   Compiling serde_json v1.0.151
   Compiling once_cell v1.21.4
   Compiling smallvec v1.15.2
   Compiling indexmap v2.14.0
   Compiling syn v3.0.4
   Compiling syn v2.0.119
   Compiling parking_lot_core v0.9.12
   Compiling parking_lot v0.12.5
   Compiling aho-corasick v1.1.5
   Compiling verus_state_machines_macros v0.0.0-2026-09-06-0133
   Compiling regex-automata v0.4.18
   Compiling serde_derive v1.0.229
   Compiling ref-cast-impl v1.0.27
   Compiling thiserror-impl v2.0.20
   Compiling ref-cast v1.0.27
   Compiling synstructure v0.13.2
   Compiling thiserror v2.0.20
   Compiling regex v1.13.1
   Compiling fancy-regex v0.19.1
   Compiling verus_builtin_macros v0.0.0-2026-09-06-0133
   Compiling strum_macros v0.28.0
   Compiling serde v1.0.229
   Compiling ahash v0.8.12
   Compiling fluent-uri v0.4.1
   Compiling email_address v0.2.9
   Compiling jsonschema-value v0.55.0
   Compiling referencing v0.55.0
   Compiling strum v0.28.0
   Compiling jsonschema v0.55.0
   Compiling vstd v0.0.0-2026-09-06-0133
   Compiling gripsack-policy v0.42.0 (/app/crates/gripsack-policy)
   Compiling gripsack-ir v0.42.0 (/app/crates/gripsack-ir)
    Finished `test` profile [unoptimized + debuginfo] target(s) in 29.19s
     Running unittests src/lib.rs (target/debug/deps/gripsack_ir-eab45e62e10ebf28)
     Running tests/schema_acceptance.rs (target/debug/deps/schema_acceptance-e26e17c43a31f47c)
     Running tests/workspace_admission.rs (target/debug/deps/workspace_admission-7e484dace91cfc16)
     Running tests/workspace_v4_compat.rs (target/debug/deps/workspace_v4_compat-c35c9f811f359518)
     Running tests/workspace_v5_acceptance.rs (target/debug/deps/workspace_v5_acceptance-72a6444be37192ed)

RUNNER_COMMAND=docker compose run --build --rm test cargo test --locked -p gripsack-exec lockfile::tests
#1 [internal] load local bake definitions
#1 reading from stdin 530B done
#1 DONE 0.0s

#2 [internal] load build definition from Dockerfile
#2 transferring dockerfile: 10.04kB done
#2 DONE 0.0s

#3 resolve image config for docker-image://docker.io/docker/dockerfile:1
#3 DONE 0.6s

#4 docker-image://docker.io/docker/dockerfile:1@sha256:ecfaec9ed6d810b56388c508f4121597bfbba70d41a6dfeee4d8cad5f295fc32
#4 resolve docker.io/docker/dockerfile:1@sha256:ecfaec9ed6d810b56388c508f4121597bfbba70d41a6dfeee4d8cad5f295fc32 0.0s done
#4 CACHED

#5 [internal] load metadata for docker.io/library/rust:alpine@sha256:a10e64dd139b7387337c7fbe8aca31b959b57b2fd4c8ae20a02cf1d6ea424dce
#5 DONE 0.0s

#6 [internal] load .dockerignore
#6 transferring context: 139B done
#6 DONE 0.0s

#7 [builder  1/10] FROM docker.io/library/rust:alpine@sha256:a10e64dd139b7387337c7fbe8aca31b959b57b2fd4c8ae20a02cf1d6ea424dce
#7 resolve docker.io/library/rust:alpine@sha256:a10e64dd139b7387337c7fbe8aca31b959b57b2fd4c8ae20a02cf1d6ea424dce 0.0s done
#7 DONE 0.0s

#8 [internal] load build context
#8 transferring context: 75.69kB 0.1s done
#8 DONE 0.1s

#9 [builder  4/10] WORKDIR /app
#9 CACHED

#10 [builder  5/10] COPY Cargo.toml Cargo.lock ./
#10 CACHED

#11 [builder  9/10] COPY typescript ./typescript
#11 CACHED

#12 [builder  3/10] RUN set -e;     arch="$(uname -m)";     case "$arch" in       x86_64)  sha=3374daaf153e6f82028add5e4bf7cc2deab46537dee24f20be80df831193aeb4 ;;       aarch64) sha=35d90cee9648037eaa4c1a2649fdca9d1b9a9997b972d37be7f8629139ba1294 ;;       *) echo "unsupported arch: $arch" >&2; exit 1 ;;     esac;     curl -fsSL -o /tmp/ca.tar.xz "https://github.com/rust-secure-code/cargo-auditable/releases/download/v0.7.5/cargo-auditable-${arch}-unknown-linux-musl.tar.xz";     echo "$sha  /tmp/ca.tar.xz" | sha256sum -c -;     mkdir -p /tmp/ca && tar -xJf /tmp/ca.tar.xz -C /tmp/ca;     mv /tmp/ca/*/cargo-auditable /usr/local/bin/cargo-auditable;     rm -rf /tmp/ca /tmp/ca.tar.xz
#12 CACHED

#13 [builder  7/10] COPY fuzz ./fuzz
#13 CACHED

#14 [builder  8/10] COPY schema ./schema
#14 CACHED

#15 [builder  6/10] COPY crates ./crates
#15 CACHED

#16 [builder 10/10] COPY scripts ./scripts
#16 CACHED

#17 [test 1/2] RUN cargo fmt --check     && cargo clippy --locked --workspace --all-targets -- -D warnings     && cargo test --locked
#17 CACHED

#18 [builder  2/10] RUN apk add --no-cache musl-dev git curl xz     && rustup component add clippy rustfmt
#18 CACHED

#19 [test 2/2] RUN apk add --no-cache python3     && cargo package --list -p gripsack-exec | grep -q "embedded_frontend.rs"     && python3 scripts/gen_diagnostic_registry.py --check     && python3 scripts/gen_diagnostic_registry.py --self-check     && python3 scripts/gen_frontend_embed.py --check
#19 CACHED

#20 exporting to image
#20 exporting layers done
#20 exporting manifest sha256:b99d027fa92235d6b0cc15e12824004d3d4093b25872d548ddbc00c93a6f465a done
#20 exporting config sha256:8f50df346370a31a9ee6dd857d917b5fccbf266b1a83718257ba13f501bf2fb9 done
#20 exporting attestation manifest sha256:6f370ddd5807fb41739b39c8d7a2edc174f9d4f76e9d99b6ff783a2fd94689b5 0.0s done
#20 exporting manifest list sha256:31d79a4d0873d76941f21a127ca8a57c95a12477a3a370cce6430cf7d4d854c6 0.0s done
#20 naming to docker.io/library/gripsack-test:latest
#20 naming to docker.io/library/gripsack-test:latest done
#20 unpacking to docker.io/library/gripsack-test:latest 0.1s done
#20 DONE 0.2s

#21 resolving provenance for metadata file
#21 DONE 0.0s

running 1 test
test lockfile::tests::roundtrip ... ok

test result: ok. 1 passed; 0 failed; 0 ignored; 0 measured; 48 filtered out; finished in 0.04s


running 0 tests

test result: ok. 0 passed; 0 failed; 0 ignored; 0 measured; 1 filtered out; finished in 0.00s

 Image gripsack-test Building 
 Image gripsack-test Built 
 Container gripsack-test-run-d14367874818 Creating 
 Container gripsack-test-run-d14367874818 Created 
   Compiling hashbrown v0.17.1
   Compiling serde v1.0.229
   Compiling serde_json v1.0.151
   Compiling winnow v1.0.4
   Compiling toml_writer v1.1.2+spec-1.1.0
   Compiling log v0.4.34
   Compiling percent-encoding v2.3.2
   Compiling syn v3.0.4
   Compiling toml_datetime v1.1.1+spec-1.1.0
   Compiling tracing-core v0.1.36
   Compiling form_urlencoded v1.2.2
   Compiling zopfli v0.8.3
   Compiling rustls v0.23.43
   Compiling toml_parser v1.1.3+spec-1.1.0
   Compiling tracing v0.1.44
   Compiling indexmap v2.14.0
   Compiling toml v0.9.12+spec-1.1.0
   Compiling toml v1.1.4+spec-1.1.0
   Compiling zip v8.6.0
   Compiling verus_state_machines_macros v0.0.0-2026-09-06-0133
   Compiling zerovec-derive v0.11.6
   Compiling displaydoc v0.2.7
   Compiling serde_derive v1.0.229
   Compiling thiserror-impl v2.0.20
   Compiling zerotrie v0.2.5
   Compiling zerovec v0.11.8
   Compiling thiserror v2.0.20
   Compiling tinystr v0.8.4
   Compiling potential_utf v0.1.6
   Compiling icu_collections v2.3.0
   Compiling icu_locale_core v2.3.0
   Compiling icu_provider v2.3.1
   Compiling icu_normalizer v2.3.0
   Compiling icu_properties v2.3.0
   Compiling vstd v0.0.0-2026-09-06-0133
   Compiling idna_adapter v1.2.2
   Compiling idna v1.1.0
   Compiling url v2.5.8
   Compiling ureq v2.12.1
   Compiling gripsack-policy v0.42.0 (/app/crates/gripsack-policy)
   Compiling gripsack-ir v0.42.0 (/app/crates/gripsack-ir)
   Compiling gripsack-store v0.42.0 (/app/crates/gripsack-store)
   Compiling gripsack-config v0.42.0 (/app/crates/gripsack-config)
   Compiling gripsack-fetch v0.42.0 (/app/crates/gripsack-fetch)
   Compiling gripsack-exec v0.42.0 (/app/crates/gripsack-exec)
    Finished `test` profile [unoptimized + debuginfo] target(s) in 21.72s
     Running unittests src/lib.rs (target/debug/deps/gripsack_exec-ffd5855c566f98dc)
     Running tests/workspace_execution_gate.rs (target/debug/deps/workspace_execution_gate-8dde3cd804038249)

RUNNER_COMMAND=docker compose run --build --rm e2e uv run --locked --no-sync pytest -vv test_eval_gate.py test_adopt.py test_linters.py -k default_host_path_traversal or absolute_host_cannot or adopt_rejects_invalid or explicit_role_host or default_host_selects_the_same_lockfile or frontend_output_budget or untrusted_adopt_never or adopt_end_to_end_restores_originals or probe_fixpoint_converges
#1 [internal] load local bake definitions
#1 reading from stdin 525B done
#1 DONE 0.0s

#2 [internal] load build definition from Dockerfile
#2 transferring dockerfile: 10.04kB done
#2 DONE 0.0s

#3 resolve image config for docker-image://docker.io/docker/dockerfile:1
#3 DONE 0.2s

#4 docker-image://docker.io/docker/dockerfile:1@sha256:ecfaec9ed6d810b56388c508f4121597bfbba70d41a6dfeee4d8cad5f295fc32
#4 resolve docker.io/docker/dockerfile:1@sha256:ecfaec9ed6d810b56388c508f4121597bfbba70d41a6dfeee4d8cad5f295fc32 0.0s done
#4 CACHED

#5 [internal] load metadata for docker.io/library/rust:alpine@sha256:a10e64dd139b7387337c7fbe8aca31b959b57b2fd4c8ae20a02cf1d6ea424dce
#5 DONE 0.0s

#6 [internal] load metadata for docker.io/library/python:3.13-slim@sha256:9d2e5553305c7c7b0097999bb17187c69b921ccd6bc9d40e4bb5ebe652c00285
#6 DONE 0.9s

#7 [internal] load .dockerignore
#7 transferring context: 139B done
#7 DONE 0.0s

#8 [e2e  4/12] ADD --checksum=sha256:394f07f4da2bebe6ce6f1e7ce0fa16429b29b08c35e3fac3fe25972676dff4b2 https://github.com/denoland/deno/releases/download/v2.9.6/deno-x86_64-unknown-linux-gnu.zip /tmp/deno.zip
#8 DONE 0.0s

#9 [builder  1/10] FROM docker.io/library/rust:alpine@sha256:a10e64dd139b7387337c7fbe8aca31b959b57b2fd4c8ae20a02cf1d6ea424dce
#9 resolve docker.io/library/rust:alpine@sha256:a10e64dd139b7387337c7fbe8aca31b959b57b2fd4c8ae20a02cf1d6ea424dce 0.0s done
#9 DONE 0.0s

#10 [e2e  1/12] FROM docker.io/library/python:3.13-slim@sha256:9d2e5553305c7c7b0097999bb17187c69b921ccd6bc9d40e4bb5ebe652c00285
#10 resolve docker.io/library/python:3.13-slim@sha256:9d2e5553305c7c7b0097999bb17187c69b921ccd6bc9d40e4bb5ebe652c00285 0.0s done
#10 DONE 0.0s

#11 [internal] load build context
#11 transferring context: 557.77kB 0.1s done
#11 DONE 0.1s

#12 [e2e  8/12] COPY e2e/pyproject.toml e2e/uv.lock ./e2e/
#12 CACHED

#13 [e2e  6/12] RUN printf 'uv==%s --hash=sha256:f7d6248ad9f2d282fea795f248da8fa666ab382df50d8385bd98e01049440a0c --hash=sha256:bd0afae6918795c6a61a649e64d735e339f3d62f8310235da6f19eb3f66f323b\n' "0.12.10" > /tmp/uv.req     && pip install --no-cache-dir --no-deps --require-hashes -r /tmp/uv.req     && uv --version     && rm -f /tmp/uv.req
#13 CACHED

#14 [builder  6/10] COPY crates ./crates
#14 CACHED

#15 [builder  8/10] COPY schema ./schema
#15 CACHED

#16 [builder  7/10] COPY fuzz ./fuzz
#16 CACHED

#17 [e2e  9/12] RUN cd e2e && uv sync --locked
#17 CACHED

#18 [e2e 10/12] COPY e2e ./e2e
#18 CACHED

#19 [builder  3/10] RUN set -e;     arch="$(uname -m)";     case "$arch" in       x86_64)  sha=3374daaf153e6f82028add5e4bf7cc2deab46537dee24f20be80df831193aeb4 ;;       aarch64) sha=35d90cee9648037eaa4c1a2649fdca9d1b9a9997b972d37be7f8629139ba1294 ;;       *) echo "unsupported arch: $arch" >&2; exit 1 ;;     esac;     curl -fsSL -o /tmp/ca.tar.xz "https://github.com/rust-secure-code/cargo-auditable/releases/download/v0.7.5/cargo-auditable-${arch}-unknown-linux-musl.tar.xz";     echo "$sha  /tmp/ca.tar.xz" | sha256sum -c -;     mkdir -p /tmp/ca && tar -xJf /tmp/ca.tar.xz -C /tmp/ca;     mv /tmp/ca/*/cargo-auditable /usr/local/bin/cargo-auditable;     rm -rf /tmp/ca /tmp/ca.tar.xz
#19 CACHED

#20 [e2e  7/12] COPY --from=bin /app/target/debug/grip /usr/local/bin/grip
#20 CACHED

#21 [builder 10/10] COPY scripts ./scripts
#21 CACHED

#22 [builder  4/10] WORKDIR /app
#22 CACHED

#23 [e2e  3/12] RUN apt-get update -qq && apt-get install -y -qq --no-install-recommends git     && rm -rf /var/lib/apt/lists/*
#23 CACHED

#24 [bin 1/1] RUN cargo build --locked -p gripsack
#24 CACHED

#25 [builder  5/10] COPY Cargo.toml Cargo.lock ./
#25 CACHED

#26 [e2e  2/12] WORKDIR /app
#26 CACHED

#27 [e2e  4/12] ADD --checksum=sha256:394f07f4da2bebe6ce6f1e7ce0fa16429b29b08c35e3fac3fe25972676dff4b2 https://github.com/denoland/deno/releases/download/v2.9.6/deno-x86_64-unknown-linux-gnu.zip /tmp/deno.zip
#27 CACHED

#28 [builder  2/10] RUN apk add --no-cache musl-dev git curl xz     && rustup component add clippy rustfmt
#28 CACHED

#29 [e2e  5/12] RUN python3 -m zipfile -e /tmp/deno.zip /tmp/deno     && mkdir -p /root/.local/share/gripsack/tools/deno-2.9.6     && mv /tmp/deno/deno /root/.local/share/gripsack/tools/deno-2.9.6/deno     && chmod 755 /root/.local/share/gripsack/tools/deno-2.9.6/deno     && rm -rf /tmp/deno.zip /tmp/deno
#29 CACHED

#30 [e2e 11/12] COPY examples ./examples
#30 CACHED

#31 [builder  9/10] COPY typescript ./typescript
#31 CACHED

#32 [e2e 12/12] WORKDIR /app/e2e
#32 CACHED

#33 exporting to image
#33 exporting layers done
#33 exporting manifest sha256:030141352a8f0f2d105a70c70a018db7c00dea2f53fd9d7daee6dd98d89feaac done
#33 exporting config sha256:32a8000d4474f68f343d5d7b8a001bbe3626a25676f1e1fc4cc7f93618383a5f done
#33 exporting attestation manifest sha256:4584d7d5a4ef7c1147977c758409a94866ea85c2f476f5268fca28b3ecd1ec11 0.0s done
#33 exporting manifest list sha256:bd37d2022debaa512c4eca560564dfe61a1fa46b97160b7fc88d49452e855166 0.0s done
#33 naming to docker.io/library/gripsack-e2e:latest done
#33 unpacking to docker.io/library/gripsack-e2e:latest 0.0s done
#33 DONE 0.1s

#34 resolving provenance for metadata file
#34 DONE 0.0s
============================= test session starts ==============================
platform linux -- Python 3.13.15, pytest-9.1.1, pluggy-1.6.0 -- /app/e2e/.venv/bin/python
cachedir: .pytest_cache
rootdir: /app/e2e
configfile: pyproject.toml
collecting ... collected 50 items / 40 deselected / 10 selected

test_eval_gate.py::test_frontend_output_budget_fails_closed[stdout-StdoutLimit] PASSED [ 10%]
test_eval_gate.py::test_frontend_output_budget_fails_closed[stderr-StderrLimit] PASSED [ 20%]
test_eval_gate.py::test_probe_fixpoint_converges_in_two_rounds PASSED    [ 30%]
test_eval_gate.py::test_default_host_path_traversal_rejects_before_eval_or_lock_write PASSED [ 40%]
test_eval_gate.py::test_absolute_host_cannot_replace_lock_outside_repo PASSED [ 50%]
test_eval_gate.py::test_explicit_role_host_with_safe_dots_is_unchanged PASSED [ 60%]
test_adopt.py::test_adopt_end_to_end_restores_originals PASSED           [ 70%]
test_adopt.py::test_adopt_rejects_invalid_host_before_generating_repo_files PASSED [ 80%]
test_adopt.py::test_untrusted_adopt_never_inspects_or_generates_repo_files PASSED [ 90%]
test_linters.py::test_default_host_selects_the_same_lockfile_for_versioned_lints PASSED [100%]

====================== 10 passed, 40 deselected in 2.18s =======================
 Image gripsack-e2e Building 
 Image gripsack-e2e Built 
 Container gripsack-e2e-run-5bceb4d84e82 Creating 
 Container gripsack-e2e-run-5bceb4d84e82 Created 

M0_BOUNDARY=12; executed=12; passed=12; failed=0; skipped=0
